2026-04-14 18:17:50,825 | INFO | 1688_main | 准备上传 980 条记录...
2026-04-14 18:17:50,825 | INFO | 1688_main | 
上传统计:
2026-04-14 18:17:50,826 | INFO | 1688_main | 总记录数: 980
2026-04-14 18:17:50,826 | INFO | 1688_main | 成功数量: 0
2026-04-14 18:17:50,826 | INFO | 1688_main | 失败数量: 0
2026-04-14 18:17:50,826 | INFO | 1688_main | 成功批次: 0
2026-04-14 18:17:50,826 | INFO | 1688_main | 失败批次: 0
2026-04-14 18:21:26,782 | INFO | 1688_main | 准备上传 0 条记录...
2026-04-14 18:21:26,783 | INFO | 1688_main | 
上传统计:
2026-04-14 18:21:26,783 | INFO | 1688_main | 总记录数: 0
2026-04-14 18:21:26,783 | INFO | 1688_main | 成功数量: 0
2026-04-14 18:21:26,783 | INFO | 1688_main | 失败数量: 0
2026-04-14 18:21:26,784 | INFO | 1688_main | 成功批次: 0
2026-04-14 18:21:26,784 | INFO | 1688_main | 失败批次: 0
2026-04-14 18:25:34,126 | INFO | 1688_main | 准备上传 0 条记录...
2026-04-14 18:25:34,126 | INFO | 1688_main | 
上传统计:
2026-04-14 18:25:34,126 | INFO | 1688_main | 总记录数: 0
2026-04-14 18:25:34,127 | INFO | 1688_main | 成功数量: 0
2026-04-14 18:25:34,127 | INFO | 1688_main | 失败数量: 0
2026-04-14 18:25:34,127 | INFO | 1688_main | 成功批次: 0
2026-04-14 18:25:34,127 | INFO | 1688_main | 失败批次: 0
2026-04-14 18:28:10,853 | INFO | 1688_main | 准备上传 980 条记录...
2026-04-14 18:28:43,062 | INFO | 1688_main | 
上传统计:
2026-04-14 18:28:43,062 | INFO | 1688_main | 总记录数: 980
2026-04-14 18:28:43,062 | INFO | 1688_main | 成功数量: 980
2026-04-14 18:28:43,062 | INFO | 1688_main | 失败数量: 0
2026-04-14 18:28:43,063 | INFO | 1688_main | 成功批次: 20
2026-04-14 18:28:43,063 | INFO | 1688_main | 失败批次: 0
