2026-04-22 08:50:02,401 | INFO | ali1688_goods_monitor | ============================================================
2026-04-22 08:50:02,401 | INFO | ali1688_goods_monitor | 🚀 开始1688竞品监控任务
2026-04-22 08:50:02,401 | INFO | ali1688_goods_monitor | ============================================================
2026-04-22 08:50:03,773 | INFO | ali1688_goods_monitor | 浏览器初始化成功
2026-04-22 08:50:19,561 | INFO | ali1688_goods_monitor | 📦 共找到 278 个商品ID，将分批查询（每批10个）
2026-04-22 08:50:27,968 | INFO | ali1688_goods_monitor | ❎ 已关闭引导弹窗2
2026-04-22 08:50:28,740 | INFO | ali1688_goods_monitor | ============================================================
2026-04-22 08:50:28,740 | INFO | ali1688_goods_monitor | 📊 第一阶段：获取商品基本信息
2026-04-22 08:50:28,741 | INFO | ali1688_goods_monitor | ============================================================
2026-04-22 08:50:28,741 | INFO | ali1688_goods_monitor | 🔍 处理第 1/14 批，共 20 个商品
2026-04-22 08:50:28,741 | INFO | ali1688_goods_monitor | 📋 商品ID: 971080031926、968280048908、943395574791、833661915665、982634945037、1016515592011、979203908708、835170979856、971037620206、1003272185431、617837580726、1005984550667、807432916292、928700805986、1040782952704、903613869442、1026068947837、954713432833、798059727032、812259607012
2026-04-22 08:50:28,742 | INFO | ali1688_goods_monitor | 🧩 选择搜索方式: 商品ID
2026-04-22 08:50:29,201 | INFO | ali1688_goods_monitor | 搜索的商品id是:971080031926、968280048908、943395574791、833661915665、982634945037、1016515592011、979203908708、835170979856、971037620206、1003272185431、617837580726、1005984550667、807432916292、928700805986、1040782952704、903613869442、1026068947837、954713432833、798059727032、812259607012
2026-04-22 08:50:30,281 | INFO | ali1688_goods_monitor | ✅ 第 1 批筛选条件已设置
2026-04-22 08:50:33,284 | INFO | ali1688_goods_monitor | 开始获取商品:971080031926、968280048908、943395574791、833661915665、982634945037、1016515592011、979203908708、835170979856、971037620206、1003272185431、617837580726、1005984550667、807432916292、928700805986、1040782952704、903613869442、1026068947837、954713432833、798059727032、812259607012的基本信息
2026-04-22 08:50:33,284 | INFO | ali1688_goods_monitor | ⏳ 等待点击【开始查询】并捕获 offerSearch 接口...
2026-04-22 08:50:33,615 | INFO | ali1688_goods_monitor | 商品列表返回码: 200
2026-04-22 08:50:33,615 | INFO | ali1688_goods_monitor | 🚀 开始捕获商品数据，共 19 个商品
2026-04-22 08:50:33,616 | INFO | ali1688_goods_monitor | ✅ 商品基本信息捕获完成，总耗时: 0.00秒
2026-04-22 08:50:33,618 | INFO | ali1688_goods_monitor |    - 商品数: 19
2026-04-22 08:50:33,618 | INFO | ali1688_goods_monitor | ✅ 第 1 批完成，获取到 19 个商品，0 个SKU
2026-04-22 08:50:33,619 | INFO | ali1688_goods_monitor | 📋 第 1 批商品信息:
2026-04-22 08:50:33,619 | INFO | ali1688_goods_monitor |   1. 商品ID: 903613869442, 店铺: 汕头市龙湖区熹萌喵玩具厂, SKU数: 4
2026-04-22 08:50:33,619 | INFO | ali1688_goods_monitor |   2. 商品ID: 928700805986, 店铺: 义乌市谷达玩具有限公司, SKU数: 2
2026-04-22 08:50:33,619 | INFO | ali1688_goods_monitor |   3. 商品ID: 1005984550667, 店铺: 汕头市澄海区八匹马玩具厂, SKU数: 36
2026-04-22 08:50:33,619 | INFO | ali1688_goods_monitor |   4. 商品ID: 835170979856, 店铺: 汕头市澄海区土炭玩具商行, SKU数: 10
2026-04-22 08:50:33,619 | INFO | ali1688_goods_monitor |   5. 商品ID: 617837580726, 店铺: 深圳灿煜玩具有限公司, SKU数: 2
2026-04-22 08:50:33,620 | INFO | ali1688_goods_monitor |   6. 商品ID: 1040782952704, 店铺: 义乌市鑫照玩具厂, SKU数: 1
2026-04-22 08:50:33,620 | INFO | ali1688_goods_monitor |   7. 商品ID: 1003272185431, 店铺: 义乌市大愚玩具有限公司, SKU数: 5
2026-04-22 08:50:33,620 | INFO | ali1688_goods_monitor |   8. 商品ID: 971037620206, 店铺: 汕头市澄海区淘琪宝玩具厂, SKU数: 1
2026-04-22 08:50:33,620 | INFO | ali1688_goods_monitor |   9. 商品ID: 971080031926, 店铺: 汕头市龙湖区熹萌喵玩具厂, SKU数: 3
2026-04-22 08:50:33,620 | INFO | ali1688_goods_monitor |   10. 商品ID: 943395574791, 店铺: 东莞市狂蜂狂蚁科技有限公司, SKU数: 1
2026-04-22 08:50:33,620 | INFO | ali1688_goods_monitor |   11. 商品ID: 954713432833, 店铺: 汕头市龙湖区熹萌喵玩具厂, SKU数: 2
2026-04-22 08:50:33,621 | INFO | ali1688_goods_monitor |   12. 商品ID: 1026068947837, 店铺: 汕头市澄海区力多熊玩具商行, SKU数: 3
2026-04-22 08:50:33,621 | INFO | ali1688_goods_monitor |   13. 商品ID: 807432916292, 店铺: 汕头市澄海区悦优佳玩具厂, SKU数: 24
2026-04-22 08:50:33,621 | INFO | ali1688_goods_monitor |   14. 商品ID: 968280048908, 店铺: 汕头市澄海区都说好玩具商行, SKU数: 31
2026-04-22 08:50:33,621 | INFO | ali1688_goods_monitor |   15. 商品ID: 982634945037, 店铺: 汕头市创爱旺科技有限公司, SKU数: 26
2026-04-22 08:50:33,621 | INFO | ali1688_goods_monitor |   16. 商品ID: 798059727032, 店铺: 汕头市澄海区超慧丰贸易商行, SKU数: 16
2026-04-22 08:50:33,621 | INFO | ali1688_goods_monitor |   17. 商品ID: 1016515592011, 店铺: 汕头市澄海区晟耀展玩具厂, SKU数: 4
2026-04-22 08:50:33,622 | INFO | ali1688_goods_monitor |   18. 商品ID: 979203908708, 店铺: 汕头市澄海区多美仕玩具厂, SKU数: 24
2026-04-22 08:50:33,622 | INFO | ali1688_goods_monitor |   19. 商品ID: 833661915665, 店铺: 深圳金喜来电子股份有限公司, SKU数: 1
2026-04-22 08:50:35,360 | INFO | ali1688_goods_monitor | 💾 第1/14批：已保存 19 个商品到数据库
2026-04-22 08:50:35,360 | INFO | ali1688_goods_monitor | ⏸️  随机暂停 3.6 秒...
2026-04-22 08:50:38,980 | INFO | ali1688_goods_monitor | 🔄 刷新页面，准备处理第 2 批...
2026-04-22 08:50:43,583 | INFO | ali1688_goods_monitor | ❎ 已关闭引导弹窗3
2026-04-22 08:50:46,120 | INFO | ali1688_goods_monitor | 🔍 处理第 2/14 批，共 20 个商品
2026-04-22 08:50:46,120 | INFO | ali1688_goods_monitor | 📋 商品ID: 1029823265981、1007173826384、991935831793、962746907189、812514770228、907762599791、990409899841、1013037690222、889385901298、1025513853144、969366546749、979396013303、875034473523、590591825369、894936744591、895285249007、970715744477、903636127402、741922490714、776195311997
2026-04-22 08:50:46,121 | INFO | ali1688_goods_monitor | 🧩 选择搜索方式: 商品ID
2026-04-22 08:50:46,626 | INFO | ali1688_goods_monitor | 搜索的商品id是:1029823265981、1007173826384、991935831793、962746907189、812514770228、907762599791、990409899841、1013037690222、889385901298、1025513853144、969366546749、979396013303、875034473523、590591825369、894936744591、895285249007、970715744477、903636127402、741922490714、776195311997
2026-04-22 08:50:47,709 | INFO | ali1688_goods_monitor | ✅ 第 2 批筛选条件已设置
2026-04-22 08:50:50,724 | INFO | ali1688_goods_monitor | 开始获取商品:1029823265981、1007173826384、991935831793、962746907189、812514770228、907762599791、990409899841、1013037690222、889385901298、1025513853144、969366546749、979396013303、875034473523、590591825369、894936744591、895285249007、970715744477、903636127402、741922490714、776195311997的基本信息
2026-04-22 08:50:50,724 | INFO | ali1688_goods_monitor | ⏳ 等待点击【开始查询】并捕获 offerSearch 接口...
2026-04-22 08:50:51,036 | INFO | ali1688_goods_monitor | 商品列表返回码: 200
2026-04-22 08:50:51,037 | INFO | ali1688_goods_monitor | 🚀 开始捕获商品数据，共 19 个商品
2026-04-22 08:50:51,037 | INFO | ali1688_goods_monitor | ✅ 商品基本信息捕获完成，总耗时: 0.00秒
2026-04-22 08:50:51,038 | INFO | ali1688_goods_monitor |    - 商品数: 19
2026-04-22 08:50:51,038 | INFO | ali1688_goods_monitor | ✅ 第 2 批完成，获取到 19 个商品，0 个SKU
2026-04-22 08:50:51,038 | INFO | ali1688_goods_monitor | 📋 第 2 批商品信息:
2026-04-22 08:50:51,038 | INFO | ali1688_goods_monitor |   1. 商品ID: 590591825369, 店铺: 汕头市澄海区翔鹏塑料制品厂, SKU数: 22
2026-04-22 08:50:51,038 | INFO | ali1688_goods_monitor |   2. 商品ID: 741922490714, 店铺: 汕头市俏娃玩具有限公司, SKU数: 2
2026-04-22 08:50:51,038 | INFO | ali1688_goods_monitor |   3. 商品ID: 894936744591, 店铺: 汕头市澄海区启跃玩具厂, SKU数: 16
2026-04-22 08:50:51,039 | INFO | ali1688_goods_monitor |   4. 商品ID: 895285249007, 店铺: 汕头市澄海区雅尚腾玩具厂(个体工商户), SKU数: 36
2026-04-22 08:50:51,039 | INFO | ali1688_goods_monitor |   5. 商品ID: 1013037690222, 店铺: 潮州市湘桥区星赫玩具厂(个体工商户), SKU数: 1
2026-04-22 08:50:51,039 | INFO | ali1688_goods_monitor |   6. 商品ID: 979396013303, 店铺: 汕头市澄海区很多人玩具商行, SKU数: 1
2026-04-22 08:50:51,039 | INFO | ali1688_goods_monitor |   7. 商品ID: 776195311997, 店铺: 汕头市澄海区讴艺玩具厂, SKU数: 1
2026-04-22 08:50:51,040 | INFO | ali1688_goods_monitor |   8. 商品ID: 812514770228, 店铺: 汕头市澄海区栩之羿贸易商行, SKU数: 2
2026-04-22 08:50:51,040 | INFO | ali1688_goods_monitor |   9. 商品ID: 875034473523, 店铺: 汕头市澄海区童积玩具厂, SKU数: 3
2026-04-22 08:50:51,040 | INFO | ali1688_goods_monitor |   10. 商品ID: 1025513853144, 店铺: 汕头市澄海区萌灵娃玩具厂, SKU数: 8
2026-04-22 08:50:51,040 | INFO | ali1688_goods_monitor |   11. 商品ID: 889385901298, 店铺: 汕头市欧切勒切电子商务有限公司, SKU数: 3
2026-04-22 08:50:51,040 | INFO | ali1688_goods_monitor |   12. 商品ID: 970715744477, 店铺: 汕头市澄海区永志玩具商行(个体工商户), SKU数: 1
2026-04-22 08:50:51,041 | INFO | ali1688_goods_monitor |   13. 商品ID: 907762599791, 店铺: 汕头市澄海区彩帆玩具厂, SKU数: 10
2026-04-22 08:50:51,041 | INFO | ali1688_goods_monitor |   14. 商品ID: 969366546749, 店铺: 汕头市澄海区启超玩具厂, SKU数: 1
2026-04-22 08:50:51,041 | INFO | ali1688_goods_monitor |   15. 商品ID: 903636127402, 店铺: 义乌市君玖商贸有限公司, SKU数: 3
2026-04-22 08:50:51,041 | INFO | ali1688_goods_monitor |   16. 商品ID: 990409899841, 店铺: 汕头市澄海区泰旭玩具厂, SKU数: 1
2026-04-22 08:50:51,041 | INFO | ali1688_goods_monitor |   17. 商品ID: 962746907189, 店铺: 汕头市龙湖区熹萌喵玩具厂, SKU数: 4
2026-04-22 08:50:51,041 | INFO | ali1688_goods_monitor |   18. 商品ID: 1029823265981, 店铺: 汕头市澄海区穆展玩具厂, SKU数: 6
2026-04-22 08:50:51,042 | INFO | ali1688_goods_monitor |   19. 商品ID: 991935831793, 店铺: 温州市鑫筱贸易有限公司, SKU数: 3
2026-04-22 08:50:52,766 | INFO | ali1688_goods_monitor | 💾 第2/14批：已保存 19 个商品到数据库
2026-04-22 08:50:52,766 | INFO | ali1688_goods_monitor | ⏸️  随机暂停 7.0 秒...
2026-04-22 08:50:59,758 | INFO | ali1688_goods_monitor | 🔄 刷新页面，准备处理第 3 批...
2026-04-22 08:51:06,883 | INFO | ali1688_goods_monitor | 🔍 处理第 3/14 批，共 20 个商品
2026-04-22 08:51:06,884 | INFO | ali1688_goods_monitor | 📋 商品ID: 811139889293、950726478383、970377098770、1000398364752、628617576125、998051010590、856805654657、677709968233、992071730825、799083276279、976178977054、902961760235、900967422750、994662909434、681658732090、847794753111、992251601092、951035484615、826873938709、677301391721
2026-04-22 08:51:06,885 | INFO | ali1688_goods_monitor | 🧩 选择搜索方式: 商品ID
2026-04-22 08:51:07,331 | INFO | ali1688_goods_monitor | 搜索的商品id是:811139889293、950726478383、970377098770、1000398364752、628617576125、998051010590、856805654657、677709968233、992071730825、799083276279、976178977054、902961760235、900967422750、994662909434、681658732090、847794753111、992251601092、951035484615、826873938709、677301391721
2026-04-22 08:51:08,466 | INFO | ali1688_goods_monitor | ✅ 第 3 批筛选条件已设置
2026-04-22 08:51:11,480 | INFO | ali1688_goods_monitor | 开始获取商品:811139889293、950726478383、970377098770、1000398364752、628617576125、998051010590、856805654657、677709968233、992071730825、799083276279、976178977054、902961760235、900967422750、994662909434、681658732090、847794753111、992251601092、951035484615、826873938709、677301391721的基本信息
2026-04-22 08:51:11,481 | INFO | ali1688_goods_monitor | ⏳ 等待点击【开始查询】并捕获 offerSearch 接口...
2026-04-22 08:51:11,785 | INFO | ali1688_goods_monitor | 商品列表返回码: 200
2026-04-22 08:51:11,785 | INFO | ali1688_goods_monitor | 🚀 开始捕获商品数据，共 20 个商品
2026-04-22 08:51:11,786 | INFO | ali1688_goods_monitor | ✅ 商品基本信息捕获完成，总耗时: 0.00秒
2026-04-22 08:51:11,787 | INFO | ali1688_goods_monitor |    - 商品数: 20
2026-04-22 08:51:11,787 | INFO | ali1688_goods_monitor | ✅ 第 3 批完成，获取到 20 个商品，0 个SKU
2026-04-22 08:51:11,787 | INFO | ali1688_goods_monitor | 📋 第 3 批商品信息:
2026-04-22 08:51:11,788 | INFO | ali1688_goods_monitor |   1. 商品ID: 826873938709, 店铺: 汕头市森漫贸易有限公司, SKU数: 1
2026-04-22 08:51:11,788 | INFO | ali1688_goods_monitor |   2. 商品ID: 856805654657, 店铺: 汕头市龙湖区熹萌喵玩具厂, SKU数: 1
2026-04-22 08:51:11,788 | INFO | ali1688_goods_monitor |   3. 商品ID: 628617576125, 店铺: 汕头市俏娃玩具有限公司, SKU数: 5
2026-04-22 08:51:11,789 | INFO | ali1688_goods_monitor |   4. 商品ID: 681658732090, 店铺: 深圳金喜来电子股份有限公司, SKU数: 1
2026-04-22 08:51:11,790 | INFO | ali1688_goods_monitor |   5. 商品ID: 677709968233, 店铺: 广东佰思玩具有限公司, SKU数: 5
2026-04-22 08:51:11,790 | INFO | ali1688_goods_monitor |   6. 商品ID: 900967422750, 店铺: 汕头市澄海区越来越聪明玩具厂, SKU数: 22
2026-04-22 08:51:11,791 | INFO | ali1688_goods_monitor |   7. 商品ID: 902961760235, 店铺: 汕头市龙湖区熹萌喵玩具厂, SKU数: 4
2026-04-22 08:51:11,791 | INFO | ali1688_goods_monitor |   8. 商品ID: 677301391721, 店铺: 汕头市澄海区海棠玩具厂, SKU数: 5
2026-04-22 08:51:11,791 | INFO | ali1688_goods_monitor |   9. 商品ID: 976178977054, 店铺: 汕头市玩物社科技有限公司, SKU数: 5
2026-04-22 08:51:11,792 | INFO | ali1688_goods_monitor |   10. 商品ID: 847794753111, 店铺: 汕头市龙湖区熹萌喵玩具厂, SKU数: 4
2026-04-22 08:51:11,792 | INFO | ali1688_goods_monitor |   11. 商品ID: 992071730825, 店铺: 深圳市粤加大玩具有限公司, SKU数: 3
2026-04-22 08:51:11,794 | INFO | ali1688_goods_monitor |   12. 商品ID: 994662909434, 店铺: 义乌市麦贤电子商务商行, SKU数: 3
2026-04-22 08:51:11,794 | INFO | ali1688_goods_monitor |   13. 商品ID: 998051010590, 店铺: 汕头市盛星达体育用品有限公司, SKU数: 4
2026-04-22 08:51:11,795 | INFO | ali1688_goods_monitor |   14. 商品ID: 799083276279, 店铺: 汕头市澄海区米可玩具商行, SKU数: 3
2026-04-22 08:51:11,795 | INFO | ali1688_goods_monitor |   15. 商品ID: 970377098770, 店铺: 汕头市澄海区贝欣达玩具厂, SKU数: 37
2026-04-22 08:51:11,795 | INFO | ali1688_goods_monitor |   16. 商品ID: 950726478383, 店铺: 汕头市澄海区美贝斯玩具商行, SKU数: 13
2026-04-22 08:51:11,795 | INFO | ali1688_goods_monitor |   17. 商品ID: 811139889293, 店铺: 义乌市孟享贸易有限公司, SKU数: 8
2026-04-22 08:51:11,795 | INFO | ali1688_goods_monitor |   18. 商品ID: 951035484615, 店铺: 汕头市创爱旺科技有限公司, SKU数: 29
2026-04-22 08:51:11,796 | INFO | ali1688_goods_monitor |   19. 商品ID: 992251601092, 店铺: 义乌市纯亿供应链管理服务有限公司, SKU数: 3
2026-04-22 08:51:11,796 | INFO | ali1688_goods_monitor |   20. 商品ID: 1000398364752, 店铺: 义乌市芝麻开门玩具有限公司, SKU数: 4
2026-04-22 08:51:13,586 | INFO | ali1688_goods_monitor | 💾 第3/14批：已保存 20 个商品到数据库
2026-04-22 08:51:13,586 | INFO | ali1688_goods_monitor | ⏸️  随机暂停 6.0 秒...
2026-04-22 08:51:19,595 | INFO | ali1688_goods_monitor | 🔄 刷新页面，准备处理第 4 批...
2026-04-22 08:51:25,723 | INFO | ali1688_goods_monitor | 🔍 处理第 4/14 批，共 20 个商品
2026-04-22 08:51:25,723 | INFO | ali1688_goods_monitor | 📋 商品ID: 847495122732、899704194303、1007062397648、1000255776437、898439171537、43695296576、956573560393、902473655388、890654399053、979471208168、996059989352、840249263873、873614306333、702199084381、746411095420、703551244918、832304702315、950670074468、789633522584、890407614753
2026-04-22 08:51:25,725 | INFO | ali1688_goods_monitor | 🧩 选择搜索方式: 商品ID
2026-04-22 08:51:26,171 | INFO | ali1688_goods_monitor | 搜索的商品id是:847495122732、899704194303、1007062397648、1000255776437、898439171537、43695296576、956573560393、902473655388、890654399053、979471208168、996059989352、840249263873、873614306333、702199084381、746411095420、703551244918、832304702315、950670074468、789633522584、890407614753
2026-04-22 08:51:27,300 | INFO | ali1688_goods_monitor | ✅ 第 4 批筛选条件已设置
2026-04-22 08:51:30,314 | INFO | ali1688_goods_monitor | 开始获取商品:847495122732、899704194303、1007062397648、1000255776437、898439171537、43695296576、956573560393、902473655388、890654399053、979471208168、996059989352、840249263873、873614306333、702199084381、746411095420、703551244918、832304702315、950670074468、789633522584、890407614753的基本信息
2026-04-22 08:51:30,314 | INFO | ali1688_goods_monitor | ⏳ 等待点击【开始查询】并捕获 offerSearch 接口...
2026-04-22 08:51:30,668 | INFO | ali1688_goods_monitor | 商品列表返回码: 200
2026-04-22 08:51:30,668 | INFO | ali1688_goods_monitor | 🚀 开始捕获商品数据，共 20 个商品
2026-04-22 08:51:30,669 | INFO | ali1688_goods_monitor | ✅ 商品基本信息捕获完成，总耗时: 0.00秒
2026-04-22 08:51:30,669 | INFO | ali1688_goods_monitor |    - 商品数: 20
2026-04-22 08:51:30,670 | INFO | ali1688_goods_monitor | ✅ 第 4 批完成，获取到 20 个商品，0 个SKU
2026-04-22 08:51:30,670 | INFO | ali1688_goods_monitor | 📋 第 4 批商品信息:
2026-04-22 08:51:30,671 | INFO | ali1688_goods_monitor |   1. 商品ID: 890407614753, 店铺: 汕头市澄海区萌董乐玩具厂, SKU数: 17
2026-04-22 08:51:30,671 | INFO | ali1688_goods_monitor |   2. 商品ID: 996059989352, 店铺: 义乌市海潭商贸有限公司, SKU数: 3
2026-04-22 08:51:30,671 | INFO | ali1688_goods_monitor |   3. 商品ID: 898439171537, 店铺: 汕头市龙湖区熹萌喵玩具厂, SKU数: 14
2026-04-22 08:51:30,671 | INFO | ali1688_goods_monitor |   4. 商品ID: 702199084381, 店铺: 汕头市澄海区实琪玩具有限公司, SKU数: 21
2026-04-22 08:51:30,671 | INFO | ali1688_goods_monitor |   5. 商品ID: 832304702315, 店铺: 广东佰思玩具有限公司, SKU数: 5
2026-04-22 08:51:30,671 | INFO | ali1688_goods_monitor |   6. 商品ID: 956573560393, 店铺: 汕头市澄海区巧新玩具厂, SKU数: 3
2026-04-22 08:51:30,672 | INFO | ali1688_goods_monitor |   7. 商品ID: 902473655388, 店铺: 汕头市龙湖区熹萌喵玩具厂, SKU数: 1
2026-04-22 08:51:30,672 | INFO | ali1688_goods_monitor |   8. 商品ID: 789633522584, 店铺: 汕头市澄海区乐涵玩具厂, SKU数: 1
2026-04-22 08:51:30,672 | INFO | ali1688_goods_monitor |   9. 商品ID: 890654399053, 店铺: 汕头市澄海区悦优佳玩具厂, SKU数: 22
2026-04-22 08:51:30,672 | INFO | ali1688_goods_monitor |   10. 商品ID: 979471208168, 店铺: 汕头市澄海区淘琪宝玩具厂, SKU数: 1
2026-04-22 08:51:30,672 | INFO | ali1688_goods_monitor |   11. 商品ID: 746411095420, 店铺: 汕头市龙湖区宝乐喜玩具商行, SKU数: 6
2026-04-22 08:51:30,672 | INFO | ali1688_goods_monitor |   12. 商品ID: 950670074468, 店铺: 汕头市澄海区雅尚腾玩具厂(个体工商户), SKU数: 36
2026-04-22 08:51:30,673 | INFO | ali1688_goods_monitor |   13. 商品ID: 1007062397648, 店铺: 汕头市澄海区坤铄玩具厂, SKU数: 4
2026-04-22 08:51:30,673 | INFO | ali1688_goods_monitor |   14. 商品ID: 840249263873, 店铺: 汕头市嬉游记玩具有限公司, SKU数: 8
2026-04-22 08:51:30,673 | INFO | ali1688_goods_monitor |   15. 商品ID: 873614306333, 店铺: 汕头市俏娃玩具有限公司, SKU数: 5
2026-04-22 08:51:30,673 | INFO | ali1688_goods_monitor |   16. 商品ID: 703551244918, 店铺: 汕头市澄海区米可玩具商行, SKU数: 3
2026-04-22 08:51:30,674 | INFO | ali1688_goods_monitor |   17. 商品ID: 847495122732, 店铺: 汕头市龙湖区熹萌喵玩具厂, SKU数: 3
2026-04-22 08:51:30,674 | INFO | ali1688_goods_monitor |   18. 商品ID: 899704194303, 店铺: 汕头市澄海区孩艺宝玩具厂, SKU数: 12
2026-04-22 08:51:30,674 | INFO | ali1688_goods_monitor |   19. 商品ID: 43695296576, 店铺: 汕头市澄海区豪达玩具有限公司, SKU数: 2
2026-04-22 08:51:30,674 | INFO | ali1688_goods_monitor |   20. 商品ID: 1000255776437, 店铺: 义乌市屿团电子商务商行, SKU数: 3
2026-04-22 08:51:32,471 | INFO | ali1688_goods_monitor | 💾 第4/14批：已保存 20 个商品到数据库
2026-04-22 08:51:32,472 | INFO | ali1688_goods_monitor | ⏸️  随机暂停 3.5 秒...
2026-04-22 08:51:35,973 | INFO | ali1688_goods_monitor | 🔄 刷新页面，准备处理第 5 批...
2026-04-22 08:51:42,242 | INFO | ali1688_goods_monitor | 🔍 处理第 5/14 批，共 20 个商品
2026-04-22 08:51:42,242 | INFO | ali1688_goods_monitor | 📋 商品ID: 999142031933、859584630627、1009966785995、985206853035、991070192317、927205288673、950658287741、993465198242、998859559585、992800642545、990618054916、652994949606、873771926327、970542473882、836899798919、928580021030、852501307622、632300625030、853399095646、671840552108
2026-04-22 08:51:42,244 | INFO | ali1688_goods_monitor | 🧩 选择搜索方式: 商品ID
2026-04-22 08:51:42,697 | INFO | ali1688_goods_monitor | 搜索的商品id是:999142031933、859584630627、1009966785995、985206853035、991070192317、927205288673、950658287741、993465198242、998859559585、992800642545、990618054916、652994949606、873771926327、970542473882、836899798919、928580021030、852501307622、632300625030、853399095646、671840552108
2026-04-22 08:51:43,826 | INFO | ali1688_goods_monitor | ✅ 第 5 批筛选条件已设置
2026-04-22 08:51:46,837 | INFO | ali1688_goods_monitor | 开始获取商品:999142031933、859584630627、1009966785995、985206853035、991070192317、927205288673、950658287741、993465198242、998859559585、992800642545、990618054916、652994949606、873771926327、970542473882、836899798919、928580021030、852501307622、632300625030、853399095646、671840552108的基本信息
2026-04-22 08:51:46,837 | INFO | ali1688_goods_monitor | ⏳ 等待点击【开始查询】并捕获 offerSearch 接口...
2026-04-22 08:51:47,181 | INFO | ali1688_goods_monitor | 商品列表返回码: 200
2026-04-22 08:51:47,181 | INFO | ali1688_goods_monitor | 🚀 开始捕获商品数据，共 20 个商品
2026-04-22 08:51:47,182 | INFO | ali1688_goods_monitor | ✅ 商品基本信息捕获完成，总耗时: 0.00秒
2026-04-22 08:51:47,182 | INFO | ali1688_goods_monitor |    - 商品数: 20
2026-04-22 08:51:47,183 | INFO | ali1688_goods_monitor | ✅ 第 5 批完成，获取到 20 个商品，0 个SKU
2026-04-22 08:51:47,183 | INFO | ali1688_goods_monitor | 📋 第 5 批商品信息:
2026-04-22 08:51:47,183 | INFO | ali1688_goods_monitor |   1. 商品ID: 836899798919, 店铺: 汕头市澄海区小筑班五金玩具厂, SKU数: 9
2026-04-22 08:51:47,183 | INFO | ali1688_goods_monitor |   2. 商品ID: 873771926327, 店铺: 汕头市澄海区酷乐孩玩具厂, SKU数: 34
2026-04-22 08:51:47,183 | INFO | ali1688_goods_monitor |   3. 商品ID: 990618054916, 店铺: 妆链时代（深圳）科技有限公司, SKU数: 3
2026-04-22 08:51:47,183 | INFO | ali1688_goods_monitor |   4. 商品ID: 652994949606, 店铺: 汕头市俏娃玩具有限公司, SKU数: 4
2026-04-22 08:51:47,184 | INFO | ali1688_goods_monitor |   5. 商品ID: 970542473882, 店铺: 汕头市嬉游记玩具有限公司, SKU数: 5
2026-04-22 08:51:47,184 | INFO | ali1688_goods_monitor |   6. 商品ID: 1009966785995, 店铺: 汕头市恒达星玩具有限公司, SKU数: 4
2026-04-22 08:51:47,184 | INFO | ali1688_goods_monitor |   7. 商品ID: 928580021030, 店铺: 汕头市嬉游记玩具有限公司, SKU数: 2
2026-04-22 08:51:47,184 | INFO | ali1688_goods_monitor |   8. 商品ID: 950658287741, 店铺: 汕头市澄海区三只老鼠玩具厂, SKU数: 18
2026-04-22 08:51:47,184 | INFO | ali1688_goods_monitor |   9. 商品ID: 999142031933, 店铺: 深圳金喜来电子股份有限公司, SKU数: 1
2026-04-22 08:51:47,185 | INFO | ali1688_goods_monitor |   10. 商品ID: 632300625030, 店铺: 汕头市俏娃玩具有限公司, SKU数: 1
2026-04-22 08:51:47,185 | INFO | ali1688_goods_monitor |   11. 商品ID: 992800642545, 店铺: 汕头市盛星达体育用品有限公司, SKU数: 3
2026-04-22 08:51:47,185 | INFO | ali1688_goods_monitor |   12. 商品ID: 991070192317, 店铺: 汕头市澄海区神宥玩具厂(个体工商户), SKU数: 11
2026-04-22 08:51:47,185 | INFO | ali1688_goods_monitor |   13. 商品ID: 985206853035, 店铺: 汕头市澄海区金颖玩具厂, SKU数: 2
2026-04-22 08:51:47,185 | INFO | ali1688_goods_monitor |   14. 商品ID: 859584630627, 店铺: 汕头市龙湖区熹萌喵玩具厂, SKU数: 4
2026-04-22 08:51:47,185 | INFO | ali1688_goods_monitor |   15. 商品ID: 998859559585, 店铺: 汕头市澄海区坤铄玩具厂, SKU数: 11
2026-04-22 08:51:47,185 | INFO | ali1688_goods_monitor |   16. 商品ID: 671840552108, 店铺: 汕头市澄海区华迪锋玩具厂, SKU数: 8
2026-04-22 08:51:47,186 | INFO | ali1688_goods_monitor |   17. 商品ID: 853399095646, 店铺: 汕头市嬉游记玩具有限公司, SKU数: 15
2026-04-22 08:51:47,186 | INFO | ali1688_goods_monitor |   18. 商品ID: 852501307622, 店铺: 汕头市俏娃玩具有限公司, SKU数: 1
2026-04-22 08:51:47,186 | INFO | ali1688_goods_monitor |   19. 商品ID: 993465198242, 店铺: 汕头市铭立玩具有限公司, SKU数: 7
2026-04-22 08:51:47,186 | INFO | ali1688_goods_monitor |   20. 商品ID: 927205288673, 店铺: 汕头市龙湖区熹萌喵玩具厂, SKU数: 4
2026-04-22 08:51:48,965 | INFO | ali1688_goods_monitor | 💾 第5/14批：已保存 20 个商品到数据库
2026-04-22 08:51:48,965 | INFO | ali1688_goods_monitor | ⏸️  随机暂停 3.5 秒...
2026-04-22 08:51:52,497 | INFO | ali1688_goods_monitor | 🔄 刷新页面，准备处理第 6 批...
2026-04-22 08:51:58,611 | INFO | ali1688_goods_monitor | 🔍 处理第 6/14 批，共 20 个商品
2026-04-22 08:51:58,612 | INFO | ali1688_goods_monitor | 📋 商品ID: 975762015590、994237964153、847990628509、962546716755、854253039240、662598267674、978651830599、692940339011、993354315037、895439014120、997795598539、1037735891255、849820903779、729749403422、948334688543、746416939989、930446969722、991823064917、621865712164、847781001778
2026-04-22 08:51:58,613 | INFO | ali1688_goods_monitor | 🧩 选择搜索方式: 商品ID
2026-04-22 08:51:59,107 | INFO | ali1688_goods_monitor | 搜索的商品id是:975762015590、994237964153、847990628509、962546716755、854253039240、662598267674、978651830599、692940339011、993354315037、895439014120、997795598539、1037735891255、849820903779、729749403422、948334688543、746416939989、930446969722、991823064917、621865712164、847781001778
2026-04-22 08:52:00,184 | INFO | ali1688_goods_monitor | ✅ 第 6 批筛选条件已设置
2026-04-22 08:52:03,188 | INFO | ali1688_goods_monitor | 开始获取商品:975762015590、994237964153、847990628509、962546716755、854253039240、662598267674、978651830599、692940339011、993354315037、895439014120、997795598539、1037735891255、849820903779、729749403422、948334688543、746416939989、930446969722、991823064917、621865712164、847781001778的基本信息
2026-04-22 08:52:03,188 | INFO | ali1688_goods_monitor | ⏳ 等待点击【开始查询】并捕获 offerSearch 接口...
2026-04-22 08:52:03,567 | INFO | ali1688_goods_monitor | 商品列表返回码: 200
2026-04-22 08:52:03,568 | INFO | ali1688_goods_monitor | 🚀 开始捕获商品数据，共 18 个商品
2026-04-22 08:52:03,569 | INFO | ali1688_goods_monitor | ✅ 商品基本信息捕获完成，总耗时: 0.00秒
2026-04-22 08:52:03,570 | INFO | ali1688_goods_monitor |    - 商品数: 18
2026-04-22 08:52:03,570 | INFO | ali1688_goods_monitor | ✅ 第 6 批完成，获取到 18 个商品，0 个SKU
2026-04-22 08:52:03,571 | INFO | ali1688_goods_monitor | 📋 第 6 批商品信息:
2026-04-22 08:52:03,572 | INFO | ali1688_goods_monitor |   1. 商品ID: 962546716755, 店铺: 汕头市澄海区淘琪宝玩具厂, SKU数: 3
2026-04-22 08:52:03,572 | INFO | ali1688_goods_monitor |   2. 商品ID: 978651830599, 店铺: 义乌市紫戈玩具有限公司, SKU数: 2
2026-04-22 08:52:03,572 | INFO | ali1688_goods_monitor |   3. 商品ID: 847781001778, 店铺: 汕头市龙湖区熹萌喵玩具厂, SKU数: 4
2026-04-22 08:52:03,573 | INFO | ali1688_goods_monitor |   4. 商品ID: 975762015590, 店铺: 汕头市澄海区小筑班五金玩具厂, SKU数: 6
2026-04-22 08:52:03,573 | INFO | ali1688_goods_monitor |   5. 商品ID: 692940339011, 店铺: 汕头市澄海区商裕玩具商行, SKU数: 3
2026-04-22 08:52:03,573 | INFO | ali1688_goods_monitor |   6. 商品ID: 847990628509, 店铺: 汕头市龙湖区熹萌喵玩具厂, SKU数: 13
2026-04-22 08:52:03,574 | INFO | ali1688_goods_monitor |   7. 商品ID: 621865712164, 店铺: 汕头市俏娃玩具有限公司, SKU数: 8
2026-04-22 08:52:03,574 | INFO | ali1688_goods_monitor |   8. 商品ID: 854253039240, 店铺: 汕头市嬉游记玩具有限公司, SKU数: 2
2026-04-22 08:52:03,574 | INFO | ali1688_goods_monitor |   9. 商品ID: 994237964153, 店铺: 汕头市澄海区十意玩具厂, SKU数: 7
2026-04-22 08:52:03,574 | INFO | ali1688_goods_monitor |   10. 商品ID: 948334688543, 店铺: 汕头市澄海区超慧丰贸易商行, SKU数: 22
2026-04-22 08:52:03,574 | INFO | ali1688_goods_monitor |   11. 商品ID: 993354315037, 店铺: 汕头市澄海区奥维玩具厂, SKU数: 11
2026-04-22 08:52:03,575 | INFO | ali1688_goods_monitor |   12. 商品ID: 930446969722, 店铺: 汕头市俏娃玩具有限公司, SKU数: 2
2026-04-22 08:52:03,575 | INFO | ali1688_goods_monitor |   13. 商品ID: 997795598539, 店铺: 汕头市盛星达体育用品有限公司, SKU数: 3
2026-04-22 08:52:03,575 | INFO | ali1688_goods_monitor |   14. 商品ID: 746416939989, 店铺: 李楚平, SKU数: 2
2026-04-22 08:52:03,575 | INFO | ali1688_goods_monitor |   15. 商品ID: 849820903779, 店铺: 汕头市龙湖区熹萌喵玩具厂, SKU数: 4
2026-04-22 08:52:03,575 | INFO | ali1688_goods_monitor |   16. 商品ID: 991823064917, 店铺: 汕头市澄海区都说好玩具商行, SKU数: 8
2026-04-22 08:52:03,576 | INFO | ali1688_goods_monitor |   17. 商品ID: 729749403422, 店铺: 珠海欣球格创科技有限公司, SKU数: 7
2026-04-22 08:52:03,576 | INFO | ali1688_goods_monitor |   18. 商品ID: 662598267674, 店铺: 汕头市俏娃玩具有限公司, SKU数: 4
2026-04-22 08:52:04,170 | INFO | ali1688_goods_monitor |   🔢 商品 847990628509 SKU数量变化: 8 -> 13
2026-04-22 08:52:05,265 | INFO | ali1688_goods_monitor | 💾 第6/14批：已保存 18 个商品到数据库
2026-04-22 08:52:05,265 | INFO | ali1688_goods_monitor | ⏸️  随机暂停 6.8 秒...
2026-04-22 08:52:12,070 | INFO | ali1688_goods_monitor | 🔄 刷新页面，准备处理第 7 批...
2026-04-22 08:52:18,271 | INFO | ali1688_goods_monitor | 🔍 处理第 7/14 批，共 20 个商品
2026-04-22 08:52:18,271 | INFO | ali1688_goods_monitor | 📋 商品ID: 864653527961、995364912374、811638208514、952611726643、915854311158、985998626047、924140770781、986179889619、999860867159、675880303102、997359995216、991467576950、813592780236、920664381969、926941651375、847784309788、991699553836、848195784663、773383798724、1006668462460
2026-04-22 08:52:18,275 | INFO | ali1688_goods_monitor | 🧩 选择搜索方式: 商品ID
2026-04-22 08:52:18,782 | INFO | ali1688_goods_monitor | 搜索的商品id是:864653527961、995364912374、811638208514、952611726643、915854311158、985998626047、924140770781、986179889619、999860867159、675880303102、997359995216、991467576950、813592780236、920664381969、926941651375、847784309788、991699553836、848195784663、773383798724、1006668462460
2026-04-22 08:52:19,852 | INFO | ali1688_goods_monitor | ✅ 第 7 批筛选条件已设置
2026-04-22 08:52:22,855 | INFO | ali1688_goods_monitor | 开始获取商品:864653527961、995364912374、811638208514、952611726643、915854311158、985998626047、924140770781、986179889619、999860867159、675880303102、997359995216、991467576950、813592780236、920664381969、926941651375、847784309788、991699553836、848195784663、773383798724、1006668462460的基本信息
2026-04-22 08:52:22,855 | INFO | ali1688_goods_monitor | ⏳ 等待点击【开始查询】并捕获 offerSearch 接口...
2026-04-22 08:52:23,171 | INFO | ali1688_goods_monitor | 商品列表返回码: 200
2026-04-22 08:52:23,172 | INFO | ali1688_goods_monitor | 🚀 开始捕获商品数据，共 19 个商品
2026-04-22 08:52:23,173 | INFO | ali1688_goods_monitor | ✅ 商品基本信息捕获完成，总耗时: 0.00秒
2026-04-22 08:52:23,174 | INFO | ali1688_goods_monitor |    - 商品数: 19
2026-04-22 08:52:23,175 | INFO | ali1688_goods_monitor | ✅ 第 7 批完成，获取到 19 个商品，0 个SKU
2026-04-22 08:52:23,175 | INFO | ali1688_goods_monitor | 📋 第 7 批商品信息:
2026-04-22 08:52:23,175 | INFO | ali1688_goods_monitor |   1. 商品ID: 811638208514, 店铺: 汕头市澄海区轮转玩具商行, SKU数: 3
2026-04-22 08:52:23,175 | INFO | ali1688_goods_monitor |   2. 商品ID: 864653527961, 店铺: 汕头市迪利嘉科技有限公司, SKU数: 1
2026-04-22 08:52:23,175 | INFO | ali1688_goods_monitor |   3. 商品ID: 924140770781, 店铺: 义乌市圣泽文化用品有限公司, SKU数: 2
2026-04-22 08:52:23,176 | INFO | ali1688_goods_monitor |   4. 商品ID: 991467576950, 店铺: 汕头市澄海区罗森丰贸易商行, SKU数: 40
2026-04-22 08:52:23,176 | INFO | ali1688_goods_monitor |   5. 商品ID: 997359995216, 店铺: 汕头市盛缔歆贸易有限公司, SKU数: 4
2026-04-22 08:52:23,176 | INFO | ali1688_goods_monitor |   6. 商品ID: 952611726643, 店铺: 汕头市嬉游记玩具有限公司, SKU数: 2
2026-04-22 08:52:23,176 | INFO | ali1688_goods_monitor |   7. 商品ID: 986179889619, 店铺: 汕头市澄海区来得玩具厂, SKU数: 3
2026-04-22 08:52:23,176 | INFO | ali1688_goods_monitor |   8. 商品ID: 999860867159, 店铺: 汕头市盛缔歆贸易有限公司, SKU数: 1
2026-04-22 08:52:23,176 | INFO | ali1688_goods_monitor |   9. 商品ID: 926941651375, 店铺: 汕头市龙湖区熹萌喵玩具厂, SKU数: 10
2026-04-22 08:52:23,177 | INFO | ali1688_goods_monitor |   10. 商品ID: 847784309788, 店铺: 汕头市龙湖区熹萌喵玩具厂, SKU数: 2
2026-04-22 08:52:23,177 | INFO | ali1688_goods_monitor |   11. 商品ID: 848195784663, 店铺: 汕头市龙湖区熹萌喵玩具厂, SKU数: 6
2026-04-22 08:52:23,177 | INFO | ali1688_goods_monitor |   12. 商品ID: 995364912374, 店铺: 义乌市绘屿电子商务商行, SKU数: 3
2026-04-22 08:52:23,177 | INFO | ali1688_goods_monitor |   13. 商品ID: 920664381969, 店铺: 义乌市艺可玩具有限公司, SKU数: 4
2026-04-22 08:52:23,177 | INFO | ali1688_goods_monitor |   14. 商品ID: 915854311158, 店铺: 汕头市龙湖区熹萌喵玩具厂, SKU数: 5
2026-04-22 08:52:23,177 | INFO | ali1688_goods_monitor |   15. 商品ID: 773383798724, 店铺: 汕头市澄海区优比比玩具商行, SKU数: 10
2026-04-22 08:52:23,178 | INFO | ali1688_goods_monitor |   16. 商品ID: 813592780236, 店铺: 汕头市嬉游记玩具有限公司, SKU数: 2
2026-04-22 08:52:23,178 | INFO | ali1688_goods_monitor |   17. 商品ID: 675880303102, 店铺: 深圳巨变科技有限公司, SKU数: 1
2026-04-22 08:52:23,178 | INFO | ali1688_goods_monitor |   18. 商品ID: 1006668462460, 店铺: 汕头市澄海区美迪电器厂(个体工商户), SKU数: 12
2026-04-22 08:52:23,178 | INFO | ali1688_goods_monitor |   19. 商品ID: 985998626047, 店铺: 汕头澄海区莱鑫益益智玩具商行, SKU数: 4
2026-04-22 08:52:24,916 | INFO | ali1688_goods_monitor | 💾 第7/14批：已保存 19 个商品到数据库
2026-04-22 08:52:24,916 | INFO | ali1688_goods_monitor | ⏸️  随机暂停 4.6 秒...
2026-04-22 08:52:29,481 | INFO | ali1688_goods_monitor | 🔄 刷新页面，准备处理第 8 批...
2026-04-22 08:52:35,948 | INFO | ali1688_goods_monitor | 🔍 处理第 8/14 批，共 20 个商品
2026-04-22 08:52:35,948 | INFO | ali1688_goods_monitor | 📋 商品ID: 917143716667、833863806015、778105306124、1000261330427、990374779412、678640196785、855494409051、695065852792、973730524327、969889694254、854773109889、662629659424、1001253412551、796066732390、968025059447、983142383790、918745003737、989391144530、1039821084728、1033808877616
2026-04-22 08:52:35,950 | INFO | ali1688_goods_monitor | 🧩 选择搜索方式: 商品ID
2026-04-22 08:52:36,414 | INFO | ali1688_goods_monitor | 搜索的商品id是:917143716667、833863806015、778105306124、1000261330427、990374779412、678640196785、855494409051、695065852792、973730524327、969889694254、854773109889、662629659424、1001253412551、796066732390、968025059447、983142383790、918745003737、989391144530、1039821084728、1033808877616
2026-04-22 08:52:37,553 | INFO | ali1688_goods_monitor | ✅ 第 8 批筛选条件已设置
2026-04-22 08:52:40,558 | INFO | ali1688_goods_monitor | 开始获取商品:917143716667、833863806015、778105306124、1000261330427、990374779412、678640196785、855494409051、695065852792、973730524327、969889694254、854773109889、662629659424、1001253412551、796066732390、968025059447、983142383790、918745003737、989391144530、1039821084728、1033808877616的基本信息
2026-04-22 08:52:40,558 | INFO | ali1688_goods_monitor | ⏳ 等待点击【开始查询】并捕获 offerSearch 接口...
2026-04-22 08:52:40,881 | INFO | ali1688_goods_monitor | 商品列表返回码: 200
2026-04-22 08:52:40,881 | INFO | ali1688_goods_monitor | 🚀 开始捕获商品数据，共 20 个商品
2026-04-22 08:52:40,882 | INFO | ali1688_goods_monitor | ✅ 商品基本信息捕获完成，总耗时: 0.00秒
2026-04-22 08:52:40,882 | INFO | ali1688_goods_monitor |    - 商品数: 20
2026-04-22 08:52:40,883 | INFO | ali1688_goods_monitor | ✅ 第 8 批完成，获取到 20 个商品，0 个SKU
2026-04-22 08:52:40,883 | INFO | ali1688_goods_monitor | 📋 第 8 批商品信息:
2026-04-22 08:52:40,883 | INFO | ali1688_goods_monitor |   1. 商品ID: 1001253412551, 店铺: 汕头市澄海区贝晟玩具厂, SKU数: 7
2026-04-22 08:52:40,883 | INFO | ali1688_goods_monitor |   2. 商品ID: 695065852792, 店铺: 汕头市澄海区川宇玩具厂, SKU数: 2
2026-04-22 08:52:40,883 | INFO | ali1688_goods_monitor |   3. 商品ID: 854773109889, 店铺: 汕头市龙湖区熹萌喵玩具厂, SKU数: 1
2026-04-22 08:52:40,883 | INFO | ali1688_goods_monitor |   4. 商品ID: 968025059447, 店铺: 汕头市澄海区骇浪玩具商行（个体工商户）, SKU数: 6
2026-04-22 08:52:40,884 | INFO | ali1688_goods_monitor |   5. 商品ID: 918745003737, 店铺: 深圳市栓云笙科技有限公司, SKU数: 6
2026-04-22 08:52:40,884 | INFO | ali1688_goods_monitor |   6. 商品ID: 1033808877616, 店铺: 汕头市潮阳区贵屿偌立玩具厂(个体工商户), SKU数: 4
2026-04-22 08:52:40,884 | INFO | ali1688_goods_monitor |   7. 商品ID: 1000261330427, 店铺: 汕头市盛缔歆贸易有限公司, SKU数: 1
2026-04-22 08:52:40,884 | INFO | ali1688_goods_monitor |   8. 商品ID: 1039821084728, 店铺: 义乌市怡芬日用品有限公司, SKU数: 1
2026-04-22 08:52:40,885 | INFO | ali1688_goods_monitor |   9. 商品ID: 796066732390, 店铺: 义乌市卡登电子商务有限公司, SKU数: 6
2026-04-22 08:52:40,886 | INFO | ali1688_goods_monitor |   10. 商品ID: 917143716667, 店铺: 汕头市龙湖区熹萌喵玩具厂, SKU数: 4
2026-04-22 08:52:40,887 | INFO | ali1688_goods_monitor |   11. 商品ID: 989391144530, 店铺: 汕头市澄海区罗森丰贸易商行, SKU数: 40
2026-04-22 08:52:40,887 | INFO | ali1688_goods_monitor |   12. 商品ID: 778105306124, 店铺: 林粉兰, SKU数: 1
2026-04-22 08:52:40,887 | INFO | ali1688_goods_monitor |   13. 商品ID: 983142383790, 店铺: 东莞市狂蜂狂蚁科技有限公司, SKU数: None
2026-04-22 08:52:40,887 | INFO | ali1688_goods_monitor |   14. 商品ID: 990374779412, 店铺: 义乌市精卓工艺品有限公司, SKU数: 1
2026-04-22 08:52:40,887 | INFO | ali1688_goods_monitor |   15. 商品ID: 855494409051, 店铺: 汕头市龙湖区熹萌喵玩具厂, SKU数: 4
2026-04-22 08:52:40,887 | INFO | ali1688_goods_monitor |   16. 商品ID: 678640196785, 店铺: 汕头市澄海区实琪玩具有限公司, SKU数: 8
2026-04-22 08:52:40,888 | INFO | ali1688_goods_monitor |   17. 商品ID: 833863806015, 店铺: 潮州市博思玩具有限公司, SKU数: 5
2026-04-22 08:52:40,888 | INFO | ali1688_goods_monitor |   18. 商品ID: 662629659424, 店铺: 汕头市嬉游记玩具有限公司, SKU数: 4
2026-04-22 08:52:40,888 | INFO | ali1688_goods_monitor |   19. 商品ID: 973730524327, 店铺: 汕头市乐与拾光玩具有限公司, SKU数: 11
2026-04-22 08:52:40,888 | INFO | ali1688_goods_monitor |   20. 商品ID: 969889694254, 店铺: 深圳市惠艺美玩具有限公司, SKU数: 27
2026-04-22 08:52:41,553 | INFO | ali1688_goods_monitor |   🔢 商品 990374779412 SKU数量变化: 3 -> 1
2026-04-22 08:52:42,779 | INFO | ali1688_goods_monitor | 💾 第8/14批：已保存 20 个商品到数据库
2026-04-22 08:52:42,780 | INFO | ali1688_goods_monitor | ⏸️  随机暂停 4.4 秒...
2026-04-22 08:52:47,212 | INFO | ali1688_goods_monitor | 🔄 刷新页面，准备处理第 9 批...
2026-04-22 08:52:53,308 | INFO | ali1688_goods_monitor | 🔍 处理第 9/14 批，共 20 个商品
2026-04-22 08:52:53,308 | INFO | ali1688_goods_monitor | 📋 商品ID: 903214944988、909894706445、854420062122、653871136084、626387346293、984336119328、978648327291、834236928026、709904411964、847979472849、848295933948、939201456076、985101359570、900592605428、818121391220、668301084321、716733322460、955211708273、1014684104535、985879832920
2026-04-22 08:52:53,310 | INFO | ali1688_goods_monitor | 🧩 选择搜索方式: 商品ID
2026-04-22 08:52:53,833 | INFO | ali1688_goods_monitor | 搜索的商品id是:903214944988、909894706445、854420062122、653871136084、626387346293、984336119328、978648327291、834236928026、709904411964、847979472849、848295933948、939201456076、985101359570、900592605428、818121391220、668301084321、716733322460、955211708273、1014684104535、985879832920
2026-04-22 08:52:54,911 | INFO | ali1688_goods_monitor | ✅ 第 9 批筛选条件已设置
2026-04-22 08:52:57,920 | INFO | ali1688_goods_monitor | 开始获取商品:903214944988、909894706445、854420062122、653871136084、626387346293、984336119328、978648327291、834236928026、709904411964、847979472849、848295933948、939201456076、985101359570、900592605428、818121391220、668301084321、716733322460、955211708273、1014684104535、985879832920的基本信息
2026-04-22 08:52:57,920 | INFO | ali1688_goods_monitor | ⏳ 等待点击【开始查询】并捕获 offerSearch 接口...
2026-04-22 08:52:58,209 | INFO | ali1688_goods_monitor | 商品列表返回码: 200
2026-04-22 08:52:58,209 | INFO | ali1688_goods_monitor | 🚀 开始捕获商品数据，共 19 个商品
2026-04-22 08:52:58,211 | INFO | ali1688_goods_monitor | ✅ 商品基本信息捕获完成，总耗时: 0.00秒
2026-04-22 08:52:58,211 | INFO | ali1688_goods_monitor |    - 商品数: 19
2026-04-22 08:52:58,211 | INFO | ali1688_goods_monitor | ✅ 第 9 批完成，获取到 19 个商品，0 个SKU
2026-04-22 08:52:58,212 | INFO | ali1688_goods_monitor | 📋 第 9 批商品信息:
2026-04-22 08:52:58,212 | INFO | ali1688_goods_monitor |   1. 商品ID: 653871136084, 店铺: 汕头市未闻花名母婴用品有限公司, SKU数: 4
2026-04-22 08:52:58,213 | INFO | ali1688_goods_monitor |   2. 商品ID: 854420062122, 店铺: 汕头市龙湖区熹萌喵玩具厂, SKU数: 12
2026-04-22 08:52:58,213 | INFO | ali1688_goods_monitor |   3. 商品ID: 909894706445, 店铺: 汕头市澄海区越来越聪明玩具厂, SKU数: 22
2026-04-22 08:52:58,213 | INFO | ali1688_goods_monitor |   4. 商品ID: 955211708273, 店铺: 汕头市澄海区多美仕玩具厂, SKU数: 23
2026-04-22 08:52:58,214 | INFO | ali1688_goods_monitor |   5. 商品ID: 900592605428, 店铺: 汕头市龙湖区熹萌喵玩具厂, SKU数: 6
2026-04-22 08:52:58,214 | INFO | ali1688_goods_monitor |   6. 商品ID: 985879832920, 店铺: 汕头市龙湖区熹萌喵玩具厂, SKU数: 4
2026-04-22 08:52:58,214 | INFO | ali1688_goods_monitor |   7. 商品ID: 818121391220, 店铺: 义乌市零号电子商务商行, SKU数: 4
2026-04-22 08:52:58,214 | INFO | ali1688_goods_monitor |   8. 商品ID: 709904411964, 店铺: 宿迁市俏楚贸易有限公司, SKU数: 24
2026-04-22 08:52:58,215 | INFO | ali1688_goods_monitor |   9. 商品ID: 668301084321, 店铺: 深圳市铂瑞斯贸易有限公司, SKU数: 5
2026-04-22 08:52:58,215 | INFO | ali1688_goods_monitor |   10. 商品ID: 848295933948, 店铺: 汕头市龙湖区熹萌喵玩具厂, SKU数: 12
2026-04-22 08:52:58,215 | INFO | ali1688_goods_monitor |   11. 商品ID: 834236928026, 店铺: 深圳焦点创意电子科技发展有限公司, SKU数: 1
2026-04-22 08:52:58,215 | INFO | ali1688_goods_monitor |   12. 商品ID: 903214944988, 店铺: 汕头市澄海区汕澄批玩具商行, SKU数: 1
2026-04-22 08:52:58,216 | INFO | ali1688_goods_monitor |   13. 商品ID: 984336119328, 店铺: 汕头市澄海区泰旭玩具厂, SKU数: 3
2026-04-22 08:52:58,216 | INFO | ali1688_goods_monitor |   14. 商品ID: 716733322460, 店铺: 汕头市澄海区童萌趣玩具贸易商行, SKU数: 8
2026-04-22 08:52:58,216 | INFO | ali1688_goods_monitor |   15. 商品ID: 847979472849, 店铺: 汕头市龙湖区熹萌喵玩具厂, SKU数: 1
2026-04-22 08:52:58,216 | INFO | ali1688_goods_monitor |   16. 商品ID: 939201456076, 店铺: 汕头市龙湖区熹萌喵玩具厂, SKU数: 7
2026-04-22 08:52:58,216 | INFO | ali1688_goods_monitor |   17. 商品ID: 985101359570, 店铺: 义乌市栩磊电子商务商行, SKU数: 4
2026-04-22 08:52:58,217 | INFO | ali1688_goods_monitor |   18. 商品ID: 1014684104535, 店铺: 汕头市澄海区曼波波玩具厂（个体工商户）, SKU数: 15
2026-04-22 08:52:58,217 | INFO | ali1688_goods_monitor |   19. 商品ID: 626387346293, 店铺: 汕头市嬉游记玩具有限公司, SKU数: 10
2026-04-22 08:52:58,807 | INFO | ali1688_goods_monitor |   🔢 商品 818121391220 SKU数量变化: 7 -> 4
2026-04-22 08:52:59,959 | INFO | ali1688_goods_monitor | 💾 第9/14批：已保存 19 个商品到数据库
2026-04-22 08:52:59,960 | INFO | ali1688_goods_monitor | ⏸️  随机暂停 4.6 秒...
2026-04-22 08:53:04,525 | INFO | ali1688_goods_monitor | 🔄 刷新页面，准备处理第 10 批...
2026-04-22 08:53:10,725 | INFO | ali1688_goods_monitor | 🔍 处理第 10/14 批，共 20 个商品
2026-04-22 08:53:10,725 | INFO | ali1688_goods_monitor | 📋 商品ID: 847713406081、997742353743、906941705446、975402784788、992713938362、998016077358、676772683627、991759687233、987237412445、847713406078、675557812438、946133528766、661664097697、987732400816、724154127228、672751050822、972523284067、661514670948、903149142386、686348979544
2026-04-22 08:53:10,727 | INFO | ali1688_goods_monitor | 🧩 选择搜索方式: 商品ID
2026-04-22 08:53:11,224 | INFO | ali1688_goods_monitor | 搜索的商品id是:847713406081、997742353743、906941705446、975402784788、992713938362、998016077358、676772683627、991759687233、987237412445、847713406078、675557812438、946133528766、661664097697、987732400816、724154127228、672751050822、972523284067、661514670948、903149142386、686348979544
2026-04-22 08:53:12,299 | INFO | ali1688_goods_monitor | ✅ 第 10 批筛选条件已设置
2026-04-22 08:53:15,307 | INFO | ali1688_goods_monitor | 开始获取商品:847713406081、997742353743、906941705446、975402784788、992713938362、998016077358、676772683627、991759687233、987237412445、847713406078、675557812438、946133528766、661664097697、987732400816、724154127228、672751050822、972523284067、661514670948、903149142386、686348979544的基本信息
2026-04-22 08:53:15,308 | INFO | ali1688_goods_monitor | ⏳ 等待点击【开始查询】并捕获 offerSearch 接口...
2026-04-22 08:53:15,650 | INFO | ali1688_goods_monitor | 商品列表返回码: 200
2026-04-22 08:53:15,650 | INFO | ali1688_goods_monitor | 🚀 开始捕获商品数据，共 19 个商品
2026-04-22 08:53:15,652 | INFO | ali1688_goods_monitor | ✅ 商品基本信息捕获完成，总耗时: 0.00秒
2026-04-22 08:53:15,652 | INFO | ali1688_goods_monitor |    - 商品数: 19
2026-04-22 08:53:15,652 | INFO | ali1688_goods_monitor | ✅ 第 10 批完成，获取到 19 个商品，0 个SKU
2026-04-22 08:53:15,652 | INFO | ali1688_goods_monitor | 📋 第 10 批商品信息:
2026-04-22 08:53:15,653 | INFO | ali1688_goods_monitor |   1. 商品ID: 992713938362, 店铺: 深圳市品艺玩具有限公司, SKU数: 4
2026-04-22 08:53:15,653 | INFO | ali1688_goods_monitor |   2. 商品ID: 675557812438, 店铺: 汕头市澄海区蛋宝玩具厂, SKU数: 1
2026-04-22 08:53:15,653 | INFO | ali1688_goods_monitor |   3. 商品ID: 661514670948, 店铺: 汕头市嬉游记玩具有限公司, SKU数: 9
2026-04-22 08:53:15,653 | INFO | ali1688_goods_monitor |   4. 商品ID: 906941705446, 店铺: 义乌市双彩供应链有限公司, SKU数: 2
2026-04-22 08:53:15,654 | INFO | ali1688_goods_monitor |   5. 商品ID: 676772683627, 店铺: 汕头市俏娃玩具有限公司, SKU数: 5
2026-04-22 08:53:15,654 | INFO | ali1688_goods_monitor |   6. 商品ID: 998016077358, 店铺: 汕头市创爱旺科技有限公司, SKU数: 3
2026-04-22 08:53:15,654 | INFO | ali1688_goods_monitor |   7. 商品ID: 903149142386, 店铺: 汕头市龙湖区熹萌喵玩具厂, SKU数: 4
2026-04-22 08:53:15,654 | INFO | ali1688_goods_monitor |   8. 商品ID: 987732400816, 店铺: 汕头市澄海区新润洋玩具厂, SKU数: 1
2026-04-22 08:53:15,654 | INFO | ali1688_goods_monitor |   9. 商品ID: 847713406078, 店铺: 汕头市龙湖区熹萌喵玩具厂, SKU数: 1
2026-04-22 08:53:15,654 | INFO | ali1688_goods_monitor |   10. 商品ID: 991759687233, 店铺: 义乌市昭旭日用百货有限公司, SKU数: 6
2026-04-22 08:53:15,654 | INFO | ali1688_goods_monitor |   11. 商品ID: 686348979544, 店铺: 深圳市易巧玩具有限公司, SKU数: 1
2026-04-22 08:53:15,655 | INFO | ali1688_goods_monitor |   12. 商品ID: 847713406081, 店铺: 汕头市龙湖区熹萌喵玩具厂, SKU数: 1
2026-04-22 08:53:15,655 | INFO | ali1688_goods_monitor |   13. 商品ID: 724154127228, 店铺: 汕头市澄海区川宇玩具厂, SKU数: 6
2026-04-22 08:53:15,655 | INFO | ali1688_goods_monitor |   14. 商品ID: 997742353743, 店铺: 义乌市胤潭电子商务商行, SKU数: 3
2026-04-22 08:53:15,655 | INFO | ali1688_goods_monitor |   15. 商品ID: 661664097697, 店铺: 汕头市俏娃玩具有限公司, SKU数: 2
2026-04-22 08:53:15,655 | INFO | ali1688_goods_monitor |   16. 商品ID: 946133528766, 店铺: 汕头市澄海区陶境玩具有限公司, SKU数: 4
2026-04-22 08:53:15,655 | INFO | ali1688_goods_monitor |   17. 商品ID: 672751050822, 店铺: 汕头市澄海区高美玩具厂, SKU数: 3
2026-04-22 08:53:15,656 | INFO | ali1688_goods_monitor |   18. 商品ID: 972523284067, 店铺: 汕头市澄海区华美乐玩具厂, SKU数: 1
2026-04-22 08:53:15,656 | INFO | ali1688_goods_monitor |   19. 商品ID: 987237412445, 店铺: 汕头市澄海区童乐玩玩具厂, SKU数: 20
2026-04-22 08:53:16,254 | INFO | ali1688_goods_monitor |   🔢 商品 847713406078 SKU数量变化: 4 -> 1
2026-04-22 08:53:17,436 | INFO | ali1688_goods_monitor | 💾 第10/14批：已保存 19 个商品到数据库
2026-04-22 08:53:17,436 | INFO | ali1688_goods_monitor | ⏸️  随机暂停 5.2 秒...
2026-04-22 08:53:22,639 | INFO | ali1688_goods_monitor | 🔄 刷新页面，准备处理第 11 批...
2026-04-22 08:53:29,093 | INFO | ali1688_goods_monitor | 🔍 处理第 11/14 批，共 20 个商品
2026-04-22 08:53:29,093 | INFO | ali1688_goods_monitor | 📋 商品ID: 942621028118、678110916347、951586784136、538297571141、670793076081、994715362159、969387993044、910382293640、986633373239、1027381048230、683872677220、1031769907868、990976789985、858770936676、646729482472、917025701974、854168645121、990260832462、992882388093、978968804889
2026-04-22 08:53:29,094 | INFO | ali1688_goods_monitor | 🧩 选择搜索方式: 商品ID
2026-04-22 08:53:29,552 | INFO | ali1688_goods_monitor | 搜索的商品id是:942621028118、678110916347、951586784136、538297571141、670793076081、994715362159、969387993044、910382293640、986633373239、1027381048230、683872677220、1031769907868、990976789985、858770936676、646729482472、917025701974、854168645121、990260832462、992882388093、978968804889
2026-04-22 08:53:30,628 | INFO | ali1688_goods_monitor | ✅ 第 11 批筛选条件已设置
2026-04-22 08:53:33,639 | INFO | ali1688_goods_monitor | 开始获取商品:942621028118、678110916347、951586784136、538297571141、670793076081、994715362159、969387993044、910382293640、986633373239、1027381048230、683872677220、1031769907868、990976789985、858770936676、646729482472、917025701974、854168645121、990260832462、992882388093、978968804889的基本信息
2026-04-22 08:53:33,639 | INFO | ali1688_goods_monitor | ⏳ 等待点击【开始查询】并捕获 offerSearch 接口...
2026-04-22 08:53:33,981 | INFO | ali1688_goods_monitor | 商品列表返回码: 200
2026-04-22 08:53:33,981 | INFO | ali1688_goods_monitor | 🚀 开始捕获商品数据，共 20 个商品
2026-04-22 08:53:33,983 | INFO | ali1688_goods_monitor | ✅ 商品基本信息捕获完成，总耗时: 0.00秒
2026-04-22 08:53:33,983 | INFO | ali1688_goods_monitor |    - 商品数: 20
2026-04-22 08:53:33,983 | INFO | ali1688_goods_monitor | ✅ 第 11 批完成，获取到 20 个商品，0 个SKU
2026-04-22 08:53:33,983 | INFO | ali1688_goods_monitor | 📋 第 11 批商品信息:
2026-04-22 08:53:33,983 | INFO | ali1688_goods_monitor |   1. 商品ID: 854168645121, 店铺: 汕头市俏娃玩具有限公司, SKU数: 3
2026-04-22 08:53:33,983 | INFO | ali1688_goods_monitor |   2. 商品ID: 942621028118, 店铺: 汕头市澄海区孩艺宝玩具厂, SKU数: 20
2026-04-22 08:53:33,984 | INFO | ali1688_goods_monitor |   3. 商品ID: 969387993044, 店铺: 汕头市澄海区芽比玩具商行, SKU数: 20
2026-04-22 08:53:33,984 | INFO | ali1688_goods_monitor |   4. 商品ID: 917025701974, 店铺: 汕头市澄海区佳允玩具厂, SKU数: 8
2026-04-22 08:53:33,984 | INFO | ali1688_goods_monitor |   5. 商品ID: 978968804889, 店铺: 汕头市澄海区境趣玩具商行, SKU数: 1
2026-04-22 08:53:33,984 | INFO | ali1688_goods_monitor |   6. 商品ID: 538297571141, 店铺: 深圳灿煜玩具有限公司, SKU数: 6
2026-04-22 08:53:33,984 | INFO | ali1688_goods_monitor |   7. 商品ID: 1031769907868, 店铺: 汕头市龙湖区莱之趣玩具商行（个体工商户）, SKU数: 6
2026-04-22 08:53:33,984 | INFO | ali1688_goods_monitor |   8. 商品ID: 858770936676, 店铺: 义乌市星愿电子商务有限公司, SKU数: 2
2026-04-22 08:53:33,985 | INFO | ali1688_goods_monitor |   9. 商品ID: 646729482472, 店铺: 汕头市澄海区创羽玩具贸易商行, SKU数: 6
2026-04-22 08:53:33,985 | INFO | ali1688_goods_monitor |   10. 商品ID: 951586784136, 店铺: 汕头市澄海区悦优佳玩具厂, SKU数: 34
2026-04-22 08:53:33,985 | INFO | ali1688_goods_monitor |   11. 商品ID: 994715362159, 店铺: 汕头市澄海区臻棒玩具厂, SKU数: 14
2026-04-22 08:53:33,985 | INFO | ali1688_goods_monitor |   12. 商品ID: 992882388093, 店铺: 义乌市过潦电子商务商行, SKU数: 3
2026-04-22 08:53:33,985 | INFO | ali1688_goods_monitor |   13. 商品ID: 683872677220, 店铺: 汕头市俏娃玩具有限公司, SKU数: 3
2026-04-22 08:53:33,985 | INFO | ali1688_goods_monitor |   14. 商品ID: 678110916347, 店铺: 汕头市澄海区丰乐多玩具厂, SKU数: 9
2026-04-22 08:53:33,986 | INFO | ali1688_goods_monitor |   15. 商品ID: 670793076081, 店铺: 汕头市澄海区实琪玩具有限公司, SKU数: 12
2026-04-22 08:53:33,986 | INFO | ali1688_goods_monitor |   16. 商品ID: 910382293640, 店铺: 汕头市澄海区越来越聪明玩具厂, SKU数: 22
2026-04-22 08:53:33,986 | INFO | ali1688_goods_monitor |   17. 商品ID: 986633373239, 店铺: 汕头市嬉游记玩具有限公司, SKU数: 11
2026-04-22 08:53:33,986 | INFO | ali1688_goods_monitor |   18. 商品ID: 990260832462, 店铺: 汕头市澄海区嘉贝施玩具商行, SKU数: 3
2026-04-22 08:53:33,986 | INFO | ali1688_goods_monitor |   19. 商品ID: 990976789985, 店铺: 汕头市澄海区超慧丰贸易商行, SKU数: 16
2026-04-22 08:53:33,987 | INFO | ali1688_goods_monitor |   20. 商品ID: 1027381048230, 店铺: 深圳市智其峰科技有限公司, SKU数: 36
2026-04-22 08:53:35,856 | INFO | ali1688_goods_monitor | 💾 第11/14批：已保存 20 个商品到数据库
2026-04-22 08:53:35,856 | INFO | ali1688_goods_monitor | ⏸️  随机暂停 3.0 秒...
2026-04-22 08:53:38,869 | INFO | ali1688_goods_monitor | 🔄 刷新页面，准备处理第 12 批...
2026-04-22 08:53:45,831 | INFO | ali1688_goods_monitor | 🔍 处理第 12/14 批，共 20 个商品
2026-04-22 08:53:45,831 | INFO | ali1688_goods_monitor | 📋 商品ID: 848415574468、900563388108、895042686618、734736330484、985898832914、847993548322、1013917249205、1033404841463、1035850540780、992863648563、973255115593、643044757475、897059922290、973247771787、629652629026、984991416938、960725525521、1028239295024、634658078975、757454263904
2026-04-22 08:53:45,833 | INFO | ali1688_goods_monitor | 🧩 选择搜索方式: 商品ID
2026-04-22 08:53:46,319 | INFO | ali1688_goods_monitor | 搜索的商品id是:848415574468、900563388108、895042686618、734736330484、985898832914、847993548322、1013917249205、1033404841463、1035850540780、992863648563、973255115593、643044757475、897059922290、973247771787、629652629026、984991416938、960725525521、1028239295024、634658078975、757454263904
2026-04-22 08:53:47,405 | INFO | ali1688_goods_monitor | ✅ 第 12 批筛选条件已设置
2026-04-22 08:53:50,419 | INFO | ali1688_goods_monitor | 开始获取商品:848415574468、900563388108、895042686618、734736330484、985898832914、847993548322、1013917249205、1033404841463、1035850540780、992863648563、973255115593、643044757475、897059922290、973247771787、629652629026、984991416938、960725525521、1028239295024、634658078975、757454263904的基本信息
2026-04-22 08:53:50,419 | INFO | ali1688_goods_monitor | ⏳ 等待点击【开始查询】并捕获 offerSearch 接口...
2026-04-22 08:53:50,790 | INFO | ali1688_goods_monitor | 商品列表返回码: 200
2026-04-22 08:53:50,791 | INFO | ali1688_goods_monitor | 🚀 开始捕获商品数据，共 19 个商品
2026-04-22 08:53:50,792 | INFO | ali1688_goods_monitor | ✅ 商品基本信息捕获完成，总耗时: 0.00秒
2026-04-22 08:53:50,792 | INFO | ali1688_goods_monitor |    - 商品数: 19
2026-04-22 08:53:50,793 | INFO | ali1688_goods_monitor | ✅ 第 12 批完成，获取到 19 个商品，0 个SKU
2026-04-22 08:53:50,793 | INFO | ali1688_goods_monitor | 📋 第 12 批商品信息:
2026-04-22 08:53:50,793 | INFO | ali1688_goods_monitor |   1. 商品ID: 629652629026, 店铺: 汕头市嬉游记玩具有限公司, SKU数: 5
2026-04-22 08:53:50,794 | INFO | ali1688_goods_monitor |   2. 商品ID: 847993548322, 店铺: 汕头市龙湖区熹萌喵玩具厂, SKU数: 3
2026-04-22 08:53:50,794 | INFO | ali1688_goods_monitor |   3. 商品ID: 1013917249205, 店铺: 广东佰思玩具有限公司, SKU数: 5
2026-04-22 08:53:50,794 | INFO | ali1688_goods_monitor |   4. 商品ID: 643044757475, 店铺: 汕头市稳住别浪玩具科技有限公司, SKU数: 41
2026-04-22 08:53:50,795 | INFO | ali1688_goods_monitor |   5. 商品ID: 895042686618, 店铺: 汕头市龙湖区熹萌喵玩具厂, SKU数: 2
2026-04-22 08:53:50,795 | INFO | ali1688_goods_monitor |   6. 商品ID: 973255115593, 店铺: 汕头市澄海区悦优佳玩具厂, SKU数: 36
2026-04-22 08:53:50,795 | INFO | ali1688_goods_monitor |   7. 商品ID: 992863648563, 店铺: 汕头市澄海区贝趣星玩具厂, SKU数: 11
2026-04-22 08:53:50,796 | INFO | ali1688_goods_monitor |   8. 商品ID: 757454263904, 店铺: 汕头市恩游兔玩具有限公司, SKU数: 1
2026-04-22 08:53:50,796 | INFO | ali1688_goods_monitor |   9. 商品ID: 973247771787, 店铺: 汕头市澄海区萃婴乐玩具厂, SKU数: 2
2026-04-22 08:53:50,796 | INFO | ali1688_goods_monitor |   10. 商品ID: 1028239295024, 店铺: 汕头市澄海区东原玩具厂(个体工商户), SKU数: 1
2026-04-22 08:53:50,797 | INFO | ali1688_goods_monitor |   11. 商品ID: 734736330484, 店铺: 汕头市澄海区悦优佳玩具厂, SKU数: 34
2026-04-22 08:53:50,797 | INFO | ali1688_goods_monitor |   12. 商品ID: 848415574468, 店铺: 汕头市龙湖区熹萌喵玩具厂, SKU数: 1
2026-04-22 08:53:50,797 | INFO | ali1688_goods_monitor |   13. 商品ID: 960725525521, 店铺: 汕头市龙湖区熹萌喵玩具厂, SKU数: 10
2026-04-22 08:53:50,798 | INFO | ali1688_goods_monitor |   14. 商品ID: 1033404841463, 店铺: 汕头市龙湖区莱之趣玩具商行（个体工商户）, SKU数: 4
2026-04-22 08:53:50,798 | INFO | ali1688_goods_monitor |   15. 商品ID: 984991416938, 店铺: 汕头市龙湖区熹萌喵玩具厂, SKU数: 6
2026-04-22 08:53:50,798 | INFO | ali1688_goods_monitor |   16. 商品ID: 900563388108, 店铺: 汕头市澄海区孩艺宝玩具厂, SKU数: 12
2026-04-22 08:53:50,798 | INFO | ali1688_goods_monitor |   17. 商品ID: 634658078975, 店铺: 汕头市嬉游记玩具有限公司, SKU数: 16
2026-04-22 08:53:50,799 | INFO | ali1688_goods_monitor |   18. 商品ID: 1035850540780, 店铺: 汕头市澄海区盛艺兴玩具厂, SKU数: 8
2026-04-22 08:53:50,799 | INFO | ali1688_goods_monitor |   19. 商品ID: 897059922290, 店铺: 1688选品中心官方供应链, SKU数: 5
2026-04-22 08:53:52,576 | INFO | ali1688_goods_monitor | 💾 第12/14批：已保存 19 个商品到数据库
2026-04-22 08:53:52,576 | INFO | ali1688_goods_monitor | ⏸️  随机暂停 5.0 秒...
2026-04-22 08:53:57,629 | INFO | ali1688_goods_monitor | 🔄 刷新页面，准备处理第 13 批...
2026-04-22 08:54:05,569 | INFO | ali1688_goods_monitor | 🔍 处理第 13/14 批，共 20 个商品
2026-04-22 08:54:05,569 | INFO | ali1688_goods_monitor | 📋 商品ID: 728912992880、1001279554121、726064645781、795861191445、727364044091、894449366946、809233523760、990425215638、970781028572、929103621035、658391484708、990589043915、1031855101004、687729432138、858007859516、1024421346400、1001391447719、728364497329、952896839032、622513415473
2026-04-22 08:54:05,571 | INFO | ali1688_goods_monitor | 🧩 选择搜索方式: 商品ID
2026-04-22 08:54:06,017 | INFO | ali1688_goods_monitor | 搜索的商品id是:728912992880、1001279554121、726064645781、795861191445、727364044091、894449366946、809233523760、990425215638、970781028572、929103621035、658391484708、990589043915、1031855101004、687729432138、858007859516、1024421346400、1001391447719、728364497329、952896839032、622513415473
2026-04-22 08:54:07,096 | INFO | ali1688_goods_monitor | ✅ 第 13 批筛选条件已设置
2026-04-22 08:54:10,099 | INFO | ali1688_goods_monitor | 开始获取商品:728912992880、1001279554121、726064645781、795861191445、727364044091、894449366946、809233523760、990425215638、970781028572、929103621035、658391484708、990589043915、1031855101004、687729432138、858007859516、1024421346400、1001391447719、728364497329、952896839032、622513415473的基本信息
2026-04-22 08:54:10,099 | INFO | ali1688_goods_monitor | ⏳ 等待点击【开始查询】并捕获 offerSearch 接口...
2026-04-22 08:54:10,624 | INFO | ali1688_goods_monitor | 商品列表返回码: 200
2026-04-22 08:54:10,624 | INFO | ali1688_goods_monitor | 🚀 开始捕获商品数据，共 20 个商品
2026-04-22 08:54:10,625 | INFO | ali1688_goods_monitor | ✅ 商品基本信息捕获完成，总耗时: 0.00秒
2026-04-22 08:54:10,626 | INFO | ali1688_goods_monitor |    - 商品数: 20
2026-04-22 08:54:10,626 | INFO | ali1688_goods_monitor | ✅ 第 13 批完成，获取到 20 个商品，0 个SKU
2026-04-22 08:54:10,626 | INFO | ali1688_goods_monitor | 📋 第 13 批商品信息:
2026-04-22 08:54:10,626 | INFO | ali1688_goods_monitor |   1. 商品ID: 1024421346400, 店铺: 深圳市金贝合科技有限公司, SKU数: 2
2026-04-22 08:54:10,626 | INFO | ali1688_goods_monitor |   2. 商品ID: 658391484708, 店铺: 汕头市澄海区柏嘉盛玩具商行, SKU数: 12
2026-04-22 08:54:10,626 | INFO | ali1688_goods_monitor |   3. 商品ID: 795861191445, 店铺: 义乌市卡登电子商务有限公司, SKU数: 6
2026-04-22 08:54:10,627 | INFO | ali1688_goods_monitor |   4. 商品ID: 728912992880, 店铺: 汕头市澄海区泓趣欢玩具厂, SKU数: 24
2026-04-22 08:54:10,627 | INFO | ali1688_goods_monitor |   5. 商品ID: 687729432138, 店铺: 深圳巨变科技有限公司, SKU数: 1
2026-04-22 08:54:10,627 | INFO | ali1688_goods_monitor |   6. 商品ID: 728364497329, 店铺: 广东佰思玩具有限公司, SKU数: 5
2026-04-22 08:54:10,627 | INFO | ali1688_goods_monitor |   7. 商品ID: 622513415473, 店铺: 汕头市嬉游记玩具有限公司, SKU数: 4
2026-04-22 08:54:10,627 | INFO | ali1688_goods_monitor |   8. 商品ID: 894449366946, 店铺: 汕头市澄海区雅尚腾玩具厂(个体工商户), SKU数: 30
2026-04-22 08:54:10,627 | INFO | ali1688_goods_monitor |   9. 商品ID: 726064645781, 店铺: 汕头市澄海区奕欣玩具有限公司, SKU数: 6
2026-04-22 08:54:10,628 | INFO | ali1688_goods_monitor |   10. 商品ID: 990425215638, 店铺: 汕头市澄海区汇熙宝玩具厂, SKU数: 5
2026-04-22 08:54:10,628 | INFO | ali1688_goods_monitor |   11. 商品ID: 858007859516, 店铺: 义乌市登妹品牌管理有限公司, SKU数: 2
2026-04-22 08:54:10,628 | INFO | ali1688_goods_monitor |   12. 商品ID: 952896839032, 店铺: 汕头市俏娃玩具有限公司, SKU数: 3
2026-04-22 08:54:10,628 | INFO | ali1688_goods_monitor |   13. 商品ID: 809233523760, 店铺: 汕头市澄海区小筑班五金玩具厂, SKU数: 1
2026-04-22 08:54:10,628 | INFO | ali1688_goods_monitor |   14. 商品ID: 990589043915, 店铺: 义乌市辰秘科技有限公司, SKU数: 3
2026-04-22 08:54:10,628 | INFO | ali1688_goods_monitor |   15. 商品ID: 929103621035, 店铺: 汕头市鹿禾科教文化有限公司, SKU数: 6
2026-04-22 08:54:10,629 | INFO | ali1688_goods_monitor |   16. 商品ID: 970781028572, 店铺: 汕头市俏娃玩具有限公司, SKU数: 1
2026-04-22 08:54:10,629 | INFO | ali1688_goods_monitor |   17. 商品ID: 1001279554121, 店铺: 汕头市澄海区金宝欢玩具商行, SKU数: 4
2026-04-22 08:54:10,629 | INFO | ali1688_goods_monitor |   18. 商品ID: 1001391447719, 店铺: 汕头市才佳玩具有限公司, SKU数: 2
2026-04-22 08:54:10,629 | INFO | ali1688_goods_monitor |   19. 商品ID: 727364044091, 店铺: 汕头市澄海区实琪玩具有限公司, SKU数: 7
2026-04-22 08:54:10,629 | INFO | ali1688_goods_monitor |   20. 商品ID: 1031855101004, 店铺: 汕头市澄海区尤纳兴玩具商行, SKU数: 7
2026-04-22 08:54:12,469 | INFO | ali1688_goods_monitor | 💾 第13/14批：已保存 20 个商品到数据库
2026-04-22 08:54:12,469 | INFO | ali1688_goods_monitor | ⏸️  随机暂停 4.6 秒...
2026-04-22 08:54:17,093 | INFO | ali1688_goods_monitor | 🔄 刷新页面，准备处理第 14 批...
2026-04-22 08:54:22,633 | INFO | ali1688_goods_monitor | 🔍 处理第 14/14 批，共 18 个商品
2026-04-22 08:54:22,633 | INFO | ali1688_goods_monitor | 📋 商品ID: 974035321584、847969236799、969646541226、751554304142、863983065199、775392792723、857784361057、734549030910、713699292120、750175006113、927867865604、621194315291、954152497198、854259763574、982635289066、999695394272、947764418500、963819028092
2026-04-22 08:54:22,635 | INFO | ali1688_goods_monitor | 🧩 选择搜索方式: 商品ID
2026-04-22 08:54:23,100 | INFO | ali1688_goods_monitor | 搜索的商品id是:974035321584、847969236799、969646541226、751554304142、863983065199、775392792723、857784361057、734549030910、713699292120、750175006113、927867865604、621194315291、954152497198、854259763574、982635289066、999695394272、947764418500、963819028092
2026-04-22 08:54:24,234 | INFO | ali1688_goods_monitor | ✅ 第 14 批筛选条件已设置
2026-04-22 08:54:27,247 | INFO | ali1688_goods_monitor | 开始获取商品:974035321584、847969236799、969646541226、751554304142、863983065199、775392792723、857784361057、734549030910、713699292120、750175006113、927867865604、621194315291、954152497198、854259763574、982635289066、999695394272、947764418500、963819028092的基本信息
2026-04-22 08:54:27,247 | INFO | ali1688_goods_monitor | ⏳ 等待点击【开始查询】并捕获 offerSearch 接口...
2026-04-22 08:54:27,632 | INFO | ali1688_goods_monitor | 商品列表返回码: 200
2026-04-22 08:54:27,633 | INFO | ali1688_goods_monitor | 🚀 开始捕获商品数据，共 18 个商品
2026-04-22 08:54:27,634 | INFO | ali1688_goods_monitor | ✅ 商品基本信息捕获完成，总耗时: 0.00秒
2026-04-22 08:54:27,634 | INFO | ali1688_goods_monitor |    - 商品数: 18
2026-04-22 08:54:27,634 | INFO | ali1688_goods_monitor | ✅ 第 14 批完成，获取到 18 个商品，0 个SKU
2026-04-22 08:54:27,635 | INFO | ali1688_goods_monitor | 📋 第 14 批商品信息:
2026-04-22 08:54:27,635 | INFO | ali1688_goods_monitor |   1. 商品ID: 713699292120, 店铺: 汕头市正鹰科教玩具有限公司, SKU数: 9
2026-04-22 08:54:27,635 | INFO | ali1688_goods_monitor |   2. 商品ID: 847969236799, 店铺: 汕头市龙湖区熹萌喵玩具厂, SKU数: 13
2026-04-22 08:54:27,635 | INFO | ali1688_goods_monitor |   3. 商品ID: 750175006113, 店铺: 汕头市澄海区轮转玩具商行, SKU数: 1
2026-04-22 08:54:27,635 | INFO | ali1688_goods_monitor |   4. 商品ID: 947764418500, 店铺: 杜恒广, SKU数: 1
2026-04-22 08:54:27,635 | INFO | ali1688_goods_monitor |   5. 商品ID: 963819028092, 店铺: 汕头市龙湖区熹萌喵玩具厂, SKU数: 2
2026-04-22 08:54:27,636 | INFO | ali1688_goods_monitor |   6. 商品ID: 999695394272, 店铺: 义乌市大愚玩具有限公司, SKU数: 5
2026-04-22 08:54:27,636 | INFO | ali1688_goods_monitor |   7. 商品ID: 969646541226, 店铺: 汕头市澄海区奋星玩具商行, SKU数: 11
2026-04-22 08:54:27,636 | INFO | ali1688_goods_monitor |   8. 商品ID: 954152497198, 店铺: 汕头市乐享贝比贸易有限公司, SKU数: 6
2026-04-22 08:54:27,636 | INFO | ali1688_goods_monitor |   9. 商品ID: 927867865604, 店铺: 汕头市龙湖区熹萌喵玩具厂, SKU数: 18
2026-04-22 08:54:27,636 | INFO | ali1688_goods_monitor |   10. 商品ID: 974035321584, 店铺: 汕头市澄海区聚诚乐玩具厂, SKU数: 5
2026-04-22 08:54:27,636 | INFO | ali1688_goods_monitor |   11. 商品ID: 982635289066, 店铺: 汕头市创爱旺科技有限公司, SKU数: 26
2026-04-22 08:54:27,637 | INFO | ali1688_goods_monitor |   12. 商品ID: 863983065199, 店铺: 汕头澄海区启迪恩玩具商行, SKU数: 1
2026-04-22 08:54:27,637 | INFO | ali1688_goods_monitor |   13. 商品ID: 621194315291, 店铺: 深圳市纵新电子科技有限公司, SKU数: 4
2026-04-22 08:54:27,637 | INFO | ali1688_goods_monitor |   14. 商品ID: 857784361057, 店铺: 汕头市龙湖区熹萌喵玩具厂, SKU数: 4
2026-04-22 08:54:27,637 | INFO | ali1688_goods_monitor |   15. 商品ID: 734549030910, 店铺: 汕头市澄海区萃婴乐玩具厂, SKU数: 14
2026-04-22 08:54:27,637 | INFO | ali1688_goods_monitor |   16. 商品ID: 775392792723, 店铺: 汕头市澄海区方米狸玩具厂, SKU数: 25
2026-04-22 08:54:27,637 | INFO | ali1688_goods_monitor |   17. 商品ID: 751554304142, 店铺: 汕头市嬉游记玩具有限公司, SKU数: 2
2026-04-22 08:54:27,637 | INFO | ali1688_goods_monitor |   18. 商品ID: 854259763574, 店铺: 汕头市龙湖区熹萌喵玩具厂, SKU数: 1
2026-04-22 08:54:28,311 | INFO | ali1688_goods_monitor |   🔢 商品 847969236799 SKU数量变化: 32 -> 13
2026-04-22 08:54:28,311 | INFO | ali1688_goods_monitor |   🔢 商品 857784361057 SKU数量变化: 10 -> 4
2026-04-22 08:54:29,383 | INFO | ali1688_goods_monitor | 💾 第14/14批：已保存 18 个商品到数据库
2026-04-22 08:54:29,383 | INFO | ali1688_goods_monitor | 🎉 第一阶段完成，共获取 270 个商品基本信息
2026-04-22 08:54:29,609 | INFO | ali1688_goods_monitor | 浏览器已关闭
2026-04-22 08:54:29,609 | INFO | ali1688_goods_monitor | 🔍 从数据库查询今天的变化记录...
2026-04-22 08:54:29,670 | INFO | ali1688_goods_monitor | 🔢 检测到SKU数量变化: https://detail.1688.com/offer/847990628509.html
2026-04-22 08:54:29,671 | INFO | ali1688_goods_monitor | 🔢 检测到SKU数量变化: https://detail.1688.com/offer/990374779412.html
2026-04-22 08:54:29,672 | INFO | ali1688_goods_monitor | 🔢 检测到SKU数量变化: https://detail.1688.com/offer/818121391220.html
2026-04-22 08:54:29,672 | INFO | ali1688_goods_monitor | 🔢 检测到SKU数量变化: https://detail.1688.com/offer/847713406078.html
2026-04-22 08:54:29,672 | INFO | ali1688_goods_monitor | 🔢 检测到SKU数量变化: https://detail.1688.com/offer/847969236799.html
2026-04-22 08:54:29,672 | INFO | ali1688_goods_monitor | 🔢 检测到SKU数量变化: https://detail.1688.com/offer/857784361057.html
2026-04-22 08:54:30,318 | INFO | ali1688_goods_monitor | 📤 已发送 6 个SKU数量变化通知
2026-04-22 08:54:30,319 | INFO | ali1688_goods_monitor | 📊 统计：类目变化0个，SKU数量变化6个，SKU名称变化0个，价格变化0个
2026-04-22 08:54:30,320 | INFO | ali1688_goods_monitor | 📤 上传今天爬取的所有数据到钉钉文档...
2026-04-22 08:54:30,446 | INFO | ali1688_goods_monitor | 准备上传 270 条记录...
2026-04-22 08:54:43,216 | INFO | ali1688_goods_monitor | 
上传统计:
2026-04-22 08:54:43,217 | INFO | ali1688_goods_monitor | 总记录数: 270
2026-04-22 08:54:43,217 | INFO | ali1688_goods_monitor | 成功数量: 270
2026-04-22 08:54:43,217 | INFO | ali1688_goods_monitor | 失败数量: 0
2026-04-22 08:54:43,217 | INFO | ali1688_goods_monitor | 成功批次: 6
2026-04-22 08:54:43,218 | INFO | ali1688_goods_monitor | 失败批次: 0
2026-04-22 08:54:43,218 | INFO | ali1688_goods_monitor | 📤 已上传 270 个商品数据到钉钉
2026-04-22 08:54:43,381 | INFO | ali1688_goods_monitor | 🎯 全流程完成，总耗时：4分40秒
2026-04-22 08:54:43,381 | INFO | ali1688_goods_monitor | 📊 统计：今天共爬取 270 个商品，0 个SKU
2026-04-22 08:54:43,383 | INFO | ali1688_goods_monitor | 📊 变化统计：6 个商品发生变化，0 个SKU发生变化
2026-04-22 08:54:43,976 | INFO | ali1688_goods_monitor | ============================================================
2026-04-22 08:54:43,976 | INFO | ali1688_goods_monitor | ✅ 数据处理完成
2026-04-22 08:54:43,977 | INFO | ali1688_goods_monitor | ============================================================
