2026-04-28 09:19:13,961 | INFO | ali1688_goods_monitor | ============================================================
2026-04-28 09:19:13,962 | INFO | ali1688_goods_monitor | 🚀 开始1688竞品监控任务
2026-04-28 09:19:13,962 | INFO | ali1688_goods_monitor | ============================================================
2026-04-28 09:19:14,576 | INFO | ali1688_goods_monitor | 浏览器初始化成功
2026-04-28 09:19:29,289 | INFO | ali1688_goods_monitor | 📦 共找到 285 个商品ID，将分批查询（每批10个）
2026-04-28 09:19:36,295 | INFO | ali1688_goods_monitor | ❎ 已关闭引导弹窗2
2026-04-28 09:19:37,007 | INFO | ali1688_goods_monitor | ============================================================
2026-04-28 09:19:37,007 | INFO | ali1688_goods_monitor | 📊 第一阶段：获取商品基本信息
2026-04-28 09:19:37,008 | INFO | ali1688_goods_monitor | ============================================================
2026-04-28 09:19:37,008 | INFO | ali1688_goods_monitor | 🔍 处理第 1/15 批，共 20 个商品
2026-04-28 09:19:37,009 | INFO | ali1688_goods_monitor | 📋 商品ID: 971080031926、968280048908、943395574791、833661915665、1040738804232、982634945037、1016515592011、979203908708、835170979856、971037620206、1003272185431、617837580726、1005984550667、807432916292、928700805986、1040782952704、903613869442、1026068947837、954713432833、798059727032
2026-04-28 09:19:37,009 | INFO | ali1688_goods_monitor | 🧩 选择搜索方式: 商品ID
2026-04-28 09:19:37,501 | INFO | ali1688_goods_monitor | 搜索的商品id是:971080031926、968280048908、943395574791、833661915665、1040738804232、982634945037、1016515592011、979203908708、835170979856、971037620206、1003272185431、617837580726、1005984550667、807432916292、928700805986、1040782952704、903613869442、1026068947837、954713432833、798059727032
2026-04-28 09:19:38,605 | INFO | ali1688_goods_monitor | ✅ 第 1 批筛选条件已设置
2026-04-28 09:19:41,621 | INFO | ali1688_goods_monitor | 开始获取商品:971080031926、968280048908、943395574791、833661915665、1040738804232、982634945037、1016515592011、979203908708、835170979856、971037620206、1003272185431、617837580726、1005984550667、807432916292、928700805986、1040782952704、903613869442、1026068947837、954713432833、798059727032的基本信息
2026-04-28 09:19:41,622 | INFO | ali1688_goods_monitor | ⏳ 等待点击【开始查询】并捕获 offerSearch 接口...
2026-04-28 09:19:42,356 | INFO | ali1688_goods_monitor | 商品列表返回码: 200
2026-04-28 09:19:42,357 | INFO | ali1688_goods_monitor | 🚀 开始捕获商品数据，共 20 个商品
2026-04-28 09:19:42,357 | INFO | ali1688_goods_monitor | ✅ 商品基本信息捕获完成，总耗时: 0.00秒
2026-04-28 09:19:42,357 | INFO | ali1688_goods_monitor |    - 商品数: 20
2026-04-28 09:19:42,357 | INFO | ali1688_goods_monitor | ✅ 第 1 批完成，获取到 20 个商品，0 个SKU
2026-04-28 09:19:42,357 | INFO | ali1688_goods_monitor | 📋 第 1 批商品信息:
2026-04-28 09:19:42,357 | INFO | ali1688_goods_monitor |   1. 商品ID: 833661915665, 店铺: 深圳金喜来电子股份有限公司, SKU数: 1
2026-04-28 09:19:42,357 | INFO | ali1688_goods_monitor |   2. 商品ID: 979203908708, 店铺: 汕头市澄海区多美仕玩具厂, SKU数: 24
2026-04-28 09:19:42,357 | INFO | ali1688_goods_monitor |   3. 商品ID: 982634945037, 店铺: 汕头市创爱旺科技有限公司, SKU数: 26
2026-04-28 09:19:42,357 | INFO | ali1688_goods_monitor |   4. 商品ID: 798059727032, 店铺: 汕头市澄海区超慧丰贸易商行, SKU数: 16
2026-04-28 09:19:42,357 | INFO | ali1688_goods_monitor |   5. 商品ID: 943395574791, 店铺: 东莞市狂蜂狂蚁科技有限公司, SKU数: 1
2026-04-28 09:19:42,357 | INFO | ali1688_goods_monitor |   6. 商品ID: 807432916292, 店铺: 汕头市澄海区悦优佳玩具厂, SKU数: 24
2026-04-28 09:19:42,357 | INFO | ali1688_goods_monitor |   7. 商品ID: 1016515592011, 店铺: 汕头市澄海区晟耀展玩具厂, SKU数: 4
2026-04-28 09:19:42,357 | INFO | ali1688_goods_monitor |   8. 商品ID: 617837580726, 店铺: 深圳灿煜玩具有限公司, SKU数: 2
2026-04-28 09:19:42,357 | INFO | ali1688_goods_monitor |   9. 商品ID: 1026068947837, 店铺: 汕头市澄海区力多熊玩具商行, SKU数: 3
2026-04-28 09:19:42,357 | INFO | ali1688_goods_monitor |   10. 商品ID: 971037620206, 店铺: 汕头市澄海区淘琪宝玩具厂, SKU数: 1
2026-04-28 09:19:42,357 | INFO | ali1688_goods_monitor |   11. 商品ID: 1003272185431, 店铺: 义乌市大愚玩具有限公司, SKU数: 5
2026-04-28 09:19:42,357 | INFO | ali1688_goods_monitor |   12. 商品ID: 971080031926, 店铺: 汕头市龙湖区熹萌喵玩具厂, SKU数: 3
2026-04-28 09:19:42,357 | INFO | ali1688_goods_monitor |   13. 商品ID: 954713432833, 店铺: 汕头市龙湖区熹萌喵玩具厂, SKU数: 2
2026-04-28 09:19:42,357 | INFO | ali1688_goods_monitor |   14. 商品ID: 1040782952704, 店铺: 义乌市鑫照玩具厂, SKU数: 1
2026-04-28 09:19:42,357 | INFO | ali1688_goods_monitor |   15. 商品ID: 835170979856, 店铺: 汕头市澄海区土炭玩具商行, SKU数: 10
2026-04-28 09:19:42,357 | INFO | ali1688_goods_monitor |   16. 商品ID: 1005984550667, 店铺: 汕头市澄海区八匹马玩具厂, SKU数: 36
2026-04-28 09:19:42,358 | INFO | ali1688_goods_monitor |   17. 商品ID: 968280048908, 店铺: 汕头市澄海区都说好玩具商行, SKU数: 31
2026-04-28 09:19:42,358 | INFO | ali1688_goods_monitor |   18. 商品ID: 928700805986, 店铺: 义乌市谷达玩具有限公司, SKU数: 2
2026-04-28 09:19:42,358 | INFO | ali1688_goods_monitor |   19. 商品ID: 1040738804232, 店铺: 汕头市澄海区萌栎玩具厂, SKU数: 1
2026-04-28 09:19:42,358 | INFO | ali1688_goods_monitor |   20. 商品ID: 903613869442, 店铺: 汕头市龙湖区熹萌喵玩具厂, SKU数: 4
2026-04-28 09:19:44,024 | INFO | ali1688_goods_monitor | 💾 第1/15批：已保存 20 个商品到数据库
2026-04-28 09:19:44,024 | INFO | ali1688_goods_monitor | ⏸️  随机暂停 3.6 秒...
2026-04-28 09:19:47,658 | INFO | ali1688_goods_monitor | 🔄 刷新页面，准备处理第 2 批...
2026-04-28 09:19:51,814 | INFO | ali1688_goods_monitor | ❎ 已关闭引导弹窗3
2026-04-28 09:19:54,411 | INFO | ali1688_goods_monitor | 🔍 处理第 2/15 批，共 20 个商品
2026-04-28 09:19:54,412 | INFO | ali1688_goods_monitor | 📋 商品ID: 812259607012、1029823265981、1007173826384、991935831793、962746907189、812514770228、1038233955709、907762599791、990409899841、1013037690222、889385901298、1025513853144、969366546749、979396013303、1036715839875、875034473523、590591825369、894936744591、895285249007、970715744477
2026-04-28 09:19:54,412 | INFO | ali1688_goods_monitor | 🧩 选择搜索方式: 商品ID
2026-04-28 09:19:54,930 | INFO | ali1688_goods_monitor | 搜索的商品id是:812259607012、1029823265981、1007173826384、991935831793、962746907189、812514770228、1038233955709、907762599791、990409899841、1013037690222、889385901298、1025513853144、969366546749、979396013303、1036715839875、875034473523、590591825369、894936744591、895285249007、970715744477
2026-04-28 09:19:56,027 | INFO | ali1688_goods_monitor | ✅ 第 2 批筛选条件已设置
2026-04-28 09:19:59,040 | INFO | ali1688_goods_monitor | 开始获取商品:812259607012、1029823265981、1007173826384、991935831793、962746907189、812514770228、1038233955709、907762599791、990409899841、1013037690222、889385901298、1025513853144、969366546749、979396013303、1036715839875、875034473523、590591825369、894936744591、895285249007、970715744477的基本信息
2026-04-28 09:19:59,040 | INFO | ali1688_goods_monitor | ⏳ 等待点击【开始查询】并捕获 offerSearch 接口...
2026-04-28 09:19:59,414 | INFO | ali1688_goods_monitor | 商品列表返回码: 200
2026-04-28 09:19:59,415 | INFO | ali1688_goods_monitor | 🚀 开始捕获商品数据，共 19 个商品
2026-04-28 09:19:59,415 | INFO | ali1688_goods_monitor | ✅ 商品基本信息捕获完成，总耗时: 0.00秒
2026-04-28 09:19:59,415 | INFO | ali1688_goods_monitor |    - 商品数: 19
2026-04-28 09:19:59,415 | INFO | ali1688_goods_monitor | ✅ 第 2 批完成，获取到 19 个商品，0 个SKU
2026-04-28 09:19:59,415 | INFO | ali1688_goods_monitor | 📋 第 2 批商品信息:
2026-04-28 09:19:59,415 | INFO | ali1688_goods_monitor |   1. 商品ID: 1025513853144, 店铺: 汕头市澄海区萌灵娃玩具厂, SKU数: 8
2026-04-28 09:19:59,415 | INFO | ali1688_goods_monitor |   2. 商品ID: 1036715839875, 店铺: 金华市相惜塑料制品有限公司, SKU数: 1
2026-04-28 09:19:59,416 | INFO | ali1688_goods_monitor |   3. 商品ID: 889385901298, 店铺: 汕头市欧切勒切电子商务有限公司, SKU数: 3
2026-04-28 09:19:59,416 | INFO | ali1688_goods_monitor |   4. 商品ID: 895285249007, 店铺: 汕头市澄海区雅尚腾玩具厂(个体工商户), SKU数: 34
2026-04-28 09:19:59,416 | INFO | ali1688_goods_monitor |   5. 商品ID: 991935831793, 店铺: 温州市鑫筱贸易有限公司, SKU数: 3
2026-04-28 09:19:59,416 | INFO | ali1688_goods_monitor |   6. 商品ID: 979396013303, 店铺: 汕头市澄海区很多人玩具商行, SKU数: 1
2026-04-28 09:19:59,416 | INFO | ali1688_goods_monitor |   7. 商品ID: 812259607012, 店铺: 汕头市澄海区哈尼兔玩具厂, SKU数: 39
2026-04-28 09:19:59,416 | INFO | ali1688_goods_monitor |   8. 商品ID: 1029823265981, 店铺: 汕头市澄海区穆展玩具厂, SKU数: 6
2026-04-28 09:19:59,416 | INFO | ali1688_goods_monitor |   9. 商品ID: 970715744477, 店铺: 汕头市澄海区永志玩具商行(个体工商户), SKU数: 1
2026-04-28 09:19:59,416 | INFO | ali1688_goods_monitor |   10. 商品ID: 812514770228, 店铺: 汕头市澄海区栩之羿贸易商行, SKU数: 2
2026-04-28 09:19:59,416 | INFO | ali1688_goods_monitor |   11. 商品ID: 875034473523, 店铺: 汕头市澄海区童积玩具厂, SKU数: 3
2026-04-28 09:19:59,417 | INFO | ali1688_goods_monitor |   12. 商品ID: 1013037690222, 店铺: 潮州市湘桥区星赫玩具厂(个体工商户), SKU数: 1
2026-04-28 09:19:59,417 | INFO | ali1688_goods_monitor |   13. 商品ID: 969366546749, 店铺: 汕头市澄海区启超玩具厂, SKU数: 1
2026-04-28 09:19:59,417 | INFO | ali1688_goods_monitor |   14. 商品ID: 894936744591, 店铺: 汕头市澄海区启跃玩具厂, SKU数: 16
2026-04-28 09:19:59,417 | INFO | ali1688_goods_monitor |   15. 商品ID: 590591825369, 店铺: 汕头市澄海区翔鹏塑料制品厂, SKU数: 22
2026-04-28 09:19:59,417 | INFO | ali1688_goods_monitor |   16. 商品ID: 907762599791, 店铺: 汕头市澄海区彩帆玩具厂, SKU数: 10
2026-04-28 09:19:59,417 | INFO | ali1688_goods_monitor |   17. 商品ID: 962746907189, 店铺: 汕头市龙湖区熹萌喵玩具厂, SKU数: 4
2026-04-28 09:19:59,417 | INFO | ali1688_goods_monitor |   18. 商品ID: 1038233955709, 店铺: 汕头市澄海区萃婴乐玩具厂, SKU数: 1
2026-04-28 09:19:59,417 | INFO | ali1688_goods_monitor |   19. 商品ID: 990409899841, 店铺: 汕头市澄海区泰旭玩具厂, SKU数: 1
2026-04-28 09:20:01,007 | INFO | ali1688_goods_monitor | 💾 第2/15批：已保存 19 个商品到数据库
2026-04-28 09:20:01,008 | INFO | ali1688_goods_monitor | ⏸️  随机暂停 6.3 秒...
2026-04-28 09:20:07,360 | INFO | ali1688_goods_monitor | 🔄 刷新页面，准备处理第 3 批...
2026-04-28 09:20:14,971 | INFO | ali1688_goods_monitor | 🔍 处理第 3/15 批，共 20 个商品
2026-04-28 09:20:14,972 | INFO | ali1688_goods_monitor | 📋 商品ID: 903636127402、741922490714、776195311997、811139889293、950726478383、970377098770、1000398364752、628617576125、998051010590、856805654657、677709968233、992071730825、799083276279、976178977054、902961760235、900967422750、994662909434、681658732090、847794753111、992251601092
2026-04-28 09:20:14,972 | INFO | ali1688_goods_monitor | 🧩 选择搜索方式: 商品ID
2026-04-28 09:20:15,478 | INFO | ali1688_goods_monitor | 搜索的商品id是:903636127402、741922490714、776195311997、811139889293、950726478383、970377098770、1000398364752、628617576125、998051010590、856805654657、677709968233、992071730825、799083276279、976178977054、902961760235、900967422750、994662909434、681658732090、847794753111、992251601092
2026-04-28 09:20:16,599 | INFO | ali1688_goods_monitor | ✅ 第 3 批筛选条件已设置
2026-04-28 09:20:19,613 | INFO | ali1688_goods_monitor | 开始获取商品:903636127402、741922490714、776195311997、811139889293、950726478383、970377098770、1000398364752、628617576125、998051010590、856805654657、677709968233、992071730825、799083276279、976178977054、902961760235、900967422750、994662909434、681658732090、847794753111、992251601092的基本信息
2026-04-28 09:20:19,614 | INFO | ali1688_goods_monitor | ⏳ 等待点击【开始查询】并捕获 offerSearch 接口...
2026-04-28 09:20:20,249 | INFO | ali1688_goods_monitor | 商品列表返回码: 200
2026-04-28 09:20:20,249 | INFO | ali1688_goods_monitor | 🚀 开始捕获商品数据，共 20 个商品
2026-04-28 09:20:20,249 | INFO | ali1688_goods_monitor | ✅ 商品基本信息捕获完成，总耗时: 0.00秒
2026-04-28 09:20:20,249 | INFO | ali1688_goods_monitor |    - 商品数: 20
2026-04-28 09:20:20,249 | INFO | ali1688_goods_monitor | ✅ 第 3 批完成，获取到 20 个商品，0 个SKU
2026-04-28 09:20:20,249 | INFO | ali1688_goods_monitor | 📋 第 3 批商品信息:
2026-04-28 09:20:20,249 | INFO | ali1688_goods_monitor |   1. 商品ID: 1000398364752, 店铺: 义乌市芝麻开门玩具有限公司, SKU数: 4
2026-04-28 09:20:20,249 | INFO | ali1688_goods_monitor |   2. 商品ID: 856805654657, 店铺: 汕头市龙湖区熹萌喵玩具厂, SKU数: 1
2026-04-28 09:20:20,249 | INFO | ali1688_goods_monitor |   3. 商品ID: 811139889293, 店铺: 义乌市孟享贸易有限公司, SKU数: 8
2026-04-28 09:20:20,249 | INFO | ali1688_goods_monitor |   4. 商品ID: 799083276279, 店铺: 汕头市澄海区米可玩具商行, SKU数: 3
2026-04-28 09:20:20,249 | INFO | ali1688_goods_monitor |   5. 商品ID: 994662909434, 店铺: 义乌市麦贤电子商务商行, SKU数: 3
2026-04-28 09:20:20,249 | INFO | ali1688_goods_monitor |   6. 商品ID: 628617576125, 店铺: 汕头市俏娃玩具有限公司, SKU数: 5
2026-04-28 09:20:20,249 | INFO | ali1688_goods_monitor |   7. 商品ID: 900967422750, 店铺: 汕头市澄海区越来越聪明玩具厂, SKU数: 22
2026-04-28 09:20:20,249 | INFO | ali1688_goods_monitor |   8. 商品ID: 902961760235, 店铺: 汕头市龙湖区熹萌喵玩具厂, SKU数: 4
2026-04-28 09:20:20,249 | INFO | ali1688_goods_monitor |   9. 商品ID: 970377098770, 店铺: 汕头市澄海区贝欣达玩具厂, SKU数: 37
2026-04-28 09:20:20,249 | INFO | ali1688_goods_monitor |   10. 商品ID: 776195311997, 店铺: 汕头市澄海区讴艺玩具厂, SKU数: 1
2026-04-28 09:20:20,249 | INFO | ali1688_goods_monitor |   11. 商品ID: 992251601092, 店铺: 义乌市纯亿供应链管理服务有限公司, SKU数: 2
2026-04-28 09:20:20,249 | INFO | ali1688_goods_monitor |   12. 商品ID: 903636127402, 店铺: 义乌市君玖商贸有限公司, SKU数: 3
2026-04-28 09:20:20,249 | INFO | ali1688_goods_monitor |   13. 商品ID: 976178977054, 店铺: 汕头市玩物社科技有限公司, SKU数: 5
2026-04-28 09:20:20,249 | INFO | ali1688_goods_monitor |   14. 商品ID: 998051010590, 店铺: 汕头市盛星达体育用品有限公司, SKU数: 4
2026-04-28 09:20:20,249 | INFO | ali1688_goods_monitor |   15. 商品ID: 992071730825, 店铺: 深圳市粤加大玩具有限公司, SKU数: 3
2026-04-28 09:20:20,249 | INFO | ali1688_goods_monitor |   16. 商品ID: 677709968233, 店铺: 广东佰思玩具有限公司, SKU数: 5
2026-04-28 09:20:20,250 | INFO | ali1688_goods_monitor |   17. 商品ID: 681658732090, 店铺: 深圳金喜来电子股份有限公司, SKU数: 1
2026-04-28 09:20:20,250 | INFO | ali1688_goods_monitor |   18. 商品ID: 741922490714, 店铺: 汕头市俏娃玩具有限公司, SKU数: 2
2026-04-28 09:20:20,250 | INFO | ali1688_goods_monitor |   19. 商品ID: 950726478383, 店铺: 汕头市澄海区美贝斯玩具商行, SKU数: 13
2026-04-28 09:20:20,250 | INFO | ali1688_goods_monitor |   20. 商品ID: 847794753111, 店铺: 汕头市龙湖区熹萌喵玩具厂, SKU数: 4
2026-04-28 09:20:21,920 | INFO | ali1688_goods_monitor | 💾 第3/15批：已保存 20 个商品到数据库
2026-04-28 09:20:21,920 | INFO | ali1688_goods_monitor | ⏸️  随机暂停 3.0 秒...
2026-04-28 09:20:24,933 | INFO | ali1688_goods_monitor | 🔄 刷新页面，准备处理第 4 批...
2026-04-28 09:20:33,928 | INFO | ali1688_goods_monitor | 🔍 处理第 4/15 批，共 20 个商品
2026-04-28 09:20:33,929 | INFO | ali1688_goods_monitor | 📋 商品ID: 951035484615、826873938709、677301391721、847495122732、899704194303、1007062397648、1000255776437、898439171537、43695296576、956573560393、902473655388、890654399053、979471208168、996059989352、840249263873、873614306333、702199084381、746411095420、703551244918、832304702315
2026-04-28 09:20:33,929 | INFO | ali1688_goods_monitor | 🧩 选择搜索方式: 商品ID
2026-04-28 09:20:34,399 | INFO | ali1688_goods_monitor | 搜索的商品id是:951035484615、826873938709、677301391721、847495122732、899704194303、1007062397648、1000255776437、898439171537、43695296576、956573560393、902473655388、890654399053、979471208168、996059989352、840249263873、873614306333、702199084381、746411095420、703551244918、832304702315
2026-04-28 09:20:35,508 | INFO | ali1688_goods_monitor | ✅ 第 4 批筛选条件已设置
2026-04-28 09:20:38,524 | INFO | ali1688_goods_monitor | 开始获取商品:951035484615、826873938709、677301391721、847495122732、899704194303、1007062397648、1000255776437、898439171537、43695296576、956573560393、902473655388、890654399053、979471208168、996059989352、840249263873、873614306333、702199084381、746411095420、703551244918、832304702315的基本信息
2026-04-28 09:20:38,525 | INFO | ali1688_goods_monitor | ⏳ 等待点击【开始查询】并捕获 offerSearch 接口...
2026-04-28 09:20:38,972 | INFO | ali1688_goods_monitor | 商品列表返回码: 200
2026-04-28 09:20:38,973 | INFO | ali1688_goods_monitor | 🚀 开始捕获商品数据，共 20 个商品
2026-04-28 09:20:38,973 | INFO | ali1688_goods_monitor | ✅ 商品基本信息捕获完成，总耗时: 0.00秒
2026-04-28 09:20:38,973 | INFO | ali1688_goods_monitor |    - 商品数: 20
2026-04-28 09:20:38,973 | INFO | ali1688_goods_monitor | ✅ 第 4 批完成，获取到 20 个商品，0 个SKU
2026-04-28 09:20:38,973 | INFO | ali1688_goods_monitor | 📋 第 4 批商品信息:
2026-04-28 09:20:38,973 | INFO | ali1688_goods_monitor |   1. 商品ID: 677301391721, 店铺: 汕头市澄海区海棠玩具厂, SKU数: 5
2026-04-28 09:20:38,973 | INFO | ali1688_goods_monitor |   2. 商品ID: 746411095420, 店铺: 汕头市龙湖区宝乐喜玩具商行, SKU数: 6
2026-04-28 09:20:38,973 | INFO | ali1688_goods_monitor |   3. 商品ID: 902473655388, 店铺: 汕头市龙湖区熹萌喵玩具厂, SKU数: 1
2026-04-28 09:20:38,973 | INFO | ali1688_goods_monitor |   4. 商品ID: 847495122732, 店铺: 汕头市龙湖区熹萌喵玩具厂, SKU数: 3
2026-04-28 09:20:38,973 | INFO | ali1688_goods_monitor |   5. 商品ID: 890654399053, 店铺: 汕头市澄海区悦优佳玩具厂, SKU数: 22
2026-04-28 09:20:38,973 | INFO | ali1688_goods_monitor |   6. 商品ID: 702199084381, 店铺: 汕头市澄海区实琪玩具有限公司, SKU数: 21
2026-04-28 09:20:38,974 | INFO | ali1688_goods_monitor |   7. 商品ID: 951035484615, 店铺: 汕头市创爱旺科技有限公司, SKU数: 29
2026-04-28 09:20:38,974 | INFO | ali1688_goods_monitor |   8. 商品ID: 832304702315, 店铺: 广东佰思玩具有限公司, SKU数: 5
2026-04-28 09:20:38,974 | INFO | ali1688_goods_monitor |   9. 商品ID: 703551244918, 店铺: 汕头市澄海区米可玩具商行, SKU数: 3
2026-04-28 09:20:38,974 | INFO | ali1688_goods_monitor |   10. 商品ID: 43695296576, 店铺: 汕头市澄海区豪达玩具有限公司, SKU数: 2
2026-04-28 09:20:38,974 | INFO | ali1688_goods_monitor |   11. 商品ID: 979471208168, 店铺: 汕头市澄海区淘琪宝玩具厂, SKU数: 1
2026-04-28 09:20:38,974 | INFO | ali1688_goods_monitor |   12. 商品ID: 996059989352, 店铺: 义乌市海潭商贸有限公司, SKU数: 3
2026-04-28 09:20:38,974 | INFO | ali1688_goods_monitor |   13. 商品ID: 1007062397648, 店铺: 汕头市澄海区坤铄玩具厂, SKU数: 4
2026-04-28 09:20:38,974 | INFO | ali1688_goods_monitor |   14. 商品ID: 899704194303, 店铺: 汕头市澄海区孩艺宝玩具厂, SKU数: 12
2026-04-28 09:20:38,974 | INFO | ali1688_goods_monitor |   15. 商品ID: 956573560393, 店铺: 汕头市澄海区巧新玩具厂, SKU数: 3
2026-04-28 09:20:38,974 | INFO | ali1688_goods_monitor |   16. 商品ID: 873614306333, 店铺: 汕头市俏娃玩具有限公司, SKU数: 5
2026-04-28 09:20:38,974 | INFO | ali1688_goods_monitor |   17. 商品ID: 898439171537, 店铺: 汕头市龙湖区熹萌喵玩具厂, SKU数: 14
2026-04-28 09:20:38,974 | INFO | ali1688_goods_monitor |   18. 商品ID: 840249263873, 店铺: 汕头市嬉游记玩具有限公司, SKU数: 8
2026-04-28 09:20:38,974 | INFO | ali1688_goods_monitor |   19. 商品ID: 826873938709, 店铺: 汕头市森漫贸易有限公司, SKU数: 1
2026-04-28 09:20:38,974 | INFO | ali1688_goods_monitor |   20. 商品ID: 1000255776437, 店铺: 义乌市屿团电子商务商行, SKU数: 3
2026-04-28 09:20:40,652 | INFO | ali1688_goods_monitor | 💾 第4/15批：已保存 20 个商品到数据库
2026-04-28 09:20:40,653 | INFO | ali1688_goods_monitor | ⏸️  随机暂停 4.7 秒...
2026-04-28 09:20:45,402 | INFO | ali1688_goods_monitor | 🔄 刷新页面，准备处理第 5 批...
2026-04-28 09:20:51,695 | INFO | ali1688_goods_monitor | 🔍 处理第 5/15 批，共 20 个商品
2026-04-28 09:20:51,695 | INFO | ali1688_goods_monitor | 📋 商品ID: 950670074468、789633522584、890407614753、999142031933、859584630627、1009966785995、985206853035、991070192317、927205288673、950658287741、993465198242、998859559585、992800642545、990618054916、652994949606、873771926327、970542473882、836899798919、928580021030、852501307622
2026-04-28 09:20:51,695 | INFO | ali1688_goods_monitor | 🧩 选择搜索方式: 商品ID
2026-04-28 09:20:52,180 | INFO | ali1688_goods_monitor | 搜索的商品id是:950670074468、789633522584、890407614753、999142031933、859584630627、1009966785995、985206853035、991070192317、927205288673、950658287741、993465198242、998859559585、992800642545、990618054916、652994949606、873771926327、970542473882、836899798919、928580021030、852501307622
2026-04-28 09:20:53,271 | INFO | ali1688_goods_monitor | ✅ 第 5 批筛选条件已设置
2026-04-28 09:20:56,275 | INFO | ali1688_goods_monitor | 开始获取商品:950670074468、789633522584、890407614753、999142031933、859584630627、1009966785995、985206853035、991070192317、927205288673、950658287741、993465198242、998859559585、992800642545、990618054916、652994949606、873771926327、970542473882、836899798919、928580021030、852501307622的基本信息
2026-04-28 09:20:56,276 | INFO | ali1688_goods_monitor | ⏳ 等待点击【开始查询】并捕获 offerSearch 接口...
2026-04-28 09:20:56,652 | INFO | ali1688_goods_monitor | 商品列表返回码: 200
2026-04-28 09:20:56,653 | INFO | ali1688_goods_monitor | 🚀 开始捕获商品数据，共 20 个商品
2026-04-28 09:20:56,653 | INFO | ali1688_goods_monitor | ✅ 商品基本信息捕获完成，总耗时: 0.00秒
2026-04-28 09:20:56,653 | INFO | ali1688_goods_monitor |    - 商品数: 20
2026-04-28 09:20:56,653 | INFO | ali1688_goods_monitor | ✅ 第 5 批完成，获取到 20 个商品，0 个SKU
2026-04-28 09:20:56,653 | INFO | ali1688_goods_monitor | 📋 第 5 批商品信息:
2026-04-28 09:20:56,653 | INFO | ali1688_goods_monitor |   1. 商品ID: 859584630627, 店铺: 汕头市龙湖区熹萌喵玩具厂, SKU数: 4
2026-04-28 09:20:56,653 | INFO | ali1688_goods_monitor |   2. 商品ID: 852501307622, 店铺: 汕头市俏娃玩具有限公司, SKU数: 1
2026-04-28 09:20:56,653 | INFO | ali1688_goods_monitor |   3. 商品ID: 928580021030, 店铺: 汕头市嬉游记玩具有限公司, SKU数: 2
2026-04-28 09:20:56,653 | INFO | ali1688_goods_monitor |   4. 商品ID: 789633522584, 店铺: 汕头市澄海区乐涵玩具厂, SKU数: 1
2026-04-28 09:20:56,653 | INFO | ali1688_goods_monitor |   5. 商品ID: 873771926327, 店铺: 汕头市澄海区酷乐孩玩具厂, SKU数: 34
2026-04-28 09:20:56,653 | INFO | ali1688_goods_monitor |   6. 商品ID: 990618054916, 店铺: 妆链时代（深圳）科技有限公司, SKU数: 3
2026-04-28 09:20:56,653 | INFO | ali1688_goods_monitor |   7. 商品ID: 992800642545, 店铺: 汕头市盛星达体育用品有限公司, SKU数: 3
2026-04-28 09:20:56,653 | INFO | ali1688_goods_monitor |   8. 商品ID: 652994949606, 店铺: 汕头市俏娃玩具有限公司, SKU数: 4
2026-04-28 09:20:56,653 | INFO | ali1688_goods_monitor |   9. 商品ID: 998859559585, 店铺: 汕头市澄海区坤铄玩具厂, SKU数: 11
2026-04-28 09:20:56,653 | INFO | ali1688_goods_monitor |   10. 商品ID: 999142031933, 店铺: 深圳金喜来电子股份有限公司, SKU数: 1
2026-04-28 09:20:56,653 | INFO | ali1688_goods_monitor |   11. 商品ID: 970542473882, 店铺: 汕头市嬉游记玩具有限公司, SKU数: 5
2026-04-28 09:20:56,653 | INFO | ali1688_goods_monitor |   12. 商品ID: 993465198242, 店铺: 汕头市铭立玩具有限公司, SKU数: 7
2026-04-28 09:20:56,653 | INFO | ali1688_goods_monitor |   13. 商品ID: 950658287741, 店铺: 汕头市澄海区三只老鼠玩具厂, SKU数: 18
2026-04-28 09:20:56,653 | INFO | ali1688_goods_monitor |   14. 商品ID: 927205288673, 店铺: 汕头市龙湖区熹萌喵玩具厂, SKU数: 4
2026-04-28 09:20:56,653 | INFO | ali1688_goods_monitor |   15. 商品ID: 991070192317, 店铺: 汕头市澄海区神宥玩具厂(个体工商户), SKU数: 11
2026-04-28 09:20:56,653 | INFO | ali1688_goods_monitor |   16. 商品ID: 1009966785995, 店铺: 汕头市恒达星玩具有限公司, SKU数: 4
2026-04-28 09:20:56,653 | INFO | ali1688_goods_monitor |   17. 商品ID: 950670074468, 店铺: 汕头市澄海区雅尚腾玩具厂(个体工商户), SKU数: 36
2026-04-28 09:20:56,653 | INFO | ali1688_goods_monitor |   18. 商品ID: 985206853035, 店铺: 汕头市澄海区金颖玩具厂, SKU数: 2
2026-04-28 09:20:56,653 | INFO | ali1688_goods_monitor |   19. 商品ID: 836899798919, 店铺: 汕头市澄海区小筑班五金玩具厂, SKU数: 9
2026-04-28 09:20:56,654 | INFO | ali1688_goods_monitor |   20. 商品ID: 890407614753, 店铺: 汕头市澄海区萌董乐玩具厂, SKU数: 17
2026-04-28 09:20:58,315 | INFO | ali1688_goods_monitor | 💾 第5/15批：已保存 20 个商品到数据库
2026-04-28 09:20:58,315 | INFO | ali1688_goods_monitor | ⏸️  随机暂停 5.0 秒...
2026-04-28 09:21:03,374 | INFO | ali1688_goods_monitor | 🔄 刷新页面，准备处理第 6 批...
2026-04-28 09:21:09,747 | INFO | ali1688_goods_monitor | 🔍 处理第 6/15 批，共 20 个商品
2026-04-28 09:21:09,747 | INFO | ali1688_goods_monitor | 📋 商品ID: 632300625030、853399095646、671840552108、975762015590、994237964153、847990628509、962546716755、854253039240、662598267674、978651830599、692940339011、993354315037、895439014120、997795598539、849820903779、729749403422、948334688543、746416939989、930446969722、991823064917
2026-04-28 09:21:09,748 | INFO | ali1688_goods_monitor | 🧩 选择搜索方式: 商品ID
2026-04-28 09:21:10,315 | INFO | ali1688_goods_monitor | 搜索的商品id是:632300625030、853399095646、671840552108、975762015590、994237964153、847990628509、962546716755、854253039240、662598267674、978651830599、692940339011、993354315037、895439014120、997795598539、849820903779、729749403422、948334688543、746416939989、930446969722、991823064917
2026-04-28 09:21:11,420 | INFO | ali1688_goods_monitor | ✅ 第 6 批筛选条件已设置
2026-04-28 09:21:14,427 | INFO | ali1688_goods_monitor | 开始获取商品:632300625030、853399095646、671840552108、975762015590、994237964153、847990628509、962546716755、854253039240、662598267674、978651830599、692940339011、993354315037、895439014120、997795598539、849820903779、729749403422、948334688543、746416939989、930446969722、991823064917的基本信息
2026-04-28 09:21:14,428 | INFO | ali1688_goods_monitor | ⏳ 等待点击【开始查询】并捕获 offerSearch 接口...
2026-04-28 09:21:14,861 | INFO | ali1688_goods_monitor | 商品列表返回码: 200
2026-04-28 09:21:14,861 | INFO | ali1688_goods_monitor | 🚀 开始捕获商品数据，共 19 个商品
2026-04-28 09:21:14,861 | INFO | ali1688_goods_monitor | ✅ 商品基本信息捕获完成，总耗时: 0.00秒
2026-04-28 09:21:14,861 | INFO | ali1688_goods_monitor |    - 商品数: 19
2026-04-28 09:21:14,861 | INFO | ali1688_goods_monitor | ✅ 第 6 批完成，获取到 19 个商品，0 个SKU
2026-04-28 09:21:14,861 | INFO | ali1688_goods_monitor | 📋 第 6 批商品信息:
2026-04-28 09:21:14,861 | INFO | ali1688_goods_monitor |   1. 商品ID: 729749403422, 店铺: 珠海欣球格创科技有限公司, SKU数: 7
2026-04-28 09:21:14,861 | INFO | ali1688_goods_monitor |   2. 商品ID: 853399095646, 店铺: 汕头市嬉游记玩具有限公司, SKU数: 15
2026-04-28 09:21:14,861 | INFO | ali1688_goods_monitor |   3. 商品ID: 671840552108, 店铺: 汕头市澄海区华迪锋玩具厂, SKU数: 8
2026-04-28 09:21:14,861 | INFO | ali1688_goods_monitor |   4. 商品ID: 847990628509, 店铺: 汕头市龙湖区熹萌喵玩具厂, SKU数: 13
2026-04-28 09:21:14,861 | INFO | ali1688_goods_monitor |   5. 商品ID: 746416939989, 店铺: 李楚平, SKU数: 2
2026-04-28 09:21:14,861 | INFO | ali1688_goods_monitor |   6. 商品ID: 632300625030, 店铺: 汕头市俏娃玩具有限公司, SKU数: 1
2026-04-28 09:21:14,861 | INFO | ali1688_goods_monitor |   7. 商品ID: 948334688543, 店铺: 汕头市澄海区超慧丰贸易商行, SKU数: 22
2026-04-28 09:21:14,861 | INFO | ali1688_goods_monitor |   8. 商品ID: 849820903779, 店铺: 汕头市龙湖区熹萌喵玩具厂, SKU数: 4
2026-04-28 09:21:14,861 | INFO | ali1688_goods_monitor |   9. 商品ID: 930446969722, 店铺: 汕头市俏娃玩具有限公司, SKU数: 2
2026-04-28 09:21:14,861 | INFO | ali1688_goods_monitor |   10. 商品ID: 994237964153, 店铺: 汕头市澄海区十意玩具厂, SKU数: 14
2026-04-28 09:21:14,862 | INFO | ali1688_goods_monitor |   11. 商品ID: 993354315037, 店铺: 汕头市澄海区奥维玩具厂, SKU数: 11
2026-04-28 09:21:14,862 | INFO | ali1688_goods_monitor |   12. 商品ID: 991823064917, 店铺: 汕头市澄海区都说好玩具商行, SKU数: 8
2026-04-28 09:21:14,862 | INFO | ali1688_goods_monitor |   13. 商品ID: 997795598539, 店铺: 汕头市盛星达体育用品有限公司, SKU数: 3
2026-04-28 09:21:14,862 | INFO | ali1688_goods_monitor |   14. 商品ID: 662598267674, 店铺: 汕头市俏娃玩具有限公司, SKU数: 4
2026-04-28 09:21:14,862 | INFO | ali1688_goods_monitor |   15. 商品ID: 978651830599, 店铺: 义乌市紫戈玩具有限公司, SKU数: 2
2026-04-28 09:21:14,862 | INFO | ali1688_goods_monitor |   16. 商品ID: 692940339011, 店铺: 汕头市澄海区商裕玩具商行, SKU数: 3
2026-04-28 09:21:14,862 | INFO | ali1688_goods_monitor |   17. 商品ID: 962546716755, 店铺: 汕头市澄海区淘琪宝玩具厂, SKU数: 3
2026-04-28 09:21:14,862 | INFO | ali1688_goods_monitor |   18. 商品ID: 854253039240, 店铺: 汕头市嬉游记玩具有限公司, SKU数: 2
2026-04-28 09:21:14,862 | INFO | ali1688_goods_monitor |   19. 商品ID: 975762015590, 店铺: 汕头市澄海区小筑班五金玩具厂, SKU数: 6
2026-04-28 09:21:16,445 | INFO | ali1688_goods_monitor | 💾 第6/15批：已保存 19 个商品到数据库
2026-04-28 09:21:16,446 | INFO | ali1688_goods_monitor | ⏸️  随机暂停 3.1 秒...
2026-04-28 09:21:19,590 | INFO | ali1688_goods_monitor | 🔄 刷新页面，准备处理第 7 批...
2026-04-28 09:21:25,858 | INFO | ali1688_goods_monitor | 🔍 处理第 7/15 批，共 20 个商品
2026-04-28 09:21:25,858 | INFO | ali1688_goods_monitor | 📋 商品ID: 621865712164、847781001778、864653527961、995364912374、811638208514、952611726643、915854311158、985998626047、924140770781、986179889619、999860867159、675880303102、997359995216、991467576950、813592780236、920664381969、926941651375、847784309788、991699553836、848195784663
2026-04-28 09:21:25,858 | INFO | ali1688_goods_monitor | 🧩 选择搜索方式: 商品ID
2026-04-28 09:21:26,365 | INFO | ali1688_goods_monitor | 搜索的商品id是:621865712164、847781001778、864653527961、995364912374、811638208514、952611726643、915854311158、985998626047、924140770781、986179889619、999860867159、675880303102、997359995216、991467576950、813592780236、920664381969、926941651375、847784309788、991699553836、848195784663
2026-04-28 09:21:27,498 | INFO | ali1688_goods_monitor | ✅ 第 7 批筛选条件已设置
2026-04-28 09:21:30,507 | INFO | ali1688_goods_monitor | 开始获取商品:621865712164、847781001778、864653527961、995364912374、811638208514、952611726643、915854311158、985998626047、924140770781、986179889619、999860867159、675880303102、997359995216、991467576950、813592780236、920664381969、926941651375、847784309788、991699553836、848195784663的基本信息
2026-04-28 09:21:30,507 | INFO | ali1688_goods_monitor | ⏳ 等待点击【开始查询】并捕获 offerSearch 接口...
2026-04-28 09:21:31,311 | INFO | ali1688_goods_monitor | 商品列表返回码: 200
2026-04-28 09:21:31,311 | INFO | ali1688_goods_monitor | 🚀 开始捕获商品数据，共 19 个商品
2026-04-28 09:21:31,311 | INFO | ali1688_goods_monitor | ✅ 商品基本信息捕获完成，总耗时: 0.00秒
2026-04-28 09:21:31,312 | INFO | ali1688_goods_monitor |    - 商品数: 19
2026-04-28 09:21:31,312 | INFO | ali1688_goods_monitor | ✅ 第 7 批完成，获取到 19 个商品，0 个SKU
2026-04-28 09:21:31,312 | INFO | ali1688_goods_monitor | 📋 第 7 批商品信息:
2026-04-28 09:21:31,312 | INFO | ali1688_goods_monitor |   1. 商品ID: 848195784663, 店铺: 汕头市龙湖区熹萌喵玩具厂, SKU数: 6
2026-04-28 09:21:31,312 | INFO | ali1688_goods_monitor |   2. 商品ID: 952611726643, 店铺: 汕头市嬉游记玩具有限公司, SKU数: 2
2026-04-28 09:21:31,312 | INFO | ali1688_goods_monitor |   3. 商品ID: 621865712164, 店铺: 汕头市俏娃玩具有限公司, SKU数: 8
2026-04-28 09:21:31,312 | INFO | ali1688_goods_monitor |   4. 商品ID: 915854311158, 店铺: 汕头市龙湖区熹萌喵玩具厂, SKU数: 5
2026-04-28 09:21:31,312 | INFO | ali1688_goods_monitor |   5. 商品ID: 847781001778, 店铺: 汕头市龙湖区熹萌喵玩具厂, SKU数: 4
2026-04-28 09:21:31,312 | INFO | ali1688_goods_monitor |   6. 商品ID: 997359995216, 店铺: 汕头市盛缔歆贸易有限公司, SKU数: 4
2026-04-28 09:21:31,312 | INFO | ali1688_goods_monitor |   7. 商品ID: 985998626047, 店铺: 汕头澄海区莱鑫益益智玩具商行, SKU数: 4
2026-04-28 09:21:31,312 | INFO | ali1688_goods_monitor |   8. 商品ID: 991467576950, 店铺: 汕头市澄海区罗森丰贸易商行, SKU数: 40
2026-04-28 09:21:31,312 | INFO | ali1688_goods_monitor |   9. 商品ID: 999860867159, 店铺: 汕头市盛缔歆贸易有限公司, SKU数: 1
2026-04-28 09:21:31,312 | INFO | ali1688_goods_monitor |   10. 商品ID: 847784309788, 店铺: 汕头市龙湖区熹萌喵玩具厂, SKU数: 2
2026-04-28 09:21:31,312 | INFO | ali1688_goods_monitor |   11. 商品ID: 926941651375, 店铺: 汕头市龙湖区熹萌喵玩具厂, SKU数: 10
2026-04-28 09:21:31,312 | INFO | ali1688_goods_monitor |   12. 商品ID: 995364912374, 店铺: 义乌市绘屿电子商务商行, SKU数: 3
2026-04-28 09:21:31,312 | INFO | ali1688_goods_monitor |   13. 商品ID: 813592780236, 店铺: 汕头市嬉游记玩具有限公司, SKU数: 2
2026-04-28 09:21:31,312 | INFO | ali1688_goods_monitor |   14. 商品ID: 986179889619, 店铺: 汕头市澄海区来得玩具厂, SKU数: 3
2026-04-28 09:21:31,312 | INFO | ali1688_goods_monitor |   15. 商品ID: 924140770781, 店铺: 义乌市圣泽文化用品有限公司, SKU数: 2
2026-04-28 09:21:31,312 | INFO | ali1688_goods_monitor |   16. 商品ID: 920664381969, 店铺: 义乌市艺可玩具有限公司, SKU数: 4
2026-04-28 09:21:31,312 | INFO | ali1688_goods_monitor |   17. 商品ID: 675880303102, 店铺: 深圳巨变科技有限公司, SKU数: 1
2026-04-28 09:21:31,312 | INFO | ali1688_goods_monitor |   18. 商品ID: 811638208514, 店铺: 汕头市澄海区轮转玩具商行, SKU数: 3
2026-04-28 09:21:31,312 | INFO | ali1688_goods_monitor |   19. 商品ID: 864653527961, 店铺: 汕头市迪利嘉科技有限公司, SKU数: 1
2026-04-28 09:21:32,905 | INFO | ali1688_goods_monitor | 💾 第7/15批：已保存 19 个商品到数据库
2026-04-28 09:21:32,906 | INFO | ali1688_goods_monitor | ⏸️  随机暂停 7.0 秒...
2026-04-28 09:21:39,864 | INFO | ali1688_goods_monitor | 🔄 刷新页面，准备处理第 8 批...
2026-04-28 09:21:46,288 | INFO | ali1688_goods_monitor | 🔍 处理第 8/15 批，共 20 个商品
2026-04-28 09:21:46,288 | INFO | ali1688_goods_monitor | 📋 商品ID: 773383798724、1006668462460、917143716667、833863806015、778105306124、1000261330427、990374779412、1038894511748、678640196785、855494409051、695065852792、973730524327、969889694254、854773109889、662629659424、1001253412551、796066732390、968025059447、983142383790、918745003737
2026-04-28 09:21:46,288 | INFO | ali1688_goods_monitor | 🧩 选择搜索方式: 商品ID
2026-04-28 09:21:46,772 | INFO | ali1688_goods_monitor | 搜索的商品id是:773383798724、1006668462460、917143716667、833863806015、778105306124、1000261330427、990374779412、1038894511748、678640196785、855494409051、695065852792、973730524327、969889694254、854773109889、662629659424、1001253412551、796066732390、968025059447、983142383790、918745003737
2026-04-28 09:21:47,875 | INFO | ali1688_goods_monitor | ✅ 第 8 批筛选条件已设置
2026-04-28 09:21:50,877 | INFO | ali1688_goods_monitor | 开始获取商品:773383798724、1006668462460、917143716667、833863806015、778105306124、1000261330427、990374779412、1038894511748、678640196785、855494409051、695065852792、973730524327、969889694254、854773109889、662629659424、1001253412551、796066732390、968025059447、983142383790、918745003737的基本信息
2026-04-28 09:21:50,877 | INFO | ali1688_goods_monitor | ⏳ 等待点击【开始查询】并捕获 offerSearch 接口...
2026-04-28 09:21:51,350 | INFO | ali1688_goods_monitor | 商品列表返回码: 200
2026-04-28 09:21:51,350 | INFO | ali1688_goods_monitor | 🚀 开始捕获商品数据，共 20 个商品
2026-04-28 09:21:51,351 | INFO | ali1688_goods_monitor | ✅ 商品基本信息捕获完成，总耗时: 0.00秒
2026-04-28 09:21:51,351 | INFO | ali1688_goods_monitor |    - 商品数: 20
2026-04-28 09:21:51,351 | INFO | ali1688_goods_monitor | ✅ 第 8 批完成，获取到 20 个商品，0 个SKU
2026-04-28 09:21:51,351 | INFO | ali1688_goods_monitor | 📋 第 8 批商品信息:
2026-04-28 09:21:51,352 | INFO | ali1688_goods_monitor |   1. 商品ID: 973730524327, 店铺: 汕头市乐与拾光玩具有限公司, SKU数: 11
2026-04-28 09:21:51,352 | INFO | ali1688_goods_monitor |   2. 商品ID: 917143716667, 店铺: 汕头市龙湖区熹萌喵玩具厂, SKU数: 4
2026-04-28 09:21:51,352 | INFO | ali1688_goods_monitor |   3. 商品ID: 833863806015, 店铺: 潮州市博思玩具有限公司, SKU数: 5
2026-04-28 09:21:51,352 | INFO | ali1688_goods_monitor |   4. 商品ID: 662629659424, 店铺: 汕头市嬉游记玩具有限公司, SKU数: 4
2026-04-28 09:21:51,352 | INFO | ali1688_goods_monitor |   5. 商品ID: 678640196785, 店铺: 汕头市澄海区实琪玩具有限公司, SKU数: 8
2026-04-28 09:21:51,352 | INFO | ali1688_goods_monitor |   6. 商品ID: 778105306124, 店铺: 林粉兰, SKU数: 1
2026-04-28 09:21:51,352 | INFO | ali1688_goods_monitor |   7. 商品ID: 983142383790, 店铺: 东莞市狂蜂狂蚁科技有限公司, SKU数: None
2026-04-28 09:21:51,352 | INFO | ali1688_goods_monitor |   8. 商品ID: 990374779412, 店铺: 义乌市精卓工艺品有限公司, SKU数: 1
2026-04-28 09:21:51,352 | INFO | ali1688_goods_monitor |   9. 商品ID: 1006668462460, 店铺: 汕头市澄海区美迪电器厂(个体工商户), SKU数: 12
2026-04-28 09:21:51,352 | INFO | ali1688_goods_monitor |   10. 商品ID: 773383798724, 店铺: 汕头市澄海区优比比玩具商行, SKU数: 10
2026-04-28 09:21:51,353 | INFO | ali1688_goods_monitor |   11. 商品ID: 1038894511748, 店铺: 汕头市澄海区贝雅乐玩具商行, SKU数: 2
2026-04-28 09:21:51,353 | INFO | ali1688_goods_monitor |   12. 商品ID: 918745003737, 店铺: 深圳市栓云笙科技有限公司, SKU数: 6
2026-04-28 09:21:51,353 | INFO | ali1688_goods_monitor |   13. 商品ID: 854773109889, 店铺: 汕头市龙湖区熹萌喵玩具厂, SKU数: 1
2026-04-28 09:21:51,353 | INFO | ali1688_goods_monitor |   14. 商品ID: 1000261330427, 店铺: 汕头市盛缔歆贸易有限公司, SKU数: 1
2026-04-28 09:21:51,353 | INFO | ali1688_goods_monitor |   15. 商品ID: 796066732390, 店铺: 义乌市卡登电子商务有限公司, SKU数: 6
2026-04-28 09:21:51,353 | INFO | ali1688_goods_monitor |   16. 商品ID: 968025059447, 店铺: 汕头市澄海区骇浪玩具商行（个体工商户）, SKU数: 6
2026-04-28 09:21:51,353 | INFO | ali1688_goods_monitor |   17. 商品ID: 855494409051, 店铺: 汕头市龙湖区熹萌喵玩具厂, SKU数: 4
2026-04-28 09:21:51,353 | INFO | ali1688_goods_monitor |   18. 商品ID: 1001253412551, 店铺: 汕头市澄海区贝晟玩具厂, SKU数: 7
2026-04-28 09:21:51,353 | INFO | ali1688_goods_monitor |   19. 商品ID: 969889694254, 店铺: 深圳市惠艺美玩具有限公司, SKU数: 27
2026-04-28 09:21:51,353 | INFO | ali1688_goods_monitor |   20. 商品ID: 695065852792, 店铺: 汕头市澄海区川宇玩具厂, SKU数: 2
2026-04-28 09:21:53,009 | INFO | ali1688_goods_monitor | 💾 第8/15批：已保存 20 个商品到数据库
2026-04-28 09:21:53,010 | INFO | ali1688_goods_monitor | ⏸️  随机暂停 6.3 秒...
2026-04-28 09:21:59,308 | INFO | ali1688_goods_monitor | 🔄 刷新页面，准备处理第 9 批...
2026-04-28 09:22:05,841 | INFO | ali1688_goods_monitor | 🔍 处理第 9/15 批，共 20 个商品
2026-04-28 09:22:05,842 | INFO | ali1688_goods_monitor | 📋 商品ID: 1030894379512、1044821088055、989391144530、1039821084728、1033808877616、903214944988、909894706445、854420062122、653871136084、626387346293、984336119328、978648327291、834236928026、709904411964、847979472849、848295933948、939201456076、985101359570、900592605428、818121391220
2026-04-28 09:22:05,842 | INFO | ali1688_goods_monitor | 🧩 选择搜索方式: 商品ID
2026-04-28 09:22:06,442 | INFO | ali1688_goods_monitor | 搜索的商品id是:1030894379512、1044821088055、989391144530、1039821084728、1033808877616、903214944988、909894706445、854420062122、653871136084、626387346293、984336119328、978648327291、834236928026、709904411964、847979472849、848295933948、939201456076、985101359570、900592605428、818121391220
2026-04-28 09:22:07,522 | INFO | ali1688_goods_monitor | ✅ 第 9 批筛选条件已设置
2026-04-28 09:22:10,525 | INFO | ali1688_goods_monitor | 开始获取商品:1030894379512、1044821088055、989391144530、1039821084728、1033808877616、903214944988、909894706445、854420062122、653871136084、626387346293、984336119328、978648327291、834236928026、709904411964、847979472849、848295933948、939201456076、985101359570、900592605428、818121391220的基本信息
2026-04-28 09:22:10,526 | INFO | ali1688_goods_monitor | ⏳ 等待点击【开始查询】并捕获 offerSearch 接口...
2026-04-28 09:22:10,922 | INFO | ali1688_goods_monitor | 商品列表返回码: 200
2026-04-28 09:22:10,923 | INFO | ali1688_goods_monitor | 🚀 开始捕获商品数据，共 19 个商品
2026-04-28 09:22:10,923 | INFO | ali1688_goods_monitor | ✅ 商品基本信息捕获完成，总耗时: 0.00秒
2026-04-28 09:22:10,923 | INFO | ali1688_goods_monitor |    - 商品数: 19
2026-04-28 09:22:10,923 | INFO | ali1688_goods_monitor | ✅ 第 9 批完成，获取到 19 个商品，0 个SKU
2026-04-28 09:22:10,923 | INFO | ali1688_goods_monitor | 📋 第 9 批商品信息:
2026-04-28 09:22:10,923 | INFO | ali1688_goods_monitor |   1. 商品ID: 939201456076, 店铺: 汕头市龙湖区熹萌喵玩具厂, SKU数: 7
2026-04-28 09:22:10,923 | INFO | ali1688_goods_monitor |   2. 商品ID: 834236928026, 店铺: 深圳焦点创意电子科技发展有限公司, SKU数: 1
2026-04-28 09:22:10,923 | INFO | ali1688_goods_monitor |   3. 商品ID: 653871136084, 店铺: 汕头市未闻花名母婴用品有限公司, SKU数: 4
2026-04-28 09:22:10,923 | INFO | ali1688_goods_monitor |   4. 商品ID: 709904411964, 店铺: 宿迁市俏楚贸易有限公司, SKU数: 24
2026-04-28 09:22:10,923 | INFO | ali1688_goods_monitor |   5. 商品ID: 848295933948, 店铺: 汕头市龙湖区熹萌喵玩具厂, SKU数: 12
2026-04-28 09:22:10,923 | INFO | ali1688_goods_monitor |   6. 商品ID: 989391144530, 店铺: 汕头市澄海区罗森丰贸易商行, SKU数: 40
2026-04-28 09:22:10,923 | INFO | ali1688_goods_monitor |   7. 商品ID: 985101359570, 店铺: 义乌市栩磊电子商务商行, SKU数: 4
2026-04-28 09:22:10,923 | INFO | ali1688_goods_monitor |   8. 商品ID: 903214944988, 店铺: 汕头市澄海区汕澄批玩具商行, SKU数: 1
2026-04-28 09:22:10,923 | INFO | ali1688_goods_monitor |   9. 商品ID: 847979472849, 店铺: 汕头市龙湖区熹萌喵玩具厂, SKU数: 1
2026-04-28 09:22:10,923 | INFO | ali1688_goods_monitor |   10. 商品ID: 1033808877616, 店铺: 汕头市潮阳区贵屿偌立玩具厂(个体工商户), SKU数: 4
2026-04-28 09:22:10,923 | INFO | ali1688_goods_monitor |   11. 商品ID: 1044821088055, 店铺: 汕头市科航科技有限公司, SKU数: 2
2026-04-28 09:22:10,923 | INFO | ali1688_goods_monitor |   12. 商品ID: 1039821084728, 店铺: 义乌市怡芬日用品有限公司, SKU数: 1
2026-04-28 09:22:10,923 | INFO | ali1688_goods_monitor |   13. 商品ID: 984336119328, 店铺: 汕头市澄海区泰旭玩具厂, SKU数: 3
2026-04-28 09:22:10,923 | INFO | ali1688_goods_monitor |   14. 商品ID: 1030894379512, 店铺: 汕头市澄海区咔特姆玩具有限公司, SKU数: 20
2026-04-28 09:22:10,923 | INFO | ali1688_goods_monitor |   15. 商品ID: 900592605428, 店铺: 汕头市龙湖区熹萌喵玩具厂, SKU数: 6
2026-04-28 09:22:10,923 | INFO | ali1688_goods_monitor |   16. 商品ID: 818121391220, 店铺: 义乌市零号电子商务商行, SKU数: 4
2026-04-28 09:22:10,923 | INFO | ali1688_goods_monitor |   17. 商品ID: 854420062122, 店铺: 汕头市龙湖区熹萌喵玩具厂, SKU数: 12
2026-04-28 09:22:10,923 | INFO | ali1688_goods_monitor |   18. 商品ID: 909894706445, 店铺: 汕头市澄海区越来越聪明玩具厂, SKU数: 22
2026-04-28 09:22:10,923 | INFO | ali1688_goods_monitor |   19. 商品ID: 626387346293, 店铺: 汕头市嬉游记玩具有限公司, SKU数: 10
2026-04-28 09:22:12,507 | INFO | ali1688_goods_monitor | 💾 第9/15批：已保存 19 个商品到数据库
2026-04-28 09:22:12,507 | INFO | ali1688_goods_monitor | ⏸️  随机暂停 5.7 秒...
2026-04-28 09:22:18,216 | INFO | ali1688_goods_monitor | 🔄 刷新页面，准备处理第 10 批...
2026-04-28 09:22:24,273 | INFO | ali1688_goods_monitor | 🔍 处理第 10/15 批，共 20 个商品
2026-04-28 09:22:24,274 | INFO | ali1688_goods_monitor | 📋 商品ID: 668301084321、716733322460、955211708273、1014684104535、985879832920、847713406081、997742353743、906941705446、975402784788、992713938362、998016077358、676772683627、991759687233、987237412445、847713406078、675557812438、946133528766、661664097697、987732400816、724154127228
2026-04-28 09:22:24,275 | INFO | ali1688_goods_monitor | 🧩 选择搜索方式: 商品ID
2026-04-28 09:22:24,783 | INFO | ali1688_goods_monitor | 搜索的商品id是:668301084321、716733322460、955211708273、1014684104535、985879832920、847713406081、997742353743、906941705446、975402784788、992713938362、998016077358、676772683627、991759687233、987237412445、847713406078、675557812438、946133528766、661664097697、987732400816、724154127228
2026-04-28 09:22:25,874 | INFO | ali1688_goods_monitor | ✅ 第 10 批筛选条件已设置
2026-04-28 09:22:28,877 | INFO | ali1688_goods_monitor | 开始获取商品:668301084321、716733322460、955211708273、1014684104535、985879832920、847713406081、997742353743、906941705446、975402784788、992713938362、998016077358、676772683627、991759687233、987237412445、847713406078、675557812438、946133528766、661664097697、987732400816、724154127228的基本信息
2026-04-28 09:22:28,877 | INFO | ali1688_goods_monitor | ⏳ 等待点击【开始查询】并捕获 offerSearch 接口...
2026-04-28 09:22:29,312 | INFO | ali1688_goods_monitor | 商品列表返回码: 200
2026-04-28 09:22:29,312 | INFO | ali1688_goods_monitor | 🚀 开始捕获商品数据，共 19 个商品
2026-04-28 09:22:29,312 | INFO | ali1688_goods_monitor | ✅ 商品基本信息捕获完成，总耗时: 0.00秒
2026-04-28 09:22:29,312 | INFO | ali1688_goods_monitor |    - 商品数: 19
2026-04-28 09:22:29,312 | INFO | ali1688_goods_monitor | ✅ 第 10 批完成，获取到 19 个商品，0 个SKU
2026-04-28 09:22:29,312 | INFO | ali1688_goods_monitor | 📋 第 10 批商品信息:
2026-04-28 09:22:29,312 | INFO | ali1688_goods_monitor |   1. 商品ID: 847713406078, 店铺: 汕头市龙湖区熹萌喵玩具厂, SKU数: 1
2026-04-28 09:22:29,312 | INFO | ali1688_goods_monitor |   2. 商品ID: 675557812438, 店铺: 汕头市澄海区蛋宝玩具厂, SKU数: 1
2026-04-28 09:22:29,312 | INFO | ali1688_goods_monitor |   3. 商品ID: 724154127228, 店铺: 汕头市澄海区川宇玩具厂, SKU数: 6
2026-04-28 09:22:29,312 | INFO | ali1688_goods_monitor |   4. 商品ID: 906941705446, 店铺: 义乌市双彩供应链有限公司, SKU数: 2
2026-04-28 09:22:29,313 | INFO | ali1688_goods_monitor |   5. 商品ID: 668301084321, 店铺: 深圳市铂瑞斯贸易有限公司, SKU数: 5
2026-04-28 09:22:29,313 | INFO | ali1688_goods_monitor |   6. 商品ID: 991759687233, 店铺: 义乌市昭旭日用百货有限公司, SKU数: 6
2026-04-28 09:22:29,313 | INFO | ali1688_goods_monitor |   7. 商品ID: 716733322460, 店铺: 汕头市澄海区童萌趣玩具贸易商行, SKU数: 8
2026-04-28 09:22:29,313 | INFO | ali1688_goods_monitor |   8. 商品ID: 1014684104535, 店铺: 汕头市澄海区曼波波玩具厂（个体工商户）, SKU数: 15
2026-04-28 09:22:29,313 | INFO | ali1688_goods_monitor |   9. 商品ID: 987732400816, 店铺: 汕头市澄海区新润洋玩具厂, SKU数: 1
2026-04-28 09:22:29,313 | INFO | ali1688_goods_monitor |   10. 商品ID: 847713406081, 店铺: 汕头市龙湖区熹萌喵玩具厂, SKU数: 1
2026-04-28 09:22:29,313 | INFO | ali1688_goods_monitor |   11. 商品ID: 992713938362, 店铺: 深圳市品艺玩具有限公司, SKU数: 4
2026-04-28 09:22:29,313 | INFO | ali1688_goods_monitor |   12. 商品ID: 955211708273, 店铺: 汕头市澄海区多美仕玩具厂, SKU数: 23
2026-04-28 09:22:29,313 | INFO | ali1688_goods_monitor |   13. 商品ID: 946133528766, 店铺: 汕头市澄海区陶境玩具有限公司, SKU数: 4
2026-04-28 09:22:29,313 | INFO | ali1688_goods_monitor |   14. 商品ID: 998016077358, 店铺: 汕头市创爱旺科技有限公司, SKU数: 3
2026-04-28 09:22:29,313 | INFO | ali1688_goods_monitor |   15. 商品ID: 661664097697, 店铺: 汕头市俏娃玩具有限公司, SKU数: 2
2026-04-28 09:22:29,313 | INFO | ali1688_goods_monitor |   16. 商品ID: 676772683627, 店铺: 汕头市俏娃玩具有限公司, SKU数: 5
2026-04-28 09:22:29,313 | INFO | ali1688_goods_monitor |   17. 商品ID: 985879832920, 店铺: 汕头市龙湖区熹萌喵玩具厂, SKU数: 4
2026-04-28 09:22:29,313 | INFO | ali1688_goods_monitor |   18. 商品ID: 997742353743, 店铺: 义乌市胤潭电子商务商行, SKU数: 3
2026-04-28 09:22:29,313 | INFO | ali1688_goods_monitor |   19. 商品ID: 987237412445, 店铺: 汕头市澄海区童乐玩玩具厂, SKU数: 20
2026-04-28 09:22:30,892 | INFO | ali1688_goods_monitor | 💾 第10/15批：已保存 19 个商品到数据库
2026-04-28 09:22:30,893 | INFO | ali1688_goods_monitor | ⏸️  随机暂停 3.7 秒...
2026-04-28 09:22:34,582 | INFO | ali1688_goods_monitor | 🔄 刷新页面，准备处理第 11 批...
2026-04-28 09:22:40,812 | INFO | ali1688_goods_monitor | 🔍 处理第 11/15 批，共 20 个商品
2026-04-28 09:22:40,813 | INFO | ali1688_goods_monitor | 📋 商品ID: 672751050822、972523284067、661514670948、903149142386、686348979544、942621028118、678110916347、951586784136、538297571141、670793076081、994715362159、969387993044、910382293640、986633373239、1027381048230、683872677220、1031769907868、990976789985、858770936676、646729482472
2026-04-28 09:22:40,813 | INFO | ali1688_goods_monitor | 🧩 选择搜索方式: 商品ID
2026-04-28 09:22:41,302 | INFO | ali1688_goods_monitor | 搜索的商品id是:672751050822、972523284067、661514670948、903149142386、686348979544、942621028118、678110916347、951586784136、538297571141、670793076081、994715362159、969387993044、910382293640、986633373239、1027381048230、683872677220、1031769907868、990976789985、858770936676、646729482472
2026-04-28 09:22:42,446 | INFO | ali1688_goods_monitor | ✅ 第 11 批筛选条件已设置
2026-04-28 09:22:45,458 | INFO | ali1688_goods_monitor | 开始获取商品:672751050822、972523284067、661514670948、903149142386、686348979544、942621028118、678110916347、951586784136、538297571141、670793076081、994715362159、969387993044、910382293640、986633373239、1027381048230、683872677220、1031769907868、990976789985、858770936676、646729482472的基本信息
2026-04-28 09:22:45,458 | INFO | ali1688_goods_monitor | ⏳ 等待点击【开始查询】并捕获 offerSearch 接口...
2026-04-28 09:22:46,027 | INFO | ali1688_goods_monitor | 商品列表返回码: 200
2026-04-28 09:22:46,027 | INFO | ali1688_goods_monitor | 🚀 开始捕获商品数据，共 20 个商品
2026-04-28 09:22:46,027 | INFO | ali1688_goods_monitor | ✅ 商品基本信息捕获完成，总耗时: 0.00秒
2026-04-28 09:22:46,027 | INFO | ali1688_goods_monitor |    - 商品数: 20
2026-04-28 09:22:46,027 | INFO | ali1688_goods_monitor | ✅ 第 11 批完成，获取到 20 个商品，0 个SKU
2026-04-28 09:22:46,027 | INFO | ali1688_goods_monitor | 📋 第 11 批商品信息:
2026-04-28 09:22:46,027 | INFO | ali1688_goods_monitor |   1. 商品ID: 942621028118, 店铺: 汕头市澄海区孩艺宝玩具厂, SKU数: 20
2026-04-28 09:22:46,027 | INFO | ali1688_goods_monitor |   2. 商品ID: 972523284067, 店铺: 汕头市澄海区华美乐玩具厂, SKU数: 1
2026-04-28 09:22:46,027 | INFO | ali1688_goods_monitor |   3. 商品ID: 951586784136, 店铺: 汕头市澄海区悦优佳玩具厂, SKU数: 34
2026-04-28 09:22:46,027 | INFO | ali1688_goods_monitor |   4. 商品ID: 670793076081, 店铺: 汕头市澄海区实琪玩具有限公司, SKU数: 12
2026-04-28 09:22:46,027 | INFO | ali1688_goods_monitor |   5. 商品ID: 683872677220, 店铺: 汕头市俏娃玩具有限公司, SKU数: 3
2026-04-28 09:22:46,027 | INFO | ali1688_goods_monitor |   6. 商品ID: 686348979544, 店铺: 汕头市澄海区做妮物玩具厂, SKU数: 1
2026-04-28 09:22:46,027 | INFO | ali1688_goods_monitor |   7. 商品ID: 1027381048230, 店铺: 深圳市智其峰科技有限公司, SKU数: 36
2026-04-28 09:22:46,027 | INFO | ali1688_goods_monitor |   8. 商品ID: 990976789985, 店铺: 汕头市澄海区超慧丰贸易商行, SKU数: 16
2026-04-28 09:22:46,027 | INFO | ali1688_goods_monitor |   9. 商品ID: 994715362159, 店铺: 汕头市澄海区臻棒玩具厂, SKU数: 14
2026-04-28 09:22:46,027 | INFO | ali1688_goods_monitor |   10. 商品ID: 672751050822, 店铺: 汕头市澄海区高美玩具厂, SKU数: 3
2026-04-28 09:22:46,027 | INFO | ali1688_goods_monitor |   11. 商品ID: 1031769907868, 店铺: 汕头市龙湖区莱之趣玩具商行（个体工商户）, SKU数: 6
2026-04-28 09:22:46,027 | INFO | ali1688_goods_monitor |   12. 商品ID: 678110916347, 店铺: 汕头市澄海区丰乐多玩具厂, SKU数: 9
2026-04-28 09:22:46,027 | INFO | ali1688_goods_monitor |   13. 商品ID: 903149142386, 店铺: 汕头市龙湖区熹萌喵玩具厂, SKU数: 4
2026-04-28 09:22:46,027 | INFO | ali1688_goods_monitor |   14. 商品ID: 858770936676, 店铺: 义乌市星愿电子商务有限公司, SKU数: 2
2026-04-28 09:22:46,027 | INFO | ali1688_goods_monitor |   15. 商品ID: 910382293640, 店铺: 汕头市澄海区越来越聪明玩具厂, SKU数: 22
2026-04-28 09:22:46,027 | INFO | ali1688_goods_monitor |   16. 商品ID: 646729482472, 店铺: 汕头市澄海区创羽玩具贸易商行, SKU数: 6
2026-04-28 09:22:46,028 | INFO | ali1688_goods_monitor |   17. 商品ID: 986633373239, 店铺: 汕头市嬉游记玩具有限公司, SKU数: 11
2026-04-28 09:22:46,028 | INFO | ali1688_goods_monitor |   18. 商品ID: 538297571141, 店铺: 深圳灿煜玩具有限公司, SKU数: 6
2026-04-28 09:22:46,028 | INFO | ali1688_goods_monitor |   19. 商品ID: 661514670948, 店铺: 汕头市嬉游记玩具有限公司, SKU数: 9
2026-04-28 09:22:46,028 | INFO | ali1688_goods_monitor |   20. 商品ID: 969387993044, 店铺: 汕头市澄海区芽比玩具商行, SKU数: 20
2026-04-28 09:22:47,692 | INFO | ali1688_goods_monitor | 💾 第11/15批：已保存 20 个商品到数据库
2026-04-28 09:22:47,693 | INFO | ali1688_goods_monitor | ⏸️  随机暂停 5.9 秒...
2026-04-28 09:22:53,598 | INFO | ali1688_goods_monitor | 🔄 刷新页面，准备处理第 12 批...
2026-04-28 09:22:59,677 | INFO | ali1688_goods_monitor | 🔍 处理第 12/15 批，共 20 个商品
2026-04-28 09:22:59,677 | INFO | ali1688_goods_monitor | 📋 商品ID: 917025701974、854168645121、990260832462、992882388093、978968804889、848415574468、900563388108、895042686618、734736330484、985898832914、847993548322、1013917249205、1033404841463、1035850540780、992863648563、973255115593、643044757475、897059922290、973247771787、629652629026
2026-04-28 09:22:59,677 | INFO | ali1688_goods_monitor | 🧩 选择搜索方式: 商品ID
2026-04-28 09:23:00,129 | INFO | ali1688_goods_monitor | 搜索的商品id是:917025701974、854168645121、990260832462、992882388093、978968804889、848415574468、900563388108、895042686618、734736330484、985898832914、847993548322、1013917249205、1033404841463、1035850540780、992863648563、973255115593、643044757475、897059922290、973247771787、629652629026
2026-04-28 09:23:01,215 | INFO | ali1688_goods_monitor | ✅ 第 12 批筛选条件已设置
2026-04-28 09:23:04,215 | INFO | ali1688_goods_monitor | 开始获取商品:917025701974、854168645121、990260832462、992882388093、978968804889、848415574468、900563388108、895042686618、734736330484、985898832914、847993548322、1013917249205、1033404841463、1035850540780、992863648563、973255115593、643044757475、897059922290、973247771787、629652629026的基本信息
2026-04-28 09:23:04,215 | INFO | ali1688_goods_monitor | ⏳ 等待点击【开始查询】并捕获 offerSearch 接口...
2026-04-28 09:23:04,550 | INFO | ali1688_goods_monitor | 商品列表返回码: 200
2026-04-28 09:23:04,551 | INFO | ali1688_goods_monitor | 🚀 开始捕获商品数据，共 19 个商品
2026-04-28 09:23:04,551 | INFO | ali1688_goods_monitor | ✅ 商品基本信息捕获完成，总耗时: 0.00秒
2026-04-28 09:23:04,551 | INFO | ali1688_goods_monitor |    - 商品数: 19
2026-04-28 09:23:04,551 | INFO | ali1688_goods_monitor | ✅ 第 12 批完成，获取到 19 个商品，0 个SKU
2026-04-28 09:23:04,551 | INFO | ali1688_goods_monitor | 📋 第 12 批商品信息:
2026-04-28 09:23:04,551 | INFO | ali1688_goods_monitor |   1. 商品ID: 734736330484, 店铺: 汕头市澄海区悦优佳玩具厂, SKU数: None
2026-04-28 09:23:04,551 | INFO | ali1688_goods_monitor |   2. 商品ID: 900563388108, 店铺: 汕头市澄海区孩艺宝玩具厂, SKU数: 12
2026-04-28 09:23:04,551 | INFO | ali1688_goods_monitor |   3. 商品ID: 973255115593, 店铺: 汕头市澄海区悦优佳玩具厂, SKU数: 36
2026-04-28 09:23:04,551 | INFO | ali1688_goods_monitor |   4. 商品ID: 973247771787, 店铺: 汕头市澄海区萃婴乐玩具厂, SKU数: 2
2026-04-28 09:23:04,551 | INFO | ali1688_goods_monitor |   5. 商品ID: 629652629026, 店铺: 汕头市嬉游记玩具有限公司, SKU数: 5
2026-04-28 09:23:04,551 | INFO | ali1688_goods_monitor |   6. 商品ID: 847993548322, 店铺: 汕头市龙湖区熹萌喵玩具厂, SKU数: 3
2026-04-28 09:23:04,551 | INFO | ali1688_goods_monitor |   7. 商品ID: 1035850540780, 店铺: 汕头市澄海区盛艺兴玩具厂, SKU数: 8
2026-04-28 09:23:04,551 | INFO | ali1688_goods_monitor |   8. 商品ID: 978968804889, 店铺: 汕头市澄海区境趣玩具商行, SKU数: 1
2026-04-28 09:23:04,551 | INFO | ali1688_goods_monitor |   9. 商品ID: 1013917249205, 店铺: 广东佰思玩具有限公司, SKU数: 5
2026-04-28 09:23:04,551 | INFO | ali1688_goods_monitor |   10. 商品ID: 895042686618, 店铺: 汕头市龙湖区熹萌喵玩具厂, SKU数: 2
2026-04-28 09:23:04,551 | INFO | ali1688_goods_monitor |   11. 商品ID: 848415574468, 店铺: 汕头市龙湖区熹萌喵玩具厂, SKU数: 1
2026-04-28 09:23:04,551 | INFO | ali1688_goods_monitor |   12. 商品ID: 992863648563, 店铺: 汕头市澄海区贝趣星玩具厂, SKU数: 11
2026-04-28 09:23:04,551 | INFO | ali1688_goods_monitor |   13. 商品ID: 1033404841463, 店铺: 汕头市龙湖区莱之趣玩具商行（个体工商户）, SKU数: 4
2026-04-28 09:23:04,552 | INFO | ali1688_goods_monitor |   14. 商品ID: 897059922290, 店铺: 1688选品中心官方供应链, SKU数: 5
2026-04-28 09:23:04,552 | INFO | ali1688_goods_monitor |   15. 商品ID: 643044757475, 店铺: 汕头市稳住别浪玩具科技有限公司, SKU数: 41
2026-04-28 09:23:04,552 | INFO | ali1688_goods_monitor |   16. 商品ID: 990260832462, 店铺: 汕头市澄海区嘉贝施玩具商行, SKU数: 3
2026-04-28 09:23:04,552 | INFO | ali1688_goods_monitor |   17. 商品ID: 992882388093, 店铺: 义乌市岚发贸易有限公司, SKU数: 3
2026-04-28 09:23:04,552 | INFO | ali1688_goods_monitor |   18. 商品ID: 854168645121, 店铺: 汕头市俏娃玩具有限公司, SKU数: 3
2026-04-28 09:23:04,552 | INFO | ali1688_goods_monitor |   19. 商品ID: 917025701974, 店铺: 汕头市澄海区佳允玩具厂, SKU数: 8
2026-04-28 09:23:06,119 | INFO | ali1688_goods_monitor | 💾 第12/15批：已保存 19 个商品到数据库
2026-04-28 09:23:06,119 | INFO | ali1688_goods_monitor | ⏸️  随机暂停 6.9 秒...
2026-04-28 09:23:12,974 | INFO | ali1688_goods_monitor | 🔄 刷新页面，准备处理第 13 批...
2026-04-28 09:23:19,121 | INFO | ali1688_goods_monitor | 🔍 处理第 13/15 批，共 20 个商品
2026-04-28 09:23:19,121 | INFO | ali1688_goods_monitor | 📋 商品ID: 984991416938、960725525521、1028239295024、634658078975、757454263904、728912992880、1042257580719、1001279554121、726064645781、795861191445、727364044091、894449366946、809233523760、990425215638、970781028572、929103621035、658391484708、990589043915、1031855101004、687729432138
2026-04-28 09:23:19,121 | INFO | ali1688_goods_monitor | 🧩 选择搜索方式: 商品ID
2026-04-28 09:23:19,576 | INFO | ali1688_goods_monitor | 搜索的商品id是:984991416938、960725525521、1028239295024、634658078975、757454263904、728912992880、1042257580719、1001279554121、726064645781、795861191445、727364044091、894449366946、809233523760、990425215638、970781028572、929103621035、658391484708、990589043915、1031855101004、687729432138
2026-04-28 09:23:20,699 | INFO | ali1688_goods_monitor | ✅ 第 13 批筛选条件已设置
2026-04-28 09:23:23,711 | INFO | ali1688_goods_monitor | 开始获取商品:984991416938、960725525521、1028239295024、634658078975、757454263904、728912992880、1042257580719、1001279554121、726064645781、795861191445、727364044091、894449366946、809233523760、990425215638、970781028572、929103621035、658391484708、990589043915、1031855101004、687729432138的基本信息
2026-04-28 09:23:23,711 | INFO | ali1688_goods_monitor | ⏳ 等待点击【开始查询】并捕获 offerSearch 接口...
2026-04-28 09:23:24,244 | INFO | ali1688_goods_monitor | 商品列表返回码: 200
2026-04-28 09:23:24,245 | INFO | ali1688_goods_monitor | 🚀 开始捕获商品数据，共 20 个商品
2026-04-28 09:23:24,245 | INFO | ali1688_goods_monitor | ✅ 商品基本信息捕获完成，总耗时: 0.00秒
2026-04-28 09:23:24,245 | INFO | ali1688_goods_monitor |    - 商品数: 20
2026-04-28 09:23:24,245 | INFO | ali1688_goods_monitor | ✅ 第 13 批完成，获取到 20 个商品，0 个SKU
2026-04-28 09:23:24,245 | INFO | ali1688_goods_monitor | 📋 第 13 批商品信息:
2026-04-28 09:23:24,245 | INFO | ali1688_goods_monitor |   1. 商品ID: 1028239295024, 店铺: 汕头市澄海区东原玩具厂, SKU数: 1
2026-04-28 09:23:24,245 | INFO | ali1688_goods_monitor |   2. 商品ID: 1031855101004, 店铺: 汕头市澄海区尤纳兴玩具商行, SKU数: 7
2026-04-28 09:23:24,245 | INFO | ali1688_goods_monitor |   3. 商品ID: 726064645781, 店铺: 汕头市澄海区奕欣玩具有限公司, SKU数: 6
2026-04-28 09:23:24,245 | INFO | ali1688_goods_monitor |   4. 商品ID: 1042257580719, 店铺: 汕头市澄海区亿立玩具商行, SKU数: 3
2026-04-28 09:23:24,245 | INFO | ali1688_goods_monitor |   5. 商品ID: 728912992880, 店铺: 汕头市澄海区泓趣欢玩具厂, SKU数: 24
2026-04-28 09:23:24,245 | INFO | ali1688_goods_monitor |   6. 商品ID: 687729432138, 店铺: 深圳巨变科技有限公司, SKU数: 1
2026-04-28 09:23:24,245 | INFO | ali1688_goods_monitor |   7. 商品ID: 1001279554121, 店铺: 汕头市澄海区金宝欢玩具商行, SKU数: 4
2026-04-28 09:23:24,245 | INFO | ali1688_goods_monitor |   8. 商品ID: 960725525521, 店铺: 汕头市龙湖区熹萌喵玩具厂, SKU数: 10
2026-04-28 09:23:24,245 | INFO | ali1688_goods_monitor |   9. 商品ID: 929103621035, 店铺: 汕头市鹿禾科教文化有限公司, SKU数: 6
2026-04-28 09:23:24,245 | INFO | ali1688_goods_monitor |   10. 商品ID: 990425215638, 店铺: 汕头市澄海区汇熙宝玩具厂, SKU数: 5
2026-04-28 09:23:24,245 | INFO | ali1688_goods_monitor |   11. 商品ID: 757454263904, 店铺: 汕头市恩游兔玩具有限公司, SKU数: 1
2026-04-28 09:23:24,245 | INFO | ali1688_goods_monitor |   12. 商品ID: 809233523760, 店铺: 汕头市澄海区小筑班五金玩具厂, SKU数: 1
2026-04-28 09:23:24,245 | INFO | ali1688_goods_monitor |   13. 商品ID: 658391484708, 店铺: 汕头市澄海区柏嘉盛玩具商行, SKU数: 12
2026-04-28 09:23:24,245 | INFO | ali1688_goods_monitor |   14. 商品ID: 894449366946, 店铺: 汕头市澄海区雅尚腾玩具厂(个体工商户), SKU数: 30
2026-04-28 09:23:24,245 | INFO | ali1688_goods_monitor |   15. 商品ID: 990589043915, 店铺: 义乌市辰秘科技有限公司, SKU数: 1
2026-04-28 09:23:24,245 | INFO | ali1688_goods_monitor |   16. 商品ID: 984991416938, 店铺: 汕头市龙湖区熹萌喵玩具厂, SKU数: 6
2026-04-28 09:23:24,245 | INFO | ali1688_goods_monitor |   17. 商品ID: 634658078975, 店铺: 汕头市嬉游记玩具有限公司, SKU数: 16
2026-04-28 09:23:24,245 | INFO | ali1688_goods_monitor |   18. 商品ID: 970781028572, 店铺: 汕头市俏娃玩具有限公司, SKU数: 1
2026-04-28 09:23:24,245 | INFO | ali1688_goods_monitor |   19. 商品ID: 727364044091, 店铺: 汕头市澄海区实琪玩具有限公司, SKU数: 7
2026-04-28 09:23:24,245 | INFO | ali1688_goods_monitor |   20. 商品ID: 795861191445, 店铺: 义乌市卡登电子商务有限公司, SKU数: 6
2026-04-28 09:23:25,929 | INFO | ali1688_goods_monitor | 💾 第13/15批：已保存 20 个商品到数据库
2026-04-28 09:23:25,930 | INFO | ali1688_goods_monitor | ⏸️  随机暂停 3.0 秒...
2026-04-28 09:23:28,951 | INFO | ali1688_goods_monitor | 🔄 刷新页面，准备处理第 14 批...
2026-04-28 09:23:35,422 | INFO | ali1688_goods_monitor | 🔍 处理第 14/15 批，共 20 个商品
2026-04-28 09:23:35,422 | INFO | ali1688_goods_monitor | 📋 商品ID: 858007859516、1024421346400、1044625628513、1001391447719、728364497329、952896839032、622513415473、974035321584、847969236799、969646541226、751554304142、863983065199、775392792723、857784361057、734549030910、713699292120、750175006113、927867865604、621194315291、954152497198
2026-04-28 09:23:35,422 | INFO | ali1688_goods_monitor | 🧩 选择搜索方式: 商品ID
2026-04-28 09:23:35,946 | INFO | ali1688_goods_monitor | 搜索的商品id是:858007859516、1024421346400、1044625628513、1001391447719、728364497329、952896839032、622513415473、974035321584、847969236799、969646541226、751554304142、863983065199、775392792723、857784361057、734549030910、713699292120、750175006113、927867865604、621194315291、954152497198
2026-04-28 09:23:37,035 | INFO | ali1688_goods_monitor | ✅ 第 14 批筛选条件已设置
2026-04-28 09:23:40,038 | INFO | ali1688_goods_monitor | 开始获取商品:858007859516、1024421346400、1044625628513、1001391447719、728364497329、952896839032、622513415473、974035321584、847969236799、969646541226、751554304142、863983065199、775392792723、857784361057、734549030910、713699292120、750175006113、927867865604、621194315291、954152497198的基本信息
2026-04-28 09:23:40,039 | INFO | ali1688_goods_monitor | ⏳ 等待点击【开始查询】并捕获 offerSearch 接口...
2026-04-28 09:23:40,478 | INFO | ali1688_goods_monitor | 商品列表返回码: 200
2026-04-28 09:23:40,479 | INFO | ali1688_goods_monitor | 🚀 开始捕获商品数据，共 20 个商品
2026-04-28 09:23:40,479 | INFO | ali1688_goods_monitor | ✅ 商品基本信息捕获完成，总耗时: 0.00秒
2026-04-28 09:23:40,479 | INFO | ali1688_goods_monitor |    - 商品数: 20
2026-04-28 09:23:40,479 | INFO | ali1688_goods_monitor | ✅ 第 14 批完成，获取到 20 个商品，0 个SKU
2026-04-28 09:23:40,479 | INFO | ali1688_goods_monitor | 📋 第 14 批商品信息:
2026-04-28 09:23:40,479 | INFO | ali1688_goods_monitor |   1. 商品ID: 775392792723, 店铺: 汕头市澄海区方米狸玩具厂, SKU数: 25
2026-04-28 09:23:40,479 | INFO | ali1688_goods_monitor |   2. 商品ID: 734549030910, 店铺: 汕头市澄海区萃婴乐玩具厂, SKU数: 14
2026-04-28 09:23:40,479 | INFO | ali1688_goods_monitor |   3. 商品ID: 863983065199, 店铺: 汕头澄海区启迪恩玩具商行, SKU数: 1
2026-04-28 09:23:40,479 | INFO | ali1688_goods_monitor |   4. 商品ID: 713699292120, 店铺: 汕头市正鹰科教玩具有限公司, SKU数: 9
2026-04-28 09:23:40,479 | INFO | ali1688_goods_monitor |   5. 商品ID: 974035321584, 店铺: 汕头市澄海区聚诚乐玩具厂, SKU数: 5
2026-04-28 09:23:40,479 | INFO | ali1688_goods_monitor |   6. 商品ID: 1001391447719, 店铺: 汕头市才佳玩具有限公司, SKU数: 2
2026-04-28 09:23:40,479 | INFO | ali1688_goods_monitor |   7. 商品ID: 751554304142, 店铺: 汕头市嬉游记玩具有限公司, SKU数: 2
2026-04-28 09:23:40,479 | INFO | ali1688_goods_monitor |   8. 商品ID: 857784361057, 店铺: 汕头市龙湖区熹萌喵玩具厂, SKU数: 4
2026-04-28 09:23:40,479 | INFO | ali1688_goods_monitor |   9. 商品ID: 969646541226, 店铺: 汕头市澄海区奋星玩具商行, SKU数: 11
2026-04-28 09:23:40,479 | INFO | ali1688_goods_monitor |   10. 商品ID: 954152497198, 店铺: 汕头市乐享贝比贸易有限公司, SKU数: 6
2026-04-28 09:23:40,479 | INFO | ali1688_goods_monitor |   11. 商品ID: 750175006113, 店铺: 汕头市澄海区轮转玩具商行, SKU数: 1
2026-04-28 09:23:40,479 | INFO | ali1688_goods_monitor |   12. 商品ID: 622513415473, 店铺: 汕头市嬉游记玩具有限公司, SKU数: 4
2026-04-28 09:23:40,479 | INFO | ali1688_goods_monitor |   13. 商品ID: 847969236799, 店铺: 汕头市龙湖区熹萌喵玩具厂, SKU数: 13
2026-04-28 09:23:40,479 | INFO | ali1688_goods_monitor |   14. 商品ID: 728364497329, 店铺: 广东佰思玩具有限公司, SKU数: 5
2026-04-28 09:23:40,479 | INFO | ali1688_goods_monitor |   15. 商品ID: 927867865604, 店铺: 汕头市龙湖区熹萌喵玩具厂, SKU数: 18
2026-04-28 09:23:40,479 | INFO | ali1688_goods_monitor |   16. 商品ID: 858007859516, 店铺: 义乌市登妹品牌管理有限公司, SKU数: 2
2026-04-28 09:23:40,479 | INFO | ali1688_goods_monitor |   17. 商品ID: 1024421346400, 店铺: 深圳市金贝合科技有限公司, SKU数: 2
2026-04-28 09:23:40,479 | INFO | ali1688_goods_monitor |   18. 商品ID: 621194315291, 店铺: 深圳市纵新电子科技有限公司, SKU数: 4
2026-04-28 09:23:40,479 | INFO | ali1688_goods_monitor |   19. 商品ID: 952896839032, 店铺: 汕头市俏娃玩具有限公司, SKU数: 3
2026-04-28 09:23:40,479 | INFO | ali1688_goods_monitor |   20. 商品ID: 1044625628513, 店铺: 汕头市澄海区玩美玩具厂, SKU数: 2
2026-04-28 09:23:42,141 | INFO | ali1688_goods_monitor | 💾 第14/15批：已保存 20 个商品到数据库
2026-04-28 09:23:42,142 | INFO | ali1688_goods_monitor | ⏸️  随机暂停 6.0 秒...
2026-04-28 09:23:48,114 | INFO | ali1688_goods_monitor | 🔄 刷新页面，准备处理第 15 批...
2026-04-28 09:23:54,299 | INFO | ali1688_goods_monitor | 🔍 处理第 15/15 批，共 5 个商品
2026-04-28 09:23:54,299 | INFO | ali1688_goods_monitor | 📋 商品ID: 854259763574、982635289066、999695394272、947764418500、963819028092
2026-04-28 09:23:54,299 | INFO | ali1688_goods_monitor | 🧩 选择搜索方式: 商品ID
2026-04-28 09:23:54,770 | INFO | ali1688_goods_monitor | 搜索的商品id是:854259763574、982635289066、999695394272、947764418500、963819028092
2026-04-28 09:23:55,924 | INFO | ali1688_goods_monitor | ✅ 第 15 批筛选条件已设置
2026-04-28 09:23:58,934 | INFO | ali1688_goods_monitor | 开始获取商品:854259763574、982635289066、999695394272、947764418500、963819028092的基本信息
2026-04-28 09:23:58,935 | INFO | ali1688_goods_monitor | ⏳ 等待点击【开始查询】并捕获 offerSearch 接口...
2026-04-28 09:23:59,255 | INFO | ali1688_goods_monitor | 商品列表返回码: 200
2026-04-28 09:23:59,255 | INFO | ali1688_goods_monitor | 🚀 开始捕获商品数据，共 5 个商品
2026-04-28 09:23:59,255 | INFO | ali1688_goods_monitor | ✅ 商品基本信息捕获完成，总耗时: 0.00秒
2026-04-28 09:23:59,255 | INFO | ali1688_goods_monitor |    - 商品数: 5
2026-04-28 09:23:59,256 | INFO | ali1688_goods_monitor | ✅ 第 15 批完成，获取到 5 个商品，0 个SKU
2026-04-28 09:23:59,256 | INFO | ali1688_goods_monitor | 📋 第 15 批商品信息:
2026-04-28 09:23:59,256 | INFO | ali1688_goods_monitor |   1. 商品ID: 999695394272, 店铺: 义乌市大愚玩具有限公司, SKU数: 5
2026-04-28 09:23:59,256 | INFO | ali1688_goods_monitor |   2. 商品ID: 854259763574, 店铺: 汕头市龙湖区熹萌喵玩具厂, SKU数: 1
2026-04-28 09:23:59,256 | INFO | ali1688_goods_monitor |   3. 商品ID: 982635289066, 店铺: 汕头市创爱旺科技有限公司, SKU数: 26
2026-04-28 09:23:59,256 | INFO | ali1688_goods_monitor |   4. 商品ID: 947764418500, 店铺: 杜恒广, SKU数: 1
2026-04-28 09:23:59,256 | INFO | ali1688_goods_monitor |   5. 商品ID: 963819028092, 店铺: 汕头市龙湖区熹萌喵玩具厂, SKU数: 2
2026-04-28 09:23:59,674 | INFO | ali1688_goods_monitor | 💾 第15/15批：已保存 5 个商品到数据库
2026-04-28 09:23:59,674 | INFO | ali1688_goods_monitor | 🎉 第一阶段完成，共获取 279 个商品基本信息
2026-04-28 09:23:59,674 | INFO | ali1688_goods_monitor | ============================================================
2026-04-28 09:23:59,674 | INFO | ali1688_goods_monitor | 📊 第二阶段：获取SKU信息
2026-04-28 09:23:59,674 | INFO | ali1688_goods_monitor | ============================================================
2026-04-28 09:23:59,675 | INFO | ali1688_goods_monitor | 🔍 准备获取 279 个商品的SKU信息...
2026-04-28 09:23:59,675 | INFO | ali1688_goods_monitor | 📋 即将获取SKU的商品列表:
2026-04-28 09:23:59,675 | INFO | ali1688_goods_monitor |   1. https://detail.1688.com/offer/833661915665.html (SKU数: 1)
2026-04-28 09:23:59,675 | INFO | ali1688_goods_monitor |   2. https://detail.1688.com/offer/979203908708.html (SKU数: 24)
2026-04-28 09:23:59,675 | INFO | ali1688_goods_monitor |   3. https://detail.1688.com/offer/982634945037.html (SKU数: 26)
2026-04-28 09:23:59,675 | INFO | ali1688_goods_monitor |   4. https://detail.1688.com/offer/798059727032.html (SKU数: 16)
2026-04-28 09:23:59,675 | INFO | ali1688_goods_monitor |   5. https://detail.1688.com/offer/943395574791.html (SKU数: 1)
2026-04-28 09:23:59,675 | INFO | ali1688_goods_monitor |   6. https://detail.1688.com/offer/807432916292.html (SKU数: 24)
2026-04-28 09:23:59,675 | INFO | ali1688_goods_monitor |   7. https://detail.1688.com/offer/1016515592011.html (SKU数: 4)
2026-04-28 09:23:59,675 | INFO | ali1688_goods_monitor |   8. https://detail.1688.com/offer/617837580726.html (SKU数: 2)
2026-04-28 09:23:59,675 | INFO | ali1688_goods_monitor |   9. https://detail.1688.com/offer/1026068947837.html (SKU数: 3)
2026-04-28 09:23:59,675 | INFO | ali1688_goods_monitor |   10. https://detail.1688.com/offer/971037620206.html (SKU数: 1)
2026-04-28 09:23:59,675 | INFO | ali1688_goods_monitor |   11. https://detail.1688.com/offer/1003272185431.html (SKU数: 5)
2026-04-28 09:23:59,675 | INFO | ali1688_goods_monitor |   12. https://detail.1688.com/offer/971080031926.html (SKU数: 3)
2026-04-28 09:23:59,675 | INFO | ali1688_goods_monitor |   13. https://detail.1688.com/offer/954713432833.html (SKU数: 2)
2026-04-28 09:23:59,675 | INFO | ali1688_goods_monitor |   14. https://detail.1688.com/offer/1040782952704.html (SKU数: 1)
2026-04-28 09:23:59,675 | INFO | ali1688_goods_monitor |   15. https://detail.1688.com/offer/835170979856.html (SKU数: 10)
2026-04-28 09:23:59,675 | INFO | ali1688_goods_monitor |   16. https://detail.1688.com/offer/1005984550667.html (SKU数: 36)
2026-04-28 09:23:59,675 | INFO | ali1688_goods_monitor |   17. https://detail.1688.com/offer/968280048908.html (SKU数: 31)
2026-04-28 09:23:59,675 | INFO | ali1688_goods_monitor |   18. https://detail.1688.com/offer/928700805986.html (SKU数: 2)
2026-04-28 09:23:59,675 | INFO | ali1688_goods_monitor |   19. https://detail.1688.com/offer/1040738804232.html (SKU数: 1)
2026-04-28 09:23:59,675 | INFO | ali1688_goods_monitor |   20. https://detail.1688.com/offer/903613869442.html (SKU数: 4)
2026-04-28 09:23:59,675 | INFO | ali1688_goods_monitor |   21. https://detail.1688.com/offer/1025513853144.html (SKU数: 8)
2026-04-28 09:23:59,675 | INFO | ali1688_goods_monitor |   22. https://detail.1688.com/offer/1036715839875.html (SKU数: 1)
2026-04-28 09:23:59,675 | INFO | ali1688_goods_monitor |   23. https://detail.1688.com/offer/889385901298.html (SKU数: 3)
2026-04-28 09:23:59,675 | INFO | ali1688_goods_monitor |   24. https://detail.1688.com/offer/895285249007.html (SKU数: 34)
2026-04-28 09:23:59,675 | INFO | ali1688_goods_monitor |   25. https://detail.1688.com/offer/991935831793.html (SKU数: 3)
2026-04-28 09:23:59,675 | INFO | ali1688_goods_monitor |   26. https://detail.1688.com/offer/979396013303.html (SKU数: 1)
2026-04-28 09:23:59,675 | INFO | ali1688_goods_monitor |   27. https://detail.1688.com/offer/812259607012.html (SKU数: 39)
2026-04-28 09:23:59,675 | INFO | ali1688_goods_monitor |   28. https://detail.1688.com/offer/1029823265981.html (SKU数: 6)
2026-04-28 09:23:59,679 | INFO | ali1688_goods_monitor |   29. https://detail.1688.com/offer/970715744477.html (SKU数: 1)
2026-04-28 09:23:59,679 | INFO | ali1688_goods_monitor |   30. https://detail.1688.com/offer/812514770228.html (SKU数: 2)
2026-04-28 09:23:59,679 | INFO | ali1688_goods_monitor |   31. https://detail.1688.com/offer/875034473523.html (SKU数: 3)
2026-04-28 09:23:59,679 | INFO | ali1688_goods_monitor |   32. https://detail.1688.com/offer/1013037690222.html (SKU数: 1)
2026-04-28 09:23:59,679 | INFO | ali1688_goods_monitor |   33. https://detail.1688.com/offer/969366546749.html (SKU数: 1)
2026-04-28 09:23:59,679 | INFO | ali1688_goods_monitor |   34. https://detail.1688.com/offer/894936744591.html (SKU数: 16)
2026-04-28 09:23:59,679 | INFO | ali1688_goods_monitor |   35. https://detail.1688.com/offer/590591825369.html (SKU数: 22)
2026-04-28 09:23:59,679 | INFO | ali1688_goods_monitor |   36. https://detail.1688.com/offer/907762599791.html (SKU数: 10)
2026-04-28 09:23:59,679 | INFO | ali1688_goods_monitor |   37. https://detail.1688.com/offer/962746907189.html (SKU数: 4)
2026-04-28 09:23:59,679 | INFO | ali1688_goods_monitor |   38. https://detail.1688.com/offer/1038233955709.html (SKU数: 1)
2026-04-28 09:23:59,679 | INFO | ali1688_goods_monitor |   39. https://detail.1688.com/offer/990409899841.html (SKU数: 1)
2026-04-28 09:23:59,679 | INFO | ali1688_goods_monitor |   40. https://detail.1688.com/offer/1000398364752.html (SKU数: 4)
2026-04-28 09:23:59,679 | INFO | ali1688_goods_monitor |   41. https://detail.1688.com/offer/856805654657.html (SKU数: 1)
2026-04-28 09:23:59,679 | INFO | ali1688_goods_monitor |   42. https://detail.1688.com/offer/811139889293.html (SKU数: 8)
2026-04-28 09:23:59,679 | INFO | ali1688_goods_monitor |   43. https://detail.1688.com/offer/799083276279.html (SKU数: 3)
2026-04-28 09:23:59,679 | INFO | ali1688_goods_monitor |   44. https://detail.1688.com/offer/994662909434.html (SKU数: 3)
2026-04-28 09:23:59,679 | INFO | ali1688_goods_monitor |   45. https://detail.1688.com/offer/628617576125.html (SKU数: 5)
2026-04-28 09:23:59,679 | INFO | ali1688_goods_monitor |   46. https://detail.1688.com/offer/900967422750.html (SKU数: 22)
2026-04-28 09:23:59,679 | INFO | ali1688_goods_monitor |   47. https://detail.1688.com/offer/902961760235.html (SKU数: 4)
2026-04-28 09:23:59,679 | INFO | ali1688_goods_monitor |   48. https://detail.1688.com/offer/970377098770.html (SKU数: 37)
2026-04-28 09:23:59,679 | INFO | ali1688_goods_monitor |   49. https://detail.1688.com/offer/776195311997.html (SKU数: 1)
2026-04-28 09:23:59,679 | INFO | ali1688_goods_monitor |   50. https://detail.1688.com/offer/992251601092.html (SKU数: 2)
2026-04-28 09:23:59,680 | INFO | ali1688_goods_monitor |   51. https://detail.1688.com/offer/903636127402.html (SKU数: 3)
2026-04-28 09:23:59,680 | INFO | ali1688_goods_monitor |   52. https://detail.1688.com/offer/976178977054.html (SKU数: 5)
2026-04-28 09:23:59,680 | INFO | ali1688_goods_monitor |   53. https://detail.1688.com/offer/998051010590.html (SKU数: 4)
2026-04-28 09:23:59,680 | INFO | ali1688_goods_monitor |   54. https://detail.1688.com/offer/992071730825.html (SKU数: 3)
2026-04-28 09:23:59,680 | INFO | ali1688_goods_monitor |   55. https://detail.1688.com/offer/677709968233.html (SKU数: 5)
2026-04-28 09:23:59,680 | INFO | ali1688_goods_monitor |   56. https://detail.1688.com/offer/681658732090.html (SKU数: 1)
2026-04-28 09:23:59,680 | INFO | ali1688_goods_monitor |   57. https://detail.1688.com/offer/741922490714.html (SKU数: 2)
2026-04-28 09:23:59,680 | INFO | ali1688_goods_monitor |   58. https://detail.1688.com/offer/950726478383.html (SKU数: 13)
2026-04-28 09:23:59,680 | INFO | ali1688_goods_monitor |   59. https://detail.1688.com/offer/847794753111.html (SKU数: 4)
2026-04-28 09:23:59,680 | INFO | ali1688_goods_monitor |   60. https://detail.1688.com/offer/677301391721.html (SKU数: 5)
2026-04-28 09:23:59,680 | INFO | ali1688_goods_monitor |   61. https://detail.1688.com/offer/746411095420.html (SKU数: 6)
2026-04-28 09:23:59,680 | INFO | ali1688_goods_monitor |   62. https://detail.1688.com/offer/902473655388.html (SKU数: 1)
2026-04-28 09:23:59,681 | INFO | ali1688_goods_monitor |   63. https://detail.1688.com/offer/847495122732.html (SKU数: 3)
2026-04-28 09:23:59,681 | INFO | ali1688_goods_monitor |   64. https://detail.1688.com/offer/890654399053.html (SKU数: 22)
2026-04-28 09:23:59,681 | INFO | ali1688_goods_monitor |   65. https://detail.1688.com/offer/702199084381.html (SKU数: 21)
2026-04-28 09:23:59,681 | INFO | ali1688_goods_monitor |   66. https://detail.1688.com/offer/951035484615.html (SKU数: 29)
2026-04-28 09:23:59,681 | INFO | ali1688_goods_monitor |   67. https://detail.1688.com/offer/832304702315.html (SKU数: 5)
2026-04-28 09:23:59,681 | INFO | ali1688_goods_monitor |   68. https://detail.1688.com/offer/703551244918.html (SKU数: 3)
2026-04-28 09:23:59,681 | INFO | ali1688_goods_monitor |   69. https://detail.1688.com/offer/43695296576.html (SKU数: 2)
2026-04-28 09:23:59,681 | INFO | ali1688_goods_monitor |   70. https://detail.1688.com/offer/979471208168.html (SKU数: 1)
2026-04-28 09:23:59,681 | INFO | ali1688_goods_monitor |   71. https://detail.1688.com/offer/996059989352.html (SKU数: 3)
2026-04-28 09:23:59,681 | INFO | ali1688_goods_monitor |   72. https://detail.1688.com/offer/1007062397648.html (SKU数: 4)
2026-04-28 09:23:59,681 | INFO | ali1688_goods_monitor |   73. https://detail.1688.com/offer/899704194303.html (SKU数: 12)
2026-04-28 09:23:59,681 | INFO | ali1688_goods_monitor |   74. https://detail.1688.com/offer/956573560393.html (SKU数: 3)
2026-04-28 09:23:59,681 | INFO | ali1688_goods_monitor |   75. https://detail.1688.com/offer/873614306333.html (SKU数: 5)
2026-04-28 09:23:59,681 | INFO | ali1688_goods_monitor |   76. https://detail.1688.com/offer/898439171537.html (SKU数: 14)
2026-04-28 09:23:59,681 | INFO | ali1688_goods_monitor |   77. https://detail.1688.com/offer/840249263873.html (SKU数: 8)
2026-04-28 09:23:59,681 | INFO | ali1688_goods_monitor |   78. https://detail.1688.com/offer/826873938709.html (SKU数: 1)
2026-04-28 09:23:59,681 | INFO | ali1688_goods_monitor |   79. https://detail.1688.com/offer/1000255776437.html (SKU数: 3)
2026-04-28 09:23:59,681 | INFO | ali1688_goods_monitor |   80. https://detail.1688.com/offer/859584630627.html (SKU数: 4)
2026-04-28 09:23:59,681 | INFO | ali1688_goods_monitor |   81. https://detail.1688.com/offer/852501307622.html (SKU数: 1)
2026-04-28 09:23:59,681 | INFO | ali1688_goods_monitor |   82. https://detail.1688.com/offer/928580021030.html (SKU数: 2)
2026-04-28 09:23:59,681 | INFO | ali1688_goods_monitor |   83. https://detail.1688.com/offer/789633522584.html (SKU数: 1)
2026-04-28 09:23:59,681 | INFO | ali1688_goods_monitor |   84. https://detail.1688.com/offer/873771926327.html (SKU数: 34)
2026-04-28 09:23:59,681 | INFO | ali1688_goods_monitor |   85. https://detail.1688.com/offer/990618054916.html (SKU数: 3)
2026-04-28 09:23:59,681 | INFO | ali1688_goods_monitor |   86. https://detail.1688.com/offer/992800642545.html (SKU数: 3)
2026-04-28 09:23:59,681 | INFO | ali1688_goods_monitor |   87. https://detail.1688.com/offer/652994949606.html (SKU数: 4)
2026-04-28 09:23:59,682 | INFO | ali1688_goods_monitor |   88. https://detail.1688.com/offer/998859559585.html (SKU数: 11)
2026-04-28 09:23:59,682 | INFO | ali1688_goods_monitor |   89. https://detail.1688.com/offer/999142031933.html (SKU数: 1)
2026-04-28 09:23:59,682 | INFO | ali1688_goods_monitor |   90. https://detail.1688.com/offer/970542473882.html (SKU数: 5)
2026-04-28 09:23:59,682 | INFO | ali1688_goods_monitor |   91. https://detail.1688.com/offer/993465198242.html (SKU数: 7)
2026-04-28 09:23:59,682 | INFO | ali1688_goods_monitor |   92. https://detail.1688.com/offer/950658287741.html (SKU数: 18)
2026-04-28 09:23:59,682 | INFO | ali1688_goods_monitor |   93. https://detail.1688.com/offer/927205288673.html (SKU数: 4)
2026-04-28 09:23:59,682 | INFO | ali1688_goods_monitor |   94. https://detail.1688.com/offer/991070192317.html (SKU数: 11)
2026-04-28 09:23:59,682 | INFO | ali1688_goods_monitor |   95. https://detail.1688.com/offer/1009966785995.html (SKU数: 4)
2026-04-28 09:23:59,682 | INFO | ali1688_goods_monitor |   96. https://detail.1688.com/offer/950670074468.html (SKU数: 36)
2026-04-28 09:23:59,683 | INFO | ali1688_goods_monitor |   97. https://detail.1688.com/offer/985206853035.html (SKU数: 2)
2026-04-28 09:23:59,683 | INFO | ali1688_goods_monitor |   98. https://detail.1688.com/offer/836899798919.html (SKU数: 9)
2026-04-28 09:23:59,683 | INFO | ali1688_goods_monitor |   99. https://detail.1688.com/offer/890407614753.html (SKU数: 17)
2026-04-28 09:23:59,683 | INFO | ali1688_goods_monitor |   100. https://detail.1688.com/offer/729749403422.html (SKU数: 7)
2026-04-28 09:23:59,683 | INFO | ali1688_goods_monitor |   101. https://detail.1688.com/offer/853399095646.html (SKU数: 15)
2026-04-28 09:23:59,683 | INFO | ali1688_goods_monitor |   102. https://detail.1688.com/offer/671840552108.html (SKU数: 8)
2026-04-28 09:23:59,683 | INFO | ali1688_goods_monitor |   103. https://detail.1688.com/offer/847990628509.html (SKU数: 13)
2026-04-28 09:23:59,684 | INFO | ali1688_goods_monitor |   104. https://detail.1688.com/offer/746416939989.html (SKU数: 2)
2026-04-28 09:23:59,684 | INFO | ali1688_goods_monitor |   105. https://detail.1688.com/offer/632300625030.html (SKU数: 1)
2026-04-28 09:23:59,684 | INFO | ali1688_goods_monitor |   106. https://detail.1688.com/offer/948334688543.html (SKU数: 22)
2026-04-28 09:23:59,684 | INFO | ali1688_goods_monitor |   107. https://detail.1688.com/offer/849820903779.html (SKU数: 4)
2026-04-28 09:23:59,684 | INFO | ali1688_goods_monitor |   108. https://detail.1688.com/offer/930446969722.html (SKU数: 2)
2026-04-28 09:23:59,684 | INFO | ali1688_goods_monitor |   109. https://detail.1688.com/offer/994237964153.html (SKU数: 14)
2026-04-28 09:23:59,684 | INFO | ali1688_goods_monitor |   110. https://detail.1688.com/offer/993354315037.html (SKU数: 11)
2026-04-28 09:23:59,684 | INFO | ali1688_goods_monitor |   111. https://detail.1688.com/offer/991823064917.html (SKU数: 8)
2026-04-28 09:23:59,684 | INFO | ali1688_goods_monitor |   112. https://detail.1688.com/offer/997795598539.html (SKU数: 3)
2026-04-28 09:23:59,684 | INFO | ali1688_goods_monitor |   113. https://detail.1688.com/offer/662598267674.html (SKU数: 4)
2026-04-28 09:23:59,684 | INFO | ali1688_goods_monitor |   114. https://detail.1688.com/offer/978651830599.html (SKU数: 2)
2026-04-28 09:23:59,685 | INFO | ali1688_goods_monitor |   115. https://detail.1688.com/offer/692940339011.html (SKU数: 3)
2026-04-28 09:23:59,685 | INFO | ali1688_goods_monitor |   116. https://detail.1688.com/offer/962546716755.html (SKU数: 3)
2026-04-28 09:23:59,685 | INFO | ali1688_goods_monitor |   117. https://detail.1688.com/offer/854253039240.html (SKU数: 2)
2026-04-28 09:23:59,685 | INFO | ali1688_goods_monitor |   118. https://detail.1688.com/offer/975762015590.html (SKU数: 6)
2026-04-28 09:23:59,685 | INFO | ali1688_goods_monitor |   119. https://detail.1688.com/offer/848195784663.html (SKU数: 6)
2026-04-28 09:23:59,685 | INFO | ali1688_goods_monitor |   120. https://detail.1688.com/offer/952611726643.html (SKU数: 2)
2026-04-28 09:23:59,685 | INFO | ali1688_goods_monitor |   121. https://detail.1688.com/offer/621865712164.html (SKU数: 8)
2026-04-28 09:23:59,685 | INFO | ali1688_goods_monitor |   122. https://detail.1688.com/offer/915854311158.html (SKU数: 5)
2026-04-28 09:23:59,685 | INFO | ali1688_goods_monitor |   123. https://detail.1688.com/offer/847781001778.html (SKU数: 4)
2026-04-28 09:23:59,685 | INFO | ali1688_goods_monitor |   124. https://detail.1688.com/offer/997359995216.html (SKU数: 4)
2026-04-28 09:23:59,685 | INFO | ali1688_goods_monitor |   125. https://detail.1688.com/offer/985998626047.html (SKU数: 4)
2026-04-28 09:23:59,685 | INFO | ali1688_goods_monitor |   126. https://detail.1688.com/offer/991467576950.html (SKU数: 40)
2026-04-28 09:23:59,686 | INFO | ali1688_goods_monitor |   127. https://detail.1688.com/offer/999860867159.html (SKU数: 1)
2026-04-28 09:23:59,686 | INFO | ali1688_goods_monitor |   128. https://detail.1688.com/offer/847784309788.html (SKU数: 2)
2026-04-28 09:23:59,686 | INFO | ali1688_goods_monitor |   129. https://detail.1688.com/offer/926941651375.html (SKU数: 10)
2026-04-28 09:23:59,686 | INFO | ali1688_goods_monitor |   130. https://detail.1688.com/offer/995364912374.html (SKU数: 3)
2026-04-28 09:23:59,686 | INFO | ali1688_goods_monitor |   131. https://detail.1688.com/offer/813592780236.html (SKU数: 2)
2026-04-28 09:23:59,686 | INFO | ali1688_goods_monitor |   132. https://detail.1688.com/offer/986179889619.html (SKU数: 3)
2026-04-28 09:23:59,686 | INFO | ali1688_goods_monitor |   133. https://detail.1688.com/offer/924140770781.html (SKU数: 2)
2026-04-28 09:23:59,686 | INFO | ali1688_goods_monitor |   134. https://detail.1688.com/offer/920664381969.html (SKU数: 4)
2026-04-28 09:23:59,686 | INFO | ali1688_goods_monitor |   135. https://detail.1688.com/offer/675880303102.html (SKU数: 1)
2026-04-28 09:23:59,686 | INFO | ali1688_goods_monitor |   136. https://detail.1688.com/offer/811638208514.html (SKU数: 3)
2026-04-28 09:23:59,686 | INFO | ali1688_goods_monitor |   137. https://detail.1688.com/offer/864653527961.html (SKU数: 1)
2026-04-28 09:23:59,686 | INFO | ali1688_goods_monitor |   138. https://detail.1688.com/offer/973730524327.html (SKU数: 11)
2026-04-28 09:23:59,687 | INFO | ali1688_goods_monitor |   139. https://detail.1688.com/offer/917143716667.html (SKU数: 4)
2026-04-28 09:23:59,687 | INFO | ali1688_goods_monitor |   140. https://detail.1688.com/offer/833863806015.html (SKU数: 5)
2026-04-28 09:23:59,687 | INFO | ali1688_goods_monitor |   141. https://detail.1688.com/offer/662629659424.html (SKU数: 4)
2026-04-28 09:23:59,687 | INFO | ali1688_goods_monitor |   142. https://detail.1688.com/offer/678640196785.html (SKU数: 8)
2026-04-28 09:23:59,687 | INFO | ali1688_goods_monitor |   143. https://detail.1688.com/offer/778105306124.html (SKU数: 1)
2026-04-28 09:23:59,687 | INFO | ali1688_goods_monitor |   144. https://detail.1688.com/offer/983142383790.html (SKU数: None)
2026-04-28 09:23:59,687 | INFO | ali1688_goods_monitor |   145. https://detail.1688.com/offer/990374779412.html (SKU数: 1)
2026-04-28 09:23:59,687 | INFO | ali1688_goods_monitor |   146. https://detail.1688.com/offer/1006668462460.html (SKU数: 12)
2026-04-28 09:23:59,687 | INFO | ali1688_goods_monitor |   147. https://detail.1688.com/offer/773383798724.html (SKU数: 10)
2026-04-28 09:23:59,687 | INFO | ali1688_goods_monitor |   148. https://detail.1688.com/offer/1038894511748.html (SKU数: 2)
2026-04-28 09:23:59,687 | INFO | ali1688_goods_monitor |   149. https://detail.1688.com/offer/918745003737.html (SKU数: 6)
2026-04-28 09:23:59,687 | INFO | ali1688_goods_monitor |   150. https://detail.1688.com/offer/854773109889.html (SKU数: 1)
2026-04-28 09:23:59,687 | INFO | ali1688_goods_monitor |   151. https://detail.1688.com/offer/1000261330427.html (SKU数: 1)
2026-04-28 09:23:59,688 | INFO | ali1688_goods_monitor |   152. https://detail.1688.com/offer/796066732390.html (SKU数: 6)
2026-04-28 09:23:59,688 | INFO | ali1688_goods_monitor |   153. https://detail.1688.com/offer/968025059447.html (SKU数: 6)
2026-04-28 09:23:59,688 | INFO | ali1688_goods_monitor |   154. https://detail.1688.com/offer/855494409051.html (SKU数: 4)
2026-04-28 09:23:59,688 | INFO | ali1688_goods_monitor |   155. https://detail.1688.com/offer/1001253412551.html (SKU数: 7)
2026-04-28 09:23:59,688 | INFO | ali1688_goods_monitor |   156. https://detail.1688.com/offer/969889694254.html (SKU数: 27)
2026-04-28 09:23:59,688 | INFO | ali1688_goods_monitor |   157. https://detail.1688.com/offer/695065852792.html (SKU数: 2)
2026-04-28 09:23:59,688 | INFO | ali1688_goods_monitor |   158. https://detail.1688.com/offer/939201456076.html (SKU数: 7)
2026-04-28 09:23:59,688 | INFO | ali1688_goods_monitor |   159. https://detail.1688.com/offer/834236928026.html (SKU数: 1)
2026-04-28 09:23:59,688 | INFO | ali1688_goods_monitor |   160. https://detail.1688.com/offer/653871136084.html (SKU数: 4)
2026-04-28 09:23:59,688 | INFO | ali1688_goods_monitor |   161. https://detail.1688.com/offer/709904411964.html (SKU数: 24)
2026-04-28 09:23:59,688 | INFO | ali1688_goods_monitor |   162. https://detail.1688.com/offer/848295933948.html (SKU数: 12)
2026-04-28 09:23:59,688 | INFO | ali1688_goods_monitor |   163. https://detail.1688.com/offer/989391144530.html (SKU数: 40)
2026-04-28 09:23:59,689 | INFO | ali1688_goods_monitor |   164. https://detail.1688.com/offer/985101359570.html (SKU数: 4)
2026-04-28 09:23:59,689 | INFO | ali1688_goods_monitor |   165. https://detail.1688.com/offer/903214944988.html (SKU数: 1)
2026-04-28 09:23:59,689 | INFO | ali1688_goods_monitor |   166. https://detail.1688.com/offer/847979472849.html (SKU数: 1)
2026-04-28 09:23:59,689 | INFO | ali1688_goods_monitor |   167. https://detail.1688.com/offer/1033808877616.html (SKU数: 4)
2026-04-28 09:23:59,689 | INFO | ali1688_goods_monitor |   168. https://detail.1688.com/offer/1044821088055.html (SKU数: 2)
2026-04-28 09:23:59,689 | INFO | ali1688_goods_monitor |   169. https://detail.1688.com/offer/1039821084728.html (SKU数: 1)
2026-04-28 09:23:59,689 | INFO | ali1688_goods_monitor |   170. https://detail.1688.com/offer/984336119328.html (SKU数: 3)
2026-04-28 09:23:59,689 | INFO | ali1688_goods_monitor |   171. https://detail.1688.com/offer/1030894379512.html (SKU数: 20)
2026-04-28 09:23:59,689 | INFO | ali1688_goods_monitor |   172. https://detail.1688.com/offer/900592605428.html (SKU数: 6)
2026-04-28 09:23:59,689 | INFO | ali1688_goods_monitor |   173. https://detail.1688.com/offer/818121391220.html (SKU数: 4)
2026-04-28 09:23:59,689 | INFO | ali1688_goods_monitor |   174. https://detail.1688.com/offer/854420062122.html (SKU数: 12)
2026-04-28 09:23:59,689 | INFO | ali1688_goods_monitor |   175. https://detail.1688.com/offer/909894706445.html (SKU数: 22)
2026-04-28 09:23:59,690 | INFO | ali1688_goods_monitor |   176. https://detail.1688.com/offer/626387346293.html (SKU数: 10)
2026-04-28 09:23:59,690 | INFO | ali1688_goods_monitor |   177. https://detail.1688.com/offer/847713406078.html (SKU数: 1)
2026-04-28 09:23:59,690 | INFO | ali1688_goods_monitor |   178. https://detail.1688.com/offer/675557812438.html (SKU数: 1)
2026-04-28 09:23:59,690 | INFO | ali1688_goods_monitor |   179. https://detail.1688.com/offer/724154127228.html (SKU数: 6)
2026-04-28 09:23:59,690 | INFO | ali1688_goods_monitor |   180. https://detail.1688.com/offer/906941705446.html (SKU数: 2)
2026-04-28 09:23:59,690 | INFO | ali1688_goods_monitor |   181. https://detail.1688.com/offer/668301084321.html (SKU数: 5)
2026-04-28 09:23:59,690 | INFO | ali1688_goods_monitor |   182. https://detail.1688.com/offer/991759687233.html (SKU数: 6)
2026-04-28 09:23:59,690 | INFO | ali1688_goods_monitor |   183. https://detail.1688.com/offer/716733322460.html (SKU数: 8)
2026-04-28 09:23:59,690 | INFO | ali1688_goods_monitor |   184. https://detail.1688.com/offer/1014684104535.html (SKU数: 15)
2026-04-28 09:23:59,690 | INFO | ali1688_goods_monitor |   185. https://detail.1688.com/offer/987732400816.html (SKU数: 1)
2026-04-28 09:23:59,690 | INFO | ali1688_goods_monitor |   186. https://detail.1688.com/offer/847713406081.html (SKU数: 1)
2026-04-28 09:23:59,690 | INFO | ali1688_goods_monitor |   187. https://detail.1688.com/offer/992713938362.html (SKU数: 4)
2026-04-28 09:23:59,690 | INFO | ali1688_goods_monitor |   188. https://detail.1688.com/offer/955211708273.html (SKU数: 23)
2026-04-28 09:23:59,691 | INFO | ali1688_goods_monitor |   189. https://detail.1688.com/offer/946133528766.html (SKU数: 4)
2026-04-28 09:23:59,691 | INFO | ali1688_goods_monitor |   190. https://detail.1688.com/offer/998016077358.html (SKU数: 3)
2026-04-28 09:23:59,691 | INFO | ali1688_goods_monitor |   191. https://detail.1688.com/offer/661664097697.html (SKU数: 2)
2026-04-28 09:23:59,691 | INFO | ali1688_goods_monitor |   192. https://detail.1688.com/offer/676772683627.html (SKU数: 5)
2026-04-28 09:23:59,691 | INFO | ali1688_goods_monitor |   193. https://detail.1688.com/offer/985879832920.html (SKU数: 4)
2026-04-28 09:23:59,691 | INFO | ali1688_goods_monitor |   194. https://detail.1688.com/offer/997742353743.html (SKU数: 3)
2026-04-28 09:23:59,691 | INFO | ali1688_goods_monitor |   195. https://detail.1688.com/offer/987237412445.html (SKU数: 20)
2026-04-28 09:23:59,691 | INFO | ali1688_goods_monitor |   196. https://detail.1688.com/offer/942621028118.html (SKU数: 20)
2026-04-28 09:23:59,691 | INFO | ali1688_goods_monitor |   197. https://detail.1688.com/offer/972523284067.html (SKU数: 1)
2026-04-28 09:23:59,691 | INFO | ali1688_goods_monitor |   198. https://detail.1688.com/offer/951586784136.html (SKU数: 34)
2026-04-28 09:23:59,691 | INFO | ali1688_goods_monitor |   199. https://detail.1688.com/offer/670793076081.html (SKU数: 12)
2026-04-28 09:23:59,691 | INFO | ali1688_goods_monitor |   200. https://detail.1688.com/offer/683872677220.html (SKU数: 3)
2026-04-28 09:23:59,691 | INFO | ali1688_goods_monitor |   201. https://detail.1688.com/offer/686348979544.html (SKU数: 1)
2026-04-28 09:23:59,692 | INFO | ali1688_goods_monitor |   202. https://detail.1688.com/offer/1027381048230.html (SKU数: 36)
2026-04-28 09:23:59,692 | INFO | ali1688_goods_monitor |   203. https://detail.1688.com/offer/990976789985.html (SKU数: 16)
2026-04-28 09:23:59,692 | INFO | ali1688_goods_monitor |   204. https://detail.1688.com/offer/994715362159.html (SKU数: 14)
2026-04-28 09:23:59,692 | INFO | ali1688_goods_monitor |   205. https://detail.1688.com/offer/672751050822.html (SKU数: 3)
2026-04-28 09:23:59,692 | INFO | ali1688_goods_monitor |   206. https://detail.1688.com/offer/1031769907868.html (SKU数: 6)
2026-04-28 09:23:59,692 | INFO | ali1688_goods_monitor |   207. https://detail.1688.com/offer/678110916347.html (SKU数: 9)
2026-04-28 09:23:59,692 | INFO | ali1688_goods_monitor |   208. https://detail.1688.com/offer/903149142386.html (SKU数: 4)
2026-04-28 09:23:59,692 | INFO | ali1688_goods_monitor |   209. https://detail.1688.com/offer/858770936676.html (SKU数: 2)
2026-04-28 09:23:59,692 | INFO | ali1688_goods_monitor |   210. https://detail.1688.com/offer/910382293640.html (SKU数: 22)
2026-04-28 09:23:59,692 | INFO | ali1688_goods_monitor |   211. https://detail.1688.com/offer/646729482472.html (SKU数: 6)
2026-04-28 09:23:59,692 | INFO | ali1688_goods_monitor |   212. https://detail.1688.com/offer/986633373239.html (SKU数: 11)
2026-04-28 09:23:59,692 | INFO | ali1688_goods_monitor |   213. https://detail.1688.com/offer/538297571141.html (SKU数: 6)
2026-04-28 09:23:59,692 | INFO | ali1688_goods_monitor |   214. https://detail.1688.com/offer/661514670948.html (SKU数: 9)
2026-04-28 09:23:59,693 | INFO | ali1688_goods_monitor |   215. https://detail.1688.com/offer/969387993044.html (SKU数: 20)
2026-04-28 09:23:59,693 | INFO | ali1688_goods_monitor |   216. https://detail.1688.com/offer/734736330484.html (SKU数: None)
2026-04-28 09:23:59,693 | INFO | ali1688_goods_monitor |   217. https://detail.1688.com/offer/900563388108.html (SKU数: 12)
2026-04-28 09:23:59,693 | INFO | ali1688_goods_monitor |   218. https://detail.1688.com/offer/973255115593.html (SKU数: 36)
2026-04-28 09:23:59,693 | INFO | ali1688_goods_monitor |   219. https://detail.1688.com/offer/973247771787.html (SKU数: 2)
2026-04-28 09:23:59,693 | INFO | ali1688_goods_monitor |   220. https://detail.1688.com/offer/629652629026.html (SKU数: 5)
2026-04-28 09:23:59,693 | INFO | ali1688_goods_monitor |   221. https://detail.1688.com/offer/847993548322.html (SKU数: 3)
2026-04-28 09:23:59,693 | INFO | ali1688_goods_monitor |   222. https://detail.1688.com/offer/1035850540780.html (SKU数: 8)
2026-04-28 09:23:59,693 | INFO | ali1688_goods_monitor |   223. https://detail.1688.com/offer/978968804889.html (SKU数: 1)
2026-04-28 09:23:59,693 | INFO | ali1688_goods_monitor |   224. https://detail.1688.com/offer/1013917249205.html (SKU数: 5)
2026-04-28 09:23:59,693 | INFO | ali1688_goods_monitor |   225. https://detail.1688.com/offer/895042686618.html (SKU数: 2)
2026-04-28 09:23:59,693 | INFO | ali1688_goods_monitor |   226. https://detail.1688.com/offer/848415574468.html (SKU数: 1)
2026-04-28 09:23:59,693 | INFO | ali1688_goods_monitor |   227. https://detail.1688.com/offer/992863648563.html (SKU数: 11)
2026-04-28 09:23:59,693 | INFO | ali1688_goods_monitor |   228. https://detail.1688.com/offer/1033404841463.html (SKU数: 4)
2026-04-28 09:23:59,694 | INFO | ali1688_goods_monitor |   229. https://detail.1688.com/offer/897059922290.html (SKU数: 5)
2026-04-28 09:23:59,694 | INFO | ali1688_goods_monitor |   230. https://detail.1688.com/offer/643044757475.html (SKU数: 41)
2026-04-28 09:23:59,694 | INFO | ali1688_goods_monitor |   231. https://detail.1688.com/offer/990260832462.html (SKU数: 3)
2026-04-28 09:23:59,694 | INFO | ali1688_goods_monitor |   232. https://detail.1688.com/offer/992882388093.html (SKU数: 3)
2026-04-28 09:23:59,694 | INFO | ali1688_goods_monitor |   233. https://detail.1688.com/offer/854168645121.html (SKU数: 3)
2026-04-28 09:23:59,694 | INFO | ali1688_goods_monitor |   234. https://detail.1688.com/offer/917025701974.html (SKU数: 8)
2026-04-28 09:23:59,694 | INFO | ali1688_goods_monitor |   235. https://detail.1688.com/offer/1028239295024.html (SKU数: 1)
2026-04-28 09:23:59,694 | INFO | ali1688_goods_monitor |   236. https://detail.1688.com/offer/1031855101004.html (SKU数: 7)
2026-04-28 09:23:59,694 | INFO | ali1688_goods_monitor |   237. https://detail.1688.com/offer/726064645781.html (SKU数: 6)
2026-04-28 09:23:59,694 | INFO | ali1688_goods_monitor |   238. https://detail.1688.com/offer/1042257580719.html (SKU数: 3)
2026-04-28 09:23:59,694 | INFO | ali1688_goods_monitor |   239. https://detail.1688.com/offer/728912992880.html (SKU数: 24)
2026-04-28 09:23:59,694 | INFO | ali1688_goods_monitor |   240. https://detail.1688.com/offer/687729432138.html (SKU数: 1)
2026-04-28 09:23:59,694 | INFO | ali1688_goods_monitor |   241. https://detail.1688.com/offer/1001279554121.html (SKU数: 4)
2026-04-28 09:23:59,694 | INFO | ali1688_goods_monitor |   242. https://detail.1688.com/offer/960725525521.html (SKU数: 10)
2026-04-28 09:23:59,695 | INFO | ali1688_goods_monitor |   243. https://detail.1688.com/offer/929103621035.html (SKU数: 6)
2026-04-28 09:23:59,695 | INFO | ali1688_goods_monitor |   244. https://detail.1688.com/offer/990425215638.html (SKU数: 5)
2026-04-28 09:23:59,695 | INFO | ali1688_goods_monitor |   245. https://detail.1688.com/offer/757454263904.html (SKU数: 1)
2026-04-28 09:23:59,695 | INFO | ali1688_goods_monitor |   246. https://detail.1688.com/offer/809233523760.html (SKU数: 1)
2026-04-28 09:23:59,695 | INFO | ali1688_goods_monitor |   247. https://detail.1688.com/offer/658391484708.html (SKU数: 12)
2026-04-28 09:23:59,695 | INFO | ali1688_goods_monitor |   248. https://detail.1688.com/offer/894449366946.html (SKU数: 30)
2026-04-28 09:23:59,695 | INFO | ali1688_goods_monitor |   249. https://detail.1688.com/offer/990589043915.html (SKU数: 1)
2026-04-28 09:23:59,695 | INFO | ali1688_goods_monitor |   250. https://detail.1688.com/offer/984991416938.html (SKU数: 6)
2026-04-28 09:23:59,695 | INFO | ali1688_goods_monitor |   251. https://detail.1688.com/offer/634658078975.html (SKU数: 16)
2026-04-28 09:23:59,695 | INFO | ali1688_goods_monitor |   252. https://detail.1688.com/offer/970781028572.html (SKU数: 1)
2026-04-28 09:23:59,695 | INFO | ali1688_goods_monitor |   253. https://detail.1688.com/offer/727364044091.html (SKU数: 7)
2026-04-28 09:23:59,695 | INFO | ali1688_goods_monitor |   254. https://detail.1688.com/offer/795861191445.html (SKU数: 6)
2026-04-28 09:23:59,695 | INFO | ali1688_goods_monitor |   255. https://detail.1688.com/offer/775392792723.html (SKU数: 25)
2026-04-28 09:23:59,695 | INFO | ali1688_goods_monitor |   256. https://detail.1688.com/offer/734549030910.html (SKU数: 14)
2026-04-28 09:23:59,695 | INFO | ali1688_goods_monitor |   257. https://detail.1688.com/offer/863983065199.html (SKU数: 1)
2026-04-28 09:23:59,695 | INFO | ali1688_goods_monitor |   258. https://detail.1688.com/offer/713699292120.html (SKU数: 9)
2026-04-28 09:23:59,695 | INFO | ali1688_goods_monitor |   259. https://detail.1688.com/offer/974035321584.html (SKU数: 5)
2026-04-28 09:23:59,695 | INFO | ali1688_goods_monitor |   260. https://detail.1688.com/offer/1001391447719.html (SKU数: 2)
2026-04-28 09:23:59,696 | INFO | ali1688_goods_monitor |   261. https://detail.1688.com/offer/751554304142.html (SKU数: 2)
2026-04-28 09:23:59,696 | INFO | ali1688_goods_monitor |   262. https://detail.1688.com/offer/857784361057.html (SKU数: 4)
2026-04-28 09:23:59,696 | INFO | ali1688_goods_monitor |   263. https://detail.1688.com/offer/969646541226.html (SKU数: 11)
2026-04-28 09:23:59,696 | INFO | ali1688_goods_monitor |   264. https://detail.1688.com/offer/954152497198.html (SKU数: 6)
2026-04-28 09:23:59,696 | INFO | ali1688_goods_monitor |   265. https://detail.1688.com/offer/750175006113.html (SKU数: 1)
2026-04-28 09:23:59,696 | INFO | ali1688_goods_monitor |   266. https://detail.1688.com/offer/622513415473.html (SKU数: 4)
2026-04-28 09:23:59,696 | INFO | ali1688_goods_monitor |   267. https://detail.1688.com/offer/847969236799.html (SKU数: 13)
2026-04-28 09:23:59,696 | INFO | ali1688_goods_monitor |   268. https://detail.1688.com/offer/728364497329.html (SKU数: 5)
2026-04-28 09:23:59,696 | INFO | ali1688_goods_monitor |   269. https://detail.1688.com/offer/927867865604.html (SKU数: 18)
2026-04-28 09:23:59,696 | INFO | ali1688_goods_monitor |   270. https://detail.1688.com/offer/858007859516.html (SKU数: 2)
2026-04-28 09:23:59,696 | INFO | ali1688_goods_monitor |   271. https://detail.1688.com/offer/1024421346400.html (SKU数: 2)
2026-04-28 09:23:59,696 | INFO | ali1688_goods_monitor |   272. https://detail.1688.com/offer/621194315291.html (SKU数: 4)
2026-04-28 09:23:59,696 | INFO | ali1688_goods_monitor |   273. https://detail.1688.com/offer/952896839032.html (SKU数: 3)
2026-04-28 09:23:59,696 | INFO | ali1688_goods_monitor |   274. https://detail.1688.com/offer/1044625628513.html (SKU数: 2)
2026-04-28 09:23:59,696 | INFO | ali1688_goods_monitor |   275. https://detail.1688.com/offer/999695394272.html (SKU数: 5)
2026-04-28 09:23:59,696 | INFO | ali1688_goods_monitor |   276. https://detail.1688.com/offer/854259763574.html (SKU数: 1)
2026-04-28 09:23:59,697 | INFO | ali1688_goods_monitor |   277. https://detail.1688.com/offer/982635289066.html (SKU数: 26)
2026-04-28 09:23:59,697 | INFO | ali1688_goods_monitor |   278. https://detail.1688.com/offer/947764418500.html (SKU数: 1)
2026-04-28 09:23:59,697 | INFO | ali1688_goods_monitor |   279. https://detail.1688.com/offer/963819028092.html (SKU数: 2)
2026-04-28 09:24:00,540 | INFO | ali1688_goods_monitor | ============================================================
2026-04-28 09:24:00,540 | INFO | ali1688_goods_monitor | 🔍 开始获取SKU信息...
2026-04-28 09:24:00,540 | INFO | ali1688_goods_monitor | 📦 共 279 个商品需要获取SKU
2026-04-28 09:24:00,540 | INFO | ali1688_goods_monitor | ============================================================
2026-04-28 09:24:00,540 | INFO | ali1688_goods_monitor | 🚀 初始化SKU获取浏览器...
2026-04-28 09:24:06,854 | INFO | ali1688_goods_monitor | 🔐 登录店雷达...
2026-04-28 09:24:17,500 | INFO | ali1688_goods_monitor | 🔍 [1/279] 获取SKU: https://detail.1688.com/offer/833661915665.html
2026-04-28 09:24:42,849 | ERROR | ali1688_goods_monitor |    ❌ 获取SKU失败: 
没有找到元素。
方法: ele()
参数: {'locator': 'xpath://*[@id="content"]/div[2]/div[1]/div[2]/div[1]/div[2]/div[1]/div[2]', 'index': 1, 'timeout': 10}
版本: 4.1.1.2
2026-04-28 09:24:42,849 | INFO | ali1688_goods_monitor |    ⏳ 等待 2.1 秒后继续...
2026-04-28 09:24:44,971 | INFO | ali1688_goods_monitor | 🔍 [2/279] 获取SKU: https://detail.1688.com/offer/979203908708.html
2026-04-28 09:25:08,334 | ERROR | ali1688_goods_monitor |    ❌ 获取SKU失败: 
没有找到元素。
方法: ele()
参数: {'locator': 'xpath://*[@id="content"]/div[2]/div[1]/div[2]/div[1]/div[2]/div[1]/div[2]', 'index': 1, 'timeout': 10}
版本: 4.1.1.2
2026-04-28 09:25:08,335 | INFO | ali1688_goods_monitor |    ⏳ 等待 2.5 秒后继续...
2026-04-28 09:25:10,826 | INFO | ali1688_goods_monitor | 🔍 [3/279] 获取SKU: https://detail.1688.com/offer/982634945037.html
