2026-04-30 14:02:20,582 | INFO | auto_listing | ✅ 数据库连接池初始化成功
2026-04-30 14:02:20,687 | INFO | auto_listing | ✅ 数据库表初始化成功
2026-04-30 14:02:20,693 | INFO | auto_listing | ✅ 已加载 160 个类目的属性配置
2026-04-30 14:02:20,693 | INFO | auto_listing | 计划文件中共有 244 个 goods_id 待处理
2026-04-30 14:02:21,024 | ERROR | auto_listing | 获取到的cookie是无效的，需要重新登录
2026-04-30 14:02:21,025 | WARNING | auto_listing | [妙手] 登录失效，刷新 cookie（第 1 次）
2026-04-30 14:02:22,644 | INFO | auto_listing | 妙手登录开始，第 1/3 次尝试
2026-04-30 14:02:24,742 | INFO | auto_listing | 验证码识别结果: 3856
2026-04-30 14:02:26,905 | INFO | auto_listing | 妙手登录成功
2026-04-30 14:02:30,061 | WARNING | auto_listing | ⚠️ 未找到类目 29716 的配置，跳过该商品
2026-04-30 14:02:30,066 | WARNING | auto_listing | ⚠️ 未找到类目 1214 的配置，跳过该商品
2026-04-30 14:02:30,068 | WARNING | auto_listing | ⚠️ 未找到类目 29488 的配置，跳过该商品
2026-04-30 14:02:30,068 | INFO | auto_listing | ✅ 找到类目 25692 的配置，包含 3 个属性
2026-04-30 14:02:30,069 | INFO | auto_listing | ✅ 找到类目 25692 的配置，包含 3 个属性
2026-04-30 14:02:30,069 | WARNING | auto_listing | ⚠️ 未找到类目 25694 的配置，跳过该商品
2026-04-30 14:02:30,070 | INFO | auto_listing | ✅ 找到类目 25705 的配置，包含 3 个属性
2026-04-30 14:02:30,070 | WARNING | auto_listing | ⚠️ 未找到类目 39153 的配置，跳过该商品
2026-04-30 14:02:30,071 | WARNING | auto_listing | ⚠️ 未找到类目 29716 的配置，跳过该商品
2026-04-30 14:02:30,072 | WARNING | auto_listing | ⚠️ 未找到类目 29488 的配置，跳过该商品
2026-04-30 14:02:30,073 | WARNING | auto_listing | ⚠️ 未找到类目 1322 的配置，跳过该商品
2026-04-30 14:02:30,074 | INFO | auto_listing | ✅ 找到类目 25733 的配置，包含 5 个属性
2026-04-30 14:02:30,074 | WARNING | auto_listing | ⚠️ 未找到类目 25725 的配置，跳过该商品
2026-04-30 14:02:30,075 | WARNING | auto_listing | ⚠️ 未找到类目 7228 的配置，跳过该商品
2026-04-30 14:02:30,076 | INFO | auto_listing | ✅ 找到类目 25692 的配置，包含 3 个属性
2026-04-30 14:02:30,076 | INFO | auto_listing | ✅ 找到类目 25692 的配置，包含 3 个属性
2026-04-30 14:02:30,076 | WARNING | auto_listing | ⚠️ 未找到类目 29716 的配置，跳过该商品
2026-04-30 14:02:30,077 | WARNING | auto_listing | ⚠️ 未找到类目 25689 的配置，跳过该商品
2026-04-30 14:02:30,078 | INFO | auto_listing | ✅ 找到类目 25692 的配置，包含 3 个属性
2026-04-30 14:02:30,078 | WARNING | auto_listing | ⚠️ 未找到类目 25696 的配置，跳过该商品
2026-04-30 14:02:30,079 | INFO | auto_listing | ✅ 找到类目 25692 的配置，包含 3 个属性
2026-04-30 14:02:30,079 | WARNING | auto_listing | ⚠️ 未找到类目 25466 的配置，跳过该商品
2026-04-30 14:02:30,080 | INFO | auto_listing | ✅ 找到类目 25692 的配置，包含 3 个属性
2026-04-30 14:02:30,080 | WARNING | auto_listing | ⚠️ 未找到类目 25674 的配置，跳过该商品
2026-04-30 14:02:30,080 | WARNING | auto_listing | ⚠️ 未找到类目 25689 的配置，跳过该商品
2026-04-30 14:02:30,081 | INFO | auto_listing | ✅ 找到类目 25692 的配置，包含 3 个属性
2026-04-30 14:02:30,081 | INFO | auto_listing | ✅ 找到类目 25692 的配置，包含 3 个属性
2026-04-30 14:02:30,081 | INFO | auto_listing | ✅ 找到类目 25692 的配置，包含 3 个属性
2026-04-30 14:02:30,081 | WARNING | auto_listing | ⚠️ 未找到类目 25696 的配置，跳过该商品
2026-04-30 14:02:30,081 | INFO | auto_listing | ✅ 找到类目 25692 的配置，包含 3 个属性
2026-04-30 14:02:30,081 | WARNING | auto_listing | ⚠️ 未找到类目 25694 的配置，跳过该商品
2026-04-30 14:02:30,083 | WARNING | auto_listing | ⚠️ 未找到类目 25602 的配置，跳过该商品
2026-04-30 14:02:30,083 | INFO | auto_listing | ✅ 找到类目 25692 的配置，包含 3 个属性
2026-04-30 14:02:30,083 | INFO | auto_listing | ✅ 找到类目 25692 的配置，包含 3 个属性
2026-04-30 14:02:30,083 | INFO | auto_listing | ✅ 找到类目 25733 的配置，包含 5 个属性
2026-04-30 14:02:30,083 | WARNING | auto_listing | ⚠️ 未找到类目 1125 的配置，跳过该商品
2026-04-30 14:02:30,083 | WARNING | auto_listing | ⚠️ 未找到类目 25694 的配置，跳过该商品
2026-04-30 14:02:30,084 | INFO | auto_listing | ✅ 找到类目 25692 的配置，包含 3 个属性
2026-04-30 14:02:30,084 | INFO | auto_listing | ✅ 找到类目 25692 的配置，包含 3 个属性
2026-04-30 14:02:30,084 | WARNING | auto_listing | ⚠️ 未找到类目 25688 的配置，跳过该商品
2026-04-30 14:02:30,084 | WARNING | auto_listing | ⚠️ 未找到类目 25696 的配置，跳过该商品
2026-04-30 14:02:30,085 | INFO | auto_listing | ✅ 找到类目 25692 的配置，包含 3 个属性
2026-04-30 14:02:30,085 | WARNING | auto_listing | ⚠️ 未找到类目 25696 的配置，跳过该商品
2026-04-30 14:02:30,085 | INFO | auto_listing | ✅ 找到类目 25692 的配置，包含 3 个属性
2026-04-30 14:02:30,085 | WARNING | auto_listing | ⚠️ 未找到类目 25628 的配置，跳过该商品
2026-04-30 14:02:30,086 | INFO | auto_listing | ✅ 找到类目 25692 的配置，包含 3 个属性
2026-04-30 14:02:30,086 | INFO | auto_listing | ✅ 找到类目 25692 的配置，包含 3 个属性
2026-04-30 14:02:30,086 | INFO | auto_listing | ✅ 找到类目 25692 的配置，包含 3 个属性
2026-04-30 14:02:30,086 | INFO | auto_listing | ✅ 找到类目 25744 的配置，包含 3 个属性
2026-04-30 14:02:30,086 | INFO | auto_listing | ✅ 找到类目 25739 的配置，包含 5 个属性
2026-04-30 14:02:30,086 | INFO | auto_listing | ✅ 找到类目 25692 的配置，包含 3 个属性
2026-04-30 14:02:30,086 | WARNING | auto_listing | ⚠️ 未找到类目 25696 的配置，跳过该商品
2026-04-30 14:02:30,086 | WARNING | auto_listing | ⚠️ 未找到类目 25696 的配置，跳过该商品
2026-04-30 14:02:30,087 | INFO | auto_listing | ✅ 找到类目 25692 的配置，包含 3 个属性
2026-04-30 14:02:30,087 | INFO | auto_listing | ✅ 找到类目 25692 的配置，包含 3 个属性
2026-04-30 14:02:30,087 | INFO | auto_listing | ✅ 找到类目 25692 的配置，包含 3 个属性
2026-04-30 14:02:30,087 | INFO | auto_listing | ✅ 找到类目 25692 的配置，包含 3 个属性
2026-04-30 14:02:30,087 | INFO | auto_listing | ✅ 找到类目 25692 的配置，包含 3 个属性
2026-04-30 14:02:30,087 | INFO | auto_listing | ✅ 找到类目 25692 的配置，包含 3 个属性
2026-04-30 14:02:30,087 | INFO | auto_listing | ✅ 找到类目 25692 的配置，包含 3 个属性
2026-04-30 14:02:30,087 | INFO | auto_listing | ✅ 找到类目 25692 的配置，包含 3 个属性
2026-04-30 14:02:30,087 | INFO | auto_listing | ✅ 找到类目 25692 的配置，包含 3 个属性
2026-04-30 14:02:30,087 | INFO | auto_listing | ✅ 找到类目 25692 的配置，包含 3 个属性
2026-04-30 14:02:30,087 | INFO | auto_listing | ✅ 找到类目 25692 的配置，包含 3 个属性
2026-04-30 14:02:30,087 | INFO | auto_listing | ✅ 找到类目 25737 的配置，包含 5 个属性
2026-04-30 14:02:30,087 | WARNING | auto_listing | ⚠️ 未找到类目 25696 的配置，跳过该商品
2026-04-30 14:02:30,088 | WARNING | auto_listing | ⚠️ 未找到类目 25696 的配置，跳过该商品
2026-04-30 14:02:30,088 | INFO | auto_listing | 当前采集箱共获取到 67 条数据
2026-04-30 14:02:30,088 | WARNING | auto_listing | ⚠️ 未找到类目 29716 的配置，跳过该商品
2026-04-30 14:02:30,088 | WARNING | auto_listing | 商品 601101526918763 类目 29716 无配置，跳过
2026-04-30 14:02:30,301 | INFO | auto_listing | 商品 601101526918763 重试次数: 3, 状态: failed
2026-04-30 14:02:30,301 | WARNING | auto_listing | ⚠️ 未找到类目 1214 的配置，跳过该商品
2026-04-30 14:02:30,302 | WARNING | auto_listing | 商品 601101613370227 类目 1214 无配置，跳过
2026-04-30 14:02:30,502 | INFO | auto_listing | 商品 601101613370227 重试次数: 3, 状态: failed
2026-04-30 14:02:30,503 | WARNING | auto_listing | ⚠️ 未找到类目 29488 的配置，跳过该商品
2026-04-30 14:02:30,503 | WARNING | auto_listing | 商品 601101658674356 类目 29488 无配置，跳过
2026-04-30 14:02:30,710 | INFO | auto_listing | 商品 601101658674356 重试次数: 3, 状态: failed
2026-04-30 14:02:30,710 | INFO | auto_listing | ✅ 找到类目 25692 的配置，包含 3 个属性
2026-04-30 14:02:30,711 | INFO | auto_listing | ✅ 找到类目 25692 的配置，包含 3 个属性
2026-04-30 14:02:30,711 | WARNING | auto_listing | ⚠️ 未找到类目 25694 的配置，跳过该商品
2026-04-30 14:02:30,711 | WARNING | auto_listing | 商品 601101206280029 类目 25694 无配置，跳过
2026-04-30 14:02:30,925 | INFO | auto_listing | 商品 601101206280029 重试次数: 3, 状态: failed
2026-04-30 14:02:30,925 | INFO | auto_listing | ✅ 找到类目 25705 的配置，包含 3 个属性
2026-04-30 14:02:30,925 | WARNING | auto_listing | ⚠️ 未找到类目 39153 的配置，跳过该商品
2026-04-30 14:02:30,925 | WARNING | auto_listing | 商品 601101832236124 类目 39153 无配置，跳过
2026-04-30 14:02:31,125 | INFO | auto_listing | 商品 601101832236124 重试次数: 3, 状态: failed
2026-04-30 14:02:31,126 | WARNING | auto_listing | ⚠️ 未找到类目 29716 的配置，跳过该商品
2026-04-30 14:02:31,126 | WARNING | auto_listing | 商品 601101804529319 类目 29716 无配置，跳过
2026-04-30 14:02:31,336 | INFO | auto_listing | 商品 601101804529319 重试次数: 3, 状态: failed
2026-04-30 14:02:31,337 | WARNING | auto_listing | ⚠️ 未找到类目 29488 的配置，跳过该商品
2026-04-30 14:02:31,337 | WARNING | auto_listing | 商品 601102203592705 类目 29488 无配置，跳过
2026-04-30 14:02:31,536 | INFO | auto_listing | 商品 601102203592705 重试次数: 3, 状态: failed
2026-04-30 14:02:31,537 | WARNING | auto_listing | ⚠️ 未找到类目 1322 的配置，跳过该商品
2026-04-30 14:02:31,537 | WARNING | auto_listing | 商品 601102328207484 类目 1322 无配置，跳过
2026-04-30 14:02:31,742 | INFO | auto_listing | 商品 601102328207484 重试次数: 3, 状态: failed
2026-04-30 14:02:31,743 | INFO | auto_listing | ✅ 找到类目 25733 的配置，包含 5 个属性
2026-04-30 14:02:31,744 | WARNING | auto_listing | ⚠️ 未找到类目 25725 的配置，跳过该商品
2026-04-30 14:02:31,744 | WARNING | auto_listing | 商品 601101789799069 类目 25725 无配置，跳过
2026-04-30 14:02:31,955 | INFO | auto_listing | 商品 601101789799069 重试次数: 4, 状态: failed
2026-04-30 14:02:31,955 | WARNING | auto_listing | ⚠️ 未找到类目 7228 的配置，跳过该商品
2026-04-30 14:02:31,956 | WARNING | auto_listing | 商品 601103168000229 类目 7228 无配置，跳过
2026-04-30 14:02:32,152 | INFO | auto_listing | 商品 601103168000229 重试次数: 4, 状态: failed
2026-04-30 14:02:32,152 | INFO | auto_listing | ✅ 找到类目 25692 的配置，包含 3 个属性
2026-04-30 14:02:32,152 | INFO | auto_listing | goods_id=601102913032837 未匹配到店铺组，跳过
2026-04-30 14:02:32,362 | INFO | auto_listing | 商品 601102913032837 重试次数: 2, 状态: failed
2026-04-30 14:02:32,362 | INFO | auto_listing | ✅ 找到类目 25692 的配置，包含 3 个属性
2026-04-30 14:02:32,363 | WARNING | auto_listing | ⚠️ 未找到类目 29716 的配置，跳过该商品
2026-04-30 14:02:32,363 | WARNING | auto_listing | 商品 601102422439756 类目 29716 无配置，跳过
2026-04-30 14:02:32,560 | INFO | auto_listing | 商品 601102422439756 重试次数: 4, 状态: failed
2026-04-30 14:02:32,560 | WARNING | auto_listing | ⚠️ 未找到类目 25689 的配置，跳过该商品
2026-04-30 14:02:32,560 | WARNING | auto_listing | 商品 601102640464666 类目 25689 无配置，跳过
2026-04-30 14:02:32,764 | INFO | auto_listing | 商品 601102640464666 重试次数: 4, 状态: failed
2026-04-30 14:02:32,764 | INFO | auto_listing | ✅ 找到类目 25692 的配置，包含 3 个属性
2026-04-30 14:02:32,764 | WARNING | auto_listing | ⚠️ 未找到类目 25696 的配置，跳过该商品
2026-04-30 14:02:32,764 | WARNING | auto_listing | 商品 601104295532506 类目 25696 无配置，跳过
2026-04-30 14:02:32,973 | INFO | auto_listing | 商品 601104295532506 重试次数: 4, 状态: failed
2026-04-30 14:02:32,973 | INFO | auto_listing | ✅ 找到类目 25692 的配置，包含 3 个属性
2026-04-30 14:02:32,973 | WARNING | auto_listing | ⚠️ 未找到类目 25466 的配置，跳过该商品
2026-04-30 14:02:32,973 | WARNING | auto_listing | 商品 601103608398824 类目 25466 无配置，跳过
2026-04-30 14:02:33,169 | INFO | auto_listing | 商品 601103608398824 重试次数: 4, 状态: failed
2026-04-30 14:02:33,170 | INFO | auto_listing | ✅ 找到类目 25692 的配置，包含 3 个属性
2026-04-30 14:02:33,170 | WARNING | auto_listing | ⚠️ 未找到类目 25674 的配置，跳过该商品
2026-04-30 14:02:33,170 | WARNING | auto_listing | 商品 601103410053445 类目 25674 无配置，跳过
2026-04-30 14:02:33,379 | INFO | auto_listing | 商品 601103410053445 重试次数: 4, 状态: failed
2026-04-30 14:02:33,380 | WARNING | auto_listing | ⚠️ 未找到类目 25689 的配置，跳过该商品
2026-04-30 14:02:33,381 | WARNING | auto_listing | 商品 601103399887973 类目 25689 无配置，跳过
2026-04-30 14:02:33,578 | INFO | auto_listing | 商品 601103399887973 重试次数: 4, 状态: failed
2026-04-30 14:02:33,578 | INFO | auto_listing | ✅ 找到类目 25692 的配置，包含 3 个属性
2026-04-30 14:02:33,579 | INFO | auto_listing | ✅ 找到类目 25692 的配置，包含 3 个属性
2026-04-30 14:02:33,579 | INFO | auto_listing | ✅ 找到类目 25692 的配置，包含 3 个属性
2026-04-30 14:02:33,579 | WARNING | auto_listing | ⚠️ 未找到类目 25696 的配置，跳过该商品
2026-04-30 14:02:33,579 | WARNING | auto_listing | 商品 605553325663769 类目 25696 无配置，跳过
2026-04-30 14:02:33,781 | INFO | auto_listing | 商品 605553325663769 重试次数: 4, 状态: failed
2026-04-30 14:02:33,782 | INFO | auto_listing | ✅ 找到类目 25692 的配置，包含 3 个属性
2026-04-30 14:02:33,783 | WARNING | auto_listing | ⚠️ 未找到类目 25694 的配置，跳过该商品
2026-04-30 14:02:33,783 | WARNING | auto_listing | 商品 601104764595538 类目 25694 无配置，跳过
2026-04-30 14:02:33,991 | INFO | auto_listing | 商品 601104764595538 重试次数: 4, 状态: failed
2026-04-30 14:02:33,991 | WARNING | auto_listing | ⚠️ 未找到类目 25602 的配置，跳过该商品
2026-04-30 14:02:33,992 | WARNING | auto_listing | 商品 601104994443435 类目 25602 无配置，跳过
2026-04-30 14:02:34,190 | INFO | auto_listing | 商品 601104994443435 重试次数: 4, 状态: failed
2026-04-30 14:02:34,190 | INFO | auto_listing | ✅ 找到类目 25692 的配置，包含 3 个属性
2026-04-30 14:02:34,191 | INFO | auto_listing | ✅ 找到类目 25692 的配置，包含 3 个属性
2026-04-30 14:02:34,191 | INFO | auto_listing | ✅ 找到类目 25733 的配置，包含 5 个属性
2026-04-30 14:02:34,191 | WARNING | auto_listing | ⚠️ 未找到类目 1125 的配置，跳过该商品
2026-04-30 14:02:34,192 | WARNING | auto_listing | 商品 601104472727157 类目 1125 无配置，跳过
2026-04-30 14:02:34,400 | INFO | auto_listing | 商品 601104472727157 重试次数: 4, 状态: failed
2026-04-30 14:02:34,401 | WARNING | auto_listing | ⚠️ 未找到类目 25694 的配置，跳过该商品
2026-04-30 14:02:34,401 | WARNING | auto_listing | 商品 601104379095505 类目 25694 无配置，跳过
2026-04-30 14:02:34,600 | INFO | auto_listing | 商品 601104379095505 重试次数: 4, 状态: failed
2026-04-30 14:02:34,601 | INFO | auto_listing | ✅ 找到类目 25692 的配置，包含 3 个属性
2026-04-30 14:02:34,601 | INFO | auto_listing | ✅ 找到类目 25692 的配置，包含 3 个属性
2026-04-30 14:02:34,601 | WARNING | auto_listing | ⚠️ 未找到类目 25688 的配置，跳过该商品
2026-04-30 14:02:34,602 | WARNING | auto_listing | 商品 601105767679249 类目 25688 无配置，跳过
2026-04-30 14:02:34,805 | INFO | auto_listing | 商品 601105767679249 重试次数: 4, 状态: failed
2026-04-30 14:02:34,806 | WARNING | auto_listing | ⚠️ 未找到类目 25696 的配置，跳过该商品
2026-04-30 14:02:34,806 | WARNING | auto_listing | 商品 601105346560871 类目 25696 无配置，跳过
2026-04-30 14:02:35,015 | INFO | auto_listing | 商品 601105346560871 重试次数: 4, 状态: failed
2026-04-30 14:02:35,015 | INFO | auto_listing | ✅ 找到类目 25692 的配置，包含 3 个属性
2026-04-30 14:02:35,015 | WARNING | auto_listing | ⚠️ 未找到类目 25696 的配置，跳过该商品
2026-04-30 14:02:35,015 | WARNING | auto_listing | 商品 605976547673945 类目 25696 无配置，跳过
2026-04-30 14:02:35,214 | INFO | auto_listing | 商品 605976547673945 重试次数: 4, 状态: failed
2026-04-30 14:02:35,215 | INFO | auto_listing | ✅ 找到类目 25692 的配置，包含 3 个属性
2026-04-30 14:02:35,215 | WARNING | auto_listing | ⚠️ 未找到类目 25628 的配置，跳过该商品
2026-04-30 14:02:35,216 | WARNING | auto_listing | 商品 606018490721490 类目 25628 无配置，跳过
2026-04-30 14:02:35,424 | INFO | auto_listing | 商品 606018490721490 重试次数: 4, 状态: failed
2026-04-30 14:02:35,424 | INFO | auto_listing | ✅ 找到类目 25692 的配置，包含 3 个属性
2026-04-30 14:02:35,425 | INFO | auto_listing | ✅ 找到类目 25692 的配置，包含 3 个属性
2026-04-30 14:02:35,425 | INFO | auto_listing | ✅ 找到类目 25692 的配置，包含 3 个属性
2026-04-30 14:02:35,425 | INFO | auto_listing | ✅ 找到类目 25744 的配置，包含 3 个属性
2026-04-30 14:02:35,425 | INFO | auto_listing | ✅ 找到类目 25739 的配置，包含 5 个属性
2026-04-30 14:02:35,426 | INFO | auto_listing | ✅ 找到类目 25692 的配置，包含 3 个属性
2026-04-30 14:02:35,426 | WARNING | auto_listing | ⚠️ 未找到类目 25696 的配置，跳过该商品
2026-04-30 14:02:35,426 | WARNING | auto_listing | 商品 605747907819464 类目 25696 无配置，跳过
2026-04-30 14:02:35,624 | INFO | auto_listing | 商品 605747907819464 重试次数: 4, 状态: failed
2026-04-30 14:02:35,624 | WARNING | auto_listing | ⚠️ 未找到类目 25696 的配置，跳过该商品
2026-04-30 14:02:35,625 | WARNING | auto_listing | 商品 605757437256810 类目 25696 无配置，跳过
2026-04-30 14:02:35,827 | INFO | auto_listing | 商品 605757437256810 重试次数: 4, 状态: failed
2026-04-30 14:02:35,828 | INFO | auto_listing | ✅ 找到类目 25692 的配置，包含 3 个属性
2026-04-30 14:02:35,828 | INFO | auto_listing | ✅ 找到类目 25692 的配置，包含 3 个属性
2026-04-30 14:02:35,828 | INFO | auto_listing | ✅ 找到类目 25692 的配置，包含 3 个属性
2026-04-30 14:02:35,828 | INFO | auto_listing | ✅ 找到类目 25692 的配置，包含 3 个属性
2026-04-30 14:02:35,828 | INFO | auto_listing | ✅ 找到类目 25692 的配置，包含 3 个属性
2026-04-30 14:02:35,828 | INFO | auto_listing | ✅ 找到类目 25692 的配置，包含 3 个属性
2026-04-30 14:02:35,828 | INFO | auto_listing | ✅ 找到类目 25692 的配置，包含 3 个属性
2026-04-30 14:02:35,828 | INFO | auto_listing | ✅ 找到类目 25692 的配置，包含 3 个属性
2026-04-30 14:02:35,829 | INFO | auto_listing | ✅ 找到类目 25692 的配置，包含 3 个属性
2026-04-30 14:02:35,829 | INFO | auto_listing | ✅ 找到类目 25692 的配置，包含 3 个属性
2026-04-30 14:02:35,829 | INFO | auto_listing | ✅ 找到类目 25692 的配置，包含 3 个属性
2026-04-30 14:02:35,829 | INFO | auto_listing | ✅ 找到类目 25737 的配置，包含 5 个属性
2026-04-30 14:02:35,829 | INFO | auto_listing | goods_id=606461006587684 未匹配到店铺组，跳过
2026-04-30 14:02:36,039 | INFO | auto_listing | 商品 606461006587684 重试次数: 4, 状态: failed
2026-04-30 14:02:36,040 | WARNING | auto_listing | ⚠️ 未找到类目 25696 的配置，跳过该商品
2026-04-30 14:02:36,040 | WARNING | auto_listing | 商品 601102549948625 类目 25696 无配置，跳过
2026-04-30 14:02:36,236 | INFO | auto_listing | 商品 601102549948625 重试次数: 5, 状态: failed
2026-04-30 14:02:36,236 | WARNING | auto_listing | ⚠️ 未找到类目 25696 的配置，跳过该商品
2026-04-30 14:02:36,236 | WARNING | auto_listing | 商品 601100818586176 类目 25696 无配置，跳过
2026-04-30 14:02:36,445 | INFO | auto_listing | 商品 601100818586176 重试次数: 5, 状态: failed
2026-04-30 14:02:36,446 | INFO | auto_listing | 准备处理 36 个商品 (无配置跳过: 29, 无映射跳过: 2)
2026-04-30 14:02:36,448 | INFO | auto_listing | 开始处理 goods_id=601101433181182, detail_id=2913493591, group_idx=6, shop_group=['8248902', '8248902', '8248832']
2026-04-30 14:02:36,452 | INFO | auto_listing | 开始处理 goods_id=601101330092643, detail_id=2913488727, group_idx=6, shop_group=['8248902', '8248902', '8248832']
2026-04-30 14:02:36,454 | INFO | auto_listing | 开始处理 goods_id=601101789828541, detail_id=2913483189, group_idx=6, shop_group=['8248902', '8248902', '8248832']
2026-04-30 14:02:37,074 | INFO | auto_listing | 2913483189: 选择店铺成功
2026-04-30 14:02:37,102 | INFO | auto_listing | 2913488727: 选择店铺成功
2026-04-30 14:02:37,193 | INFO | auto_listing | 2913493591: 选择店铺成功
2026-04-30 14:02:37,647 | INFO | auto_listing | 成功获取商品信息，商品ID: 601101789828541
2026-04-30 14:02:37,648 | INFO | auto_listing | ✅ 找到类目 25705 的配置，包含 3 个属性
2026-04-30 14:02:37,648 | INFO | auto_listing | 商品类目ID: 25705, 使用配置修改商品信息
2026-04-30 14:02:37,656 | INFO | auto_listing | 已将属性替换为配置中的 3 个属性
2026-04-30 14:02:37,656 | INFO | auto_listing | 保存商品信息，类目ID: 25705
2026-04-30 14:02:37,705 | INFO | auto_listing | 成功获取商品信息，商品ID: 601101330092643
2026-04-30 14:02:37,706 | INFO | auto_listing | ✅ 找到类目 25692 的配置，包含 3 个属性
2026-04-30 14:02:37,706 | INFO | auto_listing | 商品类目ID: 25692, 使用配置修改商品信息
2026-04-30 14:02:37,706 | INFO | auto_listing | 已将属性替换为配置中的 3 个属性
2026-04-30 14:02:37,706 | INFO | auto_listing | 保存商品信息，类目ID: 25692
2026-04-30 14:02:37,802 | INFO | auto_listing | 成功获取商品信息，商品ID: 601101433181182
2026-04-30 14:02:37,803 | INFO | auto_listing | ✅ 找到类目 25692 的配置，包含 3 个属性
2026-04-30 14:02:37,803 | INFO | auto_listing | 商品类目ID: 25692, 使用配置修改商品信息
2026-04-30 14:02:37,803 | INFO | auto_listing | 已将属性替换为配置中的 3 个属性
2026-04-30 14:02:37,803 | INFO | auto_listing | 保存商品信息，类目ID: 25692
2026-04-30 14:02:38,105 | INFO | auto_listing | 修改商品信息响应：{'result': 'fail', 'reason': '商详第2个文本模块长度限制为500字符'}
2026-04-30 14:02:38,105 | INFO | auto_listing | 失败记录已保存到 D:\sd14\Auto_Listing\data\publish_fails.jsonl
2026-04-30 14:02:38,105 | ERROR | auto_listing | 保存失败: 商详第2个文本模块长度限制为500字符
2026-04-30 14:02:38,106 | ERROR | auto_listing | 商品 601101789828541 保存失败: 商详第2个文本模块长度限制为500字符
2026-04-30 14:02:38,303 | INFO | auto_listing | 商品 601101789828541 重试次数: 3, 状态: failed
2026-04-30 14:02:38,304 | INFO | auto_listing | 开始处理 goods_id=601102345393340, detail_id=2913476714, group_idx=6, shop_group=['8248902', '8248902', '8248832']
2026-04-30 14:02:38,918 | INFO | auto_listing | 2913476714: 选择店铺成功
2026-04-30 14:02:38,988 | INFO | auto_listing | 修改商品信息响应：{'result': 'fail', 'reason': '该类目需要上传说明书，请上传后重试'}
2026-04-30 14:02:38,989 | INFO | auto_listing | 检测到需要添加说明书，正在添加说明书后重试...
2026-04-30 14:02:38,989 | INFO | auto_listing | ✅ 找到类目 25692 的配置，包含 3 个属性
2026-04-30 14:02:38,989 | INFO | auto_listing | 商品类目ID: 25692, 使用配置修改商品信息
2026-04-30 14:02:38,989 | INFO | auto_listing | 已将属性替换为配置中的 3 个属性
2026-04-30 14:02:38,989 | INFO | auto_listing | 已添加说明书URL
2026-04-30 14:02:38,989 | INFO | auto_listing | 保存商品信息，类目ID: 25692
2026-04-30 14:02:39,466 | INFO | auto_listing | 成功获取商品信息，商品ID: 601102345393340
2026-04-30 14:02:39,467 | INFO | auto_listing | ✅ 找到类目 25733 的配置，包含 5 个属性
2026-04-30 14:02:39,467 | INFO | auto_listing | 商品类目ID: 25733, 使用配置修改商品信息
2026-04-30 14:02:39,467 | INFO | auto_listing | 已将属性替换为配置中的 5 个属性
2026-04-30 14:02:39,467 | INFO | auto_listing | 保存商品信息，类目ID: 25733
2026-04-30 14:02:39,621 | INFO | auto_listing | 修改商品信息响应：{'result': 'success', 'debugGStat': []}
2026-04-30 14:02:39,622 | INFO | auto_listing | 添加说明书后保存成功
2026-04-30 14:02:40,068 | INFO | auto_listing | 修改商品信息响应：{'result': 'fail', 'reason': '该类目需要上传说明书，请上传后重试'}
2026-04-30 14:02:40,069 | INFO | auto_listing | 检测到需要添加说明书，正在添加说明书后重试...
2026-04-30 14:02:40,070 | INFO | auto_listing | ✅ 找到类目 25692 的配置，包含 3 个属性
2026-04-30 14:02:40,070 | INFO | auto_listing | 商品类目ID: 25692, 使用配置修改商品信息
2026-04-30 14:02:40,070 | INFO | auto_listing | 已将属性替换为配置中的 3 个属性
2026-04-30 14:02:40,070 | INFO | auto_listing | 已添加说明书URL
2026-04-30 14:02:40,071 | INFO | auto_listing | 保存商品信息，类目ID: 25692
2026-04-30 14:02:40,353 | INFO | auto_listing | 2913493591: 发布成功
2026-04-30 14:02:40,462 | INFO | auto_listing | ✅ 完成 goods_id=601101433181182 的整套流程
2026-04-30 14:02:40,463 | INFO | auto_listing | 开始处理 goods_id=601102487403091, detail_id=2913442152, group_idx=6, shop_group=['8248902', '8248902', '8248832']
2026-04-30 14:02:40,889 | INFO | auto_listing | 修改商品信息响应：{'result': 'success', 'debugGStat': []}
2026-04-30 14:02:40,889 | INFO | auto_listing | 添加说明书后保存成功
2026-04-30 14:02:40,923 | INFO | auto_listing | 修改商品信息响应：{'result': 'success', 'debugGStat': []}
2026-04-30 14:02:41,633 | INFO | auto_listing | 2913442152: 选择店铺成功
2026-04-30 14:02:41,836 | INFO | auto_listing | 2913488727: 发布成功
2026-04-30 14:02:41,939 | INFO | auto_listing | ✅ 完成 goods_id=601101330092643 的整套流程
2026-04-30 14:02:41,940 | INFO | auto_listing | 开始处理 goods_id=601102700048315, detail_id=2913423150, group_idx=5, shop_group=['8371473', '9262177', '6726588']
2026-04-30 14:02:42,140 | INFO | auto_listing | 2913476714: 发布成功
2026-04-30 14:02:42,248 | INFO | auto_listing | ✅ 完成 goods_id=601102345393340 的整套流程
2026-04-30 14:02:42,248 | INFO | auto_listing | 开始处理 goods_id=601103831086023, detail_id=2913414455, group_idx=5, shop_group=['8371473', '9262177', '6726588']
2026-04-30 14:02:42,253 | INFO | auto_listing | 成功获取商品信息，商品ID: 601102487403091
2026-04-30 14:02:42,253 | INFO | auto_listing | ✅ 找到类目 25692 的配置，包含 3 个属性
2026-04-30 14:02:42,253 | INFO | auto_listing | 商品类目ID: 25692, 使用配置修改商品信息
2026-04-30 14:02:42,253 | INFO | auto_listing | 已将属性替换为配置中的 3 个属性
2026-04-30 14:02:42,253 | INFO | auto_listing | 保存商品信息，类目ID: 25692
2026-04-30 14:02:42,565 | INFO | auto_listing | 2913423150: 选择店铺成功
2026-04-30 14:02:42,706 | INFO | auto_listing | 修改商品信息响应：{'result': 'fail', 'reason': '该类目需要上传说明书，请上传后重试'}
2026-04-30 14:02:42,706 | INFO | auto_listing | 检测到需要添加说明书，正在添加说明书后重试...
2026-04-30 14:02:42,707 | INFO | auto_listing | ✅ 找到类目 25692 的配置，包含 3 个属性
2026-04-30 14:02:42,707 | INFO | auto_listing | 商品类目ID: 25692, 使用配置修改商品信息
2026-04-30 14:02:42,707 | INFO | auto_listing | 已将属性替换为配置中的 3 个属性
2026-04-30 14:02:42,707 | INFO | auto_listing | 已添加说明书URL
2026-04-30 14:02:42,707 | INFO | auto_listing | 保存商品信息，类目ID: 25692
2026-04-30 14:02:42,864 | INFO | auto_listing | 2913414455: 选择店铺成功
2026-04-30 14:02:43,144 | INFO | auto_listing | 成功获取商品信息，商品ID: 601102700048315
2026-04-30 14:02:43,145 | INFO | auto_listing | ✅ 找到类目 25692 的配置，包含 3 个属性
2026-04-30 14:02:43,145 | INFO | auto_listing | 商品类目ID: 25692, 使用配置修改商品信息
2026-04-30 14:02:43,145 | INFO | auto_listing | 已将属性替换为配置中的 3 个属性
2026-04-30 14:02:43,145 | INFO | auto_listing | 保存商品信息，类目ID: 25692
2026-04-30 14:02:43,303 | INFO | auto_listing | 修改商品信息响应：{'result': 'success', 'debugGStat': []}
2026-04-30 14:02:43,303 | INFO | auto_listing | 添加说明书后保存成功
2026-04-30 14:02:43,423 | INFO | auto_listing | 成功获取商品信息，商品ID: 601103831086023
2026-04-30 14:02:43,424 | INFO | auto_listing | ✅ 找到类目 25692 的配置，包含 3 个属性
2026-04-30 14:02:43,424 | INFO | auto_listing | 商品类目ID: 25692, 使用配置修改商品信息
2026-04-30 14:02:43,424 | INFO | auto_listing | 已将属性替换为配置中的 3 个属性
2026-04-30 14:02:43,424 | INFO | auto_listing | 保存商品信息，类目ID: 25692
2026-04-30 14:02:43,590 | INFO | auto_listing | 修改商品信息响应：{'result': 'fail', 'reason': '该类目需要上传说明书，请上传后重试'}
2026-04-30 14:02:43,590 | INFO | auto_listing | 检测到需要添加说明书，正在添加说明书后重试...
2026-04-30 14:02:43,590 | INFO | auto_listing | ✅ 找到类目 25692 的配置，包含 3 个属性
2026-04-30 14:02:43,590 | INFO | auto_listing | 商品类目ID: 25692, 使用配置修改商品信息
2026-04-30 14:02:43,590 | INFO | auto_listing | 已将属性替换为配置中的 3 个属性
2026-04-30 14:02:43,590 | INFO | auto_listing | 已添加说明书URL
2026-04-30 14:02:43,591 | INFO | auto_listing | 保存商品信息，类目ID: 25692
2026-04-30 14:02:43,881 | INFO | auto_listing | 修改商品信息响应：{'result': 'fail', 'reason': '该类目需要上传说明书，请上传后重试'}
2026-04-30 14:02:43,881 | INFO | auto_listing | 检测到需要添加说明书，正在添加说明书后重试...
2026-04-30 14:02:43,883 | INFO | auto_listing | ✅ 找到类目 25692 的配置，包含 3 个属性
2026-04-30 14:02:43,883 | INFO | auto_listing | 商品类目ID: 25692, 使用配置修改商品信息
2026-04-30 14:02:43,883 | INFO | auto_listing | 已将属性替换为配置中的 3 个属性
2026-04-30 14:02:43,883 | INFO | auto_listing | 已添加说明书URL
2026-04-30 14:02:43,883 | INFO | auto_listing | 保存商品信息，类目ID: 25692
2026-04-30 14:02:44,049 | INFO | auto_listing | 2913442152: 发布成功
2026-04-30 14:02:44,151 | INFO | auto_listing | ✅ 完成 goods_id=601102487403091 的整套流程
2026-04-30 14:02:44,152 | INFO | auto_listing | 开始处理 goods_id=601103546376586, detail_id=2913409665, group_idx=5, shop_group=['8371473', '9262177', '6726588']
2026-04-30 14:02:44,186 | INFO | auto_listing | 修改商品信息响应：{'result': 'success', 'debugGStat': []}
2026-04-30 14:02:44,187 | INFO | auto_listing | 添加说明书后保存成功
2026-04-30 14:02:44,532 | INFO | auto_listing | 修改商品信息响应：{'result': 'success', 'debugGStat': []}
2026-04-30 14:02:44,533 | INFO | auto_listing | 添加说明书后保存成功
2026-04-30 14:02:44,740 | INFO | auto_listing | 2913409665: 选择店铺成功
2026-04-30 14:02:45,091 | INFO | auto_listing | 2913423150: 发布成功
2026-04-30 14:02:45,190 | INFO | auto_listing | ✅ 完成 goods_id=601102700048315 的整套流程
2026-04-30 14:02:45,190 | INFO | auto_listing | 开始处理 goods_id=601104842397626, detail_id=2913397250, group_idx=5, shop_group=['8371473', '9262177', '6726588']
2026-04-30 14:02:45,276 | INFO | auto_listing | 2913414455: 发布成功
2026-04-30 14:02:45,379 | INFO | auto_listing | ✅ 完成 goods_id=601103831086023 的整套流程
2026-04-30 14:02:45,379 | INFO | auto_listing | 开始处理 goods_id=601104862878543, detail_id=2913396077, group_idx=5, shop_group=['8371473', '9262177', '6726588']
2026-04-30 14:02:45,386 | INFO | auto_listing | 成功获取商品信息，商品ID: 601103546376586
2026-04-30 14:02:45,386 | INFO | auto_listing | ✅ 找到类目 25692 的配置，包含 3 个属性
2026-04-30 14:02:45,387 | INFO | auto_listing | 商品类目ID: 25692, 使用配置修改商品信息
2026-04-30 14:02:45,387 | INFO | auto_listing | 已将属性替换为配置中的 3 个属性
2026-04-30 14:02:45,387 | INFO | auto_listing | 保存商品信息，类目ID: 25692
2026-04-30 14:02:45,824 | INFO | auto_listing | 修改商品信息响应：{'result': 'fail', 'reason': '该类目需要上传说明书，请上传后重试'}
2026-04-30 14:02:45,824 | INFO | auto_listing | 检测到需要添加说明书，正在添加说明书后重试...
2026-04-30 14:02:45,825 | INFO | auto_listing | ✅ 找到类目 25692 的配置，包含 3 个属性
2026-04-30 14:02:45,825 | INFO | auto_listing | 商品类目ID: 25692, 使用配置修改商品信息
2026-04-30 14:02:45,826 | INFO | auto_listing | 已将属性替换为配置中的 3 个属性
2026-04-30 14:02:45,826 | INFO | auto_listing | 已添加说明书URL
2026-04-30 14:02:45,827 | INFO | auto_listing | 保存商品信息，类目ID: 25692
2026-04-30 14:02:45,885 | INFO | auto_listing | 2913397250: 选择店铺成功
2026-04-30 14:02:45,976 | INFO | auto_listing | 2913396077: 选择店铺成功
2026-04-30 14:02:46,396 | INFO | auto_listing | 修改商品信息响应：{'result': 'success', 'debugGStat': []}
2026-04-30 14:02:46,396 | INFO | auto_listing | 添加说明书后保存成功
2026-04-30 14:02:46,463 | INFO | auto_listing | 成功获取商品信息，商品ID: 601104842397626
2026-04-30 14:02:46,464 | INFO | auto_listing | ✅ 找到类目 25692 的配置，包含 3 个属性
2026-04-30 14:02:46,464 | INFO | auto_listing | 商品类目ID: 25692, 使用配置修改商品信息
2026-04-30 14:02:46,464 | INFO | auto_listing | 已将属性替换为配置中的 3 个属性
2026-04-30 14:02:46,465 | INFO | auto_listing | 保存商品信息，类目ID: 25692
2026-04-30 14:02:46,514 | INFO | auto_listing | 成功获取商品信息，商品ID: 601104862878543
2026-04-30 14:02:46,515 | INFO | auto_listing | ✅ 找到类目 25692 的配置，包含 3 个属性
2026-04-30 14:02:46,515 | INFO | auto_listing | 商品类目ID: 25692, 使用配置修改商品信息
2026-04-30 14:02:46,515 | INFO | auto_listing | 已将属性替换为配置中的 3 个属性
2026-04-30 14:02:46,515 | INFO | auto_listing | 保存商品信息，类目ID: 25692
2026-04-30 14:02:46,908 | INFO | auto_listing | 修改商品信息响应：{'result': 'fail', 'reason': '该类目需要上传说明书，请上传后重试'}
2026-04-30 14:02:46,908 | INFO | auto_listing | 检测到需要添加说明书，正在添加说明书后重试...
2026-04-30 14:02:46,910 | INFO | auto_listing | ✅ 找到类目 25692 的配置，包含 3 个属性
2026-04-30 14:02:46,910 | INFO | auto_listing | 商品类目ID: 25692, 使用配置修改商品信息
2026-04-30 14:02:46,910 | INFO | auto_listing | 已将属性替换为配置中的 3 个属性
2026-04-30 14:02:46,910 | INFO | auto_listing | 已添加说明书URL
2026-04-30 14:02:46,911 | INFO | auto_listing | 保存商品信息，类目ID: 25692
2026-04-30 14:02:46,986 | INFO | auto_listing | 修改商品信息响应：{'result': 'fail', 'reason': '该类目需要上传说明书，请上传后重试'}
2026-04-30 14:02:46,986 | INFO | auto_listing | 检测到需要添加说明书，正在添加说明书后重试...
2026-04-30 14:02:46,987 | INFO | auto_listing | ✅ 找到类目 25692 的配置，包含 3 个属性
2026-04-30 14:02:46,987 | INFO | auto_listing | 商品类目ID: 25692, 使用配置修改商品信息
2026-04-30 14:02:46,987 | INFO | auto_listing | 已将属性替换为配置中的 3 个属性
2026-04-30 14:02:46,988 | INFO | auto_listing | 已添加说明书URL
2026-04-30 14:02:46,988 | INFO | auto_listing | 保存商品信息，类目ID: 25692
2026-04-30 14:02:47,345 | INFO | auto_listing | 2913409665: 发布成功
2026-04-30 14:02:47,450 | INFO | auto_listing | ✅ 完成 goods_id=601103546376586 的整套流程
2026-04-30 14:02:47,451 | INFO | auto_listing | 开始处理 goods_id=601104896704131, detail_id=2913395976, group_idx=5, shop_group=['8371473', '9262177', '6726588']
2026-04-30 14:02:47,535 | INFO | auto_listing | 修改商品信息响应：{'result': 'success', 'debugGStat': []}
2026-04-30 14:02:47,536 | INFO | auto_listing | 添加说明书后保存成功
2026-04-30 14:02:47,623 | INFO | auto_listing | 修改商品信息响应：{'result': 'success', 'debugGStat': []}
2026-04-30 14:02:47,623 | INFO | auto_listing | 添加说明书后保存成功
2026-04-30 14:02:48,133 | INFO | auto_listing | 2913395976: 选择店铺成功
2026-04-30 14:02:48,382 | INFO | auto_listing | 2913396077: 发布成功
2026-04-30 14:02:48,491 | INFO | auto_listing | ✅ 完成 goods_id=601104862878543 的整套流程
2026-04-30 14:02:48,492 | INFO | auto_listing | 开始处理 goods_id=605626306502621, detail_id=2913394248, group_idx=5, shop_group=['8371473', '9262177', '6726588']
2026-04-30 14:02:48,498 | INFO | auto_listing | 2913397250: 发布成功
2026-04-30 14:02:48,600 | INFO | auto_listing | ✅ 完成 goods_id=601104842397626 的整套流程
2026-04-30 14:02:48,600 | INFO | auto_listing | 开始处理 goods_id=601104626131437, detail_id=2913379216, group_idx=4, shop_group=['8248727', '8369148', '7790171']
2026-04-30 14:02:48,703 | INFO | auto_listing | 成功获取商品信息，商品ID: 601104896704131
2026-04-30 14:02:48,703 | INFO | auto_listing | ✅ 找到类目 25692 的配置，包含 3 个属性
2026-04-30 14:02:48,703 | INFO | auto_listing | 商品类目ID: 25692, 使用配置修改商品信息
2026-04-30 14:02:48,703 | INFO | auto_listing | 已将属性替换为配置中的 3 个属性
2026-04-30 14:02:48,703 | INFO | auto_listing | 保存商品信息，类目ID: 25692
2026-04-30 14:02:49,184 | INFO | auto_listing | 修改商品信息响应：{'result': 'fail', 'reason': '该类目需要上传说明书，请上传后重试'}
2026-04-30 14:02:49,184 | INFO | auto_listing | 检测到需要添加说明书，正在添加说明书后重试...
2026-04-30 14:02:49,185 | INFO | auto_listing | ✅ 找到类目 25692 的配置，包含 3 个属性
2026-04-30 14:02:49,185 | INFO | auto_listing | 商品类目ID: 25692, 使用配置修改商品信息
2026-04-30 14:02:49,185 | INFO | auto_listing | 已将属性替换为配置中的 3 个属性
2026-04-30 14:02:49,185 | INFO | auto_listing | 已添加说明书URL
2026-04-30 14:02:49,185 | INFO | auto_listing | 保存商品信息，类目ID: 25692
2026-04-30 14:02:49,235 | INFO | auto_listing | 2913394248: 选择店铺成功
2026-04-30 14:02:49,308 | INFO | auto_listing | 2913379216: 选择店铺成功
2026-04-30 14:02:49,779 | INFO | auto_listing | 修改商品信息响应：{'result': 'success', 'debugGStat': []}
2026-04-30 14:02:49,779 | INFO | auto_listing | 添加说明书后保存成功
2026-04-30 14:02:49,828 | INFO | auto_listing | 成功获取商品信息，商品ID: 605626306502621
2026-04-30 14:02:49,829 | INFO | auto_listing | ✅ 找到类目 25692 的配置，包含 3 个属性
2026-04-30 14:02:49,829 | INFO | auto_listing | 商品类目ID: 25692, 使用配置修改商品信息
2026-04-30 14:02:49,829 | INFO | auto_listing | 已将属性替换为配置中的 3 个属性
2026-04-30 14:02:49,830 | INFO | auto_listing | 保存商品信息，类目ID: 25692
2026-04-30 14:02:49,877 | INFO | auto_listing | 成功获取商品信息，商品ID: 601104626131437
2026-04-30 14:02:49,877 | INFO | auto_listing | ✅ 找到类目 25692 的配置，包含 3 个属性
2026-04-30 14:02:49,877 | INFO | auto_listing | 商品类目ID: 25692, 使用配置修改商品信息
2026-04-30 14:02:49,878 | INFO | auto_listing | 已将属性替换为配置中的 3 个属性
2026-04-30 14:02:49,878 | INFO | auto_listing | 保存商品信息，类目ID: 25692
2026-04-30 14:02:50,276 | INFO | auto_listing | 修改商品信息响应：{'result': 'fail', 'reason': '该类目需要上传说明书，请上传后重试'}
2026-04-30 14:02:50,276 | INFO | auto_listing | 检测到需要添加说明书，正在添加说明书后重试...
2026-04-30 14:02:50,277 | INFO | auto_listing | ✅ 找到类目 25692 的配置，包含 3 个属性
2026-04-30 14:02:50,277 | INFO | auto_listing | 商品类目ID: 25692, 使用配置修改商品信息
2026-04-30 14:02:50,277 | INFO | auto_listing | 已将属性替换为配置中的 3 个属性
2026-04-30 14:02:50,277 | INFO | auto_listing | 已添加说明书URL
2026-04-30 14:02:50,277 | INFO | auto_listing | 保存商品信息，类目ID: 25692
2026-04-30 14:02:50,295 | INFO | auto_listing | 修改商品信息响应：{'result': 'fail', 'reason': '该类目需要上传说明书，请上传后重试'}
2026-04-30 14:02:50,295 | INFO | auto_listing | 检测到需要添加说明书，正在添加说明书后重试...
2026-04-30 14:02:50,296 | INFO | auto_listing | ✅ 找到类目 25692 的配置，包含 3 个属性
2026-04-30 14:02:50,296 | INFO | auto_listing | 商品类目ID: 25692, 使用配置修改商品信息
2026-04-30 14:02:50,296 | INFO | auto_listing | 已将属性替换为配置中的 3 个属性
2026-04-30 14:02:50,296 | INFO | auto_listing | 已添加说明书URL
2026-04-30 14:02:50,296 | INFO | auto_listing | 保存商品信息，类目ID: 25692
2026-04-30 14:02:50,555 | INFO | auto_listing | 2913395976: 发布成功
2026-04-30 14:02:50,655 | INFO | auto_listing | ✅ 完成 goods_id=601104896704131 的整套流程
2026-04-30 14:02:50,655 | INFO | auto_listing | 开始处理 goods_id=601104576631236, detail_id=2913379119, group_idx=4, shop_group=['8248727', '8369148', '7790171']
2026-04-30 14:02:50,869 | INFO | auto_listing | 修改商品信息响应：{'result': 'success', 'debugGStat': []}
2026-04-30 14:02:50,869 | INFO | auto_listing | 添加说明书后保存成功
2026-04-30 14:02:50,883 | INFO | auto_listing | 修改商品信息响应：{'result': 'success', 'debugGStat': []}
2026-04-30 14:02:50,883 | INFO | auto_listing | 添加说明书后保存成功
2026-04-30 14:02:51,241 | INFO | auto_listing | 2913379119: 选择店铺成功
2026-04-30 14:02:51,786 | INFO | auto_listing | 成功获取商品信息，商品ID: 601104576631236
2026-04-30 14:02:51,787 | INFO | auto_listing | ✅ 找到类目 25692 的配置，包含 3 个属性
2026-04-30 14:02:51,787 | INFO | auto_listing | 商品类目ID: 25692, 使用配置修改商品信息
2026-04-30 14:02:51,787 | INFO | auto_listing | 已将属性替换为配置中的 3 个属性
2026-04-30 14:02:51,787 | INFO | auto_listing | 保存商品信息，类目ID: 25692
2026-04-30 14:02:51,795 | INFO | auto_listing | 2913394248: 发布成功
2026-04-30 14:02:51,897 | INFO | auto_listing | ✅ 完成 goods_id=605626306502621 的整套流程
2026-04-30 14:02:51,897 | INFO | auto_listing | 开始处理 goods_id=601104478971065, detail_id=2913377356, group_idx=3, shop_group=['8368031', '8246006', '8625842']
2026-04-30 14:02:51,901 | INFO | auto_listing | 2913379216: 发布成功
2026-04-30 14:02:52,004 | INFO | auto_listing | ✅ 完成 goods_id=601104626131437 的整套流程
2026-04-30 14:02:52,004 | INFO | auto_listing | 开始处理 goods_id=601105616015348, detail_id=2913351265, group_idx=3, shop_group=['8368031', '8246006', '8625842']
2026-04-30 14:02:52,380 | INFO | auto_listing | 修改商品信息响应：{'result': 'fail', 'reason': '该类目需要上传说明书，请上传后重试'}
2026-04-30 14:02:52,381 | INFO | auto_listing | 检测到需要添加说明书，正在添加说明书后重试...
2026-04-30 14:02:52,381 | INFO | auto_listing | ✅ 找到类目 25692 的配置，包含 3 个属性
2026-04-30 14:02:52,381 | INFO | auto_listing | 商品类目ID: 25692, 使用配置修改商品信息
2026-04-30 14:02:52,381 | INFO | auto_listing | 已将属性替换为配置中的 3 个属性
2026-04-30 14:02:52,381 | INFO | auto_listing | 已添加说明书URL
2026-04-30 14:02:52,382 | INFO | auto_listing | 保存商品信息，类目ID: 25692
2026-04-30 14:02:52,632 | INFO | auto_listing | 2913377356: 选择店铺成功
2026-04-30 14:02:52,726 | INFO | auto_listing | 2913351265: 选择店铺成功
2026-04-30 14:02:52,936 | INFO | auto_listing | 修改商品信息响应：{'result': 'success', 'debugGStat': []}
2026-04-30 14:02:52,936 | INFO | auto_listing | 添加说明书后保存成功
2026-04-30 14:02:53,191 | INFO | auto_listing | 成功获取商品信息，商品ID: 601104478971065
2026-04-30 14:02:53,192 | INFO | auto_listing | ✅ 找到类目 25733 的配置，包含 5 个属性
2026-04-30 14:02:53,193 | INFO | auto_listing | 商品类目ID: 25733, 使用配置修改商品信息
2026-04-30 14:02:53,193 | INFO | auto_listing | 已将属性替换为配置中的 5 个属性
2026-04-30 14:02:53,193 | INFO | auto_listing | 保存商品信息，类目ID: 25733
2026-04-30 14:02:53,288 | INFO | auto_listing | 成功获取商品信息，商品ID: 601105616015348
2026-04-30 14:02:53,289 | INFO | auto_listing | ✅ 找到类目 25692 的配置，包含 3 个属性
2026-04-30 14:02:53,289 | INFO | auto_listing | 商品类目ID: 25692, 使用配置修改商品信息
2026-04-30 14:02:53,289 | INFO | auto_listing | 已将属性替换为配置中的 3 个属性
2026-04-30 14:02:53,290 | INFO | auto_listing | 保存商品信息，类目ID: 25692
2026-04-30 14:02:53,737 | INFO | auto_listing | 修改商品信息响应：{'result': 'fail', 'reason': '该类目需要上传说明书，请上传后重试'}
2026-04-30 14:02:53,737 | INFO | auto_listing | 检测到需要添加说明书，正在添加说明书后重试...
2026-04-30 14:02:53,737 | INFO | auto_listing | ✅ 找到类目 25692 的配置，包含 3 个属性
2026-04-30 14:02:53,737 | INFO | auto_listing | 商品类目ID: 25692, 使用配置修改商品信息
2026-04-30 14:02:53,738 | INFO | auto_listing | 已将属性替换为配置中的 3 个属性
2026-04-30 14:02:53,738 | INFO | auto_listing | 已添加说明书URL
2026-04-30 14:02:53,738 | INFO | auto_listing | 保存商品信息，类目ID: 25692
2026-04-30 14:02:53,746 | INFO | auto_listing | 修改商品信息响应：{'result': 'success', 'debugGStat': []}
2026-04-30 14:02:53,958 | INFO | auto_listing | 2913379119: 发布成功
2026-04-30 14:02:54,068 | INFO | auto_listing | ✅ 完成 goods_id=601104576631236 的整套流程
2026-04-30 14:02:54,068 | INFO | auto_listing | 开始处理 goods_id=601105469658085, detail_id=2913349188, group_idx=3, shop_group=['8368031', '8246006', '8625842']
2026-04-30 14:02:54,304 | INFO | auto_listing | 修改商品信息响应：{'result': 'success', 'debugGStat': []}
2026-04-30 14:02:54,304 | INFO | auto_listing | 添加说明书后保存成功
2026-04-30 14:02:54,636 | INFO | auto_listing | 2913377356: 发布成功
2026-04-30 14:02:54,740 | INFO | auto_listing | ✅ 完成 goods_id=601104478971065 的整套流程
2026-04-30 14:02:54,741 | INFO | auto_listing | 开始处理 goods_id=605979903104153, detail_id=2913329629, group_idx=2, shop_group=['4720369', '6666485']
2026-04-30 14:02:54,745 | INFO | auto_listing | 2913349188: 选择店铺成功
2026-04-30 14:02:55,088 | INFO | auto_listing | 2913351265: 发布成功
2026-04-30 14:02:55,189 | INFO | auto_listing | ✅ 完成 goods_id=601105616015348 的整套流程
2026-04-30 14:02:55,189 | INFO | auto_listing | 开始处理 goods_id=605896151261999, detail_id=2913327820, group_idx=2, shop_group=['4720369', '6666485']
2026-04-30 14:02:55,348 | INFO | auto_listing | 成功获取商品信息，商品ID: 601105469658085
2026-04-30 14:02:55,349 | INFO | auto_listing | ✅ 找到类目 25692 的配置，包含 3 个属性
2026-04-30 14:02:55,349 | INFO | auto_listing | 商品类目ID: 25692, 使用配置修改商品信息
2026-04-30 14:02:55,349 | INFO | auto_listing | 已将属性替换为配置中的 3 个属性
2026-04-30 14:02:55,349 | INFO | auto_listing | 保存商品信息，类目ID: 25692
2026-04-30 14:02:55,350 | INFO | auto_listing | 2913329629: 选择店铺成功
2026-04-30 14:02:55,797 | INFO | auto_listing | 修改商品信息响应：{'result': 'fail', 'reason': '该类目需要上传说明书，请上传后重试'}
2026-04-30 14:02:55,797 | INFO | auto_listing | 检测到需要添加说明书，正在添加说明书后重试...
2026-04-30 14:02:55,798 | INFO | auto_listing | ✅ 找到类目 25692 的配置，包含 3 个属性
2026-04-30 14:02:55,798 | INFO | auto_listing | 商品类目ID: 25692, 使用配置修改商品信息
2026-04-30 14:02:55,798 | INFO | auto_listing | 已将属性替换为配置中的 3 个属性
2026-04-30 14:02:55,798 | INFO | auto_listing | 已添加说明书URL
2026-04-30 14:02:55,799 | INFO | auto_listing | 保存商品信息，类目ID: 25692
2026-04-30 14:02:55,886 | INFO | auto_listing | 2913327820: 选择店铺成功
2026-04-30 14:02:55,897 | INFO | auto_listing | 成功获取商品信息，商品ID: 605979903104153
2026-04-30 14:02:55,898 | INFO | auto_listing | ✅ 找到类目 25692 的配置，包含 3 个属性
2026-04-30 14:02:55,898 | INFO | auto_listing | 商品类目ID: 25692, 使用配置修改商品信息
2026-04-30 14:02:55,898 | INFO | auto_listing | 已将属性替换为配置中的 3 个属性
2026-04-30 14:02:55,898 | INFO | auto_listing | 保存商品信息，类目ID: 25692
2026-04-30 14:02:56,329 | INFO | auto_listing | 修改商品信息响应：{'result': 'fail', 'reason': '该类目需要上传说明书，请上传后重试'}
2026-04-30 14:02:56,329 | INFO | auto_listing | 检测到需要添加说明书，正在添加说明书后重试...
2026-04-30 14:02:56,331 | INFO | auto_listing | ✅ 找到类目 25692 的配置，包含 3 个属性
2026-04-30 14:02:56,331 | INFO | auto_listing | 商品类目ID: 25692, 使用配置修改商品信息
2026-04-30 14:02:56,331 | INFO | auto_listing | 已将属性替换为配置中的 3 个属性
2026-04-30 14:02:56,331 | INFO | auto_listing | 已添加说明书URL
2026-04-30 14:02:56,332 | INFO | auto_listing | 保存商品信息，类目ID: 25692
2026-04-30 14:02:56,383 | INFO | auto_listing | 修改商品信息响应：{'result': 'success', 'debugGStat': []}
2026-04-30 14:02:56,383 | INFO | auto_listing | 添加说明书后保存成功
2026-04-30 14:02:56,430 | INFO | auto_listing | 成功获取商品信息，商品ID: 605896151261999
2026-04-30 14:02:56,430 | INFO | auto_listing | ✅ 找到类目 25692 的配置，包含 3 个属性
2026-04-30 14:02:56,430 | INFO | auto_listing | 商品类目ID: 25692, 使用配置修改商品信息
2026-04-30 14:02:56,430 | INFO | auto_listing | 已将属性替换为配置中的 3 个属性
2026-04-30 14:02:56,431 | INFO | auto_listing | 保存商品信息，类目ID: 25692
2026-04-30 14:02:56,874 | INFO | auto_listing | 修改商品信息响应：{'result': 'success', 'debugGStat': []}
2026-04-30 14:02:56,875 | INFO | auto_listing | 添加说明书后保存成功
2026-04-30 14:02:56,877 | INFO | auto_listing | 修改商品信息响应：{'result': 'fail', 'reason': '该类目需要上传说明书，请上传后重试'}
2026-04-30 14:02:56,877 | INFO | auto_listing | 检测到需要添加说明书，正在添加说明书后重试...
2026-04-30 14:02:56,878 | INFO | auto_listing | ✅ 找到类目 25692 的配置，包含 3 个属性
2026-04-30 14:02:56,878 | INFO | auto_listing | 商品类目ID: 25692, 使用配置修改商品信息
2026-04-30 14:02:56,878 | INFO | auto_listing | 已将属性替换为配置中的 3 个属性
2026-04-30 14:02:56,878 | INFO | auto_listing | 已添加说明书URL
2026-04-30 14:02:56,879 | INFO | auto_listing | 保存商品信息，类目ID: 25692
2026-04-30 14:02:57,072 | INFO | auto_listing | 2913349188: 发布成功
2026-04-30 14:02:57,175 | INFO | auto_listing | ✅ 完成 goods_id=601105469658085 的整套流程
2026-04-30 14:02:57,175 | INFO | auto_listing | 开始处理 goods_id=606079626915819, detail_id=2913324958, group_idx=2, shop_group=['4720369', '6666485']
2026-04-30 14:02:57,495 | INFO | auto_listing | 修改商品信息响应：{'result': 'success', 'debugGStat': []}
2026-04-30 14:02:57,495 | INFO | auto_listing | 添加说明书后保存成功
2026-04-30 14:02:57,553 | INFO | auto_listing | 2913329629: 发布成功
2026-04-30 14:02:57,656 | INFO | auto_listing | ✅ 完成 goods_id=605979903104153 的整套流程
2026-04-30 14:02:57,657 | INFO | auto_listing | 开始处理 goods_id=605823807934611, detail_id=2913321791, group_idx=2, shop_group=['4720369', '6666485']
2026-04-30 14:02:57,851 | INFO | auto_listing | 2913324958: 选择店铺成功
2026-04-30 14:02:58,284 | INFO | auto_listing | 2913321791: 选择店铺成功
2026-04-30 14:02:58,305 | INFO | auto_listing | 2913327820: 发布成功
2026-04-30 14:02:58,415 | INFO | auto_listing | ✅ 完成 goods_id=605896151261999 的整套流程
2026-04-30 14:02:58,415 | INFO | auto_listing | 开始处理 goods_id=605793843829575, detail_id=2913320814, group_idx=2, shop_group=['4720369', '6666485']
2026-04-30 14:02:58,421 | INFO | auto_listing | 成功获取商品信息，商品ID: 606079626915819
2026-04-30 14:02:58,422 | INFO | auto_listing | ✅ 找到类目 25692 的配置，包含 3 个属性
2026-04-30 14:02:58,422 | INFO | auto_listing | 商品类目ID: 25692, 使用配置修改商品信息
2026-04-30 14:02:58,422 | INFO | auto_listing | 已将属性替换为配置中的 3 个属性
2026-04-30 14:02:58,422 | INFO | auto_listing | 保存商品信息，类目ID: 25692
2026-04-30 14:02:58,884 | INFO | auto_listing | 修改商品信息响应：{'result': 'fail', 'reason': '该类目需要上传说明书，请上传后重试'}
2026-04-30 14:02:58,884 | INFO | auto_listing | 检测到需要添加说明书，正在添加说明书后重试...
2026-04-30 14:02:58,885 | INFO | auto_listing | ✅ 找到类目 25692 的配置，包含 3 个属性
2026-04-30 14:02:58,885 | INFO | auto_listing | 商品类目ID: 25692, 使用配置修改商品信息
2026-04-30 14:02:58,885 | INFO | auto_listing | 已将属性替换为配置中的 3 个属性
2026-04-30 14:02:58,885 | INFO | auto_listing | 已添加说明书URL
2026-04-30 14:02:58,886 | INFO | auto_listing | 保存商品信息，类目ID: 25692
2026-04-30 14:02:58,925 | INFO | auto_listing | 成功获取商品信息，商品ID: 605823807934611
2026-04-30 14:02:58,925 | INFO | auto_listing | ✅ 找到类目 25692 的配置，包含 3 个属性
2026-04-30 14:02:58,925 | INFO | auto_listing | 商品类目ID: 25692, 使用配置修改商品信息
2026-04-30 14:02:58,925 | INFO | auto_listing | 已将属性替换为配置中的 3 个属性
2026-04-30 14:02:58,926 | INFO | auto_listing | 保存商品信息，类目ID: 25692
2026-04-30 14:02:58,981 | INFO | auto_listing | 2913320814: 选择店铺成功
2026-04-30 14:02:59,343 | INFO | auto_listing | 修改商品信息响应：{'result': 'fail', 'reason': '该类目需要上传说明书，请上传后重试'}
2026-04-30 14:02:59,343 | INFO | auto_listing | 检测到需要添加说明书，正在添加说明书后重试...
2026-04-30 14:02:59,344 | INFO | auto_listing | ✅ 找到类目 25692 的配置，包含 3 个属性
2026-04-30 14:02:59,344 | INFO | auto_listing | 商品类目ID: 25692, 使用配置修改商品信息
2026-04-30 14:02:59,345 | INFO | auto_listing | 已将属性替换为配置中的 3 个属性
2026-04-30 14:02:59,345 | INFO | auto_listing | 已添加说明书URL
2026-04-30 14:02:59,345 | INFO | auto_listing | 保存商品信息，类目ID: 25692
2026-04-30 14:02:59,559 | INFO | auto_listing | 修改商品信息响应：{'result': 'success', 'debugGStat': []}
2026-04-30 14:02:59,559 | INFO | auto_listing | 添加说明书后保存成功
2026-04-30 14:02:59,579 | INFO | auto_listing | 成功获取商品信息，商品ID: 605793843829575
2026-04-30 14:02:59,580 | INFO | auto_listing | ✅ 找到类目 25692 的配置，包含 3 个属性
2026-04-30 14:02:59,581 | INFO | auto_listing | 商品类目ID: 25692, 使用配置修改商品信息
2026-04-30 14:02:59,581 | INFO | auto_listing | 已将属性替换为配置中的 3 个属性
2026-04-30 14:02:59,581 | INFO | auto_listing | 保存商品信息，类目ID: 25692
2026-04-30 14:02:59,904 | INFO | auto_listing | 修改商品信息响应：{'result': 'success', 'debugGStat': []}
2026-04-30 14:02:59,905 | INFO | auto_listing | 添加说明书后保存成功
2026-04-30 14:02:59,992 | INFO | auto_listing | 修改商品信息响应：{'result': 'fail', 'reason': '该类目需要上传说明书，请上传后重试'}
2026-04-30 14:02:59,992 | INFO | auto_listing | 检测到需要添加说明书，正在添加说明书后重试...
2026-04-30 14:02:59,993 | INFO | auto_listing | ✅ 找到类目 25692 的配置，包含 3 个属性
2026-04-30 14:02:59,993 | INFO | auto_listing | 商品类目ID: 25692, 使用配置修改商品信息
2026-04-30 14:02:59,993 | INFO | auto_listing | 已将属性替换为配置中的 3 个属性
2026-04-30 14:02:59,993 | INFO | auto_listing | 已添加说明书URL
2026-04-30 14:02:59,993 | INFO | auto_listing | 保存商品信息，类目ID: 25692
2026-04-30 14:03:00,325 | INFO | auto_listing | 2913324958: 发布成功
2026-04-30 14:03:00,428 | INFO | auto_listing | ✅ 完成 goods_id=606079626915819 的整套流程
2026-04-30 14:03:00,429 | INFO | auto_listing | 开始处理 goods_id=605802265937846, detail_id=2913320751, group_idx=2, shop_group=['4720369', '6666485']
2026-04-30 14:03:00,581 | INFO | auto_listing | 修改商品信息响应：{'result': 'success', 'debugGStat': []}
2026-04-30 14:03:00,581 | INFO | auto_listing | 添加说明书后保存成功
2026-04-30 14:03:00,738 | INFO | auto_listing | 2913321791: 发布成功
2026-04-30 14:03:00,836 | INFO | auto_listing | ✅ 完成 goods_id=605823807934611 的整套流程
2026-04-30 14:03:00,836 | INFO | auto_listing | 开始处理 goods_id=605760457163736, detail_id=2913319870, group_idx=1, shop_group=['8249645', '8246209', '6665344']
2026-04-30 14:03:01,064 | INFO | auto_listing | 2913320751: 选择店铺成功
2026-04-30 14:03:01,382 | INFO | auto_listing | 2913320814: 发布成功
2026-04-30 14:03:01,484 | INFO | auto_listing | ✅ 完成 goods_id=605793843829575 的整套流程
2026-04-30 14:03:01,484 | INFO | auto_listing | 开始处理 goods_id=605765020522360, detail_id=2913319869, group_idx=2, shop_group=['4720369', '6666485']
2026-04-30 14:03:01,486 | INFO | auto_listing | 2913319870: 选择店铺成功
2026-04-30 14:03:01,670 | INFO | auto_listing | 成功获取商品信息，商品ID: 605802265937846
2026-04-30 14:03:01,670 | INFO | auto_listing | ✅ 找到类目 25744 的配置，包含 3 个属性
2026-04-30 14:03:01,670 | INFO | auto_listing | 商品类目ID: 25744, 使用配置修改商品信息
2026-04-30 14:03:01,671 | INFO | auto_listing | 已将属性替换为配置中的 3 个属性
2026-04-30 14:03:01,671 | INFO | auto_listing | 保存商品信息，类目ID: 25744
2026-04-30 14:03:02,081 | INFO | auto_listing | 成功获取商品信息，商品ID: 605760457163736
2026-04-30 14:03:02,082 | INFO | auto_listing | ✅ 找到类目 25739 的配置，包含 5 个属性
2026-04-30 14:03:02,082 | INFO | auto_listing | 商品类目ID: 25739, 使用配置修改商品信息
2026-04-30 14:03:02,082 | INFO | auto_listing | 已将属性替换为配置中的 5 个属性
2026-04-30 14:03:02,082 | INFO | auto_listing | 保存商品信息，类目ID: 25739
2026-04-30 14:03:02,166 | INFO | auto_listing | 2913319869: 选择店铺成功
2026-04-30 14:03:02,227 | INFO | auto_listing | 修改商品信息响应：{'result': 'success', 'debugGStat': []}
2026-04-30 14:03:02,689 | INFO | auto_listing | 成功获取商品信息，商品ID: 605765020522360
2026-04-30 14:03:02,689 | INFO | auto_listing | ✅ 找到类目 25692 的配置，包含 3 个属性
2026-04-30 14:03:02,690 | INFO | auto_listing | 商品类目ID: 25692, 使用配置修改商品信息
2026-04-30 14:03:02,690 | INFO | auto_listing | 已将属性替换为配置中的 3 个属性
2026-04-30 14:03:02,690 | INFO | auto_listing | 保存商品信息，类目ID: 25692
2026-04-30 14:03:03,105 | INFO | auto_listing | 2913320751: 发布成功
2026-04-30 14:03:03,208 | INFO | auto_listing | ✅ 完成 goods_id=605802265937846 的整套流程
2026-04-30 14:03:03,209 | INFO | auto_listing | 开始处理 goods_id=605735089976795, detail_id=2913318256, group_idx=2, shop_group=['4720369', '6666485']
2026-04-30 14:03:03,214 | INFO | auto_listing | 修改商品信息响应：{'result': 'fail', 'reason': '该类目需要上传说明书，请上传后重试'}
2026-04-30 14:03:03,214 | INFO | auto_listing | 检测到需要添加说明书，正在添加说明书后重试...
2026-04-30 14:03:03,214 | INFO | auto_listing | ✅ 找到类目 25692 的配置，包含 3 个属性
2026-04-30 14:03:03,214 | INFO | auto_listing | 商品类目ID: 25692, 使用配置修改商品信息
2026-04-30 14:03:03,214 | INFO | auto_listing | 已将属性替换为配置中的 3 个属性
2026-04-30 14:03:03,215 | INFO | auto_listing | 已添加说明书URL
2026-04-30 14:03:03,215 | INFO | auto_listing | 保存商品信息，类目ID: 25692
2026-04-30 14:03:03,507 | INFO | auto_listing | 修改商品信息响应：{'result': 'success', 'debugGStat': []}
2026-04-30 14:03:03,847 | INFO | auto_listing | 修改商品信息响应：{'result': 'success', 'debugGStat': []}
2026-04-30 14:03:03,848 | INFO | auto_listing | 添加说明书后保存成功
2026-04-30 14:03:03,913 | INFO | auto_listing | 2913318256: 选择店铺成功
2026-04-30 14:03:04,339 | INFO | auto_listing | 2913319870: 发布成功
2026-04-30 14:03:04,448 | INFO | auto_listing | ✅ 完成 goods_id=605760457163736 的整套流程
2026-04-30 14:03:04,448 | INFO | auto_listing | 开始处理 goods_id=605690865254127, detail_id=2913317322, group_idx=2, shop_group=['4720369', '6666485']
2026-04-30 14:03:04,500 | INFO | auto_listing | 成功获取商品信息，商品ID: 605735089976795
2026-04-30 14:03:04,500 | INFO | auto_listing | ✅ 找到类目 25692 的配置，包含 3 个属性
2026-04-30 14:03:04,500 | INFO | auto_listing | 商品类目ID: 25692, 使用配置修改商品信息
2026-04-30 14:03:04,501 | INFO | auto_listing | 已将属性替换为配置中的 3 个属性
2026-04-30 14:03:04,501 | INFO | auto_listing | 保存商品信息，类目ID: 25692
2026-04-30 14:03:04,534 | INFO | auto_listing | 2913319869: 发布成功
2026-04-30 14:03:04,637 | INFO | auto_listing | ✅ 完成 goods_id=605765020522360 的整套流程
2026-04-30 14:03:04,638 | INFO | auto_listing | 开始处理 goods_id=606255183691138, detail_id=2913314066, group_idx=2, shop_group=['4720369', '6666485']
2026-04-30 14:03:05,053 | INFO | auto_listing | 修改商品信息响应：{'result': 'fail', 'reason': '该类目需要上传说明书，请上传后重试'}
2026-04-30 14:03:05,053 | INFO | auto_listing | 检测到需要添加说明书，正在添加说明书后重试...
2026-04-30 14:03:05,054 | INFO | auto_listing | ✅ 找到类目 25692 的配置，包含 3 个属性
2026-04-30 14:03:05,054 | INFO | auto_listing | 商品类目ID: 25692, 使用配置修改商品信息
2026-04-30 14:03:05,054 | INFO | auto_listing | 已将属性替换为配置中的 3 个属性
2026-04-30 14:03:05,055 | INFO | auto_listing | 已添加说明书URL
2026-04-30 14:03:05,055 | INFO | auto_listing | 保存商品信息，类目ID: 25692
2026-04-30 14:03:05,164 | INFO | auto_listing | 2913317322: 选择店铺成功
2026-04-30 14:03:05,213 | INFO | auto_listing | 2913314066: 选择店铺成功
2026-04-30 14:03:05,680 | INFO | auto_listing | 修改商品信息响应：{'result': 'success', 'debugGStat': []}
2026-04-30 14:03:05,680 | INFO | auto_listing | 添加说明书后保存成功
2026-04-30 14:03:05,699 | INFO | auto_listing | 成功获取商品信息，商品ID: 605690865254127
2026-04-30 14:03:05,700 | INFO | auto_listing | ✅ 找到类目 25692 的配置，包含 3 个属性
2026-04-30 14:03:05,700 | INFO | auto_listing | 商品类目ID: 25692, 使用配置修改商品信息
2026-04-30 14:03:05,700 | INFO | auto_listing | 已将属性替换为配置中的 3 个属性
2026-04-30 14:03:05,700 | INFO | auto_listing | 保存商品信息，类目ID: 25692
2026-04-30 14:03:05,737 | INFO | auto_listing | 成功获取商品信息，商品ID: 606255183691138
2026-04-30 14:03:05,738 | INFO | auto_listing | ✅ 找到类目 25692 的配置，包含 3 个属性
2026-04-30 14:03:05,738 | INFO | auto_listing | 商品类目ID: 25692, 使用配置修改商品信息
2026-04-30 14:03:05,738 | INFO | auto_listing | 已将属性替换为配置中的 3 个属性
2026-04-30 14:03:05,738 | INFO | auto_listing | 保存商品信息，类目ID: 25692
2026-04-30 14:03:06,191 | INFO | auto_listing | 修改商品信息响应：{'result': 'fail', 'reason': '该类目需要上传说明书，请上传后重试'}
2026-04-30 14:03:06,191 | INFO | auto_listing | 检测到需要添加说明书，正在添加说明书后重试...
2026-04-30 14:03:06,192 | INFO | auto_listing | ✅ 找到类目 25692 的配置，包含 3 个属性
2026-04-30 14:03:06,192 | INFO | auto_listing | 商品类目ID: 25692, 使用配置修改商品信息
2026-04-30 14:03:06,193 | INFO | auto_listing | 已将属性替换为配置中的 3 个属性
2026-04-30 14:03:06,193 | INFO | auto_listing | 已添加说明书URL
2026-04-30 14:03:06,193 | INFO | auto_listing | 保存商品信息，类目ID: 25692
2026-04-30 14:03:06,197 | INFO | auto_listing | 修改商品信息响应：{'result': 'fail', 'reason': '该类目需要上传说明书，请上传后重试'}
2026-04-30 14:03:06,197 | INFO | auto_listing | 检测到需要添加说明书，正在添加说明书后重试...
2026-04-30 14:03:06,197 | INFO | auto_listing | ✅ 找到类目 25692 的配置，包含 3 个属性
2026-04-30 14:03:06,197 | INFO | auto_listing | 商品类目ID: 25692, 使用配置修改商品信息
2026-04-30 14:03:06,197 | INFO | auto_listing | 已将属性替换为配置中的 3 个属性
2026-04-30 14:03:06,197 | INFO | auto_listing | 已添加说明书URL
2026-04-30 14:03:06,198 | INFO | auto_listing | 保存商品信息，类目ID: 25692
2026-04-30 14:03:06,459 | INFO | auto_listing | 2913318256: 发布成功
2026-04-30 14:03:06,556 | INFO | auto_listing | ✅ 完成 goods_id=605735089976795 的整套流程
2026-04-30 14:03:06,557 | INFO | auto_listing | 开始处理 goods_id=606436243433056, detail_id=2913312720, group_idx=2, shop_group=['4720369', '6666485']
2026-04-30 14:03:06,903 | INFO | auto_listing | 修改商品信息响应：{'result': 'success', 'debugGStat': []}
2026-04-30 14:03:06,903 | INFO | auto_listing | 添加说明书后保存成功
2026-04-30 14:03:06,963 | INFO | auto_listing | 修改商品信息响应：{'result': 'success', 'debugGStat': []}
2026-04-30 14:03:06,963 | INFO | auto_listing | 添加说明书后保存成功
2026-04-30 14:03:07,184 | INFO | auto_listing | 2913312720: 选择店铺成功
2026-04-30 14:03:07,623 | INFO | auto_listing | 2913314066: 发布成功
2026-04-30 14:03:07,726 | INFO | auto_listing | ✅ 完成 goods_id=606255183691138 的整套流程
2026-04-30 14:03:07,726 | INFO | auto_listing | 开始处理 goods_id=606305917964842, detail_id=2913312707, group_idx=2, shop_group=['4720369', '6666485']
2026-04-30 14:03:07,771 | INFO | auto_listing | 2913317322: 发布成功
2026-04-30 14:03:07,875 | INFO | auto_listing | ✅ 完成 goods_id=605690865254127 的整套流程
2026-04-30 14:03:07,875 | INFO | auto_listing | 开始处理 goods_id=606515364765129, detail_id=2913311933, group_idx=2, shop_group=['4720369', '6666485']
2026-04-30 14:03:07,881 | INFO | auto_listing | 成功获取商品信息，商品ID: 606436243433056
2026-04-30 14:03:07,881 | INFO | auto_listing | ✅ 找到类目 25692 的配置，包含 3 个属性
2026-04-30 14:03:07,881 | INFO | auto_listing | 商品类目ID: 25692, 使用配置修改商品信息
2026-04-30 14:03:07,881 | INFO | auto_listing | 已将属性替换为配置中的 3 个属性
2026-04-30 14:03:07,882 | INFO | auto_listing | 保存商品信息，类目ID: 25692
2026-04-30 14:03:08,661 | INFO | auto_listing | 2913311933: 选择店铺成功
2026-04-30 14:03:08,715 | INFO | auto_listing | 修改商品信息响应：{'result': 'fail', 'reason': '该类目需要上传说明书，请上传后重试'}
2026-04-30 14:03:08,715 | INFO | auto_listing | 检测到需要添加说明书，正在添加说明书后重试...
2026-04-30 14:03:08,715 | INFO | auto_listing | ✅ 找到类目 25692 的配置，包含 3 个属性
2026-04-30 14:03:08,716 | INFO | auto_listing | 商品类目ID: 25692, 使用配置修改商品信息
2026-04-30 14:03:08,716 | INFO | auto_listing | 已将属性替换为配置中的 3 个属性
2026-04-30 14:03:08,716 | INFO | auto_listing | 已添加说明书URL
2026-04-30 14:03:08,716 | INFO | auto_listing | 保存商品信息，类目ID: 25692
2026-04-30 14:03:08,759 | INFO | auto_listing | 2913312707: 选择店铺成功
2026-04-30 14:03:09,188 | INFO | auto_listing | 成功获取商品信息，商品ID: 606515364765129
2026-04-30 14:03:09,188 | INFO | auto_listing | ✅ 找到类目 25692 的配置，包含 3 个属性
2026-04-30 14:03:09,188 | INFO | auto_listing | 商品类目ID: 25692, 使用配置修改商品信息
2026-04-30 14:03:09,189 | INFO | auto_listing | 已将属性替换为配置中的 3 个属性
2026-04-30 14:03:09,189 | INFO | auto_listing | 保存商品信息，类目ID: 25692
2026-04-30 14:03:09,307 | INFO | auto_listing | 修改商品信息响应：{'result': 'success', 'debugGStat': []}
2026-04-30 14:03:09,307 | INFO | auto_listing | 添加说明书后保存成功
2026-04-30 14:03:09,373 | INFO | auto_listing | 成功获取商品信息，商品ID: 606305917964842
2026-04-30 14:03:09,374 | INFO | auto_listing | ✅ 找到类目 25692 的配置，包含 3 个属性
2026-04-30 14:03:09,374 | INFO | auto_listing | 商品类目ID: 25692, 使用配置修改商品信息
2026-04-30 14:03:09,374 | INFO | auto_listing | 已将属性替换为配置中的 3 个属性
2026-04-30 14:03:09,374 | INFO | auto_listing | 保存商品信息，类目ID: 25692
2026-04-30 14:03:09,642 | INFO | auto_listing | 修改商品信息响应：{'result': 'fail', 'reason': '该类目需要上传说明书，请上传后重试'}
2026-04-30 14:03:09,643 | INFO | auto_listing | 检测到需要添加说明书，正在添加说明书后重试...
2026-04-30 14:03:09,644 | INFO | auto_listing | ✅ 找到类目 25692 的配置，包含 3 个属性
2026-04-30 14:03:09,644 | INFO | auto_listing | 商品类目ID: 25692, 使用配置修改商品信息
2026-04-30 14:03:09,644 | INFO | auto_listing | 已将属性替换为配置中的 3 个属性
2026-04-30 14:03:09,644 | INFO | auto_listing | 已添加说明书URL
2026-04-30 14:03:09,644 | INFO | auto_listing | 保存商品信息，类目ID: 25692
2026-04-30 14:03:09,799 | INFO | auto_listing | 修改商品信息响应：{'result': 'fail', 'reason': '该类目需要上传说明书，请上传后重试'}
2026-04-30 14:03:09,800 | INFO | auto_listing | 检测到需要添加说明书，正在添加说明书后重试...
2026-04-30 14:03:09,800 | INFO | auto_listing | ✅ 找到类目 25692 的配置，包含 3 个属性
2026-04-30 14:03:09,800 | INFO | auto_listing | 商品类目ID: 25692, 使用配置修改商品信息
2026-04-30 14:03:09,800 | INFO | auto_listing | 已将属性替换为配置中的 3 个属性
2026-04-30 14:03:09,800 | INFO | auto_listing | 已添加说明书URL
2026-04-30 14:03:09,800 | INFO | auto_listing | 保存商品信息，类目ID: 25692
2026-04-30 14:03:09,980 | INFO | auto_listing | 2913312720: 发布成功
2026-04-30 14:03:10,088 | INFO | auto_listing | ✅ 完成 goods_id=606436243433056 的整套流程
2026-04-30 14:03:10,088 | INFO | auto_listing | 开始处理 goods_id=606569387371628, detail_id=2913311173, group_idx=2, shop_group=['4720369', '6666485']
2026-04-30 14:03:10,302 | INFO | auto_listing | 修改商品信息响应：{'result': 'success', 'debugGStat': []}
2026-04-30 14:03:10,302 | INFO | auto_listing | 添加说明书后保存成功
2026-04-30 14:03:10,367 | INFO | auto_listing | 修改商品信息响应：{'result': 'success', 'debugGStat': []}
2026-04-30 14:03:10,368 | INFO | auto_listing | 添加说明书后保存成功
2026-04-30 14:03:10,688 | INFO | auto_listing | 2913311173: 选择店铺成功
2026-04-30 14:03:11,096 | INFO | auto_listing | 2913311933: 发布成功
2026-04-30 14:03:11,199 | INFO | auto_listing | ✅ 完成 goods_id=606515364765129 的整套流程
2026-04-30 14:03:11,199 | INFO | auto_listing | 开始处理 goods_id=601099557316925, detail_id=2913309954, group_idx=2, shop_group=['4720369', '6666485']
2026-04-30 14:03:11,202 | INFO | auto_listing | 2913312707: 发布成功
2026-04-30 14:03:11,300 | INFO | auto_listing | ✅ 完成 goods_id=606305917964842 的整套流程
2026-04-30 14:03:11,300 | INFO | auto_listing | 开始处理 goods_id=601099605287355, detail_id=2913309207, group_idx=2, shop_group=['4720369', '6666485']
2026-04-30 14:03:11,334 | INFO | auto_listing | 成功获取商品信息，商品ID: 606569387371628
2026-04-30 14:03:11,334 | INFO | auto_listing | ✅ 找到类目 25692 的配置，包含 3 个属性
2026-04-30 14:03:11,335 | INFO | auto_listing | 商品类目ID: 25692, 使用配置修改商品信息
2026-04-30 14:03:11,335 | INFO | auto_listing | 已将属性替换为配置中的 3 个属性
2026-04-30 14:03:11,335 | INFO | auto_listing | 保存商品信息，类目ID: 25692
2026-04-30 14:03:11,773 | INFO | auto_listing | 修改商品信息响应：{'result': 'fail', 'reason': '该类目需要上传说明书，请上传后重试'}
2026-04-30 14:03:11,773 | INFO | auto_listing | 检测到需要添加说明书，正在添加说明书后重试...
2026-04-30 14:03:11,774 | INFO | auto_listing | ✅ 找到类目 25692 的配置，包含 3 个属性
2026-04-30 14:03:11,774 | INFO | auto_listing | 商品类目ID: 25692, 使用配置修改商品信息
2026-04-30 14:03:11,774 | INFO | auto_listing | 已将属性替换为配置中的 3 个属性
2026-04-30 14:03:11,775 | INFO | auto_listing | 已添加说明书URL
2026-04-30 14:03:11,775 | INFO | auto_listing | 保存商品信息，类目ID: 25692
2026-04-30 14:03:11,931 | INFO | auto_listing | 2913309207: 选择店铺成功
2026-04-30 14:03:12,184 | INFO | auto_listing | 2913309954: 选择店铺成功
2026-04-30 14:03:12,486 | INFO | auto_listing | 成功获取商品信息，商品ID: 601099605287355
2026-04-30 14:03:12,487 | INFO | auto_listing | ✅ 找到类目 25692 的配置，包含 3 个属性
2026-04-30 14:03:12,487 | INFO | auto_listing | 商品类目ID: 25692, 使用配置修改商品信息
2026-04-30 14:03:12,487 | INFO | auto_listing | 已将属性替换为配置中的 3 个属性
2026-04-30 14:03:12,487 | INFO | auto_listing | 保存商品信息，类目ID: 25692
2026-04-30 14:03:12,499 | INFO | auto_listing | 修改商品信息响应：{'result': 'success', 'debugGStat': []}
2026-04-30 14:03:12,500 | INFO | auto_listing | 添加说明书后保存成功
2026-04-30 14:03:12,759 | INFO | auto_listing | 成功获取商品信息，商品ID: 601099557316925
2026-04-30 14:03:12,759 | INFO | auto_listing | ✅ 找到类目 25692 的配置，包含 3 个属性
2026-04-30 14:03:12,759 | INFO | auto_listing | 商品类目ID: 25692, 使用配置修改商品信息
2026-04-30 14:03:12,759 | INFO | auto_listing | 已将属性替换为配置中的 3 个属性
2026-04-30 14:03:12,759 | INFO | auto_listing | 保存商品信息，类目ID: 25692
2026-04-30 14:03:12,931 | INFO | auto_listing | 修改商品信息响应：{'result': 'fail', 'reason': '该类目需要上传说明书，请上传后重试'}
2026-04-30 14:03:12,931 | INFO | auto_listing | 检测到需要添加说明书，正在添加说明书后重试...
2026-04-30 14:03:12,931 | INFO | auto_listing | ✅ 找到类目 25692 的配置，包含 3 个属性
2026-04-30 14:03:12,931 | INFO | auto_listing | 商品类目ID: 25692, 使用配置修改商品信息
2026-04-30 14:03:12,932 | INFO | auto_listing | 已将属性替换为配置中的 3 个属性
2026-04-30 14:03:12,932 | INFO | auto_listing | 已添加说明书URL
2026-04-30 14:03:12,932 | INFO | auto_listing | 保存商品信息，类目ID: 25692
2026-04-30 14:03:13,153 | INFO | auto_listing | 2913311173: 发布成功
2026-04-30 14:03:13,256 | INFO | auto_listing | ✅ 完成 goods_id=606569387371628 的整套流程
2026-04-30 14:03:13,257 | INFO | auto_listing | 开始处理 goods_id=601105746763500, detail_id=2913307025, group_idx=2, shop_group=['4720369', '6666485']
2026-04-30 14:03:13,261 | INFO | auto_listing | 修改商品信息响应：{'result': 'fail', 'reason': '该类目需要上传说明书，请上传后重试'}
2026-04-30 14:03:13,261 | INFO | auto_listing | 检测到需要添加说明书，正在添加说明书后重试...
2026-04-30 14:03:13,262 | INFO | auto_listing | ✅ 找到类目 25692 的配置，包含 3 个属性
2026-04-30 14:03:13,262 | INFO | auto_listing | 商品类目ID: 25692, 使用配置修改商品信息
2026-04-30 14:03:13,262 | INFO | auto_listing | 已将属性替换为配置中的 3 个属性
2026-04-30 14:03:13,262 | INFO | auto_listing | 已添加说明书URL
2026-04-30 14:03:13,262 | INFO | auto_listing | 保存商品信息，类目ID: 25692
2026-04-30 14:03:13,499 | INFO | auto_listing | 修改商品信息响应：{'result': 'success', 'debugGStat': []}
2026-04-30 14:03:13,499 | INFO | auto_listing | 添加说明书后保存成功
2026-04-30 14:03:13,873 | INFO | auto_listing | 修改商品信息响应：{'result': 'success', 'debugGStat': []}
2026-04-30 14:03:13,873 | INFO | auto_listing | 添加说明书后保存成功
2026-04-30 14:03:13,944 | INFO | auto_listing | 2913307025: 选择店铺成功
2026-04-30 14:03:14,140 | INFO | auto_listing | 2913309207: 发布成功
2026-04-30 14:03:14,243 | INFO | auto_listing | ✅ 完成 goods_id=601099605287355 的整套流程
2026-04-30 14:03:14,244 | INFO | auto_listing | 开始处理 goods_id=605835149292775, detail_id=2913306904, group_idx=2, shop_group=['4720369', '6666485']
2026-04-30 14:03:14,503 | INFO | auto_listing | 成功获取商品信息，商品ID: 601105746763500
2026-04-30 14:03:14,504 | INFO | auto_listing | ✅ 找到类目 25692 的配置，包含 3 个属性
2026-04-30 14:03:14,504 | INFO | auto_listing | 商品类目ID: 25692, 使用配置修改商品信息
2026-04-30 14:03:14,504 | INFO | auto_listing | 已将属性替换为配置中的 3 个属性
2026-04-30 14:03:14,504 | INFO | auto_listing | 保存商品信息，类目ID: 25692
2026-04-30 14:03:14,526 | INFO | auto_listing | 2913309954: 发布成功
2026-04-30 14:03:14,636 | INFO | auto_listing | ✅ 完成 goods_id=601099557316925 的整套流程
2026-04-30 14:03:14,839 | INFO | auto_listing | 2913306904: 选择店铺成功
2026-04-30 14:03:15,001 | INFO | auto_listing | 修改商品信息响应：{'result': 'fail', 'reason': '该类目需要上传说明书，请上传后重试'}
2026-04-30 14:03:15,001 | INFO | auto_listing | 检测到需要添加说明书，正在添加说明书后重试...
2026-04-30 14:03:15,002 | INFO | auto_listing | ✅ 找到类目 25692 的配置，包含 3 个属性
2026-04-30 14:03:15,002 | INFO | auto_listing | 商品类目ID: 25692, 使用配置修改商品信息
2026-04-30 14:03:15,002 | INFO | auto_listing | 已将属性替换为配置中的 3 个属性
2026-04-30 14:03:15,002 | INFO | auto_listing | 已添加说明书URL
2026-04-30 14:03:15,002 | INFO | auto_listing | 保存商品信息，类目ID: 25692
2026-04-30 14:03:15,474 | INFO | auto_listing | 成功获取商品信息，商品ID: 605835149292775
2026-04-30 14:03:15,475 | INFO | auto_listing | ✅ 找到类目 25692 的配置，包含 3 个属性
2026-04-30 14:03:15,475 | INFO | auto_listing | 商品类目ID: 25692, 使用配置修改商品信息
2026-04-30 14:03:15,475 | INFO | auto_listing | 已将属性替换为配置中的 3 个属性
2026-04-30 14:03:15,475 | INFO | auto_listing | 保存商品信息，类目ID: 25692
2026-04-30 14:03:15,536 | INFO | auto_listing | 修改商品信息响应：{'result': 'success', 'debugGStat': []}
2026-04-30 14:03:15,536 | INFO | auto_listing | 添加说明书后保存成功
2026-04-30 14:03:15,920 | INFO | auto_listing | 修改商品信息响应：{'result': 'fail', 'reason': '该类目需要上传说明书，请上传后重试'}
2026-04-30 14:03:15,921 | INFO | auto_listing | 检测到需要添加说明书，正在添加说明书后重试...
2026-04-30 14:03:15,922 | INFO | auto_listing | ✅ 找到类目 25692 的配置，包含 3 个属性
2026-04-30 14:03:15,922 | INFO | auto_listing | 商品类目ID: 25692, 使用配置修改商品信息
2026-04-30 14:03:15,922 | INFO | auto_listing | 已将属性替换为配置中的 3 个属性
2026-04-30 14:03:15,923 | INFO | auto_listing | 已添加说明书URL
2026-04-30 14:03:15,923 | INFO | auto_listing | 保存商品信息，类目ID: 25692
2026-04-30 14:03:16,301 | INFO | auto_listing | 2913307025: 发布成功
2026-04-30 14:03:16,405 | INFO | auto_listing | ✅ 完成 goods_id=601105746763500 的整套流程
2026-04-30 14:03:16,514 | INFO | auto_listing | 修改商品信息响应：{'result': 'success', 'debugGStat': []}
2026-04-30 14:03:16,514 | INFO | auto_listing | 添加说明书后保存成功
2026-04-30 14:03:17,285 | INFO | auto_listing | 2913306904: 发布成功
2026-04-30 14:03:17,384 | INFO | auto_listing | ✅ 完成 goods_id=605835149292775 的整套流程
2026-04-30 14:03:17,385 | INFO | auto_listing | 发布流程完成 - 成功: 35, 失败: 1, 跳过: 31 (预处理无配置: 29, 预处理无映射: 2, 运行时跳过: 0), 总计: 67
