2026-06-18 10:46:49,877 | INFO | financial_data | --------------------------正在下载2026-05的数据------------------------------
2026-06-18 10:46:49,877 | INFO | financial_data | --------------正在爬取店铺2106-Temu全托管----的数据
2026-06-18 10:46:49,878 | INFO | financial_data | 2106-Temu全托管 - 第 1 次登录尝试
2026-06-18 10:46:55,875 | INFO | financial_data | 2106-Temu全托管 - start_api 返回: {'code': 0, 'msg': 'Success', 'data': {'action': 'startBrowserByCode', 'backgroundPluginId': 'ibecnpjmgcbdlgojmlfebfkmlaoeojgm', 'browserID': 102858352, 'browserPath': 'C:\\Users\\Administrator\\AppData\\Local\\env-kit\\Core\\chrome_64_140_202512152142\\hubstudio', 'debuggingPort': '53907', 'downloadPath': 'C:\\Users\\Administrator\\Desktop\\Hubstudio\\temu全托2106店（153店改）+半托代发1', 'duplicate': 5483, 'ip': '111.172.230.181', 'isDynamicIp': False, 'launcherPage': 'about:blank', 'proxyType': 'socks5', 'runMode': 2, 'webdriver': 'C:\\Users\\Administrator\\AppData\\Local\\env-kit\\Core\\chrome_64_140_202512152142\\webdriver.exe', 'containerId': 102858352, 'containerCode': '1036583528', 'statusCode': '0', 'err': '成功(Success)'}}
2026-06-18 10:46:55,875 | INFO | financial_data | 2106-Temu全托管 - 浏览器启动成功, 调试端口: 53907
2026-06-18 10:46:57,570 | INFO | financial_data | 2106-Temu全托管 - 已连接浏览器
2026-06-18 10:46:58,197 | INFO | financial_data | --------------------2106-Temu全托管 ------------------------ 开始登录...
2026-06-18 10:47:07,833 | INFO | financial_data | 2106-Temu全托管 - 等待 agentseller Cookie 生效
2026-06-18 10:47:12,826 | INFO | financial_data | 2106-Temu全托管 - 进入财务页面
2026-06-18 10:47:21,894 | INFO | financial_data | 有数据，总共 571 条
2026-06-18 10:47:23,941 | INFO | financial_data | 检测到导出数据成功，准备下载报表
2026-06-18 10:47:24,774 | INFO | financial_data | 最新记录时间范围: 2026-05-01 ~ 2026-05-31
2026-06-18 10:47:24,774 | INFO | financial_data | 目标时间范围: 2026-05-01 ~ 2026-05-31
2026-06-18 10:47:24,775 | INFO | financial_data | 2106-Temu全托管 - 准备下载: 下载账务明细(卖家中心)
2026-06-18 10:47:24,775 | INFO | financial_data | ⏭️ 文件已存在，跳过下载: D:\sd14\Temu_horizon\data\financial\05月份\temu\2106-Temu全托管_05_卖家中心.xlsx
2026-06-18 10:47:25,783 | INFO | financial_data | ⏭️ 文件已存在，跳过下载: D:\sd14\Temu_horizon\data\financial\05月份\2106-Temu全托管_05_全球.xlsx
2026-06-18 10:47:25,784 | INFO | financial_data | ⏭️ 文件已存在，跳过下载: D:\sd14\Temu_horizon\data\financial\05月份\2106-Temu全托管_05_欧区.xlsx
2026-06-18 10:47:25,784 | INFO | financial_data | ⏭️ 文件已存在，跳过下载: D:\sd14\Temu_horizon\data\financial\05月份\2106-Temu全托管_05_美国.xlsx
2026-06-18 10:47:25,784 | INFO | financial_data | ✅ 2106-Temu全托管 - 所有财务数据下载完成
2026-06-18 10:47:25,784 | INFO | financial_data | 全部报表下载完成
2026-06-18 10:47:25,784 | INFO | financial_data | 2106-Temu全托管 - 登录成功（第 1 次）
2026-06-18 10:47:26,925 | INFO | financial_data | --------------正在爬取店铺2103-Temu全托管----的数据
2026-06-18 10:47:26,926 | INFO | financial_data | 2103-Temu全托管 - 第 1 次登录尝试
2026-06-18 10:47:30,620 | INFO | financial_data | 2103-Temu全托管 - start_api 返回: {'code': 0, 'msg': 'Success', 'data': {'action': 'startBrowserByCode', 'backgroundPluginId': 'cdgoddilnfionjljedagnobpdkhcnpii', 'browserID': 99890331, 'browserPath': 'C:\\Users\\Administrator\\AppData\\Local\\env-kit\\Core\\chrome_64_131_202501091017\\hubstudio', 'debuggingPort': '54128', 'downloadPath': 'C:\\Users\\Administrator\\Desktop\\Hubstudio\\temu全托2103店（113店改）+2108店+半托6号店+半托8号店', 'duplicate': 3344, 'ip': '1.194.218.235', 'isDynamicIp': False, 'launcherPage': 'about:blank', 'proxyType': 'socks5', 'runMode': 2, 'webdriver': 'C:\\Users\\Administrator\\AppData\\Local\\env-kit\\Core\\chrome_64_131_202501091017\\webdriver.exe', 'containerId': 99890331, 'containerCode': '1006903311', 'statusCode': '0', 'err': '成功(Success)'}}
2026-06-18 10:47:30,620 | INFO | financial_data | 2103-Temu全托管 - 浏览器启动成功, 调试端口: 54128
2026-06-18 10:47:32,217 | INFO | financial_data | 2103-Temu全托管 - 已连接浏览器
2026-06-18 10:59:59,885 | INFO | financial_data | --------------------------正在下载2026-05的数据------------------------------
2026-06-18 10:59:59,885 | INFO | financial_data | --------------正在爬取店铺2106-Temu全托管----的数据
2026-06-18 10:59:59,886 | INFO | financial_data | 2106-Temu全托管 - 第 1 次登录尝试
2026-06-18 11:00:03,364 | INFO | financial_data | 2106-Temu全托管 - start_api 返回: {'code': 0, 'msg': 'Success', 'data': {'action': 'startBrowserByCode', 'backgroundPluginId': 'ibecnpjmgcbdlgojmlfebfkmlaoeojgm', 'browserID': 102858352, 'browserPath': 'C:\\Users\\Administrator\\AppData\\Local\\env-kit\\Core\\chrome_64_140_202512152142\\hubstudio', 'debuggingPort': '54983', 'downloadPath': 'C:\\Users\\Administrator\\Desktop\\Hubstudio\\temu全托2106店（153店改）+半托代发1', 'duplicate': 2946, 'ip': '111.172.230.181', 'isDynamicIp': False, 'launcherPage': 'about:blank', 'proxyType': 'socks5', 'runMode': 2, 'webdriver': 'C:\\Users\\Administrator\\AppData\\Local\\env-kit\\Core\\chrome_64_140_202512152142\\webdriver.exe', 'containerId': 102858352, 'containerCode': '1036583528', 'statusCode': '0', 'err': '成功(Success)'}}
2026-06-18 11:00:03,365 | INFO | financial_data | 2106-Temu全托管 - 浏览器启动成功, 调试端口: 54983
2026-06-18 11:01:08,239 | INFO | financial_data | --------------------------正在下载2026-05的数据------------------------------
2026-06-18 11:01:08,239 | INFO | financial_data | --------------正在爬取店铺2106-Temu全托管----的数据
2026-06-18 11:01:08,240 | INFO | financial_data | 2106-Temu全托管 - 第 1 次登录尝试
2026-06-18 11:01:11,407 | INFO | financial_data | 2106-Temu全托管 - start_api 返回: {'code': 0, 'msg': 'Success', 'data': {'action': 'startBrowserByCode', 'backgroundPluginId': 'ibecnpjmgcbdlgojmlfebfkmlaoeojgm', 'browserID': 102858352, 'browserPath': 'C:\\Users\\Administrator\\AppData\\Local\\env-kit\\Core\\chrome_64_140_202512152142\\hubstudio', 'debuggingPort': '55101', 'downloadPath': 'C:\\Users\\Administrator\\Desktop\\Hubstudio\\temu全托2106店（153店改）+半托代发1', 'duplicate': 2792, 'ip': '111.172.230.181', 'isDynamicIp': False, 'launcherPage': 'about:blank', 'proxyType': 'socks5', 'runMode': 2, 'webdriver': 'C:\\Users\\Administrator\\AppData\\Local\\env-kit\\Core\\chrome_64_140_202512152142\\webdriver.exe', 'containerId': 102858352, 'containerCode': '1036583528', 'statusCode': '0', 'err': '成功(Success)'}}
2026-06-18 11:01:11,408 | INFO | financial_data | 2106-Temu全托管 - 浏览器启动成功, 调试端口: 55101
2026-06-18 11:01:13,223 | INFO | financial_data | --------------------------正在下载2026-05的数据------------------------------
2026-06-18 11:01:13,223 | INFO | financial_data | --------------正在爬取店铺2106-Temu全托管----的数据
2026-06-18 11:01:13,224 | INFO | financial_data | 2106-Temu全托管 - 第 1 次登录尝试
2026-06-18 11:01:16,230 | INFO | financial_data | 2106-Temu全托管 - start_api 返回: {'code': 0, 'msg': 'Success', 'data': {'action': 'startBrowserByCode', 'backgroundPluginId': 'ibecnpjmgcbdlgojmlfebfkmlaoeojgm', 'browserID': 102858352, 'browserPath': 'C:\\Users\\Administrator\\AppData\\Local\\env-kit\\Core\\chrome_64_140_202512152142\\hubstudio', 'debuggingPort': '55164', 'downloadPath': 'C:\\Users\\Administrator\\Desktop\\Hubstudio\\temu全托2106店（153店改）+半托代发1', 'duplicate': 2623, 'ip': '111.172.230.181', 'isDynamicIp': False, 'launcherPage': 'about:blank', 'proxyType': 'socks5', 'runMode': 2, 'webdriver': 'C:\\Users\\Administrator\\AppData\\Local\\env-kit\\Core\\chrome_64_140_202512152142\\webdriver.exe', 'containerId': 102858352, 'containerCode': '1036583528', 'statusCode': '0', 'err': '成功(Success)'}}
2026-06-18 11:01:16,230 | INFO | financial_data | 2106-Temu全托管 - 浏览器启动成功, 调试端口: 55164
2026-06-18 11:01:17,730 | INFO | financial_data | 2106-Temu全托管 - 已连接浏览器
2026-06-18 11:01:41,270 | INFO | financial_data | --------------------------正在下载2026-01的数据------------------------------
2026-06-18 11:01:41,270 | INFO | financial_data | --------------正在爬取店铺2106-Temu全托管----的数据
2026-06-18 11:01:41,271 | INFO | financial_data | 2106-Temu全托管 - 第 1 次登录尝试
2026-06-18 11:01:41,767 | INFO | financial_data | 2106-Temu全托管 - start_api 返回: {'code': 0, 'msg': 'Success', 'data': {'action': 'startBrowserByCode', 'backgroundPluginId': 'ibecnpjmgcbdlgojmlfebfkmlaoeojgm', 'browserID': 102858352, 'browserPath': 'C:\\Users\\Administrator\\AppData\\Local\\env-kit\\Core\\chrome_64_140_202512152142\\hubstudio', 'debuggingPort': '55164', 'downloadPath': 'C:\\Users\\Administrator\\Desktop\\Hubstudio\\temu全托2106店（153店改）+半托代发1', 'duplicate': 28161, 'ip': '111.172.230.181', 'isDynamicIp': False, 'launcherPage': 'about:blank', 'proxyType': 'socks5', 'runMode': 2, 'webdriver': 'C:\\Users\\Administrator\\AppData\\Local\\env-kit\\Core\\chrome_64_140_202512152142\\webdriver.exe', 'containerId': 102858352, 'containerCode': '1036583528', 'statusCode': '0', 'err': '成功(Success)'}}
2026-06-18 11:01:41,767 | INFO | financial_data | 2106-Temu全托管 - 浏览器启动成功, 调试端口: 55164
2026-06-18 11:01:43,142 | INFO | financial_data | 2106-Temu全托管 - 已连接浏览器
2026-06-18 11:01:43,428 | INFO | financial_data | --------------------2106-Temu全托管 ------------------------ 开始登录...
2026-06-18 11:01:46,409 | INFO | financial_data | 2106-Temu全托管 - 等待 agentseller Cookie 生效
2026-06-18 11:01:52,395 | INFO | financial_data | 2106-Temu全托管 - 进入财务页面
2026-06-18 11:01:58,246 | INFO | financial_data | 有数据，总共 566 条
2026-06-18 11:02:00,273 | INFO | financial_data | 检测到导出数据成功，准备下载报表
2026-06-18 11:02:01,121 | INFO | financial_data | 最新记录时间范围: 2026-01-01 ~ 2026-01-31
2026-06-18 11:02:01,121 | INFO | financial_data | 目标时间范围: 2026-01-01 ~ 2026-01-31
2026-06-18 11:02:01,121 | INFO | financial_data | 2106-Temu全托管 - 准备下载: 下载账务明细(卖家中心)
2026-06-18 11:02:01,122 | INFO | financial_data | ⏭️ 文件已存在，跳过下载: D:\sd14\Temu_horizon\data\financial\01月份\temu\2106-Temu全托管_01_卖家中心.xlsx
2026-06-18 11:02:02,123 | INFO | financial_data | ⏭️ 文件已存在，跳过下载: D:\sd14\Temu_horizon\data\financial\01月份\2106-Temu全托管_01_全球.xlsx
2026-06-18 11:02:02,124 | INFO | financial_data | ⏭️ 文件已存在，跳过下载: D:\sd14\Temu_horizon\data\financial\01月份\2106-Temu全托管_01_欧区.xlsx
2026-06-18 11:02:02,124 | INFO | financial_data | ⏭️ 文件已存在，跳过下载: D:\sd14\Temu_horizon\data\financial\01月份\2106-Temu全托管_01_美国.xlsx
2026-06-18 11:02:02,124 | INFO | financial_data | ✅ 2106-Temu全托管 - 所有财务数据下载完成
2026-06-18 11:02:02,124 | INFO | financial_data | 全部报表下载完成
2026-06-18 11:02:02,124 | INFO | financial_data | 2106-Temu全托管 - 登录成功（第 1 次）
2026-06-18 11:02:03,413 | INFO | financial_data | --------------正在爬取店铺2103-Temu全托管----的数据
2026-06-18 11:02:03,414 | INFO | financial_data | 2103-Temu全托管 - 第 1 次登录尝试
2026-06-18 11:02:03,897 | INFO | financial_data | 2103-Temu全托管 - start_api 返回: {'code': 0, 'msg': 'Success', 'data': {'action': 'startBrowserByCode', 'backgroundPluginId': 'cdgoddilnfionjljedagnobpdkhcnpii', 'browserID': 99890331, 'browserPath': 'C:\\Users\\Administrator\\AppData\\Local\\env-kit\\Core\\chrome_64_131_202501091017\\hubstudio', 'debuggingPort': '54128', 'downloadPath': 'C:\\Users\\Administrator\\Desktop\\Hubstudio\\temu全托2103店（113店改）+2108店+半托6号店+半托8号店', 'duplicate': 876623, 'ip': '1.194.218.235', 'isDynamicIp': False, 'launcherPage': 'about:blank', 'proxyType': 'socks5', 'runMode': 2, 'webdriver': 'C:\\Users\\Administrator\\AppData\\Local\\env-kit\\Core\\chrome_64_131_202501091017\\webdriver.exe', 'containerId': 99890331, 'containerCode': '1006903311', 'statusCode': '0', 'err': '成功(Success)'}}
2026-06-18 11:02:03,897 | INFO | financial_data | 2103-Temu全托管 - 浏览器启动成功, 调试端口: 54128
2026-06-18 11:02:05,369 | INFO | financial_data | 2103-Temu全托管 - 已连接浏览器
2026-06-18 11:02:05,915 | INFO | financial_data | --------------------2103-Temu全托管 ------------------------ 开始登录...
2026-06-18 11:02:09,285 | INFO | financial_data | 2103-Temu全托管 - 等待 agentseller Cookie 生效
2026-06-18 11:02:14,397 | INFO | financial_data | 2103-Temu全托管 - 进入财务页面
2026-06-18 11:02:24,258 | INFO | financial_data | 有数据，总共 555 条
2026-06-18 11:02:26,311 | INFO | financial_data | 检测到导出数据成功，准备下载报表
2026-06-18 11:02:27,148 | INFO | financial_data | 最新记录时间范围: 2026-01-01 ~ 2026-01-31
2026-06-18 11:02:27,148 | INFO | financial_data | 目标时间范围: 2026-01-01 ~ 2026-01-31
2026-06-18 11:02:27,148 | INFO | financial_data | 2103-Temu全托管 - 准备下载: 下载账务明细(卖家中心)
2026-06-18 11:02:37,548 | INFO | financial_data | ✅ 文件下载完成: D:\sd14\Temu_horizon\data\financial\01月份\temu\2103-Temu全托管_01_卖家中心.xlsx
2026-06-18 11:02:38,550 | INFO | financial_data | 2103-Temu全托管 - 准备下载: 下载财务明细(全球)
2026-06-18 11:02:40,680 | INFO | financial_data | 确认授权并前往
2026-06-18 11:02:51,536 | INFO | financial_data | ✅ 文件下载完成: D:\sd14\Temu_horizon\data\financial\01月份\2103-Temu全托管_01_全球.xlsx
2026-06-18 11:02:52,566 | INFO | financial_data | 2103-Temu全托管 - 准备下载: 下载财务明细(欧区)
2026-06-18 11:02:54,690 | INFO | financial_data | 确认授权并前往
2026-06-18 11:03:04,949 | INFO | financial_data | ✅ 文件下载完成: D:\sd14\Temu_horizon\data\financial\01月份\2103-Temu全托管_01_欧区.xlsx
2026-06-18 11:03:05,989 | INFO | financial_data | 2103-Temu全托管 - 准备下载: 下载财务明细(美国)
2026-06-18 11:03:08,191 | INFO | financial_data | 确认授权并前往
2026-06-18 11:03:17,114 | INFO | financial_data | ✅ 文件下载完成: D:\sd14\Temu_horizon\data\financial\01月份\2103-Temu全托管_01_美国.xlsx
2026-06-18 11:03:18,146 | INFO | financial_data | ✅ 2103-Temu全托管 - 所有财务数据下载完成
2026-06-18 11:03:18,146 | INFO | financial_data | 全部报表下载完成
2026-06-18 11:03:18,146 | INFO | financial_data | 2103-Temu全托管 - 登录成功（第 1 次）
2026-06-18 11:03:19,299 | INFO | financial_data | --------------正在爬取店铺2102-Temu全托管----的数据
2026-06-18 11:03:19,300 | INFO | financial_data | 2102-Temu全托管 - 第 1 次登录尝试
2026-06-18 11:03:22,176 | INFO | financial_data | 2102-Temu全托管 - start_api 返回: {'code': 0, 'msg': 'Success', 'data': {'action': 'startBrowserByCode', 'backgroundPluginId': 'eeakakjccihhgkahpdohdfhkoheehanb', 'browserID': 102858197, 'browserPath': 'C:\\Users\\Administrator\\AppData\\Local\\env-kit\\Core\\chrome_64_131_202501091017\\hubstudio', 'debuggingPort': '55628', 'downloadPath': 'C:\\Users\\Administrator\\Desktop\\Hubstudio\\temu全托2102店（152店改）', 'duplicate': 2504, 'ip': '49.7.135.46', 'isDynamicIp': False, 'launcherPage': 'about:blank', 'proxyType': 'socks5', 'runMode': 2, 'webdriver': 'C:\\Users\\Administrator\\AppData\\Local\\env-kit\\Core\\chrome_64_131_202501091017\\webdriver.exe', 'containerId': 102858197, 'containerCode': '1036581979', 'statusCode': '0', 'err': '成功(Success)'}}
2026-06-18 11:03:22,176 | INFO | financial_data | 2102-Temu全托管 - 浏览器启动成功, 调试端口: 55628
2026-06-18 11:03:23,532 | INFO | financial_data | 2102-Temu全托管 - 已连接浏览器
2026-06-18 11:03:24,195 | INFO | financial_data | --------------------2102-Temu全托管 ------------------------ 开始登录...
2026-06-18 11:03:28,234 | INFO | financial_data | 2102-Temu全托管 - 等待 agentseller Cookie 生效
2026-06-18 11:03:33,693 | INFO | financial_data | 2102-Temu全托管 - 进入财务页面
2026-06-18 11:03:43,235 | INFO | financial_data | 有数据，总共 190 条
2026-06-18 11:03:45,287 | INFO | financial_data | 检测到导出数据成功，准备下载报表
2026-06-18 11:03:46,131 | INFO | financial_data | 最新记录时间范围: 2026-01-01 ~ 2026-01-31
2026-06-18 11:03:46,131 | INFO | financial_data | 目标时间范围: 2026-01-01 ~ 2026-01-31
2026-06-18 11:03:46,131 | INFO | financial_data | 2102-Temu全托管 - 准备下载: 下载账务明细(卖家中心)
2026-06-18 11:03:56,607 | INFO | financial_data | ✅ 文件下载完成: D:\sd14\Temu_horizon\data\financial\01月份\temu\2102-Temu全托管_01_卖家中心.xlsx
2026-06-18 11:03:57,616 | INFO | financial_data | 2102-Temu全托管 - 准备下载: 下载财务明细(全球)
2026-06-18 11:04:00,119 | INFO | financial_data | 确认授权并前往
2026-06-18 11:04:10,861 | INFO | financial_data | ✅ 文件下载完成: D:\sd14\Temu_horizon\data\financial\01月份\2102-Temu全托管_01_全球.xlsx
2026-06-18 11:04:11,905 | INFO | financial_data | 2102-Temu全托管 - 准备下载: 下载财务明细(欧区)
2026-06-18 11:04:14,120 | INFO | financial_data | 确认授权并前往
2026-06-18 11:04:24,207 | INFO | financial_data | ✅ 文件下载完成: D:\sd14\Temu_horizon\data\financial\01月份\2102-Temu全托管_01_欧区.xlsx
2026-06-18 11:04:25,251 | INFO | financial_data | 2102-Temu全托管 - 准备下载: 下载财务明细(美国)
2026-06-18 11:04:27,410 | INFO | financial_data | 确认授权并前往
2026-06-18 11:04:36,607 | INFO | financial_data | ✅ 文件下载完成: D:\sd14\Temu_horizon\data\financial\01月份\2102-Temu全托管_01_美国.xlsx
2026-06-18 11:04:37,637 | INFO | financial_data | ✅ 2102-Temu全托管 - 所有财务数据下载完成
2026-06-18 11:04:37,638 | INFO | financial_data | 全部报表下载完成
2026-06-18 11:04:37,638 | INFO | financial_data | 2102-Temu全托管 - 登录成功（第 1 次）
2026-06-18 11:04:38,747 | INFO | financial_data | --------------正在爬取店铺2101-Temu全托管KA----的数据
2026-06-18 11:04:38,747 | INFO | financial_data | 2101-Temu全托管KA - 第 1 次登录尝试
2026-06-18 11:04:42,259 | INFO | financial_data | 2101-Temu全托管KA - start_api 返回: {'code': 0, 'msg': 'Success', 'data': {'action': 'startBrowserByCode', 'backgroundPluginId': 'akgomnfmbbjjcajjhhilppefdmokndpj', 'browserID': 104355104, 'browserPath': 'C:\\Users\\Administrator\\AppData\\Local\\env-kit\\Core\\chrome_64_131_202501091017\\hubstudio', 'debuggingPort': '55998', 'downloadPath': 'C:\\Users\\Administrator\\Desktop\\Hubstudio\\temu全托2101号店（111店改）', 'duplicate': 3154, 'ip': '124.236.76.149', 'isDynamicIp': False, 'launcherPage': 'about:blank', 'proxyType': 'socks5', 'runMode': 2, 'webdriver': 'C:\\Users\\Administrator\\AppData\\Local\\env-kit\\Core\\chrome_64_131_202501091017\\webdriver.exe', 'containerId': 104355104, 'containerCode': '1051551049', 'statusCode': '0', 'err': '成功(Success)'}}
2026-06-18 11:04:42,259 | INFO | financial_data | 2101-Temu全托管KA - 浏览器启动成功, 调试端口: 55998
2026-06-18 11:04:43,608 | INFO | financial_data | 2101-Temu全托管KA - 已连接浏览器
2026-06-18 11:04:44,868 | INFO | financial_data | --------------------2101-Temu全托管KA ------------------------ 开始登录...
2026-06-18 11:04:51,474 | INFO | financial_data | 2101-Temu全托管KA - 等待 agentseller Cookie 生效
2026-06-18 11:04:56,896 | INFO | financial_data | 2101-Temu全托管KA - 进入财务页面
2026-06-18 11:05:05,021 | INFO | financial_data | 有数据，总共 2137 条
2026-06-18 11:05:07,076 | INFO | financial_data | 检测到导出数据成功，准备下载报表
2026-06-18 11:05:07,913 | INFO | financial_data | 最新记录时间范围: 2026-01-01 ~ 2026-01-31
2026-06-18 11:05:07,913 | INFO | financial_data | 目标时间范围: 2026-01-01 ~ 2026-01-31
2026-06-18 11:05:07,913 | INFO | financial_data | 2101-Temu全托管KA - 准备下载: 下载账务明细(卖家中心)
2026-06-18 11:05:07,914 | INFO | financial_data | ⏭️ 文件已存在，跳过下载: D:\sd14\Temu_horizon\data\financial\01月份\temu\2101-Temu全托管KA_01_卖家中心.xlsx
2026-06-18 11:05:08,920 | INFO | financial_data | ⏭️ 文件已存在，跳过下载: D:\sd14\Temu_horizon\data\financial\01月份\2101-Temu全托管KA_01_全球.xlsx
2026-06-18 11:05:08,920 | INFO | financial_data | ⏭️ 文件已存在，跳过下载: D:\sd14\Temu_horizon\data\financial\01月份\2101-Temu全托管KA_01_欧区.xlsx
2026-06-18 11:05:08,921 | INFO | financial_data | ⏭️ 文件已存在，跳过下载: D:\sd14\Temu_horizon\data\financial\01月份\2101-Temu全托管KA_01_美国.xlsx
2026-06-18 11:05:08,921 | INFO | financial_data | ✅ 2101-Temu全托管KA - 所有财务数据下载完成
2026-06-18 11:05:08,921 | INFO | financial_data | 全部报表下载完成
2026-06-18 11:05:08,921 | INFO | financial_data | 2101-Temu全托管KA - 登录成功（第 1 次）
2026-06-18 11:05:09,995 | INFO | financial_data | --------------正在爬取店铺112-Temu全托管----的数据
2026-06-18 11:05:09,996 | INFO | financial_data | 112-Temu全托管 - 第 1 次登录尝试
2026-06-18 11:05:13,142 | INFO | financial_data | 112-Temu全托管 - start_api 返回: {'code': 0, 'msg': 'Success', 'data': {'action': 'startBrowserByCode', 'backgroundPluginId': 'deogjmiglmamcbonclpnbppbclfgkgpg', 'browserID': 99848624, 'browserPath': 'C:\\Users\\Administrator\\AppData\\Local\\env-kit\\Core\\chrome_64_131_202501091017\\hubstudio', 'debuggingPort': '56186', 'downloadPath': 'C:\\Users\\Administrator\\Desktop\\Hubstudio\\temu全托112店', 'duplicate': 2802, 'ip': '36.111.32.150', 'isDynamicIp': False, 'launcherPage': 'about:blank', 'proxyType': 'socks5', 'runMode': 2, 'webdriver': 'C:\\Users\\Administrator\\AppData\\Local\\env-kit\\Core\\chrome_64_131_202501091017\\webdriver.exe', 'containerId': 99848624, 'containerCode': '1006486242', 'statusCode': '0', 'err': '成功(Success)'}}
2026-06-18 11:05:13,142 | INFO | financial_data | 112-Temu全托管 - 浏览器启动成功, 调试端口: 56186
2026-06-18 11:05:14,520 | INFO | financial_data | 112-Temu全托管 - 已连接浏览器
2026-06-18 11:05:15,063 | INFO | financial_data | --------------------112-Temu全托管 ------------------------ 开始登录...
2026-06-18 11:05:20,109 | INFO | financial_data | 112-Temu全托管 - 等待 agentseller Cookie 生效
2026-06-18 11:05:24,881 | INFO | financial_data | 命中授权方式一：确认授权并前往
2026-06-18 11:05:24,936 | INFO | financial_data | 授权流程完成
2026-06-18 11:05:30,959 | INFO | financial_data | 112-Temu全托管 - 进入财务页面
2026-06-18 11:05:38,850 | INFO | financial_data | 有数据，总共 400 条
2026-06-18 11:05:40,910 | INFO | financial_data | 检测到导出数据成功，准备下载报表
2026-06-18 11:05:41,754 | INFO | financial_data | 最新记录时间范围: 2026-01-01 ~ 2026-01-31
2026-06-18 11:05:41,754 | INFO | financial_data | 目标时间范围: 2026-01-01 ~ 2026-01-31
2026-06-18 11:05:41,754 | INFO | financial_data | 112-Temu全托管 - 准备下载: 下载账务明细(卖家中心)
2026-06-18 11:05:41,755 | INFO | financial_data | ⏭️ 文件已存在，跳过下载: D:\sd14\Temu_horizon\data\financial\01月份\temu\112-Temu全托管_01_卖家中心.xlsx
2026-06-18 11:05:42,762 | INFO | financial_data | ⏭️ 文件已存在，跳过下载: D:\sd14\Temu_horizon\data\financial\01月份\112-Temu全托管_01_全球.xlsx
2026-06-18 11:05:42,762 | INFO | financial_data | ⏭️ 文件已存在，跳过下载: D:\sd14\Temu_horizon\data\financial\01月份\112-Temu全托管_01_欧区.xlsx
2026-06-18 11:05:42,762 | INFO | financial_data | ⏭️ 文件已存在，跳过下载: D:\sd14\Temu_horizon\data\financial\01月份\112-Temu全托管_01_美国.xlsx
2026-06-18 11:05:42,762 | INFO | financial_data | ✅ 112-Temu全托管 - 所有财务数据下载完成
2026-06-18 11:05:42,763 | INFO | financial_data | 全部报表下载完成
2026-06-18 11:05:42,763 | INFO | financial_data | 112-Temu全托管 - 登录成功（第 1 次）
2026-06-18 11:05:43,872 | INFO | financial_data | --------------正在爬取店铺1108-Temu全托管----的数据
2026-06-18 11:05:43,872 | INFO | financial_data | 1108-Temu全托管 - 第 1 次登录尝试
2026-06-18 11:05:48,308 | INFO | financial_data | 1108-Temu全托管 - start_api 返回: {'code': 0, 'msg': 'Success', 'data': {'action': 'startBrowserByCode', 'backgroundPluginId': 'oielegjolaoigkjpcikbcbepjdojkkja', 'browserID': 122453019, 'browserPath': 'C:\\Users\\Administrator\\AppData\\Local\\env-kit\\Core\\chrome_64_133_202505210948\\hubstudio', 'debuggingPort': '56414', 'downloadPath': 'C:\\Users\\Administrator\\Desktop\\Hubstudio\\temu全托1108号店', 'duplicate': 3976, 'ip': '1.194.218.235', 'isDynamicIp': False, 'launcherPage': 'about:blank', 'proxyType': 'socks5', 'runMode': 2, 'webdriver': 'C:\\Users\\Administrator\\AppData\\Local\\env-kit\\Core\\chrome_64_133_202505210948\\webdriver.exe', 'containerId': 122453019, 'containerCode': '1232530196', 'statusCode': '0', 'err': '成功(Success)'}}
2026-06-18 11:05:48,309 | INFO | financial_data | 1108-Temu全托管 - 浏览器启动成功, 调试端口: 56414
2026-06-18 11:05:49,782 | INFO | financial_data | 1108-Temu全托管 - 已连接浏览器
2026-06-18 11:05:50,365 | INFO | financial_data | --------------------1108-Temu全托管 ------------------------ 开始登录...
2026-06-18 11:05:55,470 | INFO | financial_data | 1108-Temu全托管 - 等待 agentseller Cookie 生效
2026-06-18 11:06:01,032 | INFO | financial_data | 1108-Temu全托管 - 进入财务页面
2026-06-18 11:06:11,254 | INFO | financial_data | 有数据，总共 349 条
2026-06-18 11:06:13,312 | INFO | financial_data | 检测到导出数据成功，准备下载报表
2026-06-18 11:06:14,149 | INFO | financial_data | 最新记录时间范围: 2026-01-01 ~ 2026-01-31
2026-06-18 11:06:14,149 | INFO | financial_data | 目标时间范围: 2026-01-01 ~ 2026-01-31
2026-06-18 11:06:14,149 | INFO | financial_data | 1108-Temu全托管 - 准备下载: 下载账务明细(卖家中心)
2026-06-18 11:06:14,149 | INFO | financial_data | ⏭️ 文件已存在，跳过下载: D:\sd14\Temu_horizon\data\financial\01月份\temu\1108-Temu全托管_01_卖家中心.xlsx
2026-06-18 11:06:15,157 | INFO | financial_data | ⏭️ 文件已存在，跳过下载: D:\sd14\Temu_horizon\data\financial\01月份\1108-Temu全托管_01_全球.xlsx
2026-06-18 11:06:15,158 | INFO | financial_data | ⏭️ 文件已存在，跳过下载: D:\sd14\Temu_horizon\data\financial\01月份\1108-Temu全托管_01_欧区.xlsx
2026-06-18 11:06:15,158 | INFO | financial_data | ⏭️ 文件已存在，跳过下载: D:\sd14\Temu_horizon\data\financial\01月份\1108-Temu全托管_01_美国.xlsx
2026-06-18 11:06:15,158 | INFO | financial_data | ✅ 1108-Temu全托管 - 所有财务数据下载完成
2026-06-18 11:06:15,158 | INFO | financial_data | 全部报表下载完成
2026-06-18 11:06:15,158 | INFO | financial_data | 1108-Temu全托管 - 登录成功（第 1 次）
2026-06-18 11:06:16,274 | INFO | financial_data | --------------正在爬取店铺1107-Temu全托管----的数据
2026-06-18 11:06:16,275 | INFO | financial_data | 1107-Temu全托管 - 第 1 次登录尝试
2026-06-18 11:06:19,542 | INFO | financial_data | 1107-Temu全托管 - start_api 返回: {'code': 0, 'msg': 'Success', 'data': {'action': 'startBrowserByCode', 'backgroundPluginId': 'hmfimlmiknlbeifbaabjgkfnhkaiijaf', 'browserID': 122452738, 'browserPath': 'C:\\Users\\Administrator\\AppData\\Local\\env-kit\\Core\\chrome_64_133_202505210948\\hubstudio', 'debuggingPort': '56606', 'downloadPath': 'C:\\Users\\Administrator\\Desktop\\Hubstudio\\temu全托1107号店', 'duplicate': 2893, 'ip': '36.111.32.150', 'isDynamicIp': False, 'launcherPage': 'about:blank', 'proxyType': 'socks5', 'runMode': 2, 'webdriver': 'C:\\Users\\Administrator\\AppData\\Local\\env-kit\\Core\\chrome_64_133_202505210948\\webdriver.exe', 'containerId': 122452738, 'containerCode': '1232527381', 'statusCode': '0', 'err': '成功(Success)'}}
2026-06-18 11:06:19,542 | INFO | financial_data | 1107-Temu全托管 - 浏览器启动成功, 调试端口: 56606
2026-06-18 11:06:20,957 | INFO | financial_data | 1107-Temu全托管 - 已连接浏览器
2026-06-18 11:06:21,535 | INFO | financial_data | --------------------1107-Temu全托管 ------------------------ 开始登录...
2026-06-18 11:06:25,452 | INFO | financial_data | 1107-Temu全托管 - 等待 agentseller Cookie 生效
2026-06-18 11:06:30,252 | INFO | financial_data | 1107-Temu全托管 - 进入财务页面
2026-06-18 11:06:39,393 | INFO | financial_data | 有数据，总共 401 条
2026-06-18 11:06:41,419 | INFO | financial_data | 检测到导出数据成功，准备下载报表
2026-06-18 11:06:42,267 | INFO | financial_data | 最新记录时间范围: 2026-01-01 ~ 2026-01-31
2026-06-18 11:06:42,267 | INFO | financial_data | 目标时间范围: 2026-01-01 ~ 2026-01-31
2026-06-18 11:06:42,267 | INFO | financial_data | 1107-Temu全托管 - 准备下载: 下载账务明细(卖家中心)
2026-06-18 11:06:42,268 | INFO | financial_data | ⏭️ 文件已存在，跳过下载: D:\sd14\Temu_horizon\data\financial\01月份\temu\1107-Temu全托管_01_卖家中心.xlsx
2026-06-18 11:06:43,268 | INFO | financial_data | ⏭️ 文件已存在，跳过下载: D:\sd14\Temu_horizon\data\financial\01月份\1107-Temu全托管_01_全球.xlsx
2026-06-18 11:06:43,269 | INFO | financial_data | ⏭️ 文件已存在，跳过下载: D:\sd14\Temu_horizon\data\financial\01月份\1107-Temu全托管_01_欧区.xlsx
2026-06-18 11:06:43,269 | INFO | financial_data | ⏭️ 文件已存在，跳过下载: D:\sd14\Temu_horizon\data\financial\01月份\1107-Temu全托管_01_美国.xlsx
2026-06-18 11:06:43,269 | INFO | financial_data | ✅ 1107-Temu全托管 - 所有财务数据下载完成
2026-06-18 11:06:43,269 | INFO | financial_data | 全部报表下载完成
2026-06-18 11:06:43,269 | INFO | financial_data | 1107-Temu全托管 - 登录成功（第 1 次）
2026-06-18 11:06:44,359 | INFO | financial_data | --------------正在爬取店铺1106-Temu全托管----的数据
2026-06-18 11:06:44,360 | INFO | financial_data | 1106-Temu全托管 - 第 1 次登录尝试
2026-06-18 11:06:47,639 | INFO | financial_data | 1106-Temu全托管 - start_api 返回: {'code': 0, 'msg': 'Success', 'data': {'action': 'startBrowserByCode', 'backgroundPluginId': 'ckmbonbfihibhagclccfhnmbcbfnlbnh', 'browserID': 109978213, 'browserPath': 'C:\\Users\\Administrator\\AppData\\Local\\env-kit\\Core\\chrome_64_131_202501091017\\hubstudio', 'debuggingPort': '56806', 'downloadPath': 'C:\\Users\\Administrator\\Desktop\\Hubstudio\\temu全托1106店', 'duplicate': 2900, 'ip': '36.111.32.150', 'isDynamicIp': False, 'launcherPage': 'about:blank', 'proxyType': 'socks5', 'runMode': 2, 'webdriver': 'C:\\Users\\Administrator\\AppData\\Local\\env-kit\\Core\\chrome_64_131_202501091017\\webdriver.exe', 'containerId': 109978213, 'containerCode': '1107782133', 'statusCode': '0', 'err': '成功(Success)'}}
2026-06-18 11:06:47,639 | INFO | financial_data | 1106-Temu全托管 - 浏览器启动成功, 调试端口: 56806
2026-06-18 11:06:49,020 | INFO | financial_data | 1106-Temu全托管 - 已连接浏览器
2026-06-18 11:06:49,517 | INFO | financial_data | --------------------1106-Temu全托管 ------------------------ 开始登录...
2026-06-18 11:06:54,362 | INFO | financial_data | 1106-Temu全托管 - 等待 agentseller Cookie 生效
2026-06-18 11:06:59,312 | INFO | financial_data | 1106-Temu全托管 - 进入财务页面
2026-06-18 11:07:08,352 | INFO | financial_data | 有数据，总共 683 条
2026-06-18 11:07:10,401 | INFO | financial_data | 检测到导出数据成功，准备下载报表
2026-06-18 11:07:11,228 | INFO | financial_data | 最新记录时间范围: 2026-01-01 ~ 2026-01-31
2026-06-18 11:07:11,228 | INFO | financial_data | 目标时间范围: 2026-01-01 ~ 2026-01-31
2026-06-18 11:07:11,228 | INFO | financial_data | 1106-Temu全托管 - 准备下载: 下载账务明细(卖家中心)
2026-06-18 11:07:11,228 | INFO | financial_data | ⏭️ 文件已存在，跳过下载: D:\sd14\Temu_horizon\data\financial\01月份\temu\1106-Temu全托管_01_卖家中心.xlsx
2026-06-18 11:07:12,235 | INFO | financial_data | ⏭️ 文件已存在，跳过下载: D:\sd14\Temu_horizon\data\financial\01月份\1106-Temu全托管_01_全球.xlsx
2026-06-18 11:07:12,236 | INFO | financial_data | ⏭️ 文件已存在，跳过下载: D:\sd14\Temu_horizon\data\financial\01月份\1106-Temu全托管_01_欧区.xlsx
2026-06-18 11:07:12,237 | INFO | financial_data | 1106-Temu全托管 - 准备下载: 下载财务明细(美国)
2026-06-18 11:07:23,349 | INFO | financial_data | 确认授权并前往
2026-06-18 11:07:32,163 | INFO | financial_data | ✅ 文件下载完成: D:\sd14\Temu_horizon\data\financial\01月份\1106-Temu全托管_01_美国.xlsx
2026-06-18 11:07:33,202 | INFO | financial_data | ✅ 1106-Temu全托管 - 所有财务数据下载完成
2026-06-18 11:07:33,202 | INFO | financial_data | 全部报表下载完成
2026-06-18 11:07:33,202 | INFO | financial_data | 1106-Temu全托管 - 登录成功（第 1 次）
2026-06-18 11:07:34,394 | INFO | financial_data | --------------正在爬取店铺1105-Temu全托管----的数据
2026-06-18 11:07:34,394 | INFO | financial_data | 1105-Temu全托管 - 第 1 次登录尝试
2026-06-18 11:07:37,724 | INFO | financial_data | 1105-Temu全托管 - start_api 返回: {'code': 0, 'msg': 'Success', 'data': {'action': 'startBrowserByCode', 'backgroundPluginId': 'hedbcddcbnkifhfapobljhpmnkknmeci', 'browserID': 109977447, 'browserPath': 'C:\\Users\\Administrator\\AppData\\Local\\env-kit\\Core\\chrome_64_131_202501091017\\hubstudio', 'debuggingPort': '57096', 'downloadPath': 'C:\\Users\\Administrator\\Desktop\\Hubstudio\\temu全托1105店', 'duplicate': 2927, 'ip': '218.78.129.86', 'isDynamicIp': False, 'launcherPage': 'about:blank', 'proxyType': 'socks5', 'runMode': 2, 'webdriver': 'C:\\Users\\Administrator\\AppData\\Local\\env-kit\\Core\\chrome_64_131_202501091017\\webdriver.exe', 'containerId': 109977447, 'containerCode': '1107774478', 'statusCode': '0', 'err': '成功(Success)'}}
2026-06-18 11:07:37,724 | INFO | financial_data | 1105-Temu全托管 - 浏览器启动成功, 调试端口: 57096
2026-06-18 11:07:39,105 | INFO | financial_data | 1105-Temu全托管 - 已连接浏览器
2026-06-18 11:07:39,666 | INFO | financial_data | --------------------1105-Temu全托管 ------------------------ 开始登录...
2026-06-18 11:07:44,404 | INFO | financial_data | 1105-Temu全托管 - 等待 agentseller Cookie 生效
2026-06-18 11:07:49,601 | INFO | financial_data | 1105-Temu全托管 - 进入财务页面
2026-06-18 11:07:59,296 | INFO | financial_data | 有数据，总共 716 条
2026-06-18 11:08:01,319 | INFO | financial_data | 检测到导出数据成功，准备下载报表
2026-06-18 11:08:02,164 | INFO | financial_data | 最新记录时间范围: 2026-01-01 ~ 2026-01-31
2026-06-18 11:08:02,164 | INFO | financial_data | 目标时间范围: 2026-01-01 ~ 2026-01-31
2026-06-18 11:08:02,164 | INFO | financial_data | 1105-Temu全托管 - 准备下载: 下载账务明细(卖家中心)
2026-06-18 11:08:12,503 | INFO | financial_data | ✅ 文件下载完成: D:\sd14\Temu_horizon\data\financial\01月份\temu\1105-Temu全托管_01_卖家中心.xlsx
2026-06-18 11:08:13,514 | INFO | financial_data | 1105-Temu全托管 - 准备下载: 下载财务明细(全球)
2026-06-18 11:08:15,615 | INFO | financial_data | 确认授权并前往
2026-06-18 11:08:25,417 | INFO | financial_data | ✅ 文件下载完成: D:\sd14\Temu_horizon\data\financial\01月份\1105-Temu全托管_01_全球.xlsx
2026-06-18 11:08:26,445 | INFO | financial_data | 1105-Temu全托管 - 准备下载: 下载财务明细(欧区)
2026-06-18 11:08:28,527 | INFO | financial_data | 确认授权并前往
2026-06-18 11:08:38,101 | INFO | financial_data | ✅ 文件下载完成: D:\sd14\Temu_horizon\data\financial\01月份\1105-Temu全托管_01_欧区.xlsx
2026-06-18 11:08:39,147 | INFO | financial_data | 1105-Temu全托管 - 准备下载: 下载财务明细(美国)
2026-06-18 11:08:41,250 | INFO | financial_data | 确认授权并前往
2026-06-18 11:08:49,028 | INFO | financial_data | ✅ 文件下载完成: D:\sd14\Temu_horizon\data\financial\01月份\1105-Temu全托管_01_美国.xlsx
2026-06-18 11:08:50,053 | INFO | financial_data | ✅ 1105-Temu全托管 - 所有财务数据下载完成
2026-06-18 11:08:50,053 | INFO | financial_data | 全部报表下载完成
2026-06-18 11:08:50,053 | INFO | financial_data | 1105-Temu全托管 - 登录成功（第 1 次）
2026-06-18 11:08:51,245 | INFO | financial_data | --------------正在爬取店铺1104-Temu全托管----的数据
2026-06-18 11:08:51,246 | INFO | financial_data | 1104-Temu全托管 - 第 1 次登录尝试
2026-06-18 11:08:54,275 | INFO | financial_data | 1104-Temu全托管 - start_api 返回: {'code': 0, 'msg': 'Success', 'data': {'action': 'startBrowserByCode', 'backgroundPluginId': 'ifmneobocilkpmpjmkahbfnpccjajnbm', 'browserID': 100261239, 'browserPath': 'C:\\Users\\Administrator\\AppData\\Local\\env-kit\\Core\\chrome_64_131_202501091017\\hubstudio', 'debuggingPort': '57420', 'downloadPath': 'C:\\Users\\Administrator\\Desktop\\Hubstudio\\temu全托1104店', 'duplicate': 2679, 'ip': '125.122.156.184', 'isDynamicIp': False, 'launcherPage': 'about:blank', 'proxyType': 'socks5', 'runMode': 2, 'webdriver': 'C:\\Users\\Administrator\\AppData\\Local\\env-kit\\Core\\chrome_64_131_202501091017\\webdriver.exe', 'containerId': 100261239, 'containerCode': '1010612394', 'statusCode': '0', 'err': '成功(Success)'}}
2026-06-18 11:08:54,275 | INFO | financial_data | 1104-Temu全托管 - 浏览器启动成功, 调试端口: 57420
2026-06-18 11:08:55,626 | INFO | financial_data | 1104-Temu全托管 - 已连接浏览器
2026-06-18 11:08:56,160 | INFO | financial_data | --------------------1104-Temu全托管 ------------------------ 开始登录...
2026-06-18 11:09:01,077 | INFO | financial_data | 1104-Temu全托管 - 等待 agentseller Cookie 生效
2026-06-18 11:09:05,989 | INFO | financial_data | 1104-Temu全托管 - 进入财务页面
2026-06-18 11:09:15,258 | INFO | financial_data | 有数据，总共 584 条
2026-06-18 11:09:17,297 | INFO | financial_data | 检测到导出数据成功，准备下载报表
2026-06-18 11:09:17,642 | INFO | financial_data | 最新记录时间范围: 2026-01-01 ~ 2026-01-31
2026-06-18 11:09:17,642 | INFO | financial_data | 目标时间范围: 2026-01-01 ~ 2026-01-31
2026-06-18 11:09:17,642 | INFO | financial_data | 1104-Temu全托管 - 准备下载: 下载账务明细(卖家中心)
2026-06-18 11:09:28,064 | INFO | financial_data | ✅ 文件下载完成: D:\sd14\Temu_horizon\data\financial\01月份\temu\1104-Temu全托管_01_卖家中心.xlsx
2026-06-18 11:09:29,079 | INFO | financial_data | 1104-Temu全托管 - 准备下载: 下载财务明细(全球)
2026-06-18 11:09:31,182 | INFO | financial_data | 确认授权并前往
2026-06-18 11:09:45,840 | INFO | financial_data | ✅ 文件下载完成: D:\sd14\Temu_horizon\data\financial\01月份\1104-Temu全托管_01_全球.xlsx
2026-06-18 11:09:46,868 | INFO | financial_data | 1104-Temu全托管 - 准备下载: 下载财务明细(欧区)
2026-06-18 11:09:49,079 | INFO | financial_data | 确认授权并前往
2026-06-18 11:09:57,790 | INFO | financial_data | ✅ 文件下载完成: D:\sd14\Temu_horizon\data\financial\01月份\1104-Temu全托管_01_欧区.xlsx
2026-06-18 11:09:58,819 | INFO | financial_data | 1104-Temu全托管 - 准备下载: 下载财务明细(美国)
2026-06-18 11:10:01,102 | INFO | financial_data | 确认授权并前往
2026-06-18 11:10:09,735 | INFO | financial_data | ✅ 文件下载完成: D:\sd14\Temu_horizon\data\financial\01月份\1104-Temu全托管_01_美国.xlsx
2026-06-18 11:10:10,774 | INFO | financial_data | ✅ 1104-Temu全托管 - 所有财务数据下载完成
2026-06-18 11:10:10,774 | INFO | financial_data | 全部报表下载完成
2026-06-18 11:10:10,774 | INFO | financial_data | 1104-Temu全托管 - 登录成功（第 1 次）
2026-06-18 11:10:11,977 | INFO | financial_data | --------------正在爬取店铺109-Temu全托管KA----的数据
2026-06-18 11:10:11,979 | INFO | financial_data | 109-Temu全托管KA - 第 1 次登录尝试
2026-06-18 11:10:15,559 | INFO | financial_data | 109-Temu全托管KA - start_api 返回: {'code': 0, 'msg': 'Success', 'data': {'action': 'startBrowserByCode', 'backgroundPluginId': 'ohiahjpnifkljncpockjijkdiohieojm', 'browserID': 104329439, 'browserPath': 'C:\\Users\\Administrator\\AppData\\Local\\env-kit\\Core\\chrome_64_131_202501091017\\hubstudio', 'debuggingPort': '57812', 'downloadPath': 'C:\\Users\\Administrator\\Desktop\\Hubstudio\\temu全托109+半托3号-Geeray', 'duplicate': 3093, 'ip': '124.236.76.149', 'isDynamicIp': False, 'launcherPage': 'about:blank', 'proxyType': 'socks5', 'runMode': 2, 'webdriver': 'C:\\Users\\Administrator\\AppData\\Local\\env-kit\\Core\\chrome_64_131_202501091017\\webdriver.exe', 'containerId': 104329439, 'containerCode': '1051294393', 'statusCode': '0', 'err': '成功(Success)'}}
2026-06-18 11:10:15,560 | INFO | financial_data | 109-Temu全托管KA - 浏览器启动成功, 调试端口: 57812
2026-06-18 11:10:16,916 | INFO | financial_data | 109-Temu全托管KA - 已连接浏览器
2026-06-18 11:10:17,576 | INFO | financial_data | --------------------109-Temu全托管KA ------------------------ 开始登录...
2026-06-18 11:10:21,658 | INFO | financial_data | 109-Temu全托管KA - 等待 agentseller Cookie 生效
2026-06-18 11:10:26,863 | INFO | financial_data | 109-Temu全托管KA - 进入财务页面
2026-06-18 11:10:34,535 | INFO | financial_data | 有数据，总共 782 条
2026-06-18 11:10:36,563 | INFO | financial_data | 检测到导出数据成功，准备下载报表
2026-06-18 11:10:37,393 | INFO | financial_data | 最新记录时间范围: 2026-01-01 ~ 2026-01-31
2026-06-18 11:10:37,393 | INFO | financial_data | 目标时间范围: 2026-01-01 ~ 2026-01-31
2026-06-18 11:10:37,393 | INFO | financial_data | 109-Temu全托管KA - 准备下载: 下载账务明细(卖家中心)
2026-06-18 11:10:47,884 | INFO | financial_data | ✅ 文件下载完成: D:\sd14\Temu_horizon\data\financial\01月份\temu\109-Temu全托管KA_01_卖家中心.xlsx
2026-06-18 11:10:48,892 | INFO | financial_data | 109-Temu全托管KA - 准备下载: 下载财务明细(全球)
2026-06-18 11:10:51,161 | INFO | financial_data | 确认授权并前往
2026-06-18 11:11:03,112 | INFO | financial_data | ✅ 文件下载完成: D:\sd14\Temu_horizon\data\financial\01月份\109-Temu全托管KA_01_全球.xlsx
2026-06-18 11:11:04,158 | INFO | financial_data | 109-Temu全托管KA - 准备下载: 下载财务明细(欧区)
2026-06-18 11:11:06,440 | INFO | financial_data | 确认授权并前往
2026-06-18 11:11:16,783 | INFO | financial_data | ✅ 文件下载完成: D:\sd14\Temu_horizon\data\financial\01月份\109-Temu全托管KA_01_欧区.xlsx
2026-06-18 11:11:17,823 | INFO | financial_data | 109-Temu全托管KA - 准备下载: 下载财务明细(美国)
2026-06-18 11:11:20,154 | INFO | financial_data | 确认授权并前往
2026-06-18 11:11:31,750 | INFO | financial_data | ✅ 文件下载完成: D:\sd14\Temu_horizon\data\financial\01月份\109-Temu全托管KA_01_美国.xlsx
2026-06-18 11:11:32,805 | INFO | financial_data | ✅ 109-Temu全托管KA - 所有财务数据下载完成
2026-06-18 11:11:32,805 | INFO | financial_data | 全部报表下载完成
2026-06-18 11:11:32,806 | INFO | financial_data | 109-Temu全托管KA - 登录成功（第 1 次）
2026-06-18 11:11:33,991 | INFO | financial_data | --------------正在爬取店铺1103-Temu全托管----的数据
2026-06-18 11:11:33,992 | INFO | financial_data | 1103-Temu全托管 - 第 1 次登录尝试
2026-06-18 11:11:37,643 | INFO | financial_data | 1103-Temu全托管 - start_api 返回: {'code': 0, 'msg': 'Success', 'data': {'action': 'startBrowserByCode', 'backgroundPluginId': 'jpdodpkjmnaoinfefchdgfomfncffgoc', 'browserID': 100261119, 'browserPath': 'C:\\Users\\Administrator\\AppData\\Local\\env-kit\\Core\\chrome_64_131_202501091017\\hubstudio', 'debuggingPort': '58218', 'downloadPath': 'C:\\Users\\Administrator\\Desktop\\Hubstudio\\temu全托1103店-子账号', 'duplicate': 3304, 'ip': '49.7.135.46', 'isDynamicIp': False, 'launcherPage': 'about:blank', 'proxyType': 'socks5', 'runMode': 2, 'webdriver': 'C:\\Users\\Administrator\\AppData\\Local\\env-kit\\Core\\chrome_64_131_202501091017\\webdriver.exe', 'containerId': 100261119, 'containerCode': '1010611195', 'statusCode': '0', 'err': '成功(Success)'}}
2026-06-18 11:11:37,643 | INFO | financial_data | 1103-Temu全托管 - 浏览器启动成功, 调试端口: 58218
2026-06-18 11:11:39,026 | INFO | financial_data | 1103-Temu全托管 - 已连接浏览器
2026-06-18 11:11:39,741 | INFO | financial_data | --------------------1103-Temu全托管 ------------------------ 开始登录...
2026-06-18 11:11:45,125 | INFO | financial_data | 1103-Temu全托管 - 等待 agentseller Cookie 生效
2026-06-18 11:11:51,805 | INFO | financial_data | 命中授权方式一：确认授权并前往
2026-06-18 11:11:51,869 | INFO | financial_data | 授权流程完成
2026-06-18 11:11:57,901 | INFO | financial_data | 1103-Temu全托管 - 进入财务页面
2026-06-18 11:12:10,484 | INFO | financial_data | 有数据，总共 340 条
2026-06-18 11:12:12,515 | INFO | financial_data | 检测到导出数据成功，准备下载报表
2026-06-18 11:13:32,531 | ERROR | financial_data | 处理导出结果时出错: Page.wait_for_selector: Timeout 80000ms exceeded.
Call log:
  - waiting for locator(".export-history_list__5Eto0") to be visible
    - waiting for" https://seller.kuajingmaihuo.com/settle/site-main?redirectUrl=https%3A%2F%2Fseller.kuajingmaihuo.com%2Flabor%2Fbill" navigation to finish...
    - navigated to "https://seller.kuajingmaihuo.com/settle/site-main?redirectUrl=https%3A%2F%2Fseller.kuajingmaihuo.com%2Flabor%2Fbill"

2026-06-18 11:13:32,531 | INFO | financial_data | 1103-Temu全托管 - 尝试从导出历史中下载文件
2026-06-18 11:13:47,544 | INFO | financial_data | 无法从历史下载，结束操作
2026-06-18 11:13:47,544 | INFO | financial_data | 1103-Temu全托管 - 登录成功（第 1 次）
2026-06-18 11:13:48,896 | INFO | financial_data | --------------正在爬取店铺1102-Temu全托管----的数据
2026-06-18 11:13:48,897 | INFO | financial_data | 1102-Temu全托管 - 第 1 次登录尝试
2026-06-18 11:13:51,955 | INFO | financial_data | 1102-Temu全托管 - start_api 返回: {'code': 0, 'msg': 'Success', 'data': {'action': 'startBrowserByCode', 'backgroundPluginId': 'jelnoidfmcaagnefijmbgjihdibffamo', 'browserID': 100123686, 'browserPath': 'C:\\Users\\Administrator\\AppData\\Local\\env-kit\\Core\\chrome_64_131_202501091017\\hubstudio', 'debuggingPort': '58641', 'downloadPath': 'C:\\Users\\Administrator\\Desktop\\Hubstudio\\temu全托1102店', 'duplicate': 2679, 'ip': '125.122.156.184', 'isDynamicIp': False, 'launcherPage': 'about:blank', 'proxyType': 'socks5', 'runMode': 2, 'webdriver': 'C:\\Users\\Administrator\\AppData\\Local\\env-kit\\Core\\chrome_64_131_202501091017\\webdriver.exe', 'containerId': 100123686, 'containerCode': '1009236863', 'statusCode': '0', 'err': '成功(Success)'}}
2026-06-18 11:13:51,956 | INFO | financial_data | 1102-Temu全托管 - 浏览器启动成功, 调试端口: 58641
2026-06-18 11:13:53,306 | INFO | financial_data | 1102-Temu全托管 - 已连接浏览器
2026-06-18 11:13:53,866 | INFO | financial_data | --------------------1102-Temu全托管 ------------------------ 开始登录...
2026-06-18 11:13:59,065 | INFO | financial_data | 1102-Temu全托管 - 等待 agentseller Cookie 生效
2026-06-18 11:14:04,039 | INFO | financial_data | 1102-Temu全托管 - 进入财务页面
2026-06-18 11:14:12,236 | INFO | financial_data | 有数据，总共 416 条
2026-06-18 11:14:14,281 | INFO | financial_data | 检测到导出数据成功，准备下载报表
2026-06-18 11:14:15,118 | INFO | financial_data | 最新记录时间范围: 2026-01-01 ~ 2026-01-31
2026-06-18 11:14:15,118 | INFO | financial_data | 目标时间范围: 2026-01-01 ~ 2026-01-31
2026-06-18 11:14:15,118 | INFO | financial_data | 1102-Temu全托管 - 准备下载: 下载账务明细(卖家中心)
2026-06-18 11:14:25,014 | INFO | financial_data | ✅ 文件下载完成: D:\sd14\Temu_horizon\data\financial\01月份\temu\1102-Temu全托管_01_卖家中心.xlsx
2026-06-18 11:14:26,022 | INFO | financial_data | 1102-Temu全托管 - 准备下载: 下载财务明细(全球)
2026-06-18 11:14:28,246 | INFO | financial_data | 确认授权并前往
2026-06-18 11:14:38,039 | INFO | financial_data | ✅ 文件下载完成: D:\sd14\Temu_horizon\data\financial\01月份\1102-Temu全托管_01_全球.xlsx
2026-06-18 11:14:39,064 | INFO | financial_data | 1102-Temu全托管 - 准备下载: 下载财务明细(欧区)
2026-06-18 11:14:41,149 | INFO | financial_data | 确认授权并前往
2026-06-18 11:14:49,503 | INFO | financial_data | ✅ 文件下载完成: D:\sd14\Temu_horizon\data\financial\01月份\1102-Temu全托管_01_欧区.xlsx
2026-06-18 11:14:50,553 | INFO | financial_data | 1102-Temu全托管 - 准备下载: 下载财务明细(美国)
2026-06-18 11:14:52,726 | INFO | financial_data | 确认授权并前往
2026-06-18 11:15:02,564 | INFO | financial_data | ✅ 文件下载完成: D:\sd14\Temu_horizon\data\financial\01月份\1102-Temu全托管_01_美国.xlsx
2026-06-18 11:15:03,583 | INFO | financial_data | ✅ 1102-Temu全托管 - 所有财务数据下载完成
2026-06-18 11:15:03,583 | INFO | financial_data | 全部报表下载完成
2026-06-18 11:15:03,583 | INFO | financial_data | 1102-Temu全托管 - 登录成功（第 1 次）
2026-06-18 11:15:04,842 | INFO | financial_data | --------------正在爬取店铺1101-Temu全托管----的数据
2026-06-18 11:15:04,843 | INFO | financial_data | 1101-Temu全托管 - 第 1 次登录尝试
2026-06-18 11:15:08,336 | INFO | financial_data | 1101-Temu全托管 - start_api 返回: {'code': 0, 'msg': 'Success', 'data': {'action': 'startBrowserByCode', 'backgroundPluginId': 'ckhldkgdmajoifldkandjekhofbghdfh', 'browserID': 100260927, 'browserPath': 'C:\\Users\\Administrator\\AppData\\Local\\env-kit\\Core\\chrome_64_131_202501091017\\hubstudio', 'debuggingPort': '59009', 'downloadPath': 'C:\\Users\\Administrator\\Desktop\\Hubstudio\\temu全托1101店', 'duplicate': 3133, 'ip': '124.225.4.69', 'isDynamicIp': False, 'launcherPage': 'about:blank', 'proxyType': 'socks5', 'runMode': 2, 'webdriver': 'C:\\Users\\Administrator\\AppData\\Local\\env-kit\\Core\\chrome_64_131_202501091017\\webdriver.exe', 'containerId': 100260927, 'containerCode': '1010609275', 'statusCode': '0', 'err': '成功(Success)'}}
2026-06-18 11:15:08,336 | INFO | financial_data | 1101-Temu全托管 - 浏览器启动成功, 调试端口: 59009
2026-06-18 11:15:09,730 | INFO | financial_data | 1101-Temu全托管 - 已连接浏览器
2026-06-18 11:15:10,352 | INFO | financial_data | --------------------1101-Temu全托管 ------------------------ 开始登录...
2026-06-18 11:15:15,306 | INFO | financial_data | 1101-Temu全托管 - 等待 agentseller Cookie 生效
2026-06-18 11:15:20,289 | INFO | financial_data | 1101-Temu全托管 - 进入财务页面
2026-06-18 11:15:34,767 | INFO | financial_data | 有数据，总共 1155 条
2026-06-18 11:15:36,810 | INFO | financial_data | 检测到导出数据成功，准备下载报表
2026-06-18 11:15:37,642 | INFO | financial_data | 最新记录时间范围: 2026-01-01 ~ 2026-01-31
2026-06-18 11:15:37,643 | INFO | financial_data | 目标时间范围: 2026-01-01 ~ 2026-01-31
2026-06-18 11:15:37,643 | INFO | financial_data | 1101-Temu全托管 - 准备下载: 下载账务明细(卖家中心)
2026-06-18 11:15:48,068 | INFO | financial_data | ✅ 文件下载完成: D:\sd14\Temu_horizon\data\financial\01月份\temu\1101-Temu全托管_01_卖家中心.xlsx
2026-06-18 11:15:49,074 | INFO | financial_data | 1101-Temu全托管 - 准备下载: 下载财务明细(全球)
2026-06-18 11:15:51,157 | INFO | financial_data | 确认授权并前往
2026-06-18 11:16:01,157 | INFO | financial_data | ✅ 文件下载完成: D:\sd14\Temu_horizon\data\financial\01月份\1101-Temu全托管_01_全球.xlsx
2026-06-18 11:16:02,188 | INFO | financial_data | 1101-Temu全托管 - 准备下载: 下载财务明细(欧区)
2026-06-18 11:16:04,311 | INFO | financial_data | 确认授权并前往
2026-06-18 11:16:14,186 | INFO | financial_data | ✅ 文件下载完成: D:\sd14\Temu_horizon\data\financial\01月份\1101-Temu全托管_01_欧区.xlsx
2026-06-18 11:16:15,225 | INFO | financial_data | 1101-Temu全托管 - 准备下载: 下载财务明细(美国)
2026-06-18 11:16:17,320 | INFO | financial_data | 确认授权并前往
2026-06-18 11:16:25,579 | INFO | financial_data | ✅ 文件下载完成: D:\sd14\Temu_horizon\data\financial\01月份\1101-Temu全托管_01_美国.xlsx
2026-06-18 11:16:26,603 | INFO | financial_data | ✅ 1101-Temu全托管 - 所有财务数据下载完成
2026-06-18 11:16:26,603 | INFO | financial_data | 全部报表下载完成
2026-06-18 11:16:26,603 | INFO | financial_data | 1101-Temu全托管 - 登录成功（第 1 次）
2026-06-18 11:16:27,748 | INFO | financial_data | --------------正在爬取店铺110-Temu全托管KA----的数据
2026-06-18 11:16:27,748 | INFO | financial_data | 110-Temu全托管KA - 第 1 次登录尝试
2026-06-18 11:16:31,185 | INFO | financial_data | 110-Temu全托管KA - start_api 返回: {'code': 0, 'msg': 'Success', 'data': {'action': 'startBrowserByCode', 'backgroundPluginId': 'komlifcoekddpkbgnlkbhoknnkcniofa', 'browserID': 104353651, 'browserPath': 'C:\\Users\\Administrator\\AppData\\Local\\env-kit\\Core\\chrome_64_131_202501091017\\hubstudio', 'debuggingPort': '59326', 'downloadPath': 'C:\\Users\\Administrator\\Desktop\\Hubstudio\\temu全托110号店+半托7号店', 'duplicate': 3073, 'ip': '121.14.201.248', 'isDynamicIp': False, 'launcherPage': 'about:blank', 'proxyType': 'socks5', 'runMode': 2, 'webdriver': 'C:\\Users\\Administrator\\AppData\\Local\\env-kit\\Core\\chrome_64_131_202501091017\\webdriver.exe', 'containerId': 104353651, 'containerCode': '1051536511', 'statusCode': '0', 'err': '成功(Success)'}}
2026-06-18 11:16:31,185 | INFO | financial_data | 110-Temu全托管KA - 浏览器启动成功, 调试端口: 59326
2026-06-18 11:16:32,569 | INFO | financial_data | 110-Temu全托管KA - 已连接浏览器
2026-06-18 11:16:33,142 | INFO | financial_data | --------------------110-Temu全托管KA ------------------------ 开始登录...
2026-06-18 11:16:38,154 | INFO | financial_data | 110-Temu全托管KA - 等待 agentseller Cookie 生效
2026-06-18 11:16:43,004 | INFO | financial_data | 110-Temu全托管KA - 进入财务页面
2026-06-18 11:16:56,500 | INFO | financial_data | 有数据，总共 1722 条
2026-06-18 11:16:58,523 | INFO | financial_data | 检测到导出数据成功，准备下载报表
2026-06-18 11:16:59,367 | INFO | financial_data | 最新记录时间范围: 2026-01-01 ~ 2026-01-31
2026-06-18 11:16:59,367 | INFO | financial_data | 目标时间范围: 2026-01-01 ~ 2026-01-31
2026-06-18 11:16:59,367 | INFO | financial_data | 110-Temu全托管KA - 准备下载: 下载账务明细(卖家中心)
2026-06-18 11:17:09,698 | INFO | financial_data | ✅ 文件下载完成: D:\sd14\Temu_horizon\data\financial\01月份\temu\110-Temu全托管KA_01_卖家中心.xlsx
2026-06-18 11:17:10,704 | INFO | financial_data | 110-Temu全托管KA - 准备下载: 下载财务明细(全球)
2026-06-18 11:17:13,091 | INFO | financial_data | 确认授权并前往
2026-06-18 11:17:23,079 | INFO | financial_data | ✅ 文件下载完成: D:\sd14\Temu_horizon\data\financial\01月份\110-Temu全托管KA_01_全球.xlsx
2026-06-18 11:17:24,103 | INFO | financial_data | 110-Temu全托管KA - 准备下载: 下载财务明细(欧区)
2026-06-18 11:17:26,169 | INFO | financial_data | 确认授权并前往
2026-06-18 11:17:38,288 | INFO | financial_data | ✅ 文件下载完成: D:\sd14\Temu_horizon\data\financial\01月份\110-Temu全托管KA_01_欧区.xlsx
2026-06-18 11:17:39,330 | INFO | financial_data | 110-Temu全托管KA - 准备下载: 下载财务明细(美国)
2026-06-18 11:17:41,395 | INFO | financial_data | 确认授权并前往
2026-06-18 11:17:49,055 | INFO | financial_data | ✅ 文件下载完成: D:\sd14\Temu_horizon\data\financial\01月份\110-Temu全托管KA_01_美国.xlsx
2026-06-18 11:17:50,089 | INFO | financial_data | ✅ 110-Temu全托管KA - 所有财务数据下载完成
2026-06-18 11:17:50,089 | INFO | financial_data | 全部报表下载完成
2026-06-18 11:17:50,089 | INFO | financial_data | 110-Temu全托管KA - 登录成功（第 1 次）
2026-06-18 11:17:51,181 | INFO | financial_data | --------------正在爬取店铺108-Temu全托管----的数据
2026-06-18 11:17:51,182 | INFO | financial_data | 108-Temu全托管 - 第 1 次登录尝试
2026-06-18 11:17:54,524 | INFO | financial_data | 108-Temu全托管 - start_api 返回: {'code': 0, 'msg': 'Success', 'data': {'action': 'startBrowserByCode', 'backgroundPluginId': 'gobiecapkllflcacpgecmdakhoffglne', 'browserID': 104562169, 'browserPath': 'C:\\Users\\Administrator\\AppData\\Local\\env-kit\\Core\\chrome_64_131_202501091017\\hubstudio', 'debuggingPort': '59680', 'downloadPath': 'C:\\Users\\Administrator\\Desktop\\Hubstudio\\temu全托108店-YYDeeK BO子账号', 'duplicate': 2901, 'ip': '125.122.156.184', 'isDynamicIp': False, 'launcherPage': 'about:blank', 'proxyType': 'socks5', 'runMode': 2, 'webdriver': 'C:\\Users\\Administrator\\AppData\\Local\\env-kit\\Core\\chrome_64_131_202501091017\\webdriver.exe', 'containerId': 104562169, 'containerCode': '1053621692', 'statusCode': '0', 'err': '成功(Success)'}}
2026-06-18 11:17:54,524 | INFO | financial_data | 108-Temu全托管 - 浏览器启动成功, 调试端口: 59680
2026-06-18 11:17:55,895 | INFO | financial_data | 108-Temu全托管 - 已连接浏览器
2026-06-18 11:17:56,440 | INFO | financial_data | --------------------108-Temu全托管 ------------------------ 开始登录...
2026-06-18 11:18:01,248 | INFO | financial_data | 108-Temu全托管 - 等待 agentseller Cookie 生效
2026-06-18 11:18:06,289 | INFO | financial_data | 108-Temu全托管 - 进入财务页面
2026-06-18 11:18:21,823 | INFO | financial_data | 有数据，总共 746 条
2026-06-18 11:18:23,877 | INFO | financial_data | 检测到导出数据成功，准备下载报表
2026-06-18 11:18:24,717 | INFO | financial_data | 最新记录时间范围: 2026-01-01 ~ 2026-01-31
2026-06-18 11:18:24,717 | INFO | financial_data | 目标时间范围: 2026-01-01 ~ 2026-01-31
2026-06-18 11:18:24,717 | INFO | financial_data | 108-Temu全托管 - 准备下载: 下载账务明细(卖家中心)
2026-06-18 11:18:34,574 | INFO | financial_data | ✅ 文件下载完成: D:\sd14\Temu_horizon\data\financial\01月份\temu\108-Temu全托管_01_卖家中心.xlsx
2026-06-18 11:18:35,581 | INFO | financial_data | 108-Temu全托管 - 准备下载: 下载财务明细(全球)
2026-06-18 11:18:38,107 | INFO | financial_data | 确认授权并前往
2026-06-18 11:18:48,150 | INFO | financial_data | ✅ 文件下载完成: D:\sd14\Temu_horizon\data\financial\01月份\108-Temu全托管_01_全球.xlsx
2026-06-18 11:18:49,191 | INFO | financial_data | 108-Temu全托管 - 准备下载: 下载财务明细(欧区)
2026-06-18 11:18:51,263 | INFO | financial_data | 确认授权并前往
2026-06-18 11:19:00,919 | INFO | financial_data | ✅ 文件下载完成: D:\sd14\Temu_horizon\data\financial\01月份\108-Temu全托管_01_欧区.xlsx
2026-06-18 11:19:01,963 | INFO | financial_data | 108-Temu全托管 - 准备下载: 下载财务明细(美国)
2026-06-18 11:19:04,184 | INFO | financial_data | 确认授权并前往
2026-06-18 11:19:13,635 | INFO | financial_data | ✅ 文件下载完成: D:\sd14\Temu_horizon\data\financial\01月份\108-Temu全托管_01_美国.xlsx
2026-06-18 11:19:14,677 | INFO | financial_data | ✅ 108-Temu全托管 - 所有财务数据下载完成
2026-06-18 11:19:14,677 | INFO | financial_data | 全部报表下载完成
2026-06-18 11:19:14,677 | INFO | financial_data | 108-Temu全托管 - 登录成功（第 1 次）
2026-06-18 11:19:15,892 | INFO | financial_data | --------------正在爬取店铺106-Temu全托管----的数据
2026-06-18 11:19:15,893 | INFO | financial_data | 106-Temu全托管 - 第 1 次登录尝试
2026-06-18 11:19:19,076 | INFO | financial_data | 106-Temu全托管 - start_api 返回: {'code': 0, 'msg': 'Success', 'data': {'action': 'startBrowserByCode', 'backgroundPluginId': 'pngnekjgjoanofgpkpnjilfmdnlhikjk', 'browserID': 104315998, 'browserPath': 'C:\\Users\\Administrator\\AppData\\Local\\env-kit\\Core\\chrome_64_131_202501091017\\hubstudio', 'debuggingPort': '60028', 'downloadPath': 'C:\\Users\\Administrator\\Desktop\\Hubstudio\\temu全托106店-BAKAM', 'duplicate': 2872, 'ip': '36.111.32.150', 'isDynamicIp': False, 'launcherPage': 'about:blank', 'proxyType': 'socks5', 'runMode': 2, 'webdriver': 'C:\\Users\\Administrator\\AppData\\Local\\env-kit\\Core\\chrome_64_131_202501091017\\webdriver.exe', 'containerId': 104315998, 'containerCode': '1051159982', 'statusCode': '0', 'err': '成功(Success)'}}
2026-06-18 11:19:19,077 | INFO | financial_data | 106-Temu全托管 - 浏览器启动成功, 调试端口: 60028
2026-06-18 11:19:20,488 | INFO | financial_data | 106-Temu全托管 - 已连接浏览器
2026-06-18 11:19:21,056 | INFO | financial_data | --------------------106-Temu全托管 ------------------------ 开始登录...
2026-06-18 11:19:26,109 | INFO | financial_data | 106-Temu全托管 - 等待 agentseller Cookie 生效
2026-06-18 11:19:31,001 | INFO | financial_data | 106-Temu全托管 - 进入财务页面
2026-06-18 11:19:45,289 | INFO | financial_data | 有数据，总共 685 条
2026-06-18 11:19:47,353 | INFO | financial_data | 检测到导出数据成功，准备下载报表
2026-06-18 11:19:48,180 | INFO | financial_data | 最新记录时间范围: 2026-01-01 ~ 2026-01-31
2026-06-18 11:19:48,181 | INFO | financial_data | 目标时间范围: 2026-01-01 ~ 2026-01-31
2026-06-18 11:19:48,181 | INFO | financial_data | 106-Temu全托管 - 准备下载: 下载账务明细(卖家中心)
2026-06-18 11:19:58,069 | INFO | financial_data | ✅ 文件下载完成: D:\sd14\Temu_horizon\data\financial\01月份\temu\106-Temu全托管_01_卖家中心.xlsx
2026-06-18 11:19:59,078 | INFO | financial_data | 106-Temu全托管 - 准备下载: 下载财务明细(全球)
2026-06-18 11:20:01,393 | INFO | financial_data | 确认授权并前往
2026-06-18 11:20:10,972 | INFO | financial_data | ✅ 文件下载完成: D:\sd14\Temu_horizon\data\financial\01月份\106-Temu全托管_01_全球.xlsx
2026-06-18 11:20:12,006 | INFO | financial_data | 106-Temu全托管 - 准备下载: 下载财务明细(欧区)
2026-06-18 11:20:14,111 | INFO | financial_data | 确认授权并前往
2026-06-18 11:20:22,936 | INFO | financial_data | ✅ 文件下载完成: D:\sd14\Temu_horizon\data\financial\01月份\106-Temu全托管_01_欧区.xlsx
2026-06-18 11:20:23,983 | INFO | financial_data | 106-Temu全托管 - 准备下载: 下载财务明细(美国)
2026-06-18 11:20:26,091 | INFO | financial_data | 确认授权并前往
2026-06-18 11:20:34,420 | INFO | financial_data | ✅ 文件下载完成: D:\sd14\Temu_horizon\data\financial\01月份\106-Temu全托管_01_美国.xlsx
2026-06-18 11:20:35,456 | INFO | financial_data | ✅ 106-Temu全托管 - 所有财务数据下载完成
2026-06-18 11:20:35,456 | INFO | financial_data | 全部报表下载完成
2026-06-18 11:20:35,456 | INFO | financial_data | 106-Temu全托管 - 登录成功（第 1 次）
2026-06-18 11:20:36,769 | INFO | financial_data | --------------正在爬取店铺105-Temu全托管----的数据
2026-06-18 11:20:36,770 | INFO | financial_data | 105-Temu全托管 - 第 1 次登录尝试
2026-06-18 11:20:39,974 | INFO | financial_data | 105-Temu全托管 - start_api 返回: {'code': 0, 'msg': 'Success', 'data': {'action': 'startBrowserByCode', 'backgroundPluginId': 'egdlpkdlagfommapeejeoihfohgccfih', 'browserID': 104314256, 'browserPath': 'C:\\Users\\Administrator\\AppData\\Local\\env-kit\\Core\\chrome_64_131_202501091017\\hubstudio', 'debuggingPort': '60393', 'downloadPath': 'C:\\Users\\Administrator\\Desktop\\Hubstudio\\temu全托105店-UNE LUCIOLE', 'duplicate': 2891, 'ip': '124.225.4.69', 'isDynamicIp': False, 'launcherPage': 'about:blank', 'proxyType': 'socks5', 'runMode': 2, 'webdriver': 'C:\\Users\\Administrator\\AppData\\Local\\env-kit\\Core\\chrome_64_131_202501091017\\webdriver.exe', 'containerId': 104314256, 'containerCode': '1051142565', 'statusCode': '0', 'err': '成功(Success)'}}
2026-06-18 11:20:39,974 | INFO | financial_data | 105-Temu全托管 - 浏览器启动成功, 调试端口: 60393
2026-06-18 11:20:41,387 | INFO | financial_data | 105-Temu全托管 - 已连接浏览器
2026-06-18 11:20:42,065 | INFO | financial_data | --------------------105-Temu全托管 ------------------------ 开始登录...
2026-06-18 11:20:47,147 | INFO | financial_data | 105-Temu全托管 - 等待 agentseller Cookie 生效
2026-06-18 11:20:52,076 | INFO | financial_data | 105-Temu全托管 - 进入财务页面
2026-06-18 11:21:10,282 | INFO | financial_data | 有数据，总共 2145 条
2026-06-18 11:21:12,348 | INFO | financial_data | 检测到导出数据成功，准备下载报表
2026-06-18 11:21:13,183 | INFO | financial_data | 最新记录时间范围: 2026-01-01 ~ 2026-01-31
2026-06-18 11:21:13,184 | INFO | financial_data | 目标时间范围: 2026-01-01 ~ 2026-01-31
2026-06-18 11:21:13,184 | INFO | financial_data | 105-Temu全托管 - 准备下载: 下载账务明细(卖家中心)
2026-06-18 11:21:23,758 | INFO | financial_data | ✅ 文件下载完成: D:\sd14\Temu_horizon\data\financial\01月份\temu\105-Temu全托管_01_卖家中心.xlsx
2026-06-18 11:21:24,763 | INFO | financial_data | 105-Temu全托管 - 准备下载: 下载财务明细(全球)
2026-06-18 11:21:27,217 | INFO | financial_data | 确认授权并前往
2026-06-18 11:21:40,173 | INFO | financial_data | ✅ 文件下载完成: D:\sd14\Temu_horizon\data\financial\01月份\105-Temu全托管_01_全球.xlsx
2026-06-18 11:21:41,218 | INFO | financial_data | 105-Temu全托管 - 准备下载: 下载财务明细(欧区)
2026-06-18 11:21:43,328 | INFO | financial_data | 确认授权并前往
2026-06-18 11:22:01,635 | INFO | financial_data | ✅ 文件下载完成: D:\sd14\Temu_horizon\data\financial\01月份\105-Temu全托管_01_欧区.xlsx
2026-06-18 11:22:02,688 | INFO | financial_data | 105-Temu全托管 - 准备下载: 下载财务明细(美国)
2026-06-18 11:22:05,095 | INFO | financial_data | 确认授权并前往
2026-06-18 11:22:13,455 | INFO | financial_data | ✅ 文件下载完成: D:\sd14\Temu_horizon\data\financial\01月份\105-Temu全托管_01_美国.xlsx
2026-06-18 11:22:14,478 | INFO | financial_data | ✅ 105-Temu全托管 - 所有财务数据下载完成
2026-06-18 11:22:14,479 | INFO | financial_data | 全部报表下载完成
2026-06-18 11:22:14,479 | INFO | financial_data | 105-Temu全托管 - 登录成功（第 1 次）
2026-06-18 11:22:16,188 | INFO | financial_data | --------------正在爬取店铺104-Temu全托管----的数据
2026-06-18 11:22:16,189 | INFO | financial_data | 104-Temu全托管 - 第 1 次登录尝试
2026-06-18 11:22:19,266 | INFO | financial_data | 104-Temu全托管 - start_api 返回: {'code': 0, 'msg': 'Success', 'data': {'action': 'startBrowserByCode', 'backgroundPluginId': 'chlkfnmgfghenbeelpneidfjbkpokonp', 'browserID': 104527083, 'browserPath': 'C:\\Users\\Administrator\\AppData\\Local\\env-kit\\Core\\chrome_64_131_202501091017\\hubstudio', 'debuggingPort': '60837', 'downloadPath': 'C:\\Users\\Administrator\\Desktop\\Hubstudio\\temu全托104店-YYDeeK子账号', 'duplicate': 2772, 'ip': '125.122.156.184', 'isDynamicIp': False, 'launcherPage': 'about:blank', 'proxyType': 'socks5', 'runMode': 2, 'webdriver': 'C:\\Users\\Administrator\\AppData\\Local\\env-kit\\Core\\chrome_64_131_202501091017\\webdriver.exe', 'containerId': 104527083, 'containerCode': '1053270835', 'statusCode': '0', 'err': '成功(Success)'}}
2026-06-18 11:22:19,266 | INFO | financial_data | 104-Temu全托管 - 浏览器启动成功, 调试端口: 60837
2026-06-18 11:22:20,697 | INFO | financial_data | 104-Temu全托管 - 已连接浏览器
2026-06-18 11:22:21,225 | INFO | financial_data | --------------------104-Temu全托管 ------------------------ 开始登录...
2026-06-18 11:22:26,128 | INFO | financial_data | 104-Temu全托管 - 等待 agentseller Cookie 生效
2026-06-18 11:22:31,065 | INFO | financial_data | 104-Temu全托管 - 进入财务页面
2026-06-18 11:22:45,229 | INFO | financial_data | 有数据，总共 1112 条
2026-06-18 11:22:47,270 | INFO | financial_data | 检测到导出数据成功，准备下载报表
2026-06-18 11:22:48,106 | INFO | financial_data | 最新记录时间范围: 2026-01-01 ~ 2026-01-31
2026-06-18 11:22:48,106 | INFO | financial_data | 目标时间范围: 2026-01-01 ~ 2026-01-31
2026-06-18 11:22:48,106 | INFO | financial_data | 104-Temu全托管 - 准备下载: 下载账务明细(卖家中心)
2026-06-18 11:22:58,511 | INFO | financial_data | ✅ 文件下载完成: D:\sd14\Temu_horizon\data\financial\01月份\temu\104-Temu全托管_01_卖家中心.xlsx
2026-06-18 11:22:59,518 | INFO | financial_data | 104-Temu全托管 - 准备下载: 下载财务明细(全球)
2026-06-18 11:23:02,081 | INFO | financial_data | 确认授权并前往
2026-06-18 11:23:12,510 | INFO | financial_data | ✅ 文件下载完成: D:\sd14\Temu_horizon\data\financial\01月份\104-Temu全托管_01_全球.xlsx
2026-06-18 11:23:13,535 | INFO | financial_data | 104-Temu全托管 - 准备下载: 下载财务明细(欧区)
2026-06-18 11:23:15,622 | INFO | financial_data | 确认授权并前往
2026-06-18 11:23:26,348 | INFO | financial_data | ✅ 文件下载完成: D:\sd14\Temu_horizon\data\financial\01月份\104-Temu全托管_01_欧区.xlsx
2026-06-18 11:23:27,389 | INFO | financial_data | 104-Temu全托管 - 准备下载: 下载财务明细(美国)
2026-06-18 11:23:29,468 | INFO | financial_data | 确认授权并前往
2026-06-18 11:23:38,388 | INFO | financial_data | ✅ 文件下载完成: D:\sd14\Temu_horizon\data\financial\01月份\104-Temu全托管_01_美国.xlsx
2026-06-18 11:23:39,418 | INFO | financial_data | ✅ 104-Temu全托管 - 所有财务数据下载完成
2026-06-18 11:23:39,418 | INFO | financial_data | 全部报表下载完成
2026-06-18 11:23:39,418 | INFO | financial_data | 104-Temu全托管 - 登录成功（第 1 次）
2026-06-18 11:23:40,641 | INFO | financial_data | --------------正在爬取店铺103-Temu全托管----的数据
2026-06-18 11:23:40,641 | INFO | financial_data | 103-Temu全托管 - 第 1 次登录尝试
2026-06-18 11:23:43,953 | INFO | financial_data | 103-Temu全托管 - start_api 返回: {'code': 0, 'msg': 'Success', 'data': {'action': 'startBrowserByCode', 'backgroundPluginId': 'cjlkadfgnhnogfgajjoffajniklimcmh', 'browserID': 104523239, 'browserPath': 'C:\\Users\\Administrator\\AppData\\Local\\env-kit\\Core\\chrome_64_131_202501091017\\hubstudio', 'debuggingPort': '61196', 'downloadPath': 'C:\\Users\\Administrator\\Desktop\\Hubstudio\\temu全托103店-PBee', 'duplicate': 2924, 'ip': '36.111.32.150', 'isDynamicIp': False, 'launcherPage': 'about:blank', 'proxyType': 'socks5', 'runMode': 2, 'webdriver': 'C:\\Users\\Administrator\\AppData\\Local\\env-kit\\Core\\chrome_64_131_202501091017\\webdriver.exe', 'containerId': 104523239, 'containerCode': '1053232390', 'statusCode': '0', 'err': '成功(Success)'}}
2026-06-18 11:23:43,953 | INFO | financial_data | 103-Temu全托管 - 浏览器启动成功, 调试端口: 61196
2026-06-18 11:23:45,311 | INFO | financial_data | 103-Temu全托管 - 已连接浏览器
2026-06-18 11:23:45,841 | INFO | financial_data | --------------------103-Temu全托管 ------------------------ 开始登录...
2026-06-18 11:23:51,077 | INFO | financial_data | 103-Temu全托管 - 等待 agentseller Cookie 生效
2026-06-18 11:23:55,927 | INFO | financial_data | 103-Temu全托管 - 进入财务页面
2026-06-18 11:24:05,085 | INFO | financial_data | 有数据，总共 1668 条
2026-06-18 11:24:07,142 | INFO | financial_data | 检测到导出数据成功，准备下载报表
2026-06-18 11:24:07,981 | INFO | financial_data | 最新记录时间范围: 2026-01-01 ~ 2026-01-31
2026-06-18 11:24:07,981 | INFO | financial_data | 目标时间范围: 2026-01-01 ~ 2026-01-31
2026-06-18 11:24:07,981 | INFO | financial_data | 103-Temu全托管 - 准备下载: 下载账务明细(卖家中心)
2026-06-18 11:24:18,381 | INFO | financial_data | ✅ 文件下载完成: D:\sd14\Temu_horizon\data\financial\01月份\temu\103-Temu全托管_01_卖家中心.xlsx
2026-06-18 11:24:19,397 | INFO | financial_data | 103-Temu全托管 - 准备下载: 下载财务明细(全球)
2026-06-18 11:24:21,461 | INFO | financial_data | 确认授权并前往
2026-06-18 11:24:31,252 | INFO | financial_data | ✅ 文件下载完成: D:\sd14\Temu_horizon\data\financial\01月份\103-Temu全托管_01_全球.xlsx
2026-06-18 11:24:32,293 | INFO | financial_data | 103-Temu全托管 - 准备下载: 下载财务明细(欧区)
2026-06-18 11:24:34,376 | INFO | financial_data | 确认授权并前往
2026-06-18 11:24:42,954 | INFO | financial_data | ✅ 文件下载完成: D:\sd14\Temu_horizon\data\financial\01月份\103-Temu全托管_01_欧区.xlsx
2026-06-18 11:24:43,988 | INFO | financial_data | 103-Temu全托管 - 准备下载: 下载财务明细(美国)
2026-06-18 11:24:46,129 | INFO | financial_data | 确认授权并前往
2026-06-18 11:24:54,089 | INFO | financial_data | ✅ 文件下载完成: D:\sd14\Temu_horizon\data\financial\01月份\103-Temu全托管_01_美国.xlsx
2026-06-18 11:24:55,120 | INFO | financial_data | ✅ 103-Temu全托管 - 所有财务数据下载完成
2026-06-18 11:24:55,120 | INFO | financial_data | 全部报表下载完成
2026-06-18 11:24:55,120 | INFO | financial_data | 103-Temu全托管 - 登录成功（第 1 次）
2026-06-18 11:24:56,316 | INFO | financial_data | --------------正在爬取店铺102-Temu全托管----的数据
2026-06-18 11:24:56,317 | INFO | financial_data | 102-Temu全托管 - 第 1 次登录尝试
2026-06-18 11:24:59,657 | INFO | financial_data | 102-Temu全托管 - start_api 返回: {'code': 0, 'msg': 'Success', 'data': {'action': 'startBrowserByCode', 'backgroundPluginId': 'aiknnnpfbnhmmkmkhfpbofgeoljmaakg', 'browserID': 104522336, 'browserPath': 'C:\\Users\\Administrator\\AppData\\Local\\env-kit\\Core\\chrome_64_131_202501091017\\hubstudio', 'debuggingPort': '61546', 'downloadPath': 'C:\\Users\\Administrator\\Desktop\\Hubstudio\\temu全托102店-PBear', 'duplicate': 2955, 'ip': '218.78.129.68', 'isDynamicIp': False, 'launcherPage': 'about:blank', 'proxyType': 'socks5', 'runMode': 2, 'webdriver': 'C:\\Users\\Administrator\\AppData\\Local\\env-kit\\Core\\chrome_64_131_202501091017\\webdriver.exe', 'containerId': 104522336, 'containerCode': '1053223369', 'statusCode': '0', 'err': '成功(Success)'}}
2026-06-18 11:24:59,657 | INFO | financial_data | 102-Temu全托管 - 浏览器启动成功, 调试端口: 61546
2026-06-18 11:25:01,042 | INFO | financial_data | 102-Temu全托管 - 已连接浏览器
2026-06-18 11:25:01,052 | ERROR | financial_data | 102-Temu全托管 - 打开登录页失败: Page.goto: net::ERR_ABORTED at https://seller.kuajingmaihuo.com/login
Call log:
  - navigating to "https://seller.kuajingmaihuo.com/login", waiting until "domcontentloaded"

2026-06-18 11:25:01,052 | ERROR | financial_data | 102-Temu全托管 - 第 1 次失败: open_login_page 失败
Traceback (most recent call last):
  File "D:\sd14\Temu_horizon\services\financial\financial_data.py", line 796, in run
    result = await self.run_once()
  File "D:\sd14\Temu_horizon\services\financial\financial_data.py", line 777, in run_once
    raise Exception("open_login_page 失败")
Exception: open_login_page 失败
2026-06-18 11:25:02,003 | INFO | financial_data | 102-Temu全托管 - 准备重试，等待 3 秒...
2026-06-18 11:25:05,014 | INFO | financial_data | 102-Temu全托管 - 第 2 次登录尝试
2026-06-18 11:25:07,770 | INFO | financial_data | 102-Temu全托管 - start_api 返回: {'code': 0, 'msg': 'Success', 'data': {'action': 'startBrowserByCode', 'backgroundPluginId': 'aiknnnpfbnhmmkmkhfpbofgeoljmaakg', 'browserID': 104522336, 'browserPath': 'C:\\Users\\Administrator\\AppData\\Local\\env-kit\\Core\\chrome_64_131_202501091017\\hubstudio', 'debuggingPort': '61611', 'downloadPath': 'C:\\Users\\Administrator\\Desktop\\Hubstudio\\temu全托102店-PBear', 'duplicate': 2375, 'ip': '218.78.129.68', 'isDynamicIp': False, 'launcherPage': 'about:blank', 'proxyType': 'socks5', 'runMode': 2, 'webdriver': 'C:\\Users\\Administrator\\AppData\\Local\\env-kit\\Core\\chrome_64_131_202501091017\\webdriver.exe', 'containerId': 104522336, 'containerCode': '1053223369', 'statusCode': '0', 'err': '成功(Success)'}}
2026-06-18 11:25:07,770 | INFO | financial_data | 102-Temu全托管 - 浏览器启动成功, 调试端口: 61611
2026-06-18 11:25:09,143 | INFO | financial_data | 102-Temu全托管 - 已连接浏览器
2026-06-18 11:25:09,713 | INFO | financial_data | --------------------102-Temu全托管 ------------------------ 开始登录...
2026-06-18 11:25:15,103 | INFO | financial_data | 102-Temu全托管 - 等待 agentseller Cookie 生效
2026-06-18 11:25:20,511 | INFO | financial_data | 102-Temu全托管 - 进入财务页面
2026-06-18 11:25:36,493 | INFO | financial_data | 有数据，总共 1642 条
2026-06-18 11:25:38,548 | INFO | financial_data | 检测到导出数据成功，准备下载报表
2026-06-18 11:25:39,391 | INFO | financial_data | 最新记录时间范围: 2026-01-01 ~ 2026-01-31
2026-06-18 11:25:39,391 | INFO | financial_data | 目标时间范围: 2026-01-01 ~ 2026-01-31
2026-06-18 11:25:39,391 | INFO | financial_data | 102-Temu全托管 - 准备下载: 下载账务明细(卖家中心)
2026-06-18 11:25:49,746 | INFO | financial_data | ✅ 文件下载完成: D:\sd14\Temu_horizon\data\financial\01月份\temu\102-Temu全托管_01_卖家中心.xlsx
2026-06-18 11:25:50,751 | INFO | financial_data | 102-Temu全托管 - 准备下载: 下载财务明细(全球)
2026-06-18 11:25:53,091 | INFO | financial_data | 确认授权并前往
2026-06-18 11:26:02,728 | INFO | financial_data | ✅ 文件下载完成: D:\sd14\Temu_horizon\data\financial\01月份\102-Temu全托管_01_全球.xlsx
2026-06-18 11:26:03,757 | INFO | financial_data | 102-Temu全托管 - 准备下载: 下载财务明细(欧区)
2026-06-18 11:26:06,216 | INFO | financial_data | 确认授权并前往
2026-06-18 11:26:18,685 | INFO | financial_data | ✅ 文件下载完成: D:\sd14\Temu_horizon\data\financial\01月份\102-Temu全托管_01_欧区.xlsx
2026-06-18 11:26:19,723 | INFO | financial_data | 102-Temu全托管 - 准备下载: 下载财务明细(美国)
2026-06-18 11:26:22,133 | INFO | financial_data | 确认授权并前往
2026-06-18 11:26:30,270 | INFO | financial_data | ✅ 文件下载完成: D:\sd14\Temu_horizon\data\financial\01月份\102-Temu全托管_01_美国.xlsx
2026-06-18 11:26:31,298 | INFO | financial_data | ✅ 102-Temu全托管 - 所有财务数据下载完成
2026-06-18 11:26:31,298 | INFO | financial_data | 全部报表下载完成
2026-06-18 11:26:31,299 | INFO | financial_data | 102-Temu全托管 - 登录成功（第 2 次）
2026-06-18 11:26:32,573 | INFO | financial_data | --------------正在爬取店铺101-Temu全托管----的数据
2026-06-18 11:26:32,573 | INFO | financial_data | 101-Temu全托管 - 第 1 次登录尝试
2026-06-18 11:26:36,074 | INFO | financial_data | 101-Temu全托管 - start_api 返回: {'code': 0, 'msg': 'Success', 'data': {'action': 'startBrowserByCode', 'backgroundPluginId': 'pmpkofebdgpmilhkkkbfgfflcgpnkihi', 'browserID': 104522087, 'browserPath': 'C:\\Users\\Administrator\\AppData\\Local\\env-kit\\Core\\chrome_64_131_202501091017\\hubstudio', 'debuggingPort': '61976', 'downloadPath': 'C:\\Users\\Administrator\\Desktop\\Hubstudio\\temu全托101店-HQCK', 'duplicate': 3096, 'ip': '118.253.177.190', 'isDynamicIp': False, 'launcherPage': 'about:blank', 'proxyType': 'socks5', 'runMode': 2, 'webdriver': 'C:\\Users\\Administrator\\AppData\\Local\\env-kit\\Core\\chrome_64_131_202501091017\\webdriver.exe', 'containerId': 104522087, 'containerCode': '1053220874', 'statusCode': '0', 'err': '成功(Success)'}}
2026-06-18 11:26:36,074 | INFO | financial_data | 101-Temu全托管 - 浏览器启动成功, 调试端口: 61976
2026-06-18 11:26:37,438 | INFO | financial_data | 101-Temu全托管 - 已连接浏览器
2026-06-18 11:26:37,981 | INFO | financial_data | --------------------101-Temu全托管 ------------------------ 开始登录...
2026-06-18 11:26:43,068 | INFO | financial_data | 101-Temu全托管 - 等待 agentseller Cookie 生效
2026-06-18 11:26:49,888 | INFO | financial_data | 101-Temu全托管 - 进入财务页面
2026-06-18 11:27:06,548 | INFO | financial_data | 有数据，总共 1857 条
2026-06-18 11:27:08,596 | INFO | financial_data | 检测到导出数据成功，准备下载报表
2026-06-18 11:27:09,442 | INFO | financial_data | 最新记录时间范围: 2026-01-01 ~ 2026-01-31
2026-06-18 11:27:09,442 | INFO | financial_data | 目标时间范围: 2026-01-01 ~ 2026-01-31
2026-06-18 11:27:09,443 | INFO | financial_data | 101-Temu全托管 - 准备下载: 下载账务明细(卖家中心)
2026-06-18 11:27:19,770 | INFO | financial_data | ✅ 文件下载完成: D:\sd14\Temu_horizon\data\financial\01月份\temu\101-Temu全托管_01_卖家中心.xlsx
2026-06-18 11:27:20,775 | INFO | financial_data | 101-Temu全托管 - 准备下载: 下载财务明细(全球)
2026-06-18 11:27:23,112 | INFO | financial_data | 确认授权并前往
2026-06-18 11:27:32,632 | INFO | financial_data | ✅ 文件下载完成: D:\sd14\Temu_horizon\data\financial\01月份\101-Temu全托管_01_全球.xlsx
2026-06-18 11:27:33,660 | INFO | financial_data | 101-Temu全托管 - 准备下载: 下载财务明细(欧区)
2026-06-18 11:27:36,089 | INFO | financial_data | 确认授权并前往
2026-06-18 11:27:45,522 | INFO | financial_data | ✅ 文件下载完成: D:\sd14\Temu_horizon\data\financial\01月份\101-Temu全托管_01_欧区.xlsx
2026-06-18 11:27:46,580 | INFO | financial_data | 101-Temu全托管 - 准备下载: 下载财务明细(美国)
2026-06-18 11:27:48,649 | INFO | financial_data | 确认授权并前往
2026-06-18 11:27:57,436 | INFO | financial_data | ✅ 文件下载完成: D:\sd14\Temu_horizon\data\financial\01月份\101-Temu全托管_01_美国.xlsx
2026-06-18 11:27:58,471 | INFO | financial_data | ✅ 101-Temu全托管 - 所有财务数据下载完成
2026-06-18 11:27:58,471 | INFO | financial_data | 全部报表下载完成
2026-06-18 11:27:58,471 | INFO | financial_data | 101-Temu全托管 - 登录成功（第 1 次）
2026-06-18 11:27:59,678 | INFO | financial_data | --------------------------正在检查2026-01的数据导出情况------------------------------
2026-06-18 11:27:59,680 | INFO | financial_data | 开始检查 2026-01 财务数据导出情况...
2026-06-18 11:27:59,685 | INFO | financial_data | 
= = = = = = = = = = = = = = = = = = = = = = = = = = = = = = = = = = = = = = = = = = = = = = = = = = = = = = = = = = = = 
📊 2026-01 财务数据导出检查报告
= = = = = = = = = = = = = = = = = = = = = = = = = = = = = = = = = = = = = = = = = = = = = = = = = = = = = = = = = = = = 

✅ 2106-Temu全托管: 全部文件已导出 (4/4)
✅ 2103-Temu全托管: 全部文件已导出 (4/4)
✅ 2102-Temu全托管: 全部文件已导出 (4/4)
✅ 2101-Temu全托管KA: 全部文件已导出 (4/4)
✅ 112-Temu全托管: 全部文件已导出 (4/4)
✅ 1108-Temu全托管: 全部文件已导出 (4/4)
✅ 1107-Temu全托管: 全部文件已导出 (4/4)
✅ 1106-Temu全托管: 全部文件已导出 (4/4)
✅ 1105-Temu全托管: 全部文件已导出 (4/4)
✅ 1104-Temu全托管: 全部文件已导出 (4/4)
✅ 109-Temu全托管KA: 全部文件已导出 (4/4)
⚠️ 1103-Temu全托管: 导出不完整 (0/4)
   ❌ 缺失: 卖家中心
   ❌ 缺失: 全球
   ❌ 缺失: 欧区
   ❌ 缺失: 美国

✅ 1102-Temu全托管: 全部文件已导出 (4/4)
✅ 1101-Temu全托管: 全部文件已导出 (4/4)
✅ 110-Temu全托管KA: 全部文件已导出 (4/4)
✅ 108-Temu全托管: 全部文件已导出 (4/4)
✅ 106-Temu全托管: 全部文件已导出 (4/4)
✅ 105-Temu全托管: 全部文件已导出 (4/4)
✅ 104-Temu全托管: 全部文件已导出 (4/4)
✅ 103-Temu全托管: 全部文件已导出 (4/4)
✅ 102-Temu全托管: 全部文件已导出 (4/4)
✅ 101-Temu全托管: 全部文件已导出 (4/4)

= = = = = = = = = = = = = = = = = = = = = = = = = = = = = = = = = = = = = = = = = = = = = = = = = = = = = = = = = = = = 
📈 统计汇总:
   总店铺数: 22
   全部成功: 21
   部分失败: 1
   成功率: 95.5%

🎉 全部文件导出成功的店铺 (21个):
   • 2106-Temu全托管
   • 2103-Temu全托管
   • 2102-Temu全托管
   • 2101-Temu全托管KA
   • 112-Temu全托管
   • 1108-Temu全托管
   • 1107-Temu全托管
   • 1106-Temu全托管
   • 1105-Temu全托管
   • 1104-Temu全托管
   • 109-Temu全托管KA
   • 1102-Temu全托管
   • 1101-Temu全托管
   • 110-Temu全托管KA
   • 108-Temu全托管
   • 106-Temu全托管
   • 105-Temu全托管
   • 104-Temu全托管
   • 103-Temu全托管
   • 102-Temu全托管
   • 101-Temu全托管

⚠️ 需要重新导出的店铺 (1个):
   • 1103-Temu全托管

= = = = = = = = = = = = = = = = = = = = = = = = = = = = = = = = = = = = = = = = = = = = = = = = = = = = = = = = = = = = 
📁 文件存储路径: D:\sd14\Temu_horizon\data\financial\01月份\temu
= = = = = = = = = = = = = = = = = = = = = = = = = = = = = = = = = = = = = = = = = = = = = = = = = = = = = = = = = = = = 

2026-06-18 11:28:01,241 | INFO | financial_data | 🎯 全流程完成，总耗时：26分19秒
2026-06-18 11:28:01,241 | INFO | financial_data | 开始自动重试失败的店铺...
2026-06-18 11:28:01,244 | INFO | financial_data | 开始重新导出失败的店铺: ['1103-Temu全托管']
2026-06-18 11:29:12,644 | INFO | financial_data | ✅ 1103-Temu全托管 重新导出成功
2026-06-18 11:29:12,645 | INFO | financial_data | 重新导出完成，开始验证...
2026-06-18 11:29:12,645 | INFO | financial_data | 开始检查 2026-01 财务数据导出情况...
2026-06-18 11:29:12,648 | INFO | financial_data | 
= = = = = = = = = = = = = = = = = = = = = = = = = = = = = = = = = = = = = = = = = = = = = = = = = = = = = = = = = = = = 
📊 2026-01 财务数据导出检查报告
= = = = = = = = = = = = = = = = = = = = = = = = = = = = = = = = = = = = = = = = = = = = = = = = = = = = = = = = = = = = 

✅ 2106-Temu全托管: 全部文件已导出 (4/4)
✅ 2103-Temu全托管: 全部文件已导出 (4/4)
✅ 2102-Temu全托管: 全部文件已导出 (4/4)
✅ 2101-Temu全托管KA: 全部文件已导出 (4/4)
✅ 112-Temu全托管: 全部文件已导出 (4/4)
✅ 1108-Temu全托管: 全部文件已导出 (4/4)
✅ 1107-Temu全托管: 全部文件已导出 (4/4)
✅ 1106-Temu全托管: 全部文件已导出 (4/4)
✅ 1105-Temu全托管: 全部文件已导出 (4/4)
✅ 1104-Temu全托管: 全部文件已导出 (4/4)
✅ 109-Temu全托管KA: 全部文件已导出 (4/4)
✅ 1103-Temu全托管: 全部文件已导出 (4/4)
✅ 1102-Temu全托管: 全部文件已导出 (4/4)
✅ 1101-Temu全托管: 全部文件已导出 (4/4)
✅ 110-Temu全托管KA: 全部文件已导出 (4/4)
✅ 108-Temu全托管: 全部文件已导出 (4/4)
✅ 106-Temu全托管: 全部文件已导出 (4/4)
✅ 105-Temu全托管: 全部文件已导出 (4/4)
✅ 104-Temu全托管: 全部文件已导出 (4/4)
✅ 103-Temu全托管: 全部文件已导出 (4/4)
✅ 102-Temu全托管: 全部文件已导出 (4/4)
✅ 101-Temu全托管: 全部文件已导出 (4/4)

= = = = = = = = = = = = = = = = = = = = = = = = = = = = = = = = = = = = = = = = = = = = = = = = = = = = = = = = = = = = 
📈 统计汇总:
   总店铺数: 22
   全部成功: 22
   部分失败: 0
   成功率: 100.0%

🎉 全部文件导出成功的店铺 (22个):
   • 2106-Temu全托管
   • 2103-Temu全托管
   • 2102-Temu全托管
   • 2101-Temu全托管KA
   • 112-Temu全托管
   • 1108-Temu全托管
   • 1107-Temu全托管
   • 1106-Temu全托管
   • 1105-Temu全托管
   • 1104-Temu全托管
   • 109-Temu全托管KA
   • 1103-Temu全托管
   • 1102-Temu全托管
   • 1101-Temu全托管
   • 110-Temu全托管KA
   • 108-Temu全托管
   • 106-Temu全托管
   • 105-Temu全托管
   • 104-Temu全托管
   • 103-Temu全托管
   • 102-Temu全托管
   • 101-Temu全托管

= = = = = = = = = = = = = = = = = = = = = = = = = = = = = = = = = = = = = = = = = = = = = = = = = = = = = = = = = = = = 
📁 文件存储路径: D:\sd14\Temu_horizon\data\financial\01月份\temu
= = = = = = = = = = = = = = = = = = = = = = = = = = = = = = = = = = = = = = = = = = = = = = = = = = = = = = = = = = = = 

