2026-04-14 18:06:05,499 | INFO | Temu_New | 开始筛选条件
2026-04-14 18:06:06,061 | INFO | Temu_New | 在爬取https://www.geekbi.com/data/goods/hot-sale页面
2026-04-14 18:06:11,826 | INFO | Temu_New | 🔍 点击搜索，监听接口
2026-04-14 18:06:12,522 | ERROR | Temu_New | ❌ 第1次失败: Target page, context or browser has been closed
2026-04-14 18:06:12,522 | INFO | Temu_New | 🔁 重试当前页
2026-04-14 18:06:12,528 | ERROR | Temu_New | 重试点击失败: Locator.count: Target page, context or browser has been closed
2026-04-14 18:06:31,358 | INFO | Temu_New | 开始筛选条件
2026-04-14 18:06:31,886 | INFO | Temu_New | 在爬取https://www.geekbi.com/data/goods/hot-sale页面
2026-04-14 18:06:37,587 | INFO | Temu_New | 🔍 点击搜索，监听接口
2026-04-14 18:06:39,209 | INFO | Temu_New | 保存成功
2026-04-14 18:06:39,222 | INFO | Temu_New | ➡️ 点击下一页，监听接口
2026-04-14 18:06:42,578 | INFO | Temu_New | 保存成功
2026-04-14 18:06:42,592 | INFO | Temu_New | ➡️ 点击下一页，监听接口
2026-04-14 18:06:45,966 | INFO | Temu_New | 保存成功
2026-04-14 18:06:45,984 | INFO | Temu_New | ➡️ 点击下一页，监听接口
2026-04-14 18:06:49,428 | INFO | Temu_New | 保存成功
2026-04-14 18:06:49,440 | INFO | Temu_New | ➡️ 点击下一页，监听接口
2026-04-14 18:06:52,787 | INFO | Temu_New | 保存成功
2026-04-14 18:06:52,795 | INFO | Temu_New | ➡️ 点击下一页，监听接口
2026-04-14 18:06:57,269 | INFO | Temu_New | 保存成功
2026-04-14 18:06:57,284 | INFO | Temu_New | ➡️ 点击下一页，监听接口
2026-04-14 18:07:00,567 | INFO | Temu_New | 保存成功
2026-04-14 18:07:00,578 | INFO | Temu_New | ➡️ 点击下一页，监听接口
2026-04-14 18:07:03,241 | INFO | Temu_New | 保存成功
2026-04-14 18:07:03,247 | INFO | Temu_New | ➡️ 点击下一页，监听接口
2026-04-14 18:07:08,256 | WARNING | Temu_New | ⏱️ 第1次超时
2026-04-14 18:07:08,256 | INFO | Temu_New | 🔁 重试当前页
2026-04-14 18:07:15,366 | WARNING | Temu_New | ⏱️ 第2次超时
2026-04-14 18:07:15,366 | INFO | Temu_New | 🔁 重试当前页
2026-04-14 18:07:22,425 | WARNING | Temu_New | ⏱️ 第3次超时
2026-04-14 18:07:22,426 | ERROR | Temu_New | 🚨 当前页多次失败，停止翻页
2026-04-14 18:07:23,932 | INFO | Temu_New | ---------------------------------开始去重数据-----------------------------------
2026-04-14 18:07:23,957 | ERROR | Temu_New | 数据处理错误: Execution failed on sql '
            SELECT
                discover_date,
                source_platform,
                product_id AS 商品ID,
                image_url AS 图片,
                product_name AS 产品名称,
                launch_date AS 上架日期,
                total_sales AS 总销量,
                monthly_sales AS 月销量,
                managed_mode AS 托管模式,
                selling_site AS 在售站点,
                product_url AS 产品链接,
                category AS 类目
            FROM product_monitor
            WHERE source_platform = %s
            ': (1146, "Table 'py_spider.product_monitor' doesn't exist")
2026-04-14 18:07:23,957 | INFO | Temu_New | ---------------------------------开始构建上传的数据-----------------------------------
2026-04-14 18:29:23,459 | INFO | Temu_New | 开始筛选条件
2026-04-14 18:29:23,971 | INFO | Temu_New | 在爬取https://www.geekbi.com/data/goods/hot-sale页面
2026-04-14 18:29:29,788 | INFO | Temu_New | 🔍 点击搜索，监听接口
2026-04-14 18:29:31,289 | INFO | Temu_New | 保存成功
2026-04-14 18:29:31,301 | INFO | Temu_New | ➡️ 点击下一页，监听接口
2026-04-14 18:29:34,719 | INFO | Temu_New | 保存成功
2026-04-14 18:29:34,728 | INFO | Temu_New | ➡️ 点击下一页，监听接口
2026-04-14 18:29:38,569 | INFO | Temu_New | 保存成功
2026-04-14 18:29:38,579 | INFO | Temu_New | ➡️ 点击下一页，监听接口
2026-04-14 18:29:41,946 | INFO | Temu_New | 保存成功
2026-04-14 18:29:41,960 | INFO | Temu_New | ➡️ 点击下一页，监听接口
2026-04-14 18:29:45,627 | INFO | Temu_New | 保存成功
2026-04-14 18:29:45,639 | INFO | Temu_New | ➡️ 点击下一页，监听接口
2026-04-14 18:29:48,940 | INFO | Temu_New | 保存成功
2026-04-14 18:29:48,951 | INFO | Temu_New | ➡️ 点击下一页，监听接口
2026-04-14 18:29:52,265 | INFO | Temu_New | 保存成功
2026-04-14 18:29:52,276 | INFO | Temu_New | ➡️ 点击下一页，监听接口
2026-04-14 18:29:54,988 | INFO | Temu_New | 保存成功
2026-04-14 18:29:54,994 | INFO | Temu_New | ➡️ 点击下一页，监听接口
2026-04-14 18:30:00,009 | WARNING | Temu_New | ⏱️ 第1次超时
2026-04-14 18:30:00,009 | INFO | Temu_New | 🔁 重试当前页
2026-04-14 18:30:07,096 | WARNING | Temu_New | ⏱️ 第2次超时
2026-04-14 18:30:07,096 | INFO | Temu_New | 🔁 重试当前页
2026-04-14 18:30:14,171 | WARNING | Temu_New | ⏱️ 第3次超时
2026-04-14 18:30:14,172 | ERROR | Temu_New | 🚨 当前页多次失败，停止翻页
2026-04-14 18:30:15,676 | INFO | Temu_New | ---------------------------------开始去重数据-----------------------------------
2026-04-14 18:30:15,873 | INFO | Temu_New | 原始数据: 750 条
2026-04-14 18:30:15,873 | INFO | Temu_New | 筛选后(月销量≥300): 750 条
2026-04-14 18:30:15,873 | INFO | Temu_New | 去重后: 750 条
2026-04-14 18:30:15,873 | INFO | Temu_New | 处理完成: 本周新增 750 条记录
2026-04-14 18:30:15,873 | INFO | Temu_New | ---------------------------------开始构建上传的数据-----------------------------------
2026-04-14 18:33:55,635 | INFO | Temu_New | 开始筛选条件
2026-04-14 18:33:56,665 | INFO | Temu_New | 在爬取https://www.geekbi.com/data/goods/hot-sale页面
2026-04-14 18:34:02,559 | INFO | Temu_New | 🔍 点击搜索，监听接口
2026-04-14 18:34:04,260 | INFO | Temu_New | 保存成功
2026-04-14 18:34:04,270 | INFO | Temu_New | ➡️ 点击下一页，监听接口
2026-04-14 18:34:07,676 | INFO | Temu_New | 保存成功
2026-04-14 18:34:07,688 | INFO | Temu_New | ➡️ 点击下一页，监听接口
2026-04-14 18:34:11,131 | INFO | Temu_New | 保存成功
2026-04-14 18:34:11,146 | INFO | Temu_New | ➡️ 点击下一页，监听接口
2026-04-14 18:34:14,733 | INFO | Temu_New | 保存成功
2026-04-14 18:34:14,746 | INFO | Temu_New | ➡️ 点击下一页，监听接口
2026-04-14 18:34:18,024 | INFO | Temu_New | 保存成功
2026-04-14 18:34:18,035 | INFO | Temu_New | ➡️ 点击下一页，监听接口
2026-04-14 18:34:21,307 | INFO | Temu_New | 保存成功
2026-04-14 18:34:21,317 | INFO | Temu_New | ➡️ 点击下一页，监听接口
2026-04-14 18:34:24,638 | INFO | Temu_New | 保存成功
2026-04-14 18:34:24,647 | INFO | Temu_New | ➡️ 点击下一页，监听接口
2026-04-14 18:34:27,280 | INFO | Temu_New | 保存成功
2026-04-14 18:34:27,288 | INFO | Temu_New | ➡️ 点击下一页，监听接口
2026-04-14 18:34:32,306 | WARNING | Temu_New | ⏱️ 第1次超时
2026-04-14 18:34:32,306 | INFO | Temu_New | 🔁 重试当前页
2026-04-14 18:34:39,382 | WARNING | Temu_New | ⏱️ 第2次超时
2026-04-14 18:34:39,383 | INFO | Temu_New | 🔁 重试当前页
2026-04-14 18:34:46,469 | WARNING | Temu_New | ⏱️ 第3次超时
2026-04-14 18:34:46,469 | ERROR | Temu_New | 🚨 当前页多次失败，停止翻页
2026-04-14 18:34:47,976 | INFO | Temu_New | ---------------------------------开始去重数据-----------------------------------
2026-04-14 18:34:48,189 | INFO | Temu_New | 原始数据: 749 条
2026-04-14 18:34:48,189 | INFO | Temu_New | 筛选后(月销量≥300): 749 条
2026-04-14 18:34:48,189 | INFO | Temu_New | 去重后: 749 条
2026-04-14 18:34:48,189 | INFO | Temu_New | 处理完成: 本周新增 749 条记录
2026-04-14 18:34:48,189 | INFO | Temu_New | ---------------------------------开始构建上传的数据-----------------------------------
2026-04-14 18:35:06,414 | INFO | Temu_New | ---------------------------------开始上传数据-----------------------------------
2026-04-14 18:35:06,414 | INFO | Temu_New | 准备上传 749 条记录...
2026-04-14 18:35:29,421 | INFO | Temu_New | 
上传统计:
2026-04-14 18:35:29,421 | INFO | Temu_New | 总记录数: 749
2026-04-14 18:35:29,421 | INFO | Temu_New | 成功数量: 749
2026-04-14 18:35:29,421 | INFO | Temu_New | 失败数量: 0
2026-04-14 18:35:29,421 | INFO | Temu_New | 成功批次: 15
2026-04-14 18:35:29,421 | INFO | Temu_New | 失败批次: 0
2026-04-14 18:35:29,421 | INFO | Temu_New | 数据上传成功
