2026-04-03 10:06:40,763 | INFO | Temu_New | 开始筛选页面: https://www.geekbi.com/data/goods/hot-sale
2026-04-03 10:40:21,081 | INFO | Temu_New | 开始筛选页面: https://www.geekbi.com/data/goods/hot-sale
2026-04-03 10:40:22,632 | WARNING | Temu_New | ❌ 未找到精确类目: 新奇玩具
2026-04-03 10:40:22,854 | WARNING | Temu_New | ❌ 未找到精确类目: 艺术与工艺品
2026-04-03 10:40:23,080 | WARNING | Temu_New | ❌ 未找到精确类目: 拼插类玩具
2026-04-03 10:40:23,307 | WARNING | Temu_New | ❌ 未找到精确类目: 娃娃及配件
2026-04-03 10:40:23,532 | WARNING | Temu_New | ❌ 未找到精确类目: 电子类玩具
2026-04-03 10:40:23,752 | WARNING | Temu_New | ❌ 未找到精确类目: 游戏及配件
2026-04-03 10:40:23,977 | WARNING | Temu_New | ❌ 未找到精确类目: 游戏配件
2026-04-03 10:40:24,201 | WARNING | Temu_New | ❌ 未找到精确类目: 卡牌游戏
2026-04-03 10:40:24,422 | WARNING | Temu_New | ❌ 未找到精确类目: 益智、科教玩具
2026-04-03 10:40:24,646 | WARNING | Temu_New | ❌ 未找到精确类目: 过家家
2026-04-03 10:40:24,873 | WARNING | Temu_New | ❌ 未找到精确类目: 拼图
2026-04-03 10:40:25,091 | WARNING | Temu_New | ❌ 未找到精确类目: 婴幼玩具
2026-04-03 10:40:25,314 | WARNING | Temu_New | ❌ 未找到精确类目: 运动户外用品
2026-04-03 10:40:25,537 | WARNING | Temu_New | ❌ 未找到精确类目: 玩具车
2026-04-03 10:40:25,761 | WARNING | Temu_New | ❌ 未找到精确类目: 收藏玩具
2026-04-03 10:40:25,978 | WARNING | Temu_New | ❌ 未找到精确类目: 节日聚会用品
2026-04-03 10:40:26,203 | WARNING | Temu_New | ❌ 未找到精确类目: 遥控和应用程序控制的玩具汽车
2026-04-03 10:40:29,793 | INFO | Temu_New | 🔍 搜索第一页
2026-04-03 10:42:19,667 | INFO | Temu_New | 开始筛选页面: https://www.geekbi.com/data/goods/hot-sale
2026-04-03 10:42:21,096 | INFO | Temu_New | 当前类目节点数量: 2
2026-04-03 10:42:21,111 | WARNING | Temu_New | ❌ 未找到精确类目: 新奇玩具
2026-04-03 10:42:21,332 | INFO | Temu_New | 当前类目节点数量: 2
2026-04-03 10:42:21,349 | WARNING | Temu_New | ❌ 未找到精确类目: 艺术与工艺品
2026-04-03 10:42:21,570 | INFO | Temu_New | 当前类目节点数量: 2
2026-04-03 10:42:21,584 | WARNING | Temu_New | ❌ 未找到精确类目: 拼插类玩具
2026-04-03 10:42:21,806 | INFO | Temu_New | 当前类目节点数量: 23
2026-04-03 10:42:21,866 | WARNING | Temu_New | ❌ 未找到精确类目: 娃娃及配件
2026-04-03 10:42:22,074 | INFO | Temu_New | 当前类目节点数量: 23
2026-04-03 10:42:22,160 | WARNING | Temu_New | ❌ 未找到精确类目: 电子类玩具
2026-04-03 10:42:22,366 | INFO | Temu_New | 当前类目节点数量: 23
2026-04-03 10:42:22,430 | WARNING | Temu_New | ❌ 未找到精确类目: 游戏及配件
2026-04-03 10:42:22,652 | INFO | Temu_New | 当前类目节点数量: 23
2026-04-03 10:42:22,741 | WARNING | Temu_New | ❌ 未找到精确类目: 游戏配件
2026-04-03 10:42:22,945 | INFO | Temu_New | 当前类目节点数量: 23
2026-04-03 10:42:23,007 | WARNING | Temu_New | ❌ 未找到精确类目: 卡牌游戏
2026-04-03 10:42:23,212 | INFO | Temu_New | 当前类目节点数量: 23
2026-04-03 10:42:23,302 | WARNING | Temu_New | ❌ 未找到精确类目: 益智、科教玩具
2026-04-03 10:42:23,507 | INFO | Temu_New | 当前类目节点数量: 23
2026-04-03 10:42:23,566 | WARNING | Temu_New | ❌ 未找到精确类目: 过家家
2026-04-03 10:42:23,771 | INFO | Temu_New | 当前类目节点数量: 23
2026-04-03 10:42:23,833 | WARNING | Temu_New | ❌ 未找到精确类目: 拼图
2026-04-03 10:42:24,055 | INFO | Temu_New | 当前类目节点数量: 23
2026-04-03 10:42:24,115 | WARNING | Temu_New | ❌ 未找到精确类目: 婴幼玩具
2026-04-03 10:42:24,331 | INFO | Temu_New | 当前类目节点数量: 23
2026-04-03 10:42:24,400 | WARNING | Temu_New | ❌ 未找到精确类目: 运动户外用品
2026-04-03 10:42:24,616 | INFO | Temu_New | 当前类目节点数量: 23
2026-04-03 10:42:24,706 | WARNING | Temu_New | ❌ 未找到精确类目: 玩具车
2026-04-03 10:42:24,913 | INFO | Temu_New | 当前类目节点数量: 23
2026-04-03 10:42:24,980 | WARNING | Temu_New | ❌ 未找到精确类目: 收藏玩具
2026-04-03 10:42:25,190 | INFO | Temu_New | 当前类目节点数量: 23
2026-04-03 10:42:25,260 | WARNING | Temu_New | ❌ 未找到精确类目: 节日聚会用品
2026-04-03 10:42:25,470 | INFO | Temu_New | 当前类目节点数量: 23
2026-04-03 10:42:25,536 | WARNING | Temu_New | ❌ 未找到精确类目: 遥控和应用程序控制的玩具汽车
2026-04-03 10:43:28,619 | INFO | Temu_New | 开始筛选页面: https://www.geekbi.com/data/goods/hot-sale
2026-04-03 10:43:30,094 | INFO | Temu_New | 筛选区类目数量: 0
2026-04-03 10:43:30,094 | WARNING | Temu_New | ❌ 未找到精确类目: 新奇玩具
2026-04-03 10:43:30,309 | INFO | Temu_New | 筛选区类目数量: 0
2026-04-03 10:43:30,309 | WARNING | Temu_New | ❌ 未找到精确类目: 艺术与工艺品
2026-04-03 10:43:30,528 | INFO | Temu_New | 筛选区类目数量: 0
2026-04-03 10:43:30,529 | WARNING | Temu_New | ❌ 未找到精确类目: 拼插类玩具
2026-04-03 10:43:30,741 | INFO | Temu_New | 筛选区类目数量: 0
2026-04-03 10:43:30,741 | WARNING | Temu_New | ❌ 未找到精确类目: 娃娃及配件
2026-04-03 10:43:30,960 | INFO | Temu_New | 筛选区类目数量: 0
2026-04-03 10:43:30,960 | WARNING | Temu_New | ❌ 未找到精确类目: 电子类玩具
2026-04-03 10:43:31,177 | INFO | Temu_New | 筛选区类目数量: 0
2026-04-03 10:43:31,177 | WARNING | Temu_New | ❌ 未找到精确类目: 游戏及配件
2026-04-03 10:43:31,397 | INFO | Temu_New | 筛选区类目数量: 0
2026-04-03 10:43:31,397 | WARNING | Temu_New | ❌ 未找到精确类目: 游戏配件
2026-04-03 10:43:31,615 | INFO | Temu_New | 筛选区类目数量: 0
2026-04-03 10:43:31,615 | WARNING | Temu_New | ❌ 未找到精确类目: 卡牌游戏
2026-04-03 10:43:31,837 | INFO | Temu_New | 筛选区类目数量: 0
2026-04-03 10:43:31,837 | WARNING | Temu_New | ❌ 未找到精确类目: 益智、科教玩具
2026-04-03 10:43:32,059 | INFO | Temu_New | 筛选区类目数量: 0
2026-04-03 10:43:32,059 | WARNING | Temu_New | ❌ 未找到精确类目: 过家家
2026-04-03 10:43:32,274 | INFO | Temu_New | 筛选区类目数量: 0
2026-04-03 10:43:32,274 | WARNING | Temu_New | ❌ 未找到精确类目: 拼图
2026-04-03 10:43:32,490 | INFO | Temu_New | 筛选区类目数量: 0
2026-04-03 10:43:32,490 | WARNING | Temu_New | ❌ 未找到精确类目: 婴幼玩具
2026-04-03 10:43:32,711 | INFO | Temu_New | 筛选区类目数量: 0
2026-04-03 10:43:32,711 | WARNING | Temu_New | ❌ 未找到精确类目: 运动户外用品
2026-04-03 10:56:57,975 | INFO | Temu_New | 类目 1464 从第 1 页开始
2026-04-03 10:56:58,131 | INFO | Temu_New | 类目 1464 第 1 页为空，停止
2026-04-03 10:57:01,129 | INFO | Temu_New | 类目 1465 从第 1 页开始
2026-04-03 10:57:01,196 | INFO | Temu_New | 类目 1465 第 1 页为空，停止
2026-04-03 10:57:48,259 | INFO | Temu_New | 类目 1464 从第 1 页开始
2026-04-03 10:57:48,403 | INFO | Temu_New | 类目 1464 第 1 页为空，停止
2026-04-03 10:57:51,414 | INFO | Temu_New | 类目 1465 从第 1 页开始
2026-04-03 10:57:51,590 | INFO | Temu_New | 类目 1465 第 1 页为空，停止
2026-04-03 11:01:37,314 | INFO | Temu_New | 类目 25440 从第 1 页开始
2026-04-03 11:01:37,468 | INFO | Temu_New | 类目 25440 第 1 页为空，停止
2026-04-03 11:19:21,912 | INFO | Temu_New | 开始筛选页面: https://www.geekbi.com/data/goods/hot-sale
2026-04-03 11:19:58,373 | INFO | Temu_New | 🔍 搜索第一页
2026-04-03 13:43:27,342 | INFO | Temu_New | 开始筛选页面: https://www.geekbi.com/data/goods/hot-sale
2026-04-03 13:44:03,382 | INFO | Temu_New | 🔍 搜索第一页
2026-04-03 14:20:32,366 | INFO | Temu_New | 开始筛选页面: https://www.geekbi.com/data/goods/hot-sale
2026-04-03 14:21:07,385 | INFO | Temu_New | 🔍 搜索第一页
2026-04-03 14:21:09,269 | INFO | Temu_New | 入库 100 条
2026-04-03 14:21:09,296 | INFO | Temu_New | ➡️ 下一页
2026-04-03 14:21:12,120 | INFO | Temu_New | 入库 100 条
2026-04-03 14:21:12,130 | INFO | Temu_New | ➡️ 下一页
2026-04-03 14:21:15,234 | INFO | Temu_New | 入库 100 条
2026-04-03 14:21:15,250 | INFO | Temu_New | ➡️ 下一页
2026-04-03 14:21:17,925 | INFO | Temu_New | 入库 100 条
2026-04-03 14:21:17,935 | INFO | Temu_New | ➡️ 下一页
2026-04-03 14:21:20,582 | INFO | Temu_New | 入库 100 条
2026-04-03 14:21:20,592 | INFO | Temu_New | ➡️ 下一页
2026-04-03 14:21:23,475 | INFO | Temu_New | 入库 100 条
2026-04-03 14:21:23,485 | INFO | Temu_New | ➡️ 下一页
2026-04-03 14:21:26,139 | INFO | Temu_New | 入库 100 条
2026-04-03 14:21:26,159 | INFO | Temu_New | ➡️ 下一页
2026-04-03 14:21:28,708 | INFO | Temu_New | 入库 100 条
2026-04-03 14:21:28,718 | INFO | Temu_New | ➡️ 下一页
2026-04-03 14:21:32,940 | INFO | Temu_New | 入库 100 条
2026-04-03 14:21:32,951 | INFO | Temu_New | ➡️ 下一页
2026-04-03 14:21:35,840 | INFO | Temu_New | 入库 100 条
2026-04-03 14:21:35,860 | INFO | Temu_New | ➡️ 下一页
2026-04-03 14:21:38,464 | INFO | Temu_New | 入库 100 条
2026-04-03 14:21:38,480 | INFO | Temu_New | ➡️ 下一页
2026-04-03 14:21:41,091 | INFO | Temu_New | 入库 100 条
2026-04-03 14:21:41,101 | INFO | Temu_New | ➡️ 下一页
2026-04-03 14:21:43,722 | INFO | Temu_New | 入库 100 条
2026-04-03 14:21:43,737 | INFO | Temu_New | ➡️ 下一页
2026-04-03 14:21:46,321 | INFO | Temu_New | 入库 100 条
2026-04-03 14:21:46,330 | INFO | Temu_New | ➡️ 下一页
2026-04-03 14:21:48,943 | INFO | Temu_New | 入库 100 条
2026-04-03 14:21:48,953 | INFO | Temu_New | ➡️ 下一页
2026-04-03 14:21:51,568 | INFO | Temu_New | 入库 100 条
2026-04-03 14:21:51,579 | INFO | Temu_New | ➡️ 下一页
2026-04-03 14:21:54,528 | INFO | Temu_New | 入库 100 条
2026-04-03 14:21:54,543 | INFO | Temu_New | ➡️ 下一页
2026-04-03 14:21:57,114 | INFO | Temu_New | 入库 100 条
2026-04-03 14:21:57,127 | INFO | Temu_New | ➡️ 下一页
2026-04-03 14:21:59,973 | INFO | Temu_New | 入库 100 条
2026-04-03 14:21:59,995 | INFO | Temu_New | ➡️ 下一页
2026-04-03 14:22:02,692 | INFO | Temu_New | 入库 100 条
2026-04-03 14:22:02,709 | INFO | Temu_New | ➡️ 下一页
2026-04-03 14:22:05,338 | INFO | Temu_New | 入库 100 条
2026-04-03 14:22:05,352 | INFO | Temu_New | ➡️ 下一页
2026-04-03 14:22:08,068 | INFO | Temu_New | 入库 100 条
2026-04-03 14:22:08,078 | INFO | Temu_New | ➡️ 下一页
2026-04-03 14:22:10,643 | INFO | Temu_New | 入库 100 条
2026-04-03 14:22:10,654 | INFO | Temu_New | ➡️ 下一页
2026-04-03 14:22:13,267 | INFO | Temu_New | 入库 100 条
2026-04-03 14:22:13,278 | INFO | Temu_New | ➡️ 下一页
2026-04-03 14:22:15,839 | INFO | Temu_New | 入库 100 条
2026-04-03 14:22:15,854 | INFO | Temu_New | ➡️ 下一页
2026-04-03 14:22:18,459 | INFO | Temu_New | 入库 100 条
2026-04-03 14:22:18,476 | INFO | Temu_New | ➡️ 下一页
2026-04-03 14:22:21,200 | INFO | Temu_New | 入库 100 条
2026-04-03 14:22:21,210 | INFO | Temu_New | ➡️ 下一页
2026-04-03 14:22:23,760 | INFO | Temu_New | 入库 100 条
2026-04-03 14:22:23,777 | INFO | Temu_New | ➡️ 下一页
2026-04-03 14:22:26,358 | INFO | Temu_New | 入库 100 条
2026-04-03 14:22:26,367 | INFO | Temu_New | ➡️ 下一页
2026-04-03 14:22:28,914 | INFO | Temu_New | 入库 100 条
2026-04-03 14:22:28,923 | INFO | Temu_New | ➡️ 下一页
2026-04-03 14:22:31,544 | INFO | Temu_New | 入库 100 条
2026-04-03 14:22:31,561 | INFO | Temu_New | ➡️ 下一页
2026-04-03 14:22:34,394 | INFO | Temu_New | 入库 100 条
2026-04-03 14:22:34,409 | INFO | Temu_New | ➡️ 下一页
2026-04-03 14:22:37,017 | INFO | Temu_New | 入库 100 条
2026-04-03 14:22:37,028 | INFO | Temu_New | ➡️ 下一页
2026-04-03 14:22:39,680 | INFO | Temu_New | 入库 100 条
2026-04-03 14:22:39,694 | INFO | Temu_New | ➡️ 下一页
2026-04-03 14:22:42,281 | INFO | Temu_New | 入库 100 条
2026-04-03 14:22:42,297 | INFO | Temu_New | ➡️ 下一页
2026-04-03 14:22:44,785 | INFO | Temu_New | 入库 100 条
2026-04-03 14:22:44,802 | INFO | Temu_New | ➡️ 下一页
2026-04-03 14:22:47,306 | INFO | Temu_New | 入库 100 条
2026-04-03 14:22:47,319 | INFO | Temu_New | ➡️ 下一页
2026-04-03 14:22:49,823 | INFO | Temu_New | 入库 100 条
2026-04-03 14:22:49,845 | INFO | Temu_New | ➡️ 下一页
2026-04-03 14:22:52,402 | INFO | Temu_New | 入库 100 条
2026-04-03 14:22:52,414 | INFO | Temu_New | ➡️ 下一页
2026-04-03 14:22:54,958 | INFO | Temu_New | 入库 100 条
2026-04-03 14:22:54,972 | INFO | Temu_New | ➡️ 下一页
2026-04-03 14:22:57,685 | INFO | Temu_New | 入库 100 条
2026-04-03 14:22:57,696 | INFO | Temu_New | ➡️ 下一页
2026-04-03 14:23:00,218 | INFO | Temu_New | 入库 100 条
2026-04-03 14:23:00,228 | INFO | Temu_New | ➡️ 下一页
2026-04-03 14:23:02,689 | INFO | Temu_New | 入库 100 条
2026-04-03 14:23:02,702 | INFO | Temu_New | ➡️ 下一页
2026-04-03 14:23:05,275 | INFO | Temu_New | 入库 100 条
2026-04-03 14:23:05,289 | INFO | Temu_New | ➡️ 下一页
2026-04-03 14:23:07,816 | INFO | Temu_New | 入库 100 条
2026-04-03 14:23:07,827 | INFO | Temu_New | ➡️ 下一页
2026-04-03 14:23:10,311 | INFO | Temu_New | 入库 100 条
2026-04-03 14:23:10,320 | INFO | Temu_New | ➡️ 下一页
2026-04-03 14:23:12,814 | INFO | Temu_New | 入库 100 条
2026-04-03 14:23:12,823 | INFO | Temu_New | ➡️ 下一页
2026-04-03 14:23:15,276 | INFO | Temu_New | 入库 100 条
2026-04-03 14:23:15,287 | INFO | Temu_New | ➡️ 下一页
2026-04-03 14:23:17,834 | INFO | Temu_New | 入库 100 条
2026-04-03 14:23:17,845 | INFO | Temu_New | ➡️ 下一页
2026-04-03 14:23:20,325 | INFO | Temu_New | 入库 100 条
2026-04-03 14:23:20,335 | INFO | Temu_New | ➡️ 下一页
2026-04-03 14:23:23,072 | INFO | Temu_New | 入库 100 条
2026-04-03 14:23:23,083 | INFO | Temu_New | ➡️ 下一页
2026-04-03 14:23:25,761 | INFO | Temu_New | 入库 100 条
2026-04-03 14:23:25,776 | INFO | Temu_New | ➡️ 下一页
2026-04-03 14:23:28,549 | INFO | Temu_New | 入库 100 条
2026-04-03 14:23:28,562 | INFO | Temu_New | ➡️ 下一页
2026-04-03 14:23:31,059 | INFO | Temu_New | 入库 100 条
2026-04-03 14:23:31,070 | INFO | Temu_New | ➡️ 下一页
2026-04-03 14:23:33,631 | INFO | Temu_New | 入库 100 条
2026-04-03 14:23:33,643 | INFO | Temu_New | ➡️ 下一页
2026-04-03 14:23:36,281 | INFO | Temu_New | 入库 100 条
2026-04-03 14:23:36,290 | INFO | Temu_New | ➡️ 下一页
2026-04-03 14:23:38,918 | INFO | Temu_New | 入库 100 条
2026-04-03 14:23:38,927 | INFO | Temu_New | ➡️ 下一页
2026-04-03 14:23:41,400 | INFO | Temu_New | 入库 100 条
2026-04-03 14:23:41,418 | INFO | Temu_New | ➡️ 下一页
2026-04-03 14:23:44,052 | INFO | Temu_New | 入库 100 条
2026-04-03 14:23:44,064 | INFO | Temu_New | ➡️ 下一页
2026-04-03 14:23:46,737 | INFO | Temu_New | 入库 100 条
2026-04-03 14:23:46,747 | INFO | Temu_New | ➡️ 下一页
2026-04-03 14:23:49,288 | INFO | Temu_New | 入库 100 条
2026-04-03 14:23:49,301 | INFO | Temu_New | ➡️ 下一页
2026-04-03 14:23:52,017 | INFO | Temu_New | 入库 100 条
2026-04-03 14:23:52,031 | INFO | Temu_New | ➡️ 下一页
2026-04-03 14:23:54,478 | INFO | Temu_New | 入库 100 条
2026-04-03 14:23:54,487 | INFO | Temu_New | ➡️ 下一页
2026-04-03 14:23:56,988 | INFO | Temu_New | 入库 100 条
2026-04-03 14:23:57,000 | INFO | Temu_New | ➡️ 下一页
2026-04-03 14:23:59,722 | INFO | Temu_New | 入库 100 条
2026-04-03 14:23:59,733 | INFO | Temu_New | ➡️ 下一页
2026-04-03 14:24:02,238 | INFO | Temu_New | 入库 100 条
2026-04-03 14:24:02,248 | INFO | Temu_New | ➡️ 下一页
2026-04-03 14:24:04,652 | INFO | Temu_New | 入库 100 条
2026-04-03 14:24:04,663 | INFO | Temu_New | ➡️ 下一页
2026-04-03 14:24:07,148 | INFO | Temu_New | 入库 100 条
2026-04-03 14:24:07,157 | INFO | Temu_New | ➡️ 下一页
2026-04-03 14:24:10,208 | INFO | Temu_New | 入库 100 条
2026-04-03 14:24:10,261 | INFO | Temu_New | ➡️ 下一页
2026-04-03 14:24:12,992 | INFO | Temu_New | 入库 100 条
2026-04-03 14:24:12,999 | INFO | Temu_New | ➡️ 下一页
2026-04-03 14:24:15,633 | INFO | Temu_New | 入库 100 条
2026-04-03 14:24:15,642 | INFO | Temu_New | ➡️ 下一页
2026-04-03 14:24:21,324 | INFO | Temu_New | 入库 100 条
2026-04-03 14:24:21,337 | INFO | Temu_New | ➡️ 下一页
2026-04-03 14:24:23,788 | INFO | Temu_New | 入库 100 条
2026-04-03 14:24:23,795 | INFO | Temu_New | ➡️ 下一页
2026-04-03 14:24:26,324 | INFO | Temu_New | 入库 100 条
2026-04-03 14:24:26,340 | INFO | Temu_New | ➡️ 下一页
2026-04-03 14:37:46,720 | INFO | Temu_New | 开始筛选页面: https://www.geekbi.com/data/goods/hot-sale
2026-04-03 14:38:21,953 | INFO | Temu_New | 🔍 搜索第一页
2026-04-03 14:39:03,887 | INFO | Temu_New | 开始筛选页面: https://www.geekbi.com/data/goods/hot-sale
2026-04-03 14:39:39,455 | INFO | Temu_New | 🔍 搜索第一页
2026-04-03 14:39:40,675 | INFO | Temu_New | 入库 100 条
2026-04-03 14:39:40,700 | INFO | Temu_New | ➡️ 下一页
2026-04-03 14:39:43,463 | INFO | Temu_New | 入库 100 条
2026-04-03 14:39:43,476 | INFO | Temu_New | ➡️ 下一页
2026-04-03 14:39:45,981 | INFO | Temu_New | 入库 100 条
2026-04-03 14:39:45,992 | INFO | Temu_New | ➡️ 下一页
2026-04-03 14:39:48,689 | INFO | Temu_New | 入库 100 条
2026-04-03 14:39:48,714 | INFO | Temu_New | ➡️ 下一页
2026-04-03 14:39:51,294 | INFO | Temu_New | 入库 100 条
2026-04-03 14:39:51,303 | INFO | Temu_New | ➡️ 下一页
2026-04-03 14:39:53,920 | INFO | Temu_New | 入库 100 条
2026-04-03 14:39:53,934 | INFO | Temu_New | ➡️ 下一页
2026-04-03 14:39:57,204 | INFO | Temu_New | 入库 100 条
2026-04-03 14:39:57,224 | INFO | Temu_New | ➡️ 下一页
2026-04-03 14:39:59,931 | INFO | Temu_New | 入库 100 条
2026-04-03 14:39:59,942 | INFO | Temu_New | ➡️ 下一页
2026-04-03 14:40:02,521 | INFO | Temu_New | 入库 100 条
2026-04-03 14:40:02,531 | INFO | Temu_New | ➡️ 下一页
2026-04-03 14:40:05,215 | INFO | Temu_New | 入库 100 条
2026-04-03 14:40:05,228 | INFO | Temu_New | ➡️ 下一页
2026-04-03 14:40:07,841 | INFO | Temu_New | 入库 100 条
2026-04-03 14:40:07,851 | INFO | Temu_New | ➡️ 下一页
2026-04-03 14:40:10,435 | INFO | Temu_New | 入库 100 条
2026-04-03 14:40:10,445 | INFO | Temu_New | ➡️ 下一页
2026-04-03 14:40:13,164 | INFO | Temu_New | 入库 100 条
2026-04-03 14:40:13,174 | INFO | Temu_New | ➡️ 下一页
2026-04-03 14:40:15,782 | INFO | Temu_New | 入库 100 条
2026-04-03 14:40:15,794 | INFO | Temu_New | ➡️ 下一页
2026-04-03 14:40:18,255 | INFO | Temu_New | 入库 100 条
2026-04-03 14:40:18,275 | INFO | Temu_New | ➡️ 下一页
2026-04-03 14:40:20,910 | INFO | Temu_New | 入库 100 条
2026-04-03 14:40:20,927 | INFO | Temu_New | ➡️ 下一页
2026-04-03 14:40:23,543 | INFO | Temu_New | 入库 100 条
2026-04-03 14:40:23,558 | INFO | Temu_New | ➡️ 下一页
2026-04-03 14:40:29,772 | INFO | Temu_New | 入库 100 条
2026-04-03 14:40:29,781 | INFO | Temu_New | ➡️ 下一页
2026-04-03 14:40:32,331 | INFO | Temu_New | 入库 100 条
2026-04-03 14:40:32,343 | INFO | Temu_New | ➡️ 下一页
2026-04-03 14:40:34,920 | INFO | Temu_New | 入库 100 条
2026-04-03 14:40:34,942 | INFO | Temu_New | ➡️ 下一页
2026-04-03 14:40:37,590 | INFO | Temu_New | 入库 100 条
2026-04-03 14:40:37,603 | INFO | Temu_New | ➡️ 下一页
2026-04-03 14:40:40,205 | INFO | Temu_New | 入库 100 条
2026-04-03 14:40:40,215 | INFO | Temu_New | ➡️ 下一页
2026-04-03 14:40:42,765 | INFO | Temu_New | 入库 100 条
2026-04-03 14:40:42,775 | INFO | Temu_New | ➡️ 下一页
2026-04-03 14:40:45,266 | INFO | Temu_New | 入库 100 条
2026-04-03 14:40:45,277 | INFO | Temu_New | ➡️ 下一页
2026-04-03 14:40:47,809 | INFO | Temu_New | 入库 100 条
2026-04-03 14:40:47,820 | INFO | Temu_New | ➡️ 下一页
2026-04-03 14:40:50,411 | INFO | Temu_New | 入库 100 条
2026-04-03 14:40:50,420 | INFO | Temu_New | ➡️ 下一页
2026-04-03 14:40:53,038 | INFO | Temu_New | 入库 100 条
2026-04-03 14:40:53,048 | INFO | Temu_New | ➡️ 下一页
2026-04-03 14:40:55,518 | INFO | Temu_New | 入库 100 条
2026-04-03 14:40:55,527 | INFO | Temu_New | ➡️ 下一页
2026-04-03 14:40:58,283 | INFO | Temu_New | 入库 100 条
2026-04-03 14:40:58,297 | INFO | Temu_New | ➡️ 下一页
2026-04-03 14:41:01,078 | INFO | Temu_New | 入库 100 条
2026-04-03 14:41:01,091 | INFO | Temu_New | ➡️ 下一页
2026-04-03 14:41:03,591 | INFO | Temu_New | 入库 100 条
2026-04-03 14:41:03,608 | INFO | Temu_New | ➡️ 下一页
2026-04-03 14:41:06,191 | INFO | Temu_New | 入库 100 条
2026-04-03 14:41:06,207 | INFO | Temu_New | ➡️ 下一页
2026-04-03 14:41:08,771 | INFO | Temu_New | 入库 100 条
2026-04-03 14:41:08,782 | INFO | Temu_New | ➡️ 下一页
2026-04-03 14:41:11,455 | INFO | Temu_New | 入库 100 条
2026-04-03 14:41:11,467 | INFO | Temu_New | ➡️ 下一页
2026-04-03 14:41:14,164 | INFO | Temu_New | 入库 100 条
2026-04-03 14:41:14,175 | INFO | Temu_New | ➡️ 下一页
2026-04-03 14:41:16,634 | INFO | Temu_New | 入库 100 条
2026-04-03 14:41:16,646 | INFO | Temu_New | ➡️ 下一页
2026-04-03 14:41:19,272 | INFO | Temu_New | 入库 100 条
2026-04-03 14:41:19,285 | INFO | Temu_New | ➡️ 下一页
2026-04-03 14:41:21,896 | INFO | Temu_New | 入库 100 条
2026-04-03 14:41:21,910 | INFO | Temu_New | ➡️ 下一页
2026-04-03 14:41:24,377 | INFO | Temu_New | 入库 100 条
2026-04-03 14:41:24,387 | INFO | Temu_New | ➡️ 下一页
2026-04-03 14:41:27,674 | INFO | Temu_New | 入库 100 条
2026-04-03 14:41:27,685 | INFO | Temu_New | ➡️ 下一页
2026-04-03 14:41:30,203 | INFO | Temu_New | 入库 100 条
2026-04-03 14:41:30,213 | INFO | Temu_New | ➡️ 下一页
2026-04-03 14:41:32,823 | INFO | Temu_New | 入库 100 条
2026-04-03 14:41:32,833 | INFO | Temu_New | ➡️ 下一页
2026-04-03 14:41:35,599 | INFO | Temu_New | 入库 100 条
2026-04-03 14:41:35,616 | INFO | Temu_New | ➡️ 下一页
2026-04-03 14:41:38,101 | INFO | Temu_New | 入库 100 条
2026-04-03 14:41:38,111 | INFO | Temu_New | ➡️ 下一页
2026-04-03 14:41:40,579 | INFO | Temu_New | 入库 100 条
2026-04-03 14:41:40,587 | INFO | Temu_New | ➡️ 下一页
2026-04-03 14:41:43,480 | INFO | Temu_New | 入库 100 条
2026-04-03 14:41:43,492 | INFO | Temu_New | ➡️ 下一页
2026-04-03 14:41:46,182 | INFO | Temu_New | 入库 100 条
2026-04-03 14:41:46,191 | INFO | Temu_New | ➡️ 下一页
2026-04-03 14:41:48,721 | INFO | Temu_New | 入库 100 条
2026-04-03 14:41:48,733 | INFO | Temu_New | ➡️ 下一页
2026-04-03 14:41:52,337 | INFO | Temu_New | 入库 100 条
2026-04-03 14:41:52,351 | INFO | Temu_New | ➡️ 下一页
2026-04-03 14:41:54,975 | INFO | Temu_New | 入库 100 条
2026-04-03 14:41:54,983 | INFO | Temu_New | ➡️ 下一页
2026-04-03 14:41:58,024 | INFO | Temu_New | 入库 100 条
2026-04-03 14:41:58,034 | INFO | Temu_New | ➡️ 下一页
2026-04-03 14:42:00,525 | INFO | Temu_New | 入库 100 条
2026-04-03 14:42:00,534 | INFO | Temu_New | ➡️ 下一页
2026-04-03 14:42:03,242 | INFO | Temu_New | 入库 100 条
2026-04-03 14:42:03,253 | INFO | Temu_New | ➡️ 下一页
2026-04-03 14:42:05,786 | INFO | Temu_New | 入库 100 条
2026-04-03 14:42:05,795 | INFO | Temu_New | ➡️ 下一页
2026-04-03 14:42:08,260 | INFO | Temu_New | 入库 100 条
2026-04-03 14:42:08,273 | INFO | Temu_New | ➡️ 下一页
2026-04-03 14:42:10,786 | INFO | Temu_New | 入库 100 条
2026-04-03 14:42:10,816 | INFO | Temu_New | ➡️ 下一页
2026-04-03 14:42:13,310 | INFO | Temu_New | 入库 100 条
2026-04-03 14:42:13,322 | INFO | Temu_New | ➡️ 下一页
2026-04-03 14:42:16,029 | INFO | Temu_New | 入库 100 条
2026-04-03 14:42:16,039 | INFO | Temu_New | ➡️ 下一页
2026-04-03 14:42:18,910 | INFO | Temu_New | 入库 100 条
2026-04-03 14:42:18,921 | INFO | Temu_New | ➡️ 下一页
2026-04-03 14:42:21,383 | INFO | Temu_New | 入库 100 条
2026-04-03 14:42:21,393 | INFO | Temu_New | ➡️ 下一页
2026-04-03 14:42:23,878 | INFO | Temu_New | 入库 100 条
2026-04-03 14:42:23,889 | INFO | Temu_New | ➡️ 下一页
2026-04-03 14:42:26,523 | INFO | Temu_New | 入库 100 条
2026-04-03 14:42:26,534 | INFO | Temu_New | ➡️ 下一页
2026-04-03 14:42:29,044 | INFO | Temu_New | 入库 100 条
2026-04-03 14:42:29,059 | INFO | Temu_New | ➡️ 下一页
2026-04-03 14:42:31,548 | INFO | Temu_New | 入库 100 条
2026-04-03 14:42:31,557 | INFO | Temu_New | ➡️ 下一页
2026-04-03 14:42:34,000 | INFO | Temu_New | 入库 100 条
2026-04-03 14:42:34,013 | INFO | Temu_New | ➡️ 下一页
2026-04-03 14:42:36,938 | INFO | Temu_New | 入库 100 条
2026-04-03 14:42:36,953 | INFO | Temu_New | ➡️ 下一页
2026-04-03 14:42:39,582 | INFO | Temu_New | 入库 100 条
2026-04-03 14:42:39,592 | INFO | Temu_New | ➡️ 下一页
2026-04-03 14:42:42,134 | INFO | Temu_New | 入库 100 条
2026-04-03 14:42:42,147 | INFO | Temu_New | ➡️ 下一页
2026-04-03 14:42:44,659 | INFO | Temu_New | 入库 100 条
2026-04-03 14:42:44,669 | INFO | Temu_New | ➡️ 下一页
2026-04-03 14:42:47,283 | INFO | Temu_New | 入库 100 条
2026-04-03 14:42:47,292 | INFO | Temu_New | ➡️ 下一页
2026-04-03 14:42:49,841 | INFO | Temu_New | 入库 100 条
2026-04-03 14:42:49,852 | INFO | Temu_New | ➡️ 下一页
2026-04-03 14:42:52,671 | INFO | Temu_New | 入库 100 条
2026-04-03 14:42:52,686 | INFO | Temu_New | ➡️ 下一页
2026-04-03 14:42:55,235 | INFO | Temu_New | 入库 100 条
2026-04-03 14:42:55,244 | INFO | Temu_New | ➡️ 下一页
2026-04-03 14:42:57,733 | INFO | Temu_New | 入库 100 条
2026-04-03 14:42:57,745 | INFO | Temu_New | ➡️ 下一页
2026-04-03 14:43:00,202 | INFO | Temu_New | 入库 100 条
2026-04-03 14:43:00,220 | INFO | Temu_New | ➡️ 下一页
2026-04-03 14:43:02,686 | INFO | Temu_New | 入库 100 条
2026-04-03 14:43:02,697 | INFO | Temu_New | ➡️ 下一页
2026-04-03 14:43:05,143 | INFO | Temu_New | 入库 100 条
2026-04-03 14:43:05,152 | INFO | Temu_New | ➡️ 下一页
2026-04-03 14:43:07,587 | INFO | Temu_New | 入库 100 条
2026-04-03 14:43:07,597 | INFO | Temu_New | ➡️ 下一页
2026-04-03 14:43:10,410 | INFO | Temu_New | 入库 100 条
2026-04-03 14:43:10,426 | INFO | Temu_New | ➡️ 下一页
2026-04-03 14:43:13,094 | INFO | Temu_New | 入库 100 条
2026-04-03 14:43:13,111 | INFO | Temu_New | ➡️ 下一页
2026-04-03 14:43:15,612 | INFO | Temu_New | 入库 100 条
2026-04-03 14:43:15,624 | INFO | Temu_New | ➡️ 下一页
2026-04-03 14:43:18,109 | INFO | Temu_New | 入库 100 条
2026-04-03 14:43:18,119 | INFO | Temu_New | ➡️ 下一页
2026-04-03 14:43:20,622 | INFO | Temu_New | 入库 100 条
2026-04-03 14:43:20,641 | INFO | Temu_New | ➡️ 下一页
2026-04-03 14:43:23,066 | INFO | Temu_New | 入库 100 条
2026-04-03 14:43:23,076 | INFO | Temu_New | ➡️ 下一页
2026-04-03 14:43:25,617 | INFO | Temu_New | 入库 100 条
2026-04-03 14:43:25,627 | INFO | Temu_New | ➡️ 下一页
2026-04-03 14:43:28,131 | INFO | Temu_New | 入库 100 条
2026-04-03 14:43:28,142 | INFO | Temu_New | ➡️ 下一页
2026-04-03 14:43:30,580 | INFO | Temu_New | 入库 100 条
2026-04-03 14:43:30,595 | INFO | Temu_New | ➡️ 下一页
2026-04-03 14:43:33,579 | INFO | Temu_New | 入库 100 条
2026-04-03 14:43:33,589 | INFO | Temu_New | ➡️ 下一页
2026-04-03 14:43:36,170 | INFO | Temu_New | 入库 100 条
2026-04-03 14:43:36,179 | INFO | Temu_New | ➡️ 下一页
2026-04-03 14:43:38,896 | INFO | Temu_New | 入库 100 条
2026-04-03 14:43:38,912 | INFO | Temu_New | ➡️ 下一页
2026-04-03 14:43:41,490 | INFO | Temu_New | 入库 100 条
2026-04-03 14:43:41,507 | INFO | Temu_New | ➡️ 下一页
2026-04-03 14:43:44,017 | INFO | Temu_New | 入库 100 条
2026-04-03 14:43:44,030 | INFO | Temu_New | ➡️ 下一页
2026-04-03 14:43:46,545 | INFO | Temu_New | 入库 100 条
2026-04-03 14:43:46,554 | INFO | Temu_New | ➡️ 下一页
2026-04-03 14:43:49,035 | INFO | Temu_New | 入库 100 条
2026-04-03 14:43:49,045 | INFO | Temu_New | ➡️ 下一页
2026-04-03 14:43:51,627 | INFO | Temu_New | 入库 100 条
2026-04-03 14:43:51,638 | INFO | Temu_New | ➡️ 下一页
2026-04-03 14:43:54,203 | INFO | Temu_New | 入库 100 条
2026-04-03 14:43:54,216 | INFO | Temu_New | ➡️ 下一页
2026-04-03 14:43:56,714 | INFO | Temu_New | 入库 100 条
2026-04-03 14:43:56,725 | INFO | Temu_New | ➡️ 下一页
2026-04-03 14:43:59,270 | INFO | Temu_New | 入库 100 条
2026-04-03 14:43:59,287 | INFO | Temu_New | ➡️ 下一页
2026-04-03 14:44:01,786 | INFO | Temu_New | 入库 100 条
2026-04-03 14:44:01,796 | INFO | Temu_New | ➡️ 下一页
2026-04-03 14:44:04,249 | INFO | Temu_New | 入库 100 条
2026-04-03 14:44:04,259 | INFO | Temu_New | ➡️ 下一页
2026-04-03 14:44:09,261 | WARNING | Temu_New | ⏱️ 第1次超时
2026-04-03 14:44:09,261 | INFO | Temu_New | 🔁 重试当前页
2026-04-03 14:44:16,366 | WARNING | Temu_New | ⏱️ 第2次超时
2026-04-03 14:44:16,366 | INFO | Temu_New | 🔁 重试当前页
2026-04-03 14:44:23,441 | WARNING | Temu_New | ⏱️ 第3次超时
2026-04-03 14:44:23,441 | ERROR | Temu_New | 🚨 当前页多次失败，停止翻页
2026-04-03 16:11:23,700 | INFO | Temu_New | 开始筛选页面: https://www.geekbi.com/data/goods/hot-sale
2026-04-03 16:11:36,033 | INFO | Temu_New | 🔍 搜索第一页
2026-04-03 16:11:37,275 | INFO | Temu_New | 入库 100 条
2026-04-03 16:11:37,287 | INFO | Temu_New | ➡️ 下一页
2026-04-03 16:11:40,298 | INFO | Temu_New | 入库 100 条
2026-04-03 16:11:40,308 | INFO | Temu_New | ➡️ 下一页
2026-04-03 16:11:43,078 | INFO | Temu_New | 入库 100 条
2026-04-03 16:11:43,090 | INFO | Temu_New | ➡️ 下一页
2026-04-03 16:11:46,105 | INFO | Temu_New | 入库 100 条
2026-04-03 16:11:46,114 | INFO | Temu_New | ➡️ 下一页
2026-04-03 16:11:48,805 | INFO | Temu_New | 入库 100 条
2026-04-03 16:11:48,815 | INFO | Temu_New | ➡️ 下一页
2026-04-03 16:11:51,891 | INFO | Temu_New | 入库 100 条
2026-04-03 16:11:51,901 | INFO | Temu_New | ➡️ 下一页
2026-04-03 16:11:56,953 | WARNING | Temu_New | ⏱️ 第1次超时
2026-04-03 16:11:56,953 | INFO | Temu_New | 🔁 重试当前页
2026-04-03 16:12:03,392 | INFO | Temu_New | 入库 100 条
2026-04-03 16:12:03,406 | INFO | Temu_New | ➡️ 下一页
2026-04-03 16:12:06,171 | INFO | Temu_New | 入库 100 条
2026-04-03 16:12:06,181 | INFO | Temu_New | ➡️ 下一页
2026-04-03 16:12:09,170 | INFO | Temu_New | 入库 100 条
2026-04-03 16:12:09,180 | INFO | Temu_New | ➡️ 下一页
2026-04-03 16:12:12,009 | INFO | Temu_New | 入库 100 条
2026-04-03 16:12:12,024 | INFO | Temu_New | ➡️ 下一页
2026-04-03 16:12:14,720 | INFO | Temu_New | 入库 100 条
2026-04-03 16:12:14,730 | INFO | Temu_New | ➡️ 下一页
2026-04-03 16:12:17,348 | INFO | Temu_New | 入库 100 条
2026-04-03 16:12:17,358 | INFO | Temu_New | ➡️ 下一页
2026-04-03 16:12:20,229 | INFO | Temu_New | 入库 100 条
2026-04-03 16:12:20,241 | INFO | Temu_New | ➡️ 下一页
2026-04-03 16:12:22,909 | INFO | Temu_New | 入库 100 条
2026-04-03 16:12:22,923 | INFO | Temu_New | ➡️ 下一页
2026-04-03 16:12:25,587 | INFO | Temu_New | 入库 100 条
2026-04-03 16:12:25,597 | INFO | Temu_New | ➡️ 下一页
2026-04-03 16:12:28,243 | INFO | Temu_New | 入库 100 条
2026-04-03 16:12:28,257 | INFO | Temu_New | ➡️ 下一页
2026-04-03 16:12:30,817 | INFO | Temu_New | 入库 100 条
2026-04-03 16:12:30,826 | INFO | Temu_New | ➡️ 下一页
2026-04-03 16:12:33,626 | INFO | Temu_New | 入库 100 条
2026-04-03 16:12:33,641 | INFO | Temu_New | ➡️ 下一页
2026-04-03 16:12:36,291 | INFO | Temu_New | 入库 100 条
2026-04-03 16:12:36,314 | INFO | Temu_New | ➡️ 下一页
2026-04-03 16:12:39,052 | INFO | Temu_New | 入库 100 条
2026-04-03 16:12:39,060 | INFO | Temu_New | ➡️ 下一页
2026-04-03 16:12:41,641 | INFO | Temu_New | 入库 100 条
2026-04-03 16:12:41,651 | INFO | Temu_New | ➡️ 下一页
2026-04-03 16:12:44,290 | INFO | Temu_New | 入库 100 条
2026-04-03 16:12:44,301 | INFO | Temu_New | ➡️ 下一页
2026-04-03 16:12:47,168 | INFO | Temu_New | 入库 100 条
2026-04-03 16:12:47,182 | INFO | Temu_New | ➡️ 下一页
2026-04-03 16:12:49,835 | INFO | Temu_New | 入库 100 条
2026-04-03 16:12:49,847 | INFO | Temu_New | ➡️ 下一页
2026-04-03 16:12:52,501 | INFO | Temu_New | 入库 100 条
2026-04-03 16:12:52,509 | INFO | Temu_New | ➡️ 下一页
2026-04-03 16:12:55,249 | INFO | Temu_New | 入库 100 条
2026-04-03 16:12:55,259 | INFO | Temu_New | ➡️ 下一页
2026-04-03 16:12:57,909 | INFO | Temu_New | 入库 100 条
2026-04-03 16:12:57,923 | INFO | Temu_New | ➡️ 下一页
2026-04-03 16:13:00,598 | INFO | Temu_New | 入库 100 条
2026-04-03 16:13:00,617 | INFO | Temu_New | ➡️ 下一页
2026-04-03 16:13:03,493 | INFO | Temu_New | 入库 100 条
2026-04-03 16:13:03,507 | INFO | Temu_New | ➡️ 下一页
2026-04-03 16:13:06,527 | INFO | Temu_New | 入库 100 条
2026-04-03 16:13:06,540 | INFO | Temu_New | ➡️ 下一页
2026-04-03 16:13:09,190 | INFO | Temu_New | 入库 100 条
2026-04-03 16:13:09,201 | INFO | Temu_New | ➡️ 下一页
2026-04-03 16:13:11,859 | INFO | Temu_New | 入库 100 条
2026-04-03 16:13:11,869 | INFO | Temu_New | ➡️ 下一页
2026-04-03 16:13:14,574 | INFO | Temu_New | 入库 100 条
2026-04-03 16:13:14,589 | INFO | Temu_New | ➡️ 下一页
2026-04-03 16:13:17,262 | INFO | Temu_New | 入库 100 条
2026-04-03 16:13:17,274 | INFO | Temu_New | ➡️ 下一页
2026-04-03 16:13:19,944 | INFO | Temu_New | 入库 100 条
2026-04-03 16:13:19,957 | INFO | Temu_New | ➡️ 下一页
2026-04-03 16:13:22,558 | INFO | Temu_New | 入库 100 条
2026-04-03 16:13:22,568 | INFO | Temu_New | ➡️ 下一页
2026-04-03 16:13:25,243 | INFO | Temu_New | 入库 100 条
2026-04-03 16:13:25,255 | INFO | Temu_New | ➡️ 下一页
2026-04-03 16:13:27,908 | INFO | Temu_New | 入库 100 条
2026-04-03 16:13:27,919 | INFO | Temu_New | ➡️ 下一页
2026-04-03 16:13:30,607 | INFO | Temu_New | 入库 100 条
2026-04-03 16:13:30,616 | INFO | Temu_New | ➡️ 下一页
2026-04-03 16:13:33,190 | INFO | Temu_New | 入库 100 条
2026-04-03 16:13:33,201 | INFO | Temu_New | ➡️ 下一页
2026-04-03 16:13:36,095 | INFO | Temu_New | 入库 100 条
2026-04-03 16:13:36,277 | INFO | Temu_New | ➡️ 下一页
2026-04-03 16:13:38,899 | INFO | Temu_New | 入库 100 条
2026-04-03 16:13:38,908 | INFO | Temu_New | ➡️ 下一页
2026-04-03 16:13:41,519 | INFO | Temu_New | 入库 100 条
2026-04-03 16:13:41,531 | INFO | Temu_New | ➡️ 下一页
2026-04-03 16:13:44,107 | INFO | Temu_New | 入库 100 条
2026-04-03 16:13:44,117 | INFO | Temu_New | ➡️ 下一页
2026-04-03 16:13:46,772 | INFO | Temu_New | 入库 100 条
2026-04-03 16:13:46,784 | INFO | Temu_New | ➡️ 下一页
2026-04-03 16:13:49,408 | INFO | Temu_New | 入库 100 条
2026-04-03 16:13:49,418 | INFO | Temu_New | ➡️ 下一页
2026-04-03 16:13:53,009 | INFO | Temu_New | 入库 100 条
2026-04-03 16:13:53,025 | INFO | Temu_New | ➡️ 下一页
2026-04-03 16:13:55,638 | INFO | Temu_New | 入库 100 条
2026-04-03 16:13:55,648 | INFO | Temu_New | ➡️ 下一页
2026-04-03 16:13:58,370 | INFO | Temu_New | 入库 100 条
2026-04-03 16:13:58,424 | INFO | Temu_New | ➡️ 下一页
2026-04-03 16:14:01,192 | INFO | Temu_New | 入库 100 条
2026-04-03 16:14:01,211 | INFO | Temu_New | ➡️ 下一页
2026-04-03 16:14:04,410 | ERROR | Temu_New | ❌ JSON解析失败: <!doctype html><html lang="en"><meta charset="utf-8"><meta name="viewport" content="width=device-width,initial-scale=1"><title>Security Verification</title><style>body{margin:0;min-height:100vh;font:1
2026-04-03 16:14:04,410 | ERROR | Temu_New | ❌ 第1次失败: JSON解析失败
2026-04-03 16:14:04,410 | INFO | Temu_New | 🔁 重试当前页
2026-04-03 16:14:13,254 | ERROR | Temu_New | ❌ JSON解析失败: <!doctype html><html lang="en"><meta charset="utf-8"><meta name="viewport" content="width=device-width,initial-scale=1"><title>Security Verification</title><style>body{margin:0;min-height:100vh;font:1
2026-04-03 16:14:13,254 | ERROR | Temu_New | ❌ 第2次失败: JSON解析失败
2026-04-03 16:14:13,254 | INFO | Temu_New | 🔁 重试当前页
2026-04-03 16:14:18,029 | ERROR | Temu_New | ❌ JSON解析失败: <!doctype html><html lang="en"><meta charset="utf-8"><meta name="viewport" content="width=device-width,initial-scale=1"><title>Security Verification</title><style>body{margin:0;min-height:100vh;font:1
2026-04-03 16:14:18,030 | ERROR | Temu_New | ❌ 第3次失败: JSON解析失败
2026-04-03 16:14:18,030 | ERROR | Temu_New | 🚨 当前页多次失败，停止翻页
2026-04-03 16:14:19,182 | INFO | Temu_New | 开始筛选页面: https://www.geekbi.com/data/goods/day-sale-rise
2026-04-03 16:14:34,842 | INFO | Temu_New | 🔍 搜索第一页
2026-04-03 16:14:36,361 | INFO | Temu_New | 入库 100 条
2026-04-03 16:14:36,391 | INFO | Temu_New | ➡️ 下一页
2026-04-03 16:18:47,965 | INFO | Temu_New | 开始筛选页面: https://www.geekbi.com/data/goods/hot-sale
2026-04-03 16:19:00,186 | INFO | Temu_New | 🔍 搜索第一页
2026-04-03 16:19:01,424 | INFO | Temu_New | 入库 100 条
2026-04-03 16:19:01,450 | INFO | Temu_New | ➡️ 下一页
2026-04-03 16:19:04,274 | INFO | Temu_New | 入库 100 条
2026-04-03 16:19:04,285 | INFO | Temu_New | ➡️ 下一页
2026-04-03 16:19:06,917 | INFO | Temu_New | 入库 100 条
2026-04-03 16:19:06,931 | INFO | Temu_New | ➡️ 下一页
2026-04-03 16:19:09,499 | INFO | Temu_New | 入库 100 条
2026-04-03 16:19:09,508 | INFO | Temu_New | ➡️ 下一页
2026-04-03 16:22:49,788 | INFO | Temu_New | 开始筛选页面: https://www.geekbi.com/data/goods/hot-sale
2026-04-03 16:23:01,966 | INFO | Temu_New | 🔍 搜索第一页
2026-04-03 16:23:03,331 | INFO | Temu_New | 入库 100 条
2026-04-03 16:23:03,376 | INFO | Temu_New | ➡️ 下一页
2026-04-03 16:23:06,078 | INFO | Temu_New | 入库 100 条
2026-04-03 16:23:06,089 | INFO | Temu_New | ➡️ 下一页
2026-04-03 16:23:08,888 | INFO | Temu_New | 入库 100 条
2026-04-03 16:23:08,897 | INFO | Temu_New | ➡️ 下一页
2026-04-03 16:23:11,959 | INFO | Temu_New | 入库 100 条
2026-04-03 16:23:11,970 | INFO | Temu_New | ➡️ 下一页
2026-04-03 16:23:14,676 | INFO | Temu_New | 入库 100 条
2026-04-03 16:23:14,689 | INFO | Temu_New | ➡️ 下一页
2026-04-03 16:23:17,383 | INFO | Temu_New | 入库 100 条
2026-04-03 16:23:17,393 | INFO | Temu_New | ➡️ 下一页
2026-04-03 16:23:20,133 | INFO | Temu_New | 入库 100 条
2026-04-03 16:23:20,141 | INFO | Temu_New | ➡️ 下一页
2026-04-03 16:23:22,859 | INFO | Temu_New | 入库 100 条
2026-04-03 16:23:22,871 | INFO | Temu_New | ➡️ 下一页
2026-04-03 16:23:25,681 | INFO | Temu_New | 入库 100 条
2026-04-03 16:23:25,691 | INFO | Temu_New | ➡️ 下一页
2026-04-03 16:23:28,765 | INFO | Temu_New | 入库 100 条
2026-04-03 16:23:28,775 | INFO | Temu_New | ➡️ 下一页
2026-04-03 16:23:29,115 | ERROR | Temu_New | ❌ JSON解析失败: <script>function a(a){function n(){for(var a={wQzOV:_0x649a("0x4"),iTyzs:function(a,n){return a+n}},n=a[_0x649a("0x5")][_0x649a("0x6")]("|"),e=0;;){switch(n[e++]){case"0":t+="EO_Bot_Ssid=";continue;ca
2026-04-03 16:23:29,115 | ERROR | Temu_New | ❌ 第1次失败: JSON解析失败
2026-04-03 16:23:29,115 | INFO | Temu_New | 🔁 重试当前页
2026-04-03 16:23:40,187 | INFO | Temu_New | 入库 100 条
2026-04-03 16:23:40,196 | INFO | Temu_New | ➡️ 下一页
2026-04-03 16:23:43,033 | INFO | Temu_New | 入库 100 条
2026-04-03 16:23:43,048 | INFO | Temu_New | ➡️ 下一页
2026-04-03 16:23:45,877 | INFO | Temu_New | 入库 100 条
2026-04-03 16:23:45,896 | INFO | Temu_New | ➡️ 下一页
2026-04-03 16:23:48,561 | INFO | Temu_New | 入库 100 条
2026-04-03 16:23:48,572 | INFO | Temu_New | ➡️ 下一页
2026-04-03 16:23:51,315 | INFO | Temu_New | 入库 100 条
2026-04-03 16:23:51,324 | INFO | Temu_New | ➡️ 下一页
2026-04-03 16:23:54,030 | INFO | Temu_New | 入库 100 条
2026-04-03 16:23:54,038 | INFO | Temu_New | ➡️ 下一页
2026-04-03 16:24:36,633 | INFO | Temu_New | 开始筛选页面: https://www.geekbi.com/data/goods/hot-sale
2026-04-03 16:27:06,534 | INFO | Temu_New | 开始筛选页面: https://www.geekbi.com/data/goods/hot-sale
2026-04-03 16:27:17,322 | INFO | Temu_New | 🔍 搜索第一页
2026-04-03 16:27:18,246 | INFO | Temu_New | 未重复的数据有：55条数据
2026-04-03 16:27:18,270 | INFO | Temu_New | ➡️ 下一页
2026-04-03 16:27:21,545 | INFO | Temu_New | 入库 100 条
2026-04-03 16:27:21,555 | INFO | Temu_New | ➡️ 下一页
2026-04-03 16:28:38,059 | INFO | Temu_New | 开始筛选页面: https://www.geekbi.com/data/goods/hot-sale
2026-04-03 16:28:50,304 | INFO | Temu_New | 🔍 搜索第一页
2026-04-03 16:28:51,459 | INFO | Temu_New | ➡️ 下一页
2026-04-03 16:28:54,624 | INFO | Temu_New | ➡️ 下一页
2026-04-03 16:28:57,638 | INFO | Temu_New | ➡️ 下一页
2026-04-03 16:29:00,481 | INFO | Temu_New | ➡️ 下一页
2026-04-03 16:29:03,268 | INFO | Temu_New | ➡️ 下一页
2026-04-03 16:29:06,022 | INFO | Temu_New | ➡️ 下一页
2026-04-03 16:29:08,677 | INFO | Temu_New | 未重复的数据有：1条数据
2026-04-03 16:29:08,693 | INFO | Temu_New | ➡️ 下一页
2026-04-03 16:29:43,648 | INFO | Temu_New | 开始筛选页面: https://www.geekbi.com/data/goods/hot-sale
2026-04-03 16:29:55,667 | INFO | Temu_New | 🔍 搜索第一页
2026-04-03 16:29:56,919 | INFO | Temu_New | ➡️ 下一页
2026-04-03 16:29:59,657 | INFO | Temu_New | ➡️ 下一页
2026-04-03 16:31:02,519 | INFO | Temu_New | 开始筛选页面: https://www.geekbi.com/data/goods/hot-sale
2026-04-03 16:31:14,704 | INFO | Temu_New | 🔍 搜索第一页
2026-04-03 16:31:15,887 | INFO | Temu_New | ➡️ 下一页
2026-04-03 16:31:18,622 | INFO | Temu_New | ➡️ 下一页
2026-04-03 16:31:21,379 | INFO | Temu_New | ➡️ 下一页
2026-04-03 16:31:24,059 | INFO | Temu_New | ➡️ 下一页
2026-04-03 16:31:26,959 | INFO | Temu_New | ➡️ 下一页
2026-04-03 16:37:45,495 | INFO | Temu_New | 开始筛选页面: https://www.geekbi.com/data/goods/hot-sale
2026-04-03 16:37:57,404 | INFO | Temu_New | 🔍 搜索第一页
2026-04-03 16:37:58,440 | INFO | Temu_New | 没有未重复数据
2026-04-03 16:37:58,464 | INFO | Temu_New | ➡️ 下一页
2026-04-03 16:38:01,574 | INFO | Temu_New | 没有未重复数据
2026-04-03 16:38:01,591 | INFO | Temu_New | ➡️ 下一页
2026-04-03 16:38:04,458 | INFO | Temu_New | 没有未重复数据
2026-04-03 16:38:04,481 | INFO | Temu_New | ➡️ 下一页
