2026-06-20 12:05:29,883 | INFO | temu_risk_daily_job | 🚀 开始爬取店铺：2106-Temu全托管
2026-06-20 12:05:30,043 | INFO | temu_risk_daily_job | 正在爬取店铺---------------2106-Temu全托管-------------的数据
2026-06-20 12:05:30,099 | INFO | temu_risk_daily_job | 违规记录表检查 / 创建完成
2026-06-20 12:05:31,116 | ERROR | temu_risk_daily_job | 状态不是200：{"error_code":40001,"error_msg":"Invalid Login State"}
2026-06-20 12:05:31,117 | ERROR | temu_risk_daily_job | ⚠️ HTTP异常: 403
2026-06-20 12:05:31,118 | WARNING | temu_risk_daily_job | [2106-Temu全托管] cookie 失效，开始自动刷新登录态
2026-06-20 12:05:31,120 | INFO | temu_risk_daily_job | 2106-Temu全托管 - 第 1 次登录尝试
2026-06-20 12:05:34,589 | INFO | temu_risk_daily_job | 2106-Temu全托管 - start_api 返回: {'code': 0, 'msg': 'Success', 'data': {'action': 'startBrowserByCode', 'backgroundPluginId': 'ibecnpjmgcbdlgojmlfebfkmlaoeojgm', 'browserID': 102858352, 'browserPath': 'C:\\Users\\Administrator\\AppData\\Local\\env-kit\\Core\\chrome_64_140_202512152142\\hubstudio', 'debuggingPort': '56525', 'downloadPath': 'C:\\Users\\Administrator\\Desktop\\Hubstudio\\temu全托2106店（153店改）+半托代发1', 'duplicate': 3017, 'ip': '111.172.230.181', 'isDynamicIp': False, 'launcherPage': 'about:blank', 'proxyType': 'socks5', 'runMode': 2, 'webdriver': 'C:\\Users\\Administrator\\AppData\\Local\\env-kit\\Core\\chrome_64_140_202512152142\\webdriver.exe', 'containerId': 102858352, 'containerCode': '1036583528', 'statusCode': '0', 'err': '成功(Success)'}}
2026-06-20 12:05:34,590 | INFO | temu_risk_daily_job | 2106-Temu全托管 - 浏览器启动成功, 调试端口: 56525
2026-06-20 12:05:36,311 | INFO | temu_risk_daily_job | 2106-Temu全托管 - 已连接浏览器
2026-06-20 12:05:36,979 | INFO | temu_risk_daily_job | --------------------2106-Temu全托管 ------------------------ 开始登录...
2026-06-20 12:05:43,366 | ERROR | temu_risk_daily_job | 2106-Temu全托管 - 未出现取消按钮，跳过
2026-06-20 12:05:44,371 | ERROR | temu_risk_daily_job | 2106-Temu全托管 - 未出现进入按钮，跳过
2026-06-20 12:05:44,376 | INFO | temu_risk_daily_job | 2106-Temu全托管 - 登录成功
2026-06-20 12:05:44,377 | INFO | temu_risk_daily_job | 2106-Temu全托管 - 等待 agentseller Cookie 生效
2026-06-20 12:05:53,065 | INFO | temu_risk_daily_job | 命中授权方式一：确认授权并前往
2026-06-20 12:05:53,147 | INFO | temu_risk_daily_job | 授权流程完成
2026-06-20 12:05:59,185 | INFO | temu_risk_daily_job | 2106-Temu全托管 - Cookie 已保存: D:\sd14\Temu_horizon\data\cookies\2106-Temu全托管_cookies.json
2026-06-20 12:05:59,185 | INFO | temu_risk_daily_job | 2106-Temu全托管 - Cookie 获取完成，准备关闭浏览器
2026-06-20 12:05:59,186 | INFO | temu_risk_daily_job | 2106-Temu全托管 - 登录成功（第 1 次）
2026-06-20 12:05:59,206 | INFO | temu_risk_daily_job | 2106-Temu全托管 - 已关闭Playwright连接
2026-06-20 12:06:00,371 | INFO | temu_risk_daily_job | 2106-Temu全托管 - 已发送停止浏览器请求
2026-06-20 12:06:03,408 | INFO | temu_risk_daily_job | 暂无违规数据
2026-06-20 12:06:03,566 | INFO | temu_risk_daily_job | 正在爬取店铺---------------2106-Temu全托管-------------的数据
2026-06-20 12:06:03,620 | INFO | temu_risk_daily_job | 资金限制表（中文字段）检查 / 创建完成
2026-06-20 12:06:05,963 | INFO | temu_risk_daily_job | [保存] 2106-Temu全托管 | goods_refund_cost 金额=31.81-----保存成功
2026-06-20 12:06:07,115 | INFO | temu_risk_daily_job | [保存] 2106-Temu全托管 | delivery_by_jit 金额=139.15-----保存成功
2026-06-20 12:06:08,294 | INFO | temu_risk_daily_job | [保存] 2106-Temu全托管 | france_epr 金额=20.02-----保存成功
2026-06-20 12:06:09,369 | INFO | temu_risk_daily_job | [跳过] 2106-Temu全托管 | lack_necessary_qualification 无变化
2026-06-20 12:06:10,447 | INFO | temu_risk_daily_job | [跳过] 2106-Temu全托管 | epr_logistics_packaging_fee 无变化
2026-06-20 12:06:11,507 | INFO | temu_risk_daily_job | [跳过] 2106-Temu全托管 | epr_platform_service_fee 无变化
2026-06-20 12:06:12,735 | INFO | temu_risk_daily_job | [保存] 2106-Temu全托管 | order_after_sales_issue_fully 金额=246.39-----保存成功
2026-06-20 12:06:12,735 | INFO | temu_risk_daily_job | 🚀 开始爬取店铺：2103-Temu全托管
2026-06-20 12:06:12,857 | INFO | temu_risk_daily_job | 正在爬取店铺---------------2103-Temu全托管-------------的数据
2026-06-20 12:06:12,908 | INFO | temu_risk_daily_job | 违规记录表检查 / 创建完成
2026-06-20 12:06:14,013 | ERROR | temu_risk_daily_job | 状态不是200：{"error_code":40001,"error_msg":"Invalid Login State"}
2026-06-20 12:06:14,013 | ERROR | temu_risk_daily_job | ⚠️ HTTP异常: 403
2026-06-20 12:06:14,014 | WARNING | temu_risk_daily_job | [2103-Temu全托管] cookie 失效，开始自动刷新登录态
2026-06-20 12:06:14,014 | INFO | temu_risk_daily_job | 2103-Temu全托管 - 第 1 次登录尝试
2026-06-20 12:06:17,995 | INFO | temu_risk_daily_job | 2103-Temu全托管 - start_api 返回: {'code': 0, 'msg': 'Success', 'data': {'action': 'startBrowserByCode', 'backgroundPluginId': 'cdgoddilnfionjljedagnobpdkhcnpii', 'browserID': 99890331, 'browserPath': 'C:\\Users\\Administrator\\AppData\\Local\\env-kit\\Core\\chrome_64_131_202501091017\\hubstudio', 'debuggingPort': '56737', 'downloadPath': 'C:\\Users\\Administrator\\Desktop\\Hubstudio\\temu全托2103店（113店改）+2108店+半托6号店+半托8号店', 'duplicate': 3530, 'ip': '1.194.218.235', 'isDynamicIp': False, 'launcherPage': 'about:blank', 'proxyType': 'socks5', 'runMode': 2, 'webdriver': 'C:\\Users\\Administrator\\AppData\\Local\\env-kit\\Core\\chrome_64_131_202501091017\\webdriver.exe', 'containerId': 99890331, 'containerCode': '1006903311', 'statusCode': '0', 'err': '成功(Success)'}}
2026-06-20 12:06:17,996 | INFO | temu_risk_daily_job | 2103-Temu全托管 - 浏览器启动成功, 调试端口: 56737
2026-06-20 12:06:19,716 | INFO | temu_risk_daily_job | 2103-Temu全托管 - 已连接浏览器
2026-06-20 12:06:20,390 | INFO | temu_risk_daily_job | --------------------2103-Temu全托管 ------------------------ 开始登录...
2026-06-20 12:06:26,325 | ERROR | temu_risk_daily_job | 2103-Temu全托管 - 未出现取消按钮，跳过
2026-06-20 12:06:27,332 | ERROR | temu_risk_daily_job | 2103-Temu全托管 - 未出现进入按钮，跳过
2026-06-20 12:06:27,333 | INFO | temu_risk_daily_job | 2103-Temu全托管 - 登录成功
2026-06-20 12:06:27,334 | INFO | temu_risk_daily_job | 2103-Temu全托管 - 等待 agentseller Cookie 生效
2026-06-20 12:06:35,406 | INFO | temu_risk_daily_job | 命中授权方式一：确认授权并前往
2026-06-20 12:06:35,475 | INFO | temu_risk_daily_job | 授权流程完成
2026-06-20 12:06:41,516 | INFO | temu_risk_daily_job | 2103-Temu全托管 - Cookie 已保存: D:\sd14\Temu_horizon\data\cookies\2103-Temu全托管_cookies.json
2026-06-20 12:06:41,516 | INFO | temu_risk_daily_job | 2103-Temu全托管 - Cookie 获取完成，准备关闭浏览器
2026-06-20 12:06:41,516 | INFO | temu_risk_daily_job | 2103-Temu全托管 - 登录成功（第 1 次）
2026-06-20 12:06:41,531 | INFO | temu_risk_daily_job | 2103-Temu全托管 - 已关闭Playwright连接
2026-06-20 12:06:42,762 | INFO | temu_risk_daily_job | 2103-Temu全托管 - 已发送停止浏览器请求
2026-06-20 12:06:45,809 | INFO | temu_risk_daily_job | 暂无违规数据
2026-06-20 12:06:45,934 | INFO | temu_risk_daily_job | 正在爬取店铺---------------2103-Temu全托管-------------的数据
2026-06-20 12:06:45,986 | INFO | temu_risk_daily_job | 资金限制表（中文字段）检查 / 创建完成
2026-06-20 12:06:48,308 | INFO | temu_risk_daily_job | [保存] 2103-Temu全托管 | goods_refund_cost 金额=6.06-----保存成功
2026-06-20 12:06:49,403 | INFO | temu_risk_daily_job | [跳过] 2103-Temu全托管 | france_epr 无变化
2026-06-20 12:06:50,489 | INFO | temu_risk_daily_job | [跳过] 2103-Temu全托管 | epr_logistics_packaging_fee 无变化
2026-06-20 12:06:51,564 | INFO | temu_risk_daily_job | [跳过] 2103-Temu全托管 | epr_platform_service_fee 无变化
2026-06-20 12:06:52,806 | INFO | temu_risk_daily_job | [保存] 2103-Temu全托管 | order_after_sales_issue_fully 金额=10.12-----保存成功
2026-06-20 12:06:52,807 | INFO | temu_risk_daily_job | 🚀 开始爬取店铺：2102-Temu全托管
2026-06-20 12:06:52,937 | INFO | temu_risk_daily_job | 正在爬取店铺---------------2102-Temu全托管-------------的数据
2026-06-20 12:06:52,992 | INFO | temu_risk_daily_job | 违规记录表检查 / 创建完成
2026-06-20 12:06:53,975 | ERROR | temu_risk_daily_job | 状态不是200：{"error_code":40001,"error_msg":"Invalid Login State"}
2026-06-20 12:06:53,975 | ERROR | temu_risk_daily_job | ⚠️ HTTP异常: 403
2026-06-20 12:06:53,976 | WARNING | temu_risk_daily_job | [2102-Temu全托管] cookie 失效，开始自动刷新登录态
2026-06-20 12:06:53,977 | INFO | temu_risk_daily_job | 2102-Temu全托管 - 第 1 次登录尝试
2026-06-20 12:06:56,954 | INFO | temu_risk_daily_job | 2102-Temu全托管 - start_api 返回: {'code': 0, 'msg': 'Success', 'data': {'action': 'startBrowserByCode', 'backgroundPluginId': 'eeakakjccihhgkahpdohdfhkoheehanb', 'browserID': 102858197, 'browserPath': 'C:\\Users\\Administrator\\AppData\\Local\\env-kit\\Core\\chrome_64_131_202501091017\\hubstudio', 'debuggingPort': '56961', 'downloadPath': 'C:\\Users\\Administrator\\Desktop\\Hubstudio\\temu全托2102店（152店改）', 'duplicate': 2520, 'ip': '49.7.135.46', 'isDynamicIp': False, 'launcherPage': 'about:blank', 'proxyType': 'socks5', 'runMode': 2, 'webdriver': 'C:\\Users\\Administrator\\AppData\\Local\\env-kit\\Core\\chrome_64_131_202501091017\\webdriver.exe', 'containerId': 102858197, 'containerCode': '1036581979', 'statusCode': '0', 'err': '成功(Success)'}}
2026-06-20 12:06:56,955 | INFO | temu_risk_daily_job | 2102-Temu全托管 - 浏览器启动成功, 调试端口: 56961
2026-06-20 12:06:58,699 | INFO | temu_risk_daily_job | 2102-Temu全托管 - 已连接浏览器
2026-06-20 12:06:59,375 | INFO | temu_risk_daily_job | --------------------2102-Temu全托管 ------------------------ 开始登录...
2026-06-20 12:07:06,110 | ERROR | temu_risk_daily_job | 2102-Temu全托管 - 未出现取消按钮，跳过
2026-06-20 12:07:06,152 | INFO | temu_risk_daily_job | 2102-Temu全托管 - 已点击进入
2026-06-20 12:07:06,152 | INFO | temu_risk_daily_job | 2102-Temu全托管 - 登录成功
2026-06-20 12:07:06,153 | INFO | temu_risk_daily_job | 2102-Temu全托管 - 等待 agentseller Cookie 生效
2026-06-20 12:07:14,323 | INFO | temu_risk_daily_job | 命中授权方式一：确认授权并前往
2026-06-20 12:07:14,382 | INFO | temu_risk_daily_job | 授权流程完成
2026-06-20 12:07:20,445 | INFO | temu_risk_daily_job | 2102-Temu全托管 - Cookie 已保存: D:\sd14\Temu_horizon\data\cookies\2102-Temu全托管_cookies.json
2026-06-20 12:07:20,446 | INFO | temu_risk_daily_job | 2102-Temu全托管 - Cookie 获取完成，准备关闭浏览器
2026-06-20 12:07:20,446 | INFO | temu_risk_daily_job | 2102-Temu全托管 - 登录成功（第 1 次）
2026-06-20 12:07:20,466 | INFO | temu_risk_daily_job | 2102-Temu全托管 - 已关闭Playwright连接
2026-06-20 12:07:21,678 | INFO | temu_risk_daily_job | 2102-Temu全托管 - 已发送停止浏览器请求
2026-06-20 12:07:24,778 | INFO | temu_risk_daily_job | 暂无违规数据
2026-06-20 12:07:24,895 | INFO | temu_risk_daily_job | 正在爬取店铺---------------2102-Temu全托管-------------的数据
2026-06-20 12:07:24,943 | INFO | temu_risk_daily_job | 资金限制表（中文字段）检查 / 创建完成
2026-06-20 12:07:27,167 | INFO | temu_risk_daily_job | [跳过] 2102-Temu全托管 | france_epr 无变化
2026-06-20 12:07:28,215 | INFO | temu_risk_daily_job | [跳过] 2102-Temu全托管 | epr_logistics_packaging_fee 无变化
2026-06-20 12:07:29,282 | INFO | temu_risk_daily_job | [跳过] 2102-Temu全托管 | epr_platform_service_fee 无变化
2026-06-20 12:07:31,332 | INFO | temu_risk_daily_job | [跳过] 2102-Temu全托管 | epr_authorization_agent_fee 无变化
2026-06-20 12:07:32,416 | INFO | temu_risk_daily_job | [跳过] 2102-Temu全托管 | order_after_sales_issue_fully 无变化
2026-06-20 12:07:32,416 | INFO | temu_risk_daily_job | 🚀 开始爬取店铺：2101-Temu全托管KA
2026-06-20 12:07:32,547 | INFO | temu_risk_daily_job | 正在爬取店铺---------------2101-Temu全托管KA-------------的数据
2026-06-20 12:07:32,602 | INFO | temu_risk_daily_job | 违规记录表检查 / 创建完成
2026-06-20 12:07:33,581 | ERROR | temu_risk_daily_job | 状态不是200：{"error_code":40001,"error_msg":"Invalid Login State"}
2026-06-20 12:07:33,582 | ERROR | temu_risk_daily_job | ⚠️ HTTP异常: 403
2026-06-20 12:07:33,582 | WARNING | temu_risk_daily_job | [2101-Temu全托管KA] cookie 失效，开始自动刷新登录态
2026-06-20 12:07:33,583 | INFO | temu_risk_daily_job | 2101-Temu全托管KA - 第 1 次登录尝试
2026-06-20 12:07:36,698 | INFO | temu_risk_daily_job | 2101-Temu全托管KA - start_api 返回: {'code': 0, 'msg': 'Success', 'data': {'action': 'startBrowserByCode', 'backgroundPluginId': 'akgomnfmbbjjcajjhhilppefdmokndpj', 'browserID': 104355104, 'browserPath': 'C:\\Users\\Administrator\\AppData\\Local\\env-kit\\Core\\chrome_64_131_202501091017\\hubstudio', 'debuggingPort': '57160', 'downloadPath': 'C:\\Users\\Administrator\\Desktop\\Hubstudio\\temu全托2101号店（111店改）', 'duplicate': 2558, 'ip': '124.236.76.149', 'isDynamicIp': False, 'launcherPage': 'about:blank', 'proxyType': 'socks5', 'runMode': 2, 'webdriver': 'C:\\Users\\Administrator\\AppData\\Local\\env-kit\\Core\\chrome_64_131_202501091017\\webdriver.exe', 'containerId': 104355104, 'containerCode': '1051551049', 'statusCode': '0', 'err': '成功(Success)'}}
2026-06-20 12:07:36,698 | INFO | temu_risk_daily_job | 2101-Temu全托管KA - 浏览器启动成功, 调试端口: 57160
2026-06-20 12:07:38,418 | INFO | temu_risk_daily_job | 2101-Temu全托管KA - 已连接浏览器
2026-06-20 12:07:39,154 | INFO | temu_risk_daily_job | --------------------2101-Temu全托管KA ------------------------ 开始登录...
2026-06-20 12:07:44,240 | ERROR | temu_risk_daily_job | 2101-Temu全托管KA - 未出现取消按钮，跳过
2026-06-20 12:07:45,254 | ERROR | temu_risk_daily_job | 2101-Temu全托管KA - 未出现进入按钮，跳过
2026-06-20 12:07:45,255 | INFO | temu_risk_daily_job | 2101-Temu全托管KA - 登录成功
2026-06-20 12:07:45,255 | INFO | temu_risk_daily_job | 2101-Temu全托管KA - 等待 agentseller Cookie 生效
2026-06-20 12:07:53,855 | INFO | temu_risk_daily_job | 命中授权方式二：勾选复选框 + 授权登录
2026-06-20 12:07:53,963 | INFO | temu_risk_daily_job | 已点击授权复选框（UI 容器）
2026-06-20 12:07:54,017 | INFO | temu_risk_daily_job | 已点击授权登录
2026-06-20 12:08:04,042 | INFO | temu_risk_daily_job | 授权流程完成
2026-06-20 12:08:10,067 | INFO | temu_risk_daily_job | 2101-Temu全托管KA - Cookie 已保存: D:\sd14\Temu_horizon\data\cookies\2101-Temu全托管KA_cookies.json
2026-06-20 12:08:10,067 | INFO | temu_risk_daily_job | 2101-Temu全托管KA - Cookie 获取完成，准备关闭浏览器
2026-06-20 12:08:10,067 | INFO | temu_risk_daily_job | 2101-Temu全托管KA - 登录成功（第 1 次）
2026-06-20 12:08:10,083 | INFO | temu_risk_daily_job | 2101-Temu全托管KA - 已关闭Playwright连接
2026-06-20 12:08:11,161 | INFO | temu_risk_daily_job | 2101-Temu全托管KA - 已发送停止浏览器请求
2026-06-20 12:08:14,321 | INFO | temu_risk_daily_job | 暂无违规数据
2026-06-20 12:08:14,461 | INFO | temu_risk_daily_job | 正在爬取店铺---------------2101-Temu全托管KA-------------的数据
2026-06-20 12:08:14,519 | INFO | temu_risk_daily_job | 资金限制表（中文字段）检查 / 创建完成
2026-06-20 12:08:17,238 | INFO | temu_risk_daily_job | [保存] 2101-Temu全托管KA | goods_refund_cost 金额=139.27-----保存成功
2026-06-20 12:08:18,396 | INFO | temu_risk_daily_job | [保存] 2101-Temu全托管KA | delivery_by_jit 金额=608.34-----保存成功
2026-06-20 12:08:19,574 | INFO | temu_risk_daily_job | [保存] 2101-Temu全托管KA | france_epr 金额=474.04-----保存成功
2026-06-20 12:08:20,662 | INFO | temu_risk_daily_job | [跳过] 2101-Temu全托管KA | epr_logistics_packaging_fee 无变化
2026-06-20 12:08:22,748 | INFO | temu_risk_daily_job | [跳过] 2101-Temu全托管KA | epr_platform_service_fee 无变化
2026-06-20 12:08:23,799 | INFO | temu_risk_daily_job | [跳过] 2101-Temu全托管KA | advertising_expenses 无变化
2026-06-20 12:08:24,918 | INFO | temu_risk_daily_job | [跳过] 2101-Temu全托管KA | quality_assurance_issues 无变化
2026-06-20 12:08:25,983 | INFO | temu_risk_daily_job | [跳过] 2101-Temu全托管KA | epr_authorization_agent_fee 无变化
2026-06-20 12:08:27,234 | INFO | temu_risk_daily_job | [保存] 2101-Temu全托管KA | order_after_sales_issue_fully 金额=490.23-----保存成功
2026-06-20 12:08:27,234 | INFO | temu_risk_daily_job | 🚀 开始爬取店铺：112-Temu全托管
2026-06-20 12:08:27,367 | INFO | temu_risk_daily_job | 正在爬取店铺---------------112-Temu全托管-------------的数据
2026-06-20 12:08:27,423 | INFO | temu_risk_daily_job | 违规记录表检查 / 创建完成
2026-06-20 12:08:28,434 | ERROR | temu_risk_daily_job | 状态不是200：{"error_code":40001,"error_msg":"Invalid Login State"}
2026-06-20 12:08:28,434 | ERROR | temu_risk_daily_job | ⚠️ HTTP异常: 403
2026-06-20 12:08:28,435 | WARNING | temu_risk_daily_job | [112-Temu全托管] cookie 失效，开始自动刷新登录态
2026-06-20 12:08:28,436 | INFO | temu_risk_daily_job | 112-Temu全托管 - 第 1 次登录尝试
2026-06-20 12:08:32,063 | INFO | temu_risk_daily_job | 112-Temu全托管 - start_api 返回: {'code': 0, 'msg': 'Success', 'data': {'action': 'startBrowserByCode', 'backgroundPluginId': 'deogjmiglmamcbonclpnbppbclfgkgpg', 'browserID': 99848624, 'browserPath': 'C:\\Users\\Administrator\\AppData\\Local\\env-kit\\Core\\chrome_64_131_202501091017\\hubstudio', 'debuggingPort': '57413', 'downloadPath': 'C:\\Users\\Administrator\\Desktop\\Hubstudio\\temu全托112店', 'duplicate': 2665, 'ip': '36.111.32.150', 'isDynamicIp': False, 'launcherPage': 'about:blank', 'proxyType': 'socks5', 'runMode': 2, 'webdriver': 'C:\\Users\\Administrator\\AppData\\Local\\env-kit\\Core\\chrome_64_131_202501091017\\webdriver.exe', 'containerId': 99848624, 'containerCode': '1006486242', 'statusCode': '0', 'err': '成功(Success)'}}
2026-06-20 12:08:32,064 | INFO | temu_risk_daily_job | 112-Temu全托管 - 浏览器启动成功, 调试端口: 57413
2026-06-20 12:08:33,652 | INFO | temu_risk_daily_job | 112-Temu全托管 - 已连接浏览器
2026-06-20 12:08:34,232 | INFO | temu_risk_daily_job | --------------------112-Temu全托管 ------------------------ 开始登录...
2026-06-20 12:08:40,124 | ERROR | temu_risk_daily_job | 112-Temu全托管 - 未出现取消按钮，跳过
2026-06-20 12:08:41,131 | ERROR | temu_risk_daily_job | 112-Temu全托管 - 未出现进入按钮，跳过
2026-06-20 12:08:41,131 | INFO | temu_risk_daily_job | 112-Temu全托管 - 登录成功
2026-06-20 12:08:41,132 | INFO | temu_risk_daily_job | 112-Temu全托管 - 等待 agentseller Cookie 生效
2026-06-20 12:08:48,981 | INFO | temu_risk_daily_job | 命中授权方式一：确认授权并前往
2026-06-20 12:08:49,066 | INFO | temu_risk_daily_job | 授权流程完成
2026-06-20 12:08:55,100 | INFO | temu_risk_daily_job | 112-Temu全托管 - Cookie 已保存: D:\sd14\Temu_horizon\data\cookies\112-Temu全托管_cookies.json
2026-06-20 12:08:55,100 | INFO | temu_risk_daily_job | 112-Temu全托管 - Cookie 获取完成，准备关闭浏览器
2026-06-20 12:08:55,101 | INFO | temu_risk_daily_job | 112-Temu全托管 - 登录成功（第 1 次）
2026-06-20 12:08:55,117 | INFO | temu_risk_daily_job | 112-Temu全托管 - 已关闭Playwright连接
2026-06-20 12:08:56,284 | INFO | temu_risk_daily_job | 112-Temu全托管 - 已发送停止浏览器请求
2026-06-20 12:08:59,336 | INFO | temu_risk_daily_job | 暂无违规数据
2026-06-20 12:08:59,459 | INFO | temu_risk_daily_job | 正在爬取店铺---------------112-Temu全托管-------------的数据
2026-06-20 12:08:59,510 | INFO | temu_risk_daily_job | 资金限制表（中文字段）检查 / 创建完成
2026-06-20 12:09:01,750 | INFO | temu_risk_daily_job | [跳过] 112-Temu全托管 | france_epr 无变化
2026-06-20 12:09:02,830 | INFO | temu_risk_daily_job | [跳过] 112-Temu全托管 | epr_logistics_packaging_fee 无变化
2026-06-20 12:09:04,024 | INFO | temu_risk_daily_job | [跳过] 112-Temu全托管 | epr_platform_service_fee 无变化
2026-06-20 12:09:05,091 | INFO | temu_risk_daily_job | [跳过] 112-Temu全托管 | epr_authorization_agent_fee 无变化
2026-06-20 12:09:06,212 | INFO | temu_risk_daily_job | [跳过] 112-Temu全托管 | order_after_sales_issue_fully 无变化
2026-06-20 12:09:06,212 | INFO | temu_risk_daily_job | 🚀 开始爬取店铺：1108-Temu全托管
2026-06-20 12:09:06,335 | INFO | temu_risk_daily_job | 正在爬取店铺---------------1108-Temu全托管-------------的数据
2026-06-20 12:09:06,387 | INFO | temu_risk_daily_job | 违规记录表检查 / 创建完成
2026-06-20 12:09:07,819 | ERROR | temu_risk_daily_job | 状态不是200：{"error_code":40001,"error_msg":"Invalid Login State"}
2026-06-20 12:09:07,819 | ERROR | temu_risk_daily_job | ⚠️ HTTP异常: 403
2026-06-20 12:09:07,820 | WARNING | temu_risk_daily_job | [1108-Temu全托管] cookie 失效，开始自动刷新登录态
2026-06-20 12:09:07,820 | INFO | temu_risk_daily_job | 1108-Temu全托管 - 第 1 次登录尝试
2026-06-20 12:09:11,000 | INFO | temu_risk_daily_job | 1108-Temu全托管 - start_api 返回: {'code': 0, 'msg': 'Success', 'data': {'action': 'startBrowserByCode', 'backgroundPluginId': 'oielegjolaoigkjpcikbcbepjdojkkja', 'browserID': 122453019, 'browserPath': 'C:\\Users\\Administrator\\AppData\\Local\\env-kit\\Core\\chrome_64_133_202505210948\\hubstudio', 'debuggingPort': '57613', 'downloadPath': 'C:\\Users\\Administrator\\Desktop\\Hubstudio\\temu全托1108号店', 'duplicate': 2716, 'ip': '1.194.218.235', 'isDynamicIp': False, 'launcherPage': 'about:blank', 'proxyType': 'socks5', 'runMode': 2, 'webdriver': 'C:\\Users\\Administrator\\AppData\\Local\\env-kit\\Core\\chrome_64_133_202505210948\\webdriver.exe', 'containerId': 122453019, 'containerCode': '1232530196', 'statusCode': '0', 'err': '成功(Success)'}}
2026-06-20 12:09:11,000 | INFO | temu_risk_daily_job | 1108-Temu全托管 - 浏览器启动成功, 调试端口: 57613
2026-06-20 12:09:12,798 | INFO | temu_risk_daily_job | 1108-Temu全托管 - 已连接浏览器
2026-06-20 12:09:13,538 | INFO | temu_risk_daily_job | --------------------1108-Temu全托管 ------------------------ 开始登录...
2026-06-20 12:09:18,339 | ERROR | temu_risk_daily_job | 1108-Temu全托管 - 未出现取消按钮，跳过
2026-06-20 12:09:18,367 | INFO | temu_risk_daily_job | 1108-Temu全托管 - 已点击进入
2026-06-20 12:09:18,368 | INFO | temu_risk_daily_job | 1108-Temu全托管 - 登录成功
2026-06-20 12:09:18,368 | INFO | temu_risk_daily_job | 1108-Temu全托管 - 等待 agentseller Cookie 生效
2026-06-20 12:09:26,610 | INFO | temu_risk_daily_job | 命中授权方式一：确认授权并前往
2026-06-20 12:09:26,681 | INFO | temu_risk_daily_job | 授权流程完成
2026-06-20 12:09:32,715 | INFO | temu_risk_daily_job | 1108-Temu全托管 - Cookie 已保存: D:\sd14\Temu_horizon\data\cookies\1108-Temu全托管_cookies.json
2026-06-20 12:09:32,715 | INFO | temu_risk_daily_job | 1108-Temu全托管 - Cookie 获取完成，准备关闭浏览器
2026-06-20 12:09:32,715 | INFO | temu_risk_daily_job | 1108-Temu全托管 - 登录成功（第 1 次）
2026-06-20 12:09:32,730 | INFO | temu_risk_daily_job | 1108-Temu全托管 - 已关闭Playwright连接
2026-06-20 12:09:33,835 | INFO | temu_risk_daily_job | 1108-Temu全托管 - 已发送停止浏览器请求
2026-06-20 12:09:36,873 | INFO | temu_risk_daily_job | 暂无违规数据
2026-06-20 12:09:37,022 | INFO | temu_risk_daily_job | 正在爬取店铺---------------1108-Temu全托管-------------的数据
2026-06-20 12:09:37,079 | INFO | temu_risk_daily_job | 资金限制表（中文字段）检查 / 创建完成
2026-06-20 12:09:39,305 | INFO | temu_risk_daily_job | [跳过] 1108-Temu全托管 | delivery_by_jit 无变化
2026-06-20 12:09:41,370 | INFO | temu_risk_daily_job | [跳过] 1108-Temu全托管 | goods_poor_quality 无变化
2026-06-20 12:09:42,431 | INFO | temu_risk_daily_job | [跳过] 1108-Temu全托管 | france_epr 无变化
2026-06-20 12:09:43,635 | INFO | temu_risk_daily_job | [跳过] 1108-Temu全托管 | epr_logistics_packaging_fee 无变化
2026-06-20 12:09:44,817 | INFO | temu_risk_daily_job | [保存] 1108-Temu全托管 | order_after_sales_issue_fully 金额=102.74-----保存成功
2026-06-20 12:09:44,817 | INFO | temu_risk_daily_job | 🚀 开始爬取店铺：1107-Temu全托管
2026-06-20 12:09:44,947 | INFO | temu_risk_daily_job | 正在爬取店铺---------------1107-Temu全托管-------------的数据
2026-06-20 12:09:45,001 | INFO | temu_risk_daily_job | 违规记录表检查 / 创建完成
2026-06-20 12:09:46,034 | INFO | temu_risk_daily_job | 暂无违规数据
2026-06-20 12:09:46,158 | INFO | temu_risk_daily_job | 正在爬取店铺---------------1107-Temu全托管-------------的数据
2026-06-20 12:09:46,210 | INFO | temu_risk_daily_job | 资金限制表（中文字段）检查 / 创建完成
2026-06-20 12:09:48,454 | INFO | temu_risk_daily_job | [跳过] 1107-Temu全托管 | goods_refund_cost 无变化
2026-06-20 12:09:49,891 | INFO | temu_risk_daily_job | [保存] 1107-Temu全托管 | delivery_by_jit 金额=176.90-----保存成功
2026-06-20 12:09:51,072 | INFO | temu_risk_daily_job | [跳过] 1107-Temu全托管 | france_epr 无变化
2026-06-20 12:09:52,154 | INFO | temu_risk_daily_job | [跳过] 1107-Temu全托管 | epr_logistics_packaging_fee 无变化
2026-06-20 12:09:53,245 | INFO | temu_risk_daily_job | [跳过] 1107-Temu全托管 | epr_platform_service_fee 无变化
2026-06-20 12:09:54,507 | INFO | temu_risk_daily_job | [保存] 1107-Temu全托管 | order_after_sales_issue_fully 金额=164.16-----保存成功
2026-06-20 12:09:54,507 | INFO | temu_risk_daily_job | 🚀 开始爬取店铺：1106-Temu全托管
2026-06-20 12:09:54,643 | INFO | temu_risk_daily_job | 正在爬取店铺---------------1106-Temu全托管-------------的数据
2026-06-20 12:09:54,698 | INFO | temu_risk_daily_job | 违规记录表检查 / 创建完成
2026-06-20 12:09:55,718 | ERROR | temu_risk_daily_job | 状态不是200：{"error_code":40001,"error_msg":"Invalid Login State"}
2026-06-20 12:09:55,719 | ERROR | temu_risk_daily_job | ⚠️ HTTP异常: 403
2026-06-20 12:09:55,720 | WARNING | temu_risk_daily_job | [1106-Temu全托管] cookie 失效，开始自动刷新登录态
2026-06-20 12:09:55,720 | INFO | temu_risk_daily_job | 1106-Temu全托管 - 第 1 次登录尝试
2026-06-20 12:09:59,435 | INFO | temu_risk_daily_job | 1106-Temu全托管 - start_api 返回: {'code': 0, 'msg': 'Success', 'data': {'action': 'startBrowserByCode', 'backgroundPluginId': 'ckmbonbfihibhagclccfhnmbcbfnlbnh', 'browserID': 109978213, 'browserPath': 'C:\\Users\\Administrator\\AppData\\Local\\env-kit\\Core\\chrome_64_131_202501091017\\hubstudio', 'debuggingPort': '57867', 'downloadPath': 'C:\\Users\\Administrator\\Desktop\\Hubstudio\\temu全托1106店', 'duplicate': 3268, 'ip': '36.111.32.150', 'isDynamicIp': False, 'launcherPage': 'about:blank', 'proxyType': 'socks5', 'runMode': 2, 'webdriver': 'C:\\Users\\Administrator\\AppData\\Local\\env-kit\\Core\\chrome_64_131_202501091017\\webdriver.exe', 'containerId': 109978213, 'containerCode': '1107782133', 'statusCode': '0', 'err': '成功(Success)'}}
2026-06-20 12:09:59,436 | INFO | temu_risk_daily_job | 1106-Temu全托管 - 浏览器启动成功, 调试端口: 57867
2026-06-20 12:10:01,141 | INFO | temu_risk_daily_job | 1106-Temu全托管 - 已连接浏览器
2026-06-20 12:10:01,688 | INFO | temu_risk_daily_job | --------------------1106-Temu全托管 ------------------------ 开始登录...
2026-06-20 12:10:08,109 | ERROR | temu_risk_daily_job | 1106-Temu全托管 - 未出现取消按钮，跳过
2026-06-20 12:10:08,138 | INFO | temu_risk_daily_job | 1106-Temu全托管 - 已点击进入
2026-06-20 12:10:08,138 | INFO | temu_risk_daily_job | 1106-Temu全托管 - 登录成功
2026-06-20 12:10:08,140 | INFO | temu_risk_daily_job | 1106-Temu全托管 - 等待 agentseller Cookie 生效
2026-06-20 12:10:15,998 | INFO | temu_risk_daily_job | 命中授权方式一：确认授权并前往
2026-06-20 12:10:16,082 | INFO | temu_risk_daily_job | 授权流程完成
2026-06-20 12:10:22,121 | INFO | temu_risk_daily_job | 1106-Temu全托管 - Cookie 已保存: D:\sd14\Temu_horizon\data\cookies\1106-Temu全托管_cookies.json
2026-06-20 12:10:22,121 | INFO | temu_risk_daily_job | 1106-Temu全托管 - Cookie 获取完成，准备关闭浏览器
2026-06-20 12:10:22,122 | INFO | temu_risk_daily_job | 1106-Temu全托管 - 登录成功（第 1 次）
2026-06-20 12:10:22,136 | INFO | temu_risk_daily_job | 1106-Temu全托管 - 已关闭Playwright连接
2026-06-20 12:10:23,249 | INFO | temu_risk_daily_job | 1106-Temu全托管 - 已发送停止浏览器请求
2026-06-20 12:10:26,266 | INFO | temu_risk_daily_job | 暂无违规数据
2026-06-20 12:10:26,401 | INFO | temu_risk_daily_job | 正在爬取店铺---------------1106-Temu全托管-------------的数据
2026-06-20 12:10:26,456 | INFO | temu_risk_daily_job | 资金限制表（中文字段）检查 / 创建完成
2026-06-20 12:10:28,802 | INFO | temu_risk_daily_job | [跳过] 1106-Temu全托管 | france_epr 无变化
2026-06-20 12:10:29,889 | INFO | temu_risk_daily_job | [跳过] 1106-Temu全托管 | epr_logistics_packaging_fee 无变化
2026-06-20 12:10:31,071 | INFO | temu_risk_daily_job | [跳过] 1106-Temu全托管 | epr_platform_service_fee 无变化
2026-06-20 12:10:32,155 | INFO | temu_risk_daily_job | [跳过] 1106-Temu全托管 | epr_authorization_agent_fee 无变化
2026-06-20 12:10:33,256 | INFO | temu_risk_daily_job | [跳过] 1106-Temu全托管 | order_after_sales_issue_fully 无变化
2026-06-20 12:10:33,257 | INFO | temu_risk_daily_job | 🚀 开始爬取店铺：1105-Temu全托管
2026-06-20 12:10:33,382 | INFO | temu_risk_daily_job | 正在爬取店铺---------------1105-Temu全托管-------------的数据
2026-06-20 12:10:33,436 | INFO | temu_risk_daily_job | 违规记录表检查 / 创建完成
2026-06-20 12:10:34,428 | ERROR | temu_risk_daily_job | 状态不是200：{"error_code":40001,"error_msg":"Invalid Login State"}
2026-06-20 12:10:34,428 | ERROR | temu_risk_daily_job | ⚠️ HTTP异常: 403
2026-06-20 12:10:34,429 | WARNING | temu_risk_daily_job | [1105-Temu全托管] cookie 失效，开始自动刷新登录态
2026-06-20 12:10:34,430 | INFO | temu_risk_daily_job | 1105-Temu全托管 - 第 1 次登录尝试
2026-06-20 12:10:37,819 | INFO | temu_risk_daily_job | 1105-Temu全托管 - start_api 返回: {'code': 0, 'msg': 'Success', 'data': {'action': 'startBrowserByCode', 'backgroundPluginId': 'hedbcddcbnkifhfapobljhpmnkknmeci', 'browserID': 109977447, 'browserPath': 'C:\\Users\\Administrator\\AppData\\Local\\env-kit\\Core\\chrome_64_131_202501091017\\hubstudio', 'debuggingPort': '58099', 'downloadPath': 'C:\\Users\\Administrator\\Desktop\\Hubstudio\\temu全托1105店', 'duplicate': 2969, 'ip': '218.78.129.86', 'isDynamicIp': False, 'launcherPage': 'about:blank', 'proxyType': 'socks5', 'runMode': 2, 'webdriver': 'C:\\Users\\Administrator\\AppData\\Local\\env-kit\\Core\\chrome_64_131_202501091017\\webdriver.exe', 'containerId': 109977447, 'containerCode': '1107774478', 'statusCode': '0', 'err': '成功(Success)'}}
2026-06-20 12:10:37,821 | INFO | temu_risk_daily_job | 1105-Temu全托管 - 浏览器启动成功, 调试端口: 58099
2026-06-20 12:10:39,432 | INFO | temu_risk_daily_job | 1105-Temu全托管 - 已连接浏览器
2026-06-20 12:10:40,103 | INFO | temu_risk_daily_job | --------------------1105-Temu全托管 ------------------------ 开始登录...
2026-06-20 12:10:46,117 | ERROR | temu_risk_daily_job | 1105-Temu全托管 - 未出现取消按钮，跳过
2026-06-20 12:10:47,134 | ERROR | temu_risk_daily_job | 1105-Temu全托管 - 未出现进入按钮，跳过
2026-06-20 12:10:47,135 | INFO | temu_risk_daily_job | 1105-Temu全托管 - 登录成功
2026-06-20 12:10:47,136 | INFO | temu_risk_daily_job | 1105-Temu全托管 - 等待 agentseller Cookie 生效
2026-06-20 12:10:55,674 | INFO | temu_risk_daily_job | 命中授权方式一：确认授权并前往
2026-06-20 12:10:55,748 | INFO | temu_risk_daily_job | 授权流程完成
2026-06-20 12:11:01,797 | INFO | temu_risk_daily_job | 1105-Temu全托管 - Cookie 已保存: D:\sd14\Temu_horizon\data\cookies\1105-Temu全托管_cookies.json
2026-06-20 12:11:01,798 | INFO | temu_risk_daily_job | 1105-Temu全托管 - Cookie 获取完成，准备关闭浏览器
2026-06-20 12:11:01,798 | INFO | temu_risk_daily_job | 1105-Temu全托管 - 登录成功（第 1 次）
2026-06-20 12:11:01,822 | INFO | temu_risk_daily_job | 1105-Temu全托管 - 已关闭Playwright连接
2026-06-20 12:11:02,973 | INFO | temu_risk_daily_job | 1105-Temu全托管 - 已发送停止浏览器请求
2026-06-20 12:11:06,005 | INFO | temu_risk_daily_job | 暂无违规数据
2026-06-20 12:11:06,138 | INFO | temu_risk_daily_job | 正在爬取店铺---------------1105-Temu全托管-------------的数据
2026-06-20 12:11:06,195 | INFO | temu_risk_daily_job | 资金限制表（中文字段）检查 / 创建完成
2026-06-20 12:11:08,488 | INFO | temu_risk_daily_job | [保存] 1105-Temu全托管 | goods_refund_cost 金额=18.54-----保存成功
2026-06-20 12:11:09,638 | INFO | temu_risk_daily_job | [保存] 1105-Temu全托管 | delivery_by_jit 金额=139.71-----保存成功
2026-06-20 12:11:10,937 | INFO | temu_risk_daily_job | [保存] 1105-Temu全托管 | france_epr 金额=554.30-----保存成功
2026-06-20 12:11:12,090 | INFO | temu_risk_daily_job | [保存] 1105-Temu全托管 | epr_logistics_packaging_fee 金额=149.15-----保存成功
2026-06-20 12:11:13,270 | INFO | temu_risk_daily_job | [跳过] 1105-Temu全托管 | epr_platform_service_fee 无变化
2026-06-20 12:11:14,403 | INFO | temu_risk_daily_job | [保存] 1105-Temu全托管 | epr_authorization_agent_fee 金额=29.47-----保存成功
2026-06-20 12:11:15,624 | INFO | temu_risk_daily_job | [保存] 1105-Temu全托管 | order_after_sales_issue_fully 金额=260.58-----保存成功
2026-06-20 12:11:15,624 | INFO | temu_risk_daily_job | 🚀 开始爬取店铺：1104-Temu全托管
2026-06-20 12:11:15,757 | INFO | temu_risk_daily_job | 正在爬取店铺---------------1104-Temu全托管-------------的数据
2026-06-20 12:11:15,812 | INFO | temu_risk_daily_job | 违规记录表检查 / 创建完成
2026-06-20 12:11:16,800 | ERROR | temu_risk_daily_job | 状态不是200：{"error_code":40001,"error_msg":"Invalid Login State"}
2026-06-20 12:11:16,801 | ERROR | temu_risk_daily_job | ⚠️ HTTP异常: 403
2026-06-20 12:11:16,802 | WARNING | temu_risk_daily_job | [1104-Temu全托管] cookie 失效，开始自动刷新登录态
2026-06-20 12:11:16,802 | INFO | temu_risk_daily_job | 1104-Temu全托管 - 第 1 次登录尝试
2026-06-20 12:11:19,943 | INFO | temu_risk_daily_job | 1104-Temu全托管 - start_api 返回: {'code': 0, 'msg': 'Success', 'data': {'action': 'startBrowserByCode', 'backgroundPluginId': 'ifmneobocilkpmpjmkahbfnpccjajnbm', 'browserID': 100261239, 'browserPath': 'C:\\Users\\Administrator\\AppData\\Local\\env-kit\\Core\\chrome_64_131_202501091017\\hubstudio', 'debuggingPort': '58325', 'downloadPath': 'C:\\Users\\Administrator\\Desktop\\Hubstudio\\temu全托1104店', 'duplicate': 2724, 'ip': '125.122.156.184', 'isDynamicIp': False, 'launcherPage': 'about:blank', 'proxyType': 'socks5', 'runMode': 2, 'webdriver': 'C:\\Users\\Administrator\\AppData\\Local\\env-kit\\Core\\chrome_64_131_202501091017\\webdriver.exe', 'containerId': 100261239, 'containerCode': '1010612394', 'statusCode': '0', 'err': '成功(Success)'}}
2026-06-20 12:11:19,943 | INFO | temu_risk_daily_job | 1104-Temu全托管 - 浏览器启动成功, 调试端口: 58325
2026-06-20 12:11:21,680 | INFO | temu_risk_daily_job | 1104-Temu全托管 - 已连接浏览器
2026-06-20 12:11:22,269 | INFO | temu_risk_daily_job | --------------------1104-Temu全托管 ------------------------ 开始登录...
2026-06-20 12:11:28,108 | ERROR | temu_risk_daily_job | 1104-Temu全托管 - 未出现取消按钮，跳过
2026-06-20 12:11:29,124 | ERROR | temu_risk_daily_job | 1104-Temu全托管 - 未出现进入按钮，跳过
2026-06-20 12:11:29,124 | INFO | temu_risk_daily_job | 1104-Temu全托管 - 登录成功
2026-06-20 12:11:29,125 | INFO | temu_risk_daily_job | 1104-Temu全托管 - 等待 agentseller Cookie 生效
2026-06-20 12:11:37,186 | INFO | temu_risk_daily_job | 命中授权方式一：确认授权并前往
2026-06-20 12:11:37,265 | INFO | temu_risk_daily_job | 授权流程完成
2026-06-20 12:11:43,317 | INFO | temu_risk_daily_job | 1104-Temu全托管 - Cookie 已保存: D:\sd14\Temu_horizon\data\cookies\1104-Temu全托管_cookies.json
2026-06-20 12:11:43,318 | INFO | temu_risk_daily_job | 1104-Temu全托管 - Cookie 获取完成，准备关闭浏览器
2026-06-20 12:11:43,318 | INFO | temu_risk_daily_job | 1104-Temu全托管 - 登录成功（第 1 次）
2026-06-20 12:11:43,333 | INFO | temu_risk_daily_job | 1104-Temu全托管 - 已关闭Playwright连接
2026-06-20 12:11:44,479 | INFO | temu_risk_daily_job | 1104-Temu全托管 - 已发送停止浏览器请求
2026-06-20 12:11:48,581 | INFO | temu_risk_daily_job | 暂无违规数据
2026-06-20 12:11:48,699 | INFO | temu_risk_daily_job | 正在爬取店铺---------------1104-Temu全托管-------------的数据
2026-06-20 12:11:48,749 | INFO | temu_risk_daily_job | 资金限制表（中文字段）检查 / 创建完成
2026-06-20 12:11:50,972 | INFO | temu_risk_daily_job | [跳过] 1104-Temu全托管 | goods_refund_cost 无变化
2026-06-20 12:11:52,106 | INFO | temu_risk_daily_job | [保存] 1104-Temu全托管 | delivery_by_jit 金额=88.04-----保存成功
2026-06-20 12:11:53,259 | INFO | temu_risk_daily_job | [保存] 1104-Temu全托管 | france_epr 金额=90.43-----保存成功
2026-06-20 12:11:54,333 | INFO | temu_risk_daily_job | [跳过] 1104-Temu全托管 | epr_logistics_packaging_fee 无变化
2026-06-20 12:11:55,409 | INFO | temu_risk_daily_job | [跳过] 1104-Temu全托管 | epr_platform_service_fee 无变化
2026-06-20 12:11:56,475 | INFO | temu_risk_daily_job | [跳过] 1104-Temu全托管 | epr_authorization_agent_fee 无变化
2026-06-20 12:11:57,697 | INFO | temu_risk_daily_job | [保存] 1104-Temu全托管 | order_after_sales_issue_fully 金额=144.47-----保存成功
2026-06-20 12:11:57,697 | INFO | temu_risk_daily_job | 🚀 开始爬取店铺：1103-Temu全托管
2026-06-20 12:11:57,822 | INFO | temu_risk_daily_job | 正在爬取店铺---------------1103-Temu全托管-------------的数据
2026-06-20 12:11:57,873 | INFO | temu_risk_daily_job | 违规记录表检查 / 创建完成
2026-06-20 12:11:59,018 | ERROR | temu_risk_daily_job | 状态不是200：{"error_code":40001,"error_msg":"Invalid Login State"}
2026-06-20 12:11:59,020 | ERROR | temu_risk_daily_job | ⚠️ HTTP异常: 403
2026-06-20 12:11:59,021 | WARNING | temu_risk_daily_job | [1103-Temu全托管] cookie 失效，开始自动刷新登录态
2026-06-20 12:11:59,021 | INFO | temu_risk_daily_job | 1103-Temu全托管 - 第 1 次登录尝试
2026-06-20 12:12:02,368 | INFO | temu_risk_daily_job | 1103-Temu全托管 - start_api 返回: {'code': 0, 'msg': 'Success', 'data': {'action': 'startBrowserByCode', 'backgroundPluginId': 'jpdodpkjmnaoinfefchdgfomfncffgoc', 'browserID': 100261119, 'browserPath': 'C:\\Users\\Administrator\\AppData\\Local\\env-kit\\Core\\chrome_64_131_202501091017\\hubstudio', 'debuggingPort': '58507', 'downloadPath': 'C:\\Users\\Administrator\\Desktop\\Hubstudio\\temu全托1103店-子账号', 'duplicate': 2879, 'ip': '49.7.135.46', 'isDynamicIp': False, 'launcherPage': 'about:blank', 'proxyType': 'socks5', 'runMode': 2, 'webdriver': 'C:\\Users\\Administrator\\AppData\\Local\\env-kit\\Core\\chrome_64_131_202501091017\\webdriver.exe', 'containerId': 100261119, 'containerCode': '1010611195', 'statusCode': '0', 'err': '成功(Success)'}}
2026-06-20 12:12:02,369 | INFO | temu_risk_daily_job | 1103-Temu全托管 - 浏览器启动成功, 调试端口: 58507
2026-06-20 12:12:04,107 | INFO | temu_risk_daily_job | 1103-Temu全托管 - 已连接浏览器
2026-06-20 12:12:04,802 | INFO | temu_risk_daily_job | --------------------1103-Temu全托管 ------------------------ 开始登录...
2026-06-20 12:12:09,881 | ERROR | temu_risk_daily_job | 1103-Temu全托管 - 未出现取消按钮，跳过
2026-06-20 12:12:10,883 | ERROR | temu_risk_daily_job | 1103-Temu全托管 - 未出现进入按钮，跳过
2026-06-20 12:12:10,884 | INFO | temu_risk_daily_job | 1103-Temu全托管 - 登录成功
2026-06-20 12:12:10,884 | INFO | temu_risk_daily_job | 1103-Temu全托管 - 等待 agentseller Cookie 生效
2026-06-20 12:12:18,883 | INFO | temu_risk_daily_job | 1103-Temu全托管 - Cookie 已保存: D:\sd14\Temu_horizon\data\cookies\1103-Temu全托管_cookies.json
2026-06-20 12:12:18,883 | INFO | temu_risk_daily_job | 1103-Temu全托管 - Cookie 获取完成，准备关闭浏览器
2026-06-20 12:12:18,883 | INFO | temu_risk_daily_job | 1103-Temu全托管 - 登录成功（第 1 次）
2026-06-20 12:12:18,901 | INFO | temu_risk_daily_job | 1103-Temu全托管 - 已关闭Playwright连接
2026-06-20 12:12:20,020 | INFO | temu_risk_daily_job | 1103-Temu全托管 - 已发送停止浏览器请求
2026-06-20 12:12:23,048 | INFO | temu_risk_daily_job | 暂无违规数据
2026-06-20 12:12:23,162 | INFO | temu_risk_daily_job | 正在爬取店铺---------------1103-Temu全托管-------------的数据
2026-06-20 12:12:23,210 | INFO | temu_risk_daily_job | 资金限制表（中文字段）检查 / 创建完成
2026-06-20 12:12:26,431 | INFO | temu_risk_daily_job | [跳过] 1103-Temu全托管 | delivery_by_jit 无变化
2026-06-20 12:12:27,607 | INFO | temu_risk_daily_job | [保存] 1103-Temu全托管 | france_epr 金额=161.70-----保存成功
2026-06-20 12:12:28,649 | INFO | temu_risk_daily_job | [跳过] 1103-Temu全托管 | lack_necessary_qualification 无变化
2026-06-20 12:12:29,719 | INFO | temu_risk_daily_job | [跳过] 1103-Temu全托管 | epr_logistics_packaging_fee 无变化
2026-06-20 12:12:30,778 | INFO | temu_risk_daily_job | [跳过] 1103-Temu全托管 | epr_platform_service_fee 无变化
2026-06-20 12:12:31,962 | INFO | temu_risk_daily_job | [跳过] 1103-Temu全托管 | epr_authorization_agent_fee 无变化
2026-06-20 12:12:33,165 | INFO | temu_risk_daily_job | [保存] 1103-Temu全托管 | order_after_sales_issue_fully 金额=194.90-----保存成功
2026-06-20 12:12:33,165 | INFO | temu_risk_daily_job | 🚀 开始爬取店铺：1102-Temu全托管
2026-06-20 12:12:33,299 | INFO | temu_risk_daily_job | 正在爬取店铺---------------1102-Temu全托管-------------的数据
2026-06-20 12:12:33,359 | INFO | temu_risk_daily_job | 违规记录表检查 / 创建完成
2026-06-20 12:12:34,340 | ERROR | temu_risk_daily_job | 状态不是200：{"error_code":40001,"error_msg":"Invalid Login State"}
2026-06-20 12:12:34,341 | ERROR | temu_risk_daily_job | ⚠️ HTTP异常: 403
2026-06-20 12:12:34,342 | WARNING | temu_risk_daily_job | [1102-Temu全托管] cookie 失效，开始自动刷新登录态
2026-06-20 12:12:34,342 | INFO | temu_risk_daily_job | 1102-Temu全托管 - 第 1 次登录尝试
2026-06-20 12:12:37,470 | INFO | temu_risk_daily_job | 1102-Temu全托管 - start_api 返回: {'code': 0, 'msg': 'Success', 'data': {'action': 'startBrowserByCode', 'backgroundPluginId': 'jelnoidfmcaagnefijmbgjihdibffamo', 'browserID': 100123686, 'browserPath': 'C:\\Users\\Administrator\\AppData\\Local\\env-kit\\Core\\chrome_64_131_202501091017\\hubstudio', 'debuggingPort': '58687', 'downloadPath': 'C:\\Users\\Administrator\\Desktop\\Hubstudio\\temu全托1102店', 'duplicate': 2669, 'ip': '125.122.156.184', 'isDynamicIp': False, 'launcherPage': 'about:blank', 'proxyType': 'socks5', 'runMode': 2, 'webdriver': 'C:\\Users\\Administrator\\AppData\\Local\\env-kit\\Core\\chrome_64_131_202501091017\\webdriver.exe', 'containerId': 100123686, 'containerCode': '1009236863', 'statusCode': '0', 'err': '成功(Success)'}}
2026-06-20 12:12:37,471 | INFO | temu_risk_daily_job | 1102-Temu全托管 - 浏览器启动成功, 调试端口: 58687
2026-06-20 12:12:39,224 | INFO | temu_risk_daily_job | 1102-Temu全托管 - 已连接浏览器
2026-06-20 12:12:39,748 | INFO | temu_risk_daily_job | --------------------1102-Temu全托管 ------------------------ 开始登录...
2026-06-20 12:12:45,417 | ERROR | temu_risk_daily_job | 1102-Temu全托管 - 未出现取消按钮，跳过
2026-06-20 12:12:45,450 | INFO | temu_risk_daily_job | 1102-Temu全托管 - 已点击进入
2026-06-20 12:12:45,451 | INFO | temu_risk_daily_job | 1102-Temu全托管 - 登录成功
2026-06-20 12:12:45,452 | INFO | temu_risk_daily_job | 1102-Temu全托管 - 等待 agentseller Cookie 生效
2026-06-20 12:12:53,358 | INFO | temu_risk_daily_job | 命中授权方式一：确认授权并前往
2026-06-20 12:12:53,421 | INFO | temu_risk_daily_job | 授权流程完成
2026-06-20 12:12:59,449 | INFO | temu_risk_daily_job | 1102-Temu全托管 - Cookie 已保存: D:\sd14\Temu_horizon\data\cookies\1102-Temu全托管_cookies.json
2026-06-20 12:12:59,449 | INFO | temu_risk_daily_job | 1102-Temu全托管 - Cookie 获取完成，准备关闭浏览器
2026-06-20 12:12:59,450 | INFO | temu_risk_daily_job | 1102-Temu全托管 - 登录成功（第 1 次）
2026-06-20 12:12:59,466 | INFO | temu_risk_daily_job | 1102-Temu全托管 - 已关闭Playwright连接
2026-06-20 12:13:00,679 | INFO | temu_risk_daily_job | 1102-Temu全托管 - 已发送停止浏览器请求
2026-06-20 12:13:03,727 | INFO | temu_risk_daily_job | 暂无违规数据
2026-06-20 12:13:03,852 | INFO | temu_risk_daily_job | 正在爬取店铺---------------1102-Temu全托管-------------的数据
2026-06-20 12:13:03,903 | INFO | temu_risk_daily_job | 资金限制表（中文字段）检查 / 创建完成
2026-06-20 12:13:06,158 | INFO | temu_risk_daily_job | [跳过] 1102-Temu全托管 | goods_refund_cost 无变化
2026-06-20 12:13:07,214 | INFO | temu_risk_daily_job | [跳过] 1102-Temu全托管 | goods_poor_quality 无变化
2026-06-20 12:13:08,358 | INFO | temu_risk_daily_job | [跳过] 1102-Temu全托管 | after_sales_5x_fine 无变化
2026-06-20 12:13:09,712 | INFO | temu_risk_daily_job | [跳过] 1102-Temu全托管 | france_epr 无变化
2026-06-20 12:13:10,942 | INFO | temu_risk_daily_job | [跳过] 1102-Temu全托管 | epr_logistics_packaging_fee 无变化
2026-06-20 12:13:12,016 | INFO | temu_risk_daily_job | [跳过] 1102-Temu全托管 | epr_platform_service_fee 无变化
2026-06-20 12:13:13,543 | INFO | temu_risk_daily_job | [跳过] 1102-Temu全托管 | order_after_sales_issue_fully 无变化
2026-06-20 12:13:13,543 | INFO | temu_risk_daily_job | 🚀 开始爬取店铺：1101-Temu全托管
2026-06-20 12:13:13,674 | INFO | temu_risk_daily_job | 正在爬取店铺---------------1101-Temu全托管-------------的数据
2026-06-20 12:13:13,728 | INFO | temu_risk_daily_job | 违规记录表检查 / 创建完成
2026-06-20 12:13:14,738 | ERROR | temu_risk_daily_job | 状态不是200：{"error_code":40001,"error_msg":"Invalid Login State"}
2026-06-20 12:13:14,739 | ERROR | temu_risk_daily_job | ⚠️ HTTP异常: 403
2026-06-20 12:13:14,741 | WARNING | temu_risk_daily_job | [1101-Temu全托管] cookie 失效，开始自动刷新登录态
2026-06-20 12:13:14,741 | INFO | temu_risk_daily_job | 1101-Temu全托管 - 第 1 次登录尝试
2026-06-20 12:13:17,992 | INFO | temu_risk_daily_job | 1101-Temu全托管 - start_api 返回: {'code': 0, 'msg': 'Success', 'data': {'action': 'startBrowserByCode', 'backgroundPluginId': 'ckhldkgdmajoifldkandjekhofbghdfh', 'browserID': 100260927, 'browserPath': 'C:\\Users\\Administrator\\AppData\\Local\\env-kit\\Core\\chrome_64_131_202501091017\\hubstudio', 'debuggingPort': '58897', 'downloadPath': 'C:\\Users\\Administrator\\Desktop\\Hubstudio\\temu全托1101店', 'duplicate': 2819, 'ip': '124.225.4.69', 'isDynamicIp': False, 'launcherPage': 'about:blank', 'proxyType': 'socks5', 'runMode': 2, 'webdriver': 'C:\\Users\\Administrator\\AppData\\Local\\env-kit\\Core\\chrome_64_131_202501091017\\webdriver.exe', 'containerId': 100260927, 'containerCode': '1010609275', 'statusCode': '0', 'err': '成功(Success)'}}
2026-06-20 12:13:17,993 | INFO | temu_risk_daily_job | 1101-Temu全托管 - 浏览器启动成功, 调试端口: 58897
2026-06-20 12:13:19,700 | INFO | temu_risk_daily_job | 1101-Temu全托管 - 已连接浏览器
2026-06-20 12:13:20,325 | INFO | temu_risk_daily_job | --------------------1101-Temu全托管 ------------------------ 开始登录...
2026-06-20 12:13:26,351 | ERROR | temu_risk_daily_job | 1101-Temu全托管 - 未出现取消按钮，跳过
2026-06-20 12:13:27,364 | ERROR | temu_risk_daily_job | 1101-Temu全托管 - 未出现进入按钮，跳过
2026-06-20 12:13:27,365 | INFO | temu_risk_daily_job | 1101-Temu全托管 - 登录成功
2026-06-20 12:13:27,366 | INFO | temu_risk_daily_job | 1101-Temu全托管 - 等待 agentseller Cookie 生效
2026-06-20 12:13:35,277 | INFO | temu_risk_daily_job | 命中授权方式一：确认授权并前往
2026-06-20 12:13:35,333 | INFO | temu_risk_daily_job | 授权流程完成
2026-06-20 12:13:41,363 | INFO | temu_risk_daily_job | 1101-Temu全托管 - Cookie 已保存: D:\sd14\Temu_horizon\data\cookies\1101-Temu全托管_cookies.json
2026-06-20 12:13:41,363 | INFO | temu_risk_daily_job | 1101-Temu全托管 - Cookie 获取完成，准备关闭浏览器
2026-06-20 12:13:41,363 | INFO | temu_risk_daily_job | 1101-Temu全托管 - 登录成功（第 1 次）
2026-06-20 12:13:41,376 | INFO | temu_risk_daily_job | 1101-Temu全托管 - 已关闭Playwright连接
2026-06-20 12:13:42,523 | INFO | temu_risk_daily_job | 1101-Temu全托管 - 已发送停止浏览器请求
2026-06-20 12:13:45,534 | INFO | temu_risk_daily_job | 暂无违规数据
2026-06-20 12:13:45,655 | INFO | temu_risk_daily_job | 正在爬取店铺---------------1101-Temu全托管-------------的数据
2026-06-20 12:13:45,705 | INFO | temu_risk_daily_job | 资金限制表（中文字段）检查 / 创建完成
2026-06-20 12:13:47,994 | INFO | temu_risk_daily_job | [保存] 1101-Temu全托管 | goods_refund_cost 金额=15.31-----保存成功
2026-06-20 12:13:49,163 | INFO | temu_risk_daily_job | [保存] 1101-Temu全托管 | delivery_by_jit 金额=83.56-----保存成功
2026-06-20 12:13:50,327 | INFO | temu_risk_daily_job | [保存] 1101-Temu全托管 | france_epr 金额=378.51-----保存成功
2026-06-20 12:13:51,420 | INFO | temu_risk_daily_job | [跳过] 1101-Temu全托管 | epr_logistics_packaging_fee 无变化
2026-06-20 12:13:53,043 | INFO | temu_risk_daily_job | [跳过] 1101-Temu全托管 | epr_platform_service_fee 无变化
2026-06-20 12:13:54,151 | INFO | temu_risk_daily_job | [跳过] 1101-Temu全托管 | advertising_expenses 无变化
2026-06-20 12:13:55,262 | INFO | temu_risk_daily_job | [跳过] 1101-Temu全托管 | epr_authorization_agent_fee 无变化
2026-06-20 12:13:56,549 | INFO | temu_risk_daily_job | [保存] 1101-Temu全托管 | order_after_sales_issue_fully 金额=119.95-----保存成功
2026-06-20 12:13:56,549 | INFO | temu_risk_daily_job | 🚀 开始爬取店铺：110-Temu全托管KA
2026-06-20 12:13:56,687 | INFO | temu_risk_daily_job | 正在爬取店铺---------------110-Temu全托管KA-------------的数据
2026-06-20 12:13:56,745 | INFO | temu_risk_daily_job | 违规记录表检查 / 创建完成
2026-06-20 12:13:57,745 | ERROR | temu_risk_daily_job | 状态不是200：{"error_code":40001,"error_msg":"Invalid Login State"}
2026-06-20 12:13:57,746 | ERROR | temu_risk_daily_job | ⚠️ HTTP异常: 403
2026-06-20 12:13:57,747 | WARNING | temu_risk_daily_job | [110-Temu全托管KA] cookie 失效，开始自动刷新登录态
2026-06-20 12:13:57,747 | INFO | temu_risk_daily_job | 110-Temu全托管KA - 第 1 次登录尝试
2026-06-20 12:14:01,048 | INFO | temu_risk_daily_job | 110-Temu全托管KA - start_api 返回: {'code': 0, 'msg': 'Success', 'data': {'action': 'startBrowserByCode', 'backgroundPluginId': 'komlifcoekddpkbgnlkbhoknnkcniofa', 'browserID': 104353651, 'browserPath': 'C:\\Users\\Administrator\\AppData\\Local\\env-kit\\Core\\chrome_64_131_202501091017\\hubstudio', 'debuggingPort': '59117', 'downloadPath': 'C:\\Users\\Administrator\\Desktop\\Hubstudio\\temu全托110号店+半托7号店', 'duplicate': 2883, 'ip': '121.14.201.248', 'isDynamicIp': False, 'launcherPage': 'about:blank', 'proxyType': 'socks5', 'runMode': 2, 'webdriver': 'C:\\Users\\Administrator\\AppData\\Local\\env-kit\\Core\\chrome_64_131_202501091017\\webdriver.exe', 'containerId': 104353651, 'containerCode': '1051536511', 'statusCode': '0', 'err': '成功(Success)'}}
2026-06-20 12:14:01,048 | INFO | temu_risk_daily_job | 110-Temu全托管KA - 浏览器启动成功, 调试端口: 59117
2026-06-20 12:14:02,656 | INFO | temu_risk_daily_job | 110-Temu全托管KA - 已连接浏览器
2026-06-20 12:14:03,186 | INFO | temu_risk_daily_job | --------------------110-Temu全托管KA ------------------------ 开始登录...
2026-06-20 12:14:09,178 | ERROR | temu_risk_daily_job | 110-Temu全托管KA - 未出现取消按钮，跳过
2026-06-20 12:14:10,184 | ERROR | temu_risk_daily_job | 110-Temu全托管KA - 未出现进入按钮，跳过
2026-06-20 12:14:10,185 | INFO | temu_risk_daily_job | 110-Temu全托管KA - 登录成功
2026-06-20 12:14:10,187 | INFO | temu_risk_daily_job | 110-Temu全托管KA - 等待 agentseller Cookie 生效
2026-06-20 12:14:17,991 | INFO | temu_risk_daily_job | 命中授权方式一：确认授权并前往
2026-06-20 12:14:18,065 | INFO | temu_risk_daily_job | 授权流程完成
2026-06-20 12:14:24,099 | INFO | temu_risk_daily_job | 110-Temu全托管KA - Cookie 已保存: D:\sd14\Temu_horizon\data\cookies\110-Temu全托管KA_cookies.json
2026-06-20 12:14:24,100 | INFO | temu_risk_daily_job | 110-Temu全托管KA - Cookie 获取完成，准备关闭浏览器
2026-06-20 12:14:24,100 | INFO | temu_risk_daily_job | 110-Temu全托管KA - 登录成功（第 1 次）
2026-06-20 12:14:24,118 | INFO | temu_risk_daily_job | 110-Temu全托管KA - 已关闭Playwright连接
2026-06-20 12:14:25,115 | INFO | temu_risk_daily_job | 110-Temu全托管KA - 已发送停止浏览器请求
2026-06-20 12:14:28,159 | INFO | temu_risk_daily_job | 暂无违规数据
2026-06-20 12:14:28,283 | INFO | temu_risk_daily_job | 正在爬取店铺---------------110-Temu全托管KA-------------的数据
2026-06-20 12:14:28,336 | INFO | temu_risk_daily_job | 资金限制表（中文字段）检查 / 创建完成
2026-06-20 12:14:30,694 | INFO | temu_risk_daily_job | [保存] 110-Temu全托管KA | goods_refund_cost 金额=140.15-----保存成功
2026-06-20 12:14:31,837 | INFO | temu_risk_daily_job | [保存] 110-Temu全托管KA | delivery_by_jit 金额=473.58-----保存成功
2026-06-20 12:14:32,902 | INFO | temu_risk_daily_job | [跳过] 110-Temu全托管KA | goods_poor_quality 无变化
2026-06-20 12:14:34,079 | INFO | temu_risk_daily_job | [保存] 110-Temu全托管KA | france_epr 金额=1310.64-----保存成功
2026-06-20 12:14:35,269 | INFO | temu_risk_daily_job | [保存] 110-Temu全托管KA | epr_logistics_packaging_fee 金额=214.96-----保存成功
2026-06-20 12:14:36,316 | INFO | temu_risk_daily_job | [跳过] 110-Temu全托管KA | mall_compliance_risk 无变化
2026-06-20 12:14:37,380 | INFO | temu_risk_daily_job | [跳过] 110-Temu全托管KA | epr_platform_service_fee 无变化
2026-06-20 12:14:39,080 | INFO | temu_risk_daily_job | [跳过] 110-Temu全托管KA | advertising_expenses 无变化
2026-06-20 12:14:41,247 | INFO | temu_risk_daily_job | [保存] 110-Temu全托管KA | epr_authorization_agent_fee 金额=29.77-----保存成功
2026-06-20 12:14:42,881 | INFO | temu_risk_daily_job | [保存] 110-Temu全托管KA | order_after_sales_issue_fully 金额=378.27-----保存成功
2026-06-20 12:14:42,881 | INFO | temu_risk_daily_job | 🚀 开始爬取店铺：109-Temu全托管KA
2026-06-20 12:14:43,009 | INFO | temu_risk_daily_job | 正在爬取店铺---------------109-Temu全托管KA-------------的数据
2026-06-20 12:14:43,062 | INFO | temu_risk_daily_job | 违规记录表检查 / 创建完成
2026-06-20 12:14:44,153 | ERROR | temu_risk_daily_job | 状态不是200：{"error_code":40001,"error_msg":"Invalid Login State"}
2026-06-20 12:14:44,153 | ERROR | temu_risk_daily_job | ⚠️ HTTP异常: 403
2026-06-20 12:14:44,154 | WARNING | temu_risk_daily_job | [109-Temu全托管KA] cookie 失效，开始自动刷新登录态
2026-06-20 12:14:44,155 | INFO | temu_risk_daily_job | 109-Temu全托管KA - 第 1 次登录尝试
2026-06-20 12:14:47,577 | INFO | temu_risk_daily_job | 109-Temu全托管KA - start_api 返回: {'code': 0, 'msg': 'Success', 'data': {'action': 'startBrowserByCode', 'backgroundPluginId': 'ohiahjpnifkljncpockjijkdiohieojm', 'browserID': 104329439, 'browserPath': 'C:\\Users\\Administrator\\AppData\\Local\\env-kit\\Core\\chrome_64_131_202501091017\\hubstudio', 'debuggingPort': '59353', 'downloadPath': 'C:\\Users\\Administrator\\Desktop\\Hubstudio\\temu全托109+半托3号-Geeray', 'duplicate': 2984, 'ip': '124.236.76.149', 'isDynamicIp': False, 'launcherPage': 'about:blank', 'proxyType': 'socks5', 'runMode': 2, 'webdriver': 'C:\\Users\\Administrator\\AppData\\Local\\env-kit\\Core\\chrome_64_131_202501091017\\webdriver.exe', 'containerId': 104329439, 'containerCode': '1051294393', 'statusCode': '0', 'err': '成功(Success)'}}
2026-06-20 12:14:47,578 | INFO | temu_risk_daily_job | 109-Temu全托管KA - 浏览器启动成功, 调试端口: 59353
2026-06-20 12:14:49,180 | INFO | temu_risk_daily_job | 109-Temu全托管KA - 已连接浏览器
2026-06-20 12:14:49,927 | INFO | temu_risk_daily_job | --------------------109-Temu全托管KA ------------------------ 开始登录...
2026-06-20 12:14:54,981 | ERROR | temu_risk_daily_job | 109-Temu全托管KA - 未出现取消按钮，跳过
2026-06-20 12:14:55,995 | ERROR | temu_risk_daily_job | 109-Temu全托管KA - 未出现进入按钮，跳过
2026-06-20 12:14:55,996 | INFO | temu_risk_daily_job | 109-Temu全托管KA - 登录成功
2026-06-20 12:14:55,997 | INFO | temu_risk_daily_job | 109-Temu全托管KA - 等待 agentseller Cookie 生效
2026-06-20 12:15:04,263 | INFO | temu_risk_daily_job | 命中授权方式一：确认授权并前往
2026-06-20 12:15:04,332 | INFO | temu_risk_daily_job | 授权流程完成
2026-06-20 12:15:10,375 | INFO | temu_risk_daily_job | 109-Temu全托管KA - Cookie 已保存: D:\sd14\Temu_horizon\data\cookies\109-Temu全托管KA_cookies.json
2026-06-20 12:15:10,375 | INFO | temu_risk_daily_job | 109-Temu全托管KA - Cookie 获取完成，准备关闭浏览器
2026-06-20 12:15:10,375 | INFO | temu_risk_daily_job | 109-Temu全托管KA - 登录成功（第 1 次）
2026-06-20 12:15:10,393 | INFO | temu_risk_daily_job | 109-Temu全托管KA - 已关闭Playwright连接
2026-06-20 12:15:11,494 | INFO | temu_risk_daily_job | 109-Temu全托管KA - 已发送停止浏览器请求
2026-06-20 12:15:14,535 | INFO | temu_risk_daily_job | 暂无违规数据
2026-06-20 12:15:14,658 | INFO | temu_risk_daily_job | 正在爬取店铺---------------109-Temu全托管KA-------------的数据
2026-06-20 12:15:14,710 | INFO | temu_risk_daily_job | 资金限制表（中文字段）检查 / 创建完成
2026-06-20 12:15:17,455 | INFO | temu_risk_daily_job | [保存] 109-Temu全托管KA | goods_refund_cost 金额=20.79-----保存成功
2026-06-20 12:15:18,621 | INFO | temu_risk_daily_job | [保存] 109-Temu全托管KA | delivery_by_jit 金额=385.27-----保存成功
2026-06-20 12:15:19,672 | INFO | temu_risk_daily_job | [跳过] 109-Temu全托管KA | goods_poor_quality 无变化
2026-06-20 12:15:20,767 | INFO | temu_risk_daily_job | [跳过] 109-Temu全托管KA | france_epr 无变化
2026-06-20 12:15:22,168 | INFO | temu_risk_daily_job | [跳过] 109-Temu全托管KA | epr_logistics_packaging_fee 无变化
2026-06-20 12:15:23,677 | INFO | temu_risk_daily_job | [跳过] 109-Temu全托管KA | epr_platform_service_fee 无变化
2026-06-20 12:15:24,747 | INFO | temu_risk_daily_job | [跳过] 109-Temu全托管KA | review_subsidy_reserve 无变化
2026-06-20 12:15:25,991 | INFO | temu_risk_daily_job | [保存] 109-Temu全托管KA | order_after_sales_issue_fully 金额=182.84-----保存成功
2026-06-20 12:15:25,991 | INFO | temu_risk_daily_job | 🚀 开始爬取店铺：108-Temu全托管
2026-06-20 12:15:26,121 | INFO | temu_risk_daily_job | 正在爬取店铺---------------108-Temu全托管-------------的数据
2026-06-20 12:15:26,174 | INFO | temu_risk_daily_job | 违规记录表检查 / 创建完成
2026-06-20 12:15:27,173 | ERROR | temu_risk_daily_job | 状态不是200：{"error_code":40001,"error_msg":"Invalid Login State"}
2026-06-20 12:15:27,174 | ERROR | temu_risk_daily_job | ⚠️ HTTP异常: 403
2026-06-20 12:15:27,175 | WARNING | temu_risk_daily_job | [108-Temu全托管] cookie 失效，开始自动刷新登录态
2026-06-20 12:15:27,175 | INFO | temu_risk_daily_job | 108-Temu全托管 - 第 1 次登录尝试
2026-06-20 12:15:30,535 | INFO | temu_risk_daily_job | 108-Temu全托管 - start_api 返回: {'code': 0, 'msg': 'Success', 'data': {'action': 'startBrowserByCode', 'backgroundPluginId': 'gobiecapkllflcacpgecmdakhoffglne', 'browserID': 104562169, 'browserPath': 'C:\\Users\\Administrator\\AppData\\Local\\env-kit\\Core\\chrome_64_131_202501091017\\hubstudio', 'debuggingPort': '59575', 'downloadPath': 'C:\\Users\\Administrator\\Desktop\\Hubstudio\\temu全托108店-YYDeeK BO子账号', 'duplicate': 2910, 'ip': '125.122.156.184', 'isDynamicIp': False, 'launcherPage': 'about:blank', 'proxyType': 'socks5', 'runMode': 2, 'webdriver': 'C:\\Users\\Administrator\\AppData\\Local\\env-kit\\Core\\chrome_64_131_202501091017\\webdriver.exe', 'containerId': 104562169, 'containerCode': '1053621692', 'statusCode': '0', 'err': '成功(Success)'}}
2026-06-20 12:15:30,536 | INFO | temu_risk_daily_job | 108-Temu全托管 - 浏览器启动成功, 调试端口: 59575
2026-06-20 12:15:32,314 | INFO | temu_risk_daily_job | 108-Temu全托管 - 已连接浏览器
2026-06-20 12:15:32,851 | INFO | temu_risk_daily_job | --------------------108-Temu全托管 ------------------------ 开始登录...
2026-06-20 12:15:39,118 | ERROR | temu_risk_daily_job | 108-Temu全托管 - 未出现取消按钮，跳过
2026-06-20 12:15:39,153 | INFO | temu_risk_daily_job | 108-Temu全托管 - 已点击进入
2026-06-20 12:15:39,153 | INFO | temu_risk_daily_job | 108-Temu全托管 - 登录成功
2026-06-20 12:15:39,154 | INFO | temu_risk_daily_job | 108-Temu全托管 - 等待 agentseller Cookie 生效
2026-06-20 12:15:47,109 | INFO | temu_risk_daily_job | 命中授权方式一：确认授权并前往
2026-06-20 12:15:47,182 | INFO | temu_risk_daily_job | 授权流程完成
2026-06-20 12:15:53,226 | INFO | temu_risk_daily_job | 108-Temu全托管 - Cookie 已保存: D:\sd14\Temu_horizon\data\cookies\108-Temu全托管_cookies.json
2026-06-20 12:15:53,226 | INFO | temu_risk_daily_job | 108-Temu全托管 - Cookie 获取完成，准备关闭浏览器
2026-06-20 12:15:53,227 | INFO | temu_risk_daily_job | 108-Temu全托管 - 登录成功（第 1 次）
2026-06-20 12:15:53,242 | INFO | temu_risk_daily_job | 108-Temu全托管 - 已关闭Playwright连接
2026-06-20 12:15:54,346 | INFO | temu_risk_daily_job | 108-Temu全托管 - 已发送停止浏览器请求
2026-06-20 12:15:57,378 | INFO | temu_risk_daily_job | 暂无违规数据
2026-06-20 12:15:57,506 | INFO | temu_risk_daily_job | 正在爬取店铺---------------108-Temu全托管-------------的数据
2026-06-20 12:15:57,559 | INFO | temu_risk_daily_job | 资金限制表（中文字段）检查 / 创建完成
2026-06-20 12:15:59,792 | INFO | temu_risk_daily_job | [跳过] 108-Temu全托管 | goods_refund_cost 无变化
2026-06-20 12:16:00,875 | INFO | temu_risk_daily_job | [跳过] 108-Temu全托管 | france_epr 无变化
2026-06-20 12:16:01,966 | INFO | temu_risk_daily_job | [跳过] 108-Temu全托管 | epr_logistics_packaging_fee 无变化
2026-06-20 12:16:04,924 | INFO | temu_risk_daily_job | [跳过] 108-Temu全托管 | epr_platform_service_fee 无变化
2026-06-20 12:16:06,069 | INFO | temu_risk_daily_job | [跳过] 108-Temu全托管 | epr_authorization_agent_fee 无变化
2026-06-20 12:16:07,361 | INFO | temu_risk_daily_job | [保存] 108-Temu全托管 | order_after_sales_issue_fully 金额=70.27-----保存成功
2026-06-20 12:16:07,361 | INFO | temu_risk_daily_job | 🚀 开始爬取店铺：106-Temu全托管
2026-06-20 12:16:07,499 | INFO | temu_risk_daily_job | 正在爬取店铺---------------106-Temu全托管-------------的数据
2026-06-20 12:16:07,557 | INFO | temu_risk_daily_job | 违规记录表检查 / 创建完成
2026-06-20 12:16:09,262 | ERROR | temu_risk_daily_job | 状态不是200：{"error_code":40001,"error_msg":"Invalid Login State"}
2026-06-20 12:16:09,263 | ERROR | temu_risk_daily_job | ⚠️ HTTP异常: 403
2026-06-20 12:16:09,264 | WARNING | temu_risk_daily_job | [106-Temu全托管] cookie 失效，开始自动刷新登录态
2026-06-20 12:16:09,264 | INFO | temu_risk_daily_job | 106-Temu全托管 - 第 1 次登录尝试
2026-06-20 12:16:12,761 | INFO | temu_risk_daily_job | 106-Temu全托管 - start_api 返回: {'code': 0, 'msg': 'Success', 'data': {'action': 'startBrowserByCode', 'backgroundPluginId': 'pngnekjgjoanofgpkpnjilfmdnlhikjk', 'browserID': 104315998, 'browserPath': 'C:\\Users\\Administrator\\AppData\\Local\\env-kit\\Core\\chrome_64_131_202501091017\\hubstudio', 'debuggingPort': '59796', 'downloadPath': 'C:\\Users\\Administrator\\Desktop\\Hubstudio\\temu全托106店-BAKAM', 'duplicate': 3045, 'ip': '36.111.32.150', 'isDynamicIp': False, 'launcherPage': 'about:blank', 'proxyType': 'socks5', 'runMode': 2, 'webdriver': 'C:\\Users\\Administrator\\AppData\\Local\\env-kit\\Core\\chrome_64_131_202501091017\\webdriver.exe', 'containerId': 104315998, 'containerCode': '1051159982', 'statusCode': '0', 'err': '成功(Success)'}}
2026-06-20 12:16:12,762 | INFO | temu_risk_daily_job | 106-Temu全托管 - 浏览器启动成功, 调试端口: 59796
2026-06-20 12:16:14,466 | INFO | temu_risk_daily_job | 106-Temu全托管 - 已连接浏览器
2026-06-20 12:16:15,029 | INFO | temu_risk_daily_job | --------------------106-Temu全托管 ------------------------ 开始登录...
2026-06-20 12:16:21,123 | ERROR | temu_risk_daily_job | 106-Temu全托管 - 未出现取消按钮，跳过
2026-06-20 12:16:22,142 | ERROR | temu_risk_daily_job | 106-Temu全托管 - 未出现进入按钮，跳过
2026-06-20 12:16:22,142 | INFO | temu_risk_daily_job | 106-Temu全托管 - 登录成功
2026-06-20 12:16:22,143 | INFO | temu_risk_daily_job | 106-Temu全托管 - 等待 agentseller Cookie 生效
2026-06-20 12:16:29,997 | INFO | temu_risk_daily_job | 命中授权方式一：确认授权并前往
2026-06-20 12:16:30,083 | INFO | temu_risk_daily_job | 授权流程完成
2026-06-20 12:16:36,100 | INFO | temu_risk_daily_job | 106-Temu全托管 - Cookie 已保存: D:\sd14\Temu_horizon\data\cookies\106-Temu全托管_cookies.json
2026-06-20 12:16:36,100 | INFO | temu_risk_daily_job | 106-Temu全托管 - Cookie 获取完成，准备关闭浏览器
2026-06-20 12:16:36,101 | INFO | temu_risk_daily_job | 106-Temu全托管 - 登录成功（第 1 次）
2026-06-20 12:16:36,117 | INFO | temu_risk_daily_job | 106-Temu全托管 - 已关闭Playwright连接
2026-06-20 12:16:37,195 | INFO | temu_risk_daily_job | 106-Temu全托管 - 已发送停止浏览器请求
2026-06-20 12:16:40,329 | INFO | temu_risk_daily_job | 暂无违规数据
2026-06-20 12:16:40,445 | INFO | temu_risk_daily_job | 正在爬取店铺---------------106-Temu全托管-------------的数据
2026-06-20 12:16:40,495 | INFO | temu_risk_daily_job | 资金限制表（中文字段）检查 / 创建完成
2026-06-20 12:16:42,803 | INFO | temu_risk_daily_job | [保存] 106-Temu全托管 | goods_refund_cost 金额=40.73-----保存成功
2026-06-20 12:16:44,355 | INFO | temu_risk_daily_job | [跳过] 106-Temu全托管 | delivery_by_jit 无变化
2026-06-20 12:16:45,506 | INFO | temu_risk_daily_job | [保存] 106-Temu全托管 | france_epr 金额=216.94-----保存成功
2026-06-20 12:16:46,606 | INFO | temu_risk_daily_job | [跳过] 106-Temu全托管 | epr_logistics_packaging_fee 无变化
2026-06-20 12:16:47,687 | INFO | temu_risk_daily_job | [跳过] 106-Temu全托管 | epr_platform_service_fee 无变化
2026-06-20 12:16:49,026 | INFO | temu_risk_daily_job | [跳过] 106-Temu全托管 | epr_authorization_agent_fee 无变化
2026-06-20 12:16:50,275 | INFO | temu_risk_daily_job | [保存] 106-Temu全托管 | order_after_sales_issue_fully 金额=44.32-----保存成功
2026-06-20 12:16:50,276 | INFO | temu_risk_daily_job | 🚀 开始爬取店铺：105-Temu全托管
2026-06-20 12:16:50,393 | INFO | temu_risk_daily_job | 正在爬取店铺---------------105-Temu全托管-------------的数据
2026-06-20 12:16:50,441 | INFO | temu_risk_daily_job | 违规记录表检查 / 创建完成
2026-06-20 12:16:51,454 | ERROR | temu_risk_daily_job | 状态不是200：{"error_code":40001,"error_msg":"Invalid Login State"}
2026-06-20 12:16:51,455 | ERROR | temu_risk_daily_job | ⚠️ HTTP异常: 403
2026-06-20 12:16:51,456 | WARNING | temu_risk_daily_job | [105-Temu全托管] cookie 失效，开始自动刷新登录态
2026-06-20 12:16:51,456 | INFO | temu_risk_daily_job | 105-Temu全托管 - 第 1 次登录尝试
2026-06-20 12:16:54,548 | INFO | temu_risk_daily_job | 105-Temu全托管 - start_api 返回: {'code': 0, 'msg': 'Success', 'data': {'action': 'startBrowserByCode', 'backgroundPluginId': 'egdlpkdlagfommapeejeoihfohgccfih', 'browserID': 104314256, 'browserPath': 'C:\\Users\\Administrator\\AppData\\Local\\env-kit\\Core\\chrome_64_131_202501091017\\hubstudio', 'debuggingPort': '60017', 'downloadPath': 'C:\\Users\\Administrator\\Desktop\\Hubstudio\\temu全托105店-UNE LUCIOLE', 'duplicate': 2659, 'ip': '124.225.4.69', 'isDynamicIp': False, 'launcherPage': 'about:blank', 'proxyType': 'socks5', 'runMode': 2, 'webdriver': 'C:\\Users\\Administrator\\AppData\\Local\\env-kit\\Core\\chrome_64_131_202501091017\\webdriver.exe', 'containerId': 104314256, 'containerCode': '1051142565', 'statusCode': '0', 'err': '成功(Success)'}}
2026-06-20 12:16:54,548 | INFO | temu_risk_daily_job | 105-Temu全托管 - 浏览器启动成功, 调试端口: 60017
2026-06-20 12:16:56,346 | INFO | temu_risk_daily_job | 105-Temu全托管 - 已连接浏览器
2026-06-20 12:16:56,945 | INFO | temu_risk_daily_job | --------------------105-Temu全托管 ------------------------ 开始登录...
2026-06-20 12:17:03,123 | ERROR | temu_risk_daily_job | 105-Temu全托管 - 未出现取消按钮，跳过
2026-06-20 12:17:03,175 | INFO | temu_risk_daily_job | 105-Temu全托管 - 已点击进入
2026-06-20 12:17:03,175 | INFO | temu_risk_daily_job | 105-Temu全托管 - 登录成功
2026-06-20 12:17:03,176 | INFO | temu_risk_daily_job | 105-Temu全托管 - 等待 agentseller Cookie 生效
2026-06-20 12:17:11,224 | INFO | temu_risk_daily_job | 命中授权方式一：确认授权并前往
2026-06-20 12:17:11,284 | INFO | temu_risk_daily_job | 授权流程完成
2026-06-20 12:17:17,327 | INFO | temu_risk_daily_job | 105-Temu全托管 - Cookie 已保存: D:\sd14\Temu_horizon\data\cookies\105-Temu全托管_cookies.json
2026-06-20 12:17:17,327 | INFO | temu_risk_daily_job | 105-Temu全托管 - Cookie 获取完成，准备关闭浏览器
2026-06-20 12:17:17,328 | INFO | temu_risk_daily_job | 105-Temu全托管 - 登录成功（第 1 次）
2026-06-20 12:17:17,351 | INFO | temu_risk_daily_job | 105-Temu全托管 - 已关闭Playwright连接
2026-06-20 12:17:18,457 | INFO | temu_risk_daily_job | 105-Temu全托管 - 已发送停止浏览器请求
2026-06-20 12:17:21,505 | INFO | temu_risk_daily_job | 暂无违规数据
2026-06-20 12:17:21,640 | INFO | temu_risk_daily_job | 正在爬取店铺---------------105-Temu全托管-------------的数据
2026-06-20 12:17:21,696 | INFO | temu_risk_daily_job | 资金限制表（中文字段）检查 / 创建完成
2026-06-20 12:17:24,427 | INFO | temu_risk_daily_job | [跳过] 105-Temu全托管 | goods_refund_cost 无变化
2026-06-20 12:17:25,668 | INFO | temu_risk_daily_job | [保存] 105-Temu全托管 | delivery_by_jit 金额=1195.29-----保存成功
2026-06-20 12:17:26,732 | INFO | temu_risk_daily_job | [跳过] 105-Temu全托管 | goods_poor_quality 无变化
2026-06-20 12:17:27,952 | INFO | temu_risk_daily_job | [保存] 105-Temu全托管 | france_epr 金额=2294.41-----保存成功
2026-06-20 12:17:29,016 | INFO | temu_risk_daily_job | [跳过] 105-Temu全托管 | lack_necessary_qualification 无变化
2026-06-20 12:17:30,231 | INFO | temu_risk_daily_job | [保存] 105-Temu全托管 | epr_logistics_packaging_fee 金额=506.73-----保存成功
2026-06-20 12:17:31,342 | INFO | temu_risk_daily_job | [跳过] 105-Temu全托管 | epr_platform_service_fee 无变化
2026-06-20 12:17:32,422 | INFO | temu_risk_daily_job | [跳过] 105-Temu全托管 | advertising_expenses 无变化
2026-06-20 12:17:33,692 | INFO | temu_risk_daily_job | [保存] 105-Temu全托管 | epr_authorization_agent_fee 金额=28.31-----保存成功
2026-06-20 12:17:36,016 | INFO | temu_risk_daily_job | [保存] 105-Temu全托管 | order_after_sales_issue_fully 金额=1760.71-----保存成功
2026-06-20 12:17:36,016 | INFO | temu_risk_daily_job | 🚀 开始爬取店铺：104-Temu全托管
2026-06-20 12:17:36,138 | INFO | temu_risk_daily_job | 正在爬取店铺---------------104-Temu全托管-------------的数据
2026-06-20 12:17:36,189 | INFO | temu_risk_daily_job | 违规记录表检查 / 创建完成
2026-06-20 12:17:37,176 | ERROR | temu_risk_daily_job | 状态不是200：{"error_code":40001,"error_msg":"Invalid Login State"}
2026-06-20 12:17:37,177 | ERROR | temu_risk_daily_job | ⚠️ HTTP异常: 403
2026-06-20 12:17:37,179 | WARNING | temu_risk_daily_job | [104-Temu全托管] cookie 失效，开始自动刷新登录态
2026-06-20 12:17:37,179 | INFO | temu_risk_daily_job | 104-Temu全托管 - 第 1 次登录尝试
2026-06-20 12:17:40,639 | INFO | temu_risk_daily_job | 104-Temu全托管 - start_api 返回: {'code': 0, 'msg': 'Success', 'data': {'action': 'startBrowserByCode', 'backgroundPluginId': 'chlkfnmgfghenbeelpneidfjbkpokonp', 'browserID': 104527083, 'browserPath': 'C:\\Users\\Administrator\\AppData\\Local\\env-kit\\Core\\chrome_64_131_202501091017\\hubstudio', 'debuggingPort': '60234', 'downloadPath': 'C:\\Users\\Administrator\\Desktop\\Hubstudio\\temu全托104店-YYDeeK子账号', 'duplicate': 2885, 'ip': '125.122.156.184', 'isDynamicIp': False, 'launcherPage': 'about:blank', 'proxyType': 'socks5', 'runMode': 2, 'webdriver': 'C:\\Users\\Administrator\\AppData\\Local\\env-kit\\Core\\chrome_64_131_202501091017\\webdriver.exe', 'containerId': 104527083, 'containerCode': '1053270835', 'statusCode': '0', 'err': '成功(Success)'}}
2026-06-20 12:17:40,639 | INFO | temu_risk_daily_job | 104-Temu全托管 - 浏览器启动成功, 调试端口: 60234
2026-06-20 12:17:42,415 | INFO | temu_risk_daily_job | 104-Temu全托管 - 已连接浏览器
2026-06-20 12:17:42,951 | INFO | temu_risk_daily_job | --------------------104-Temu全托管 ------------------------ 开始登录...
2026-06-20 12:17:49,115 | ERROR | temu_risk_daily_job | 104-Temu全托管 - 未出现取消按钮，跳过
2026-06-20 12:17:50,119 | ERROR | temu_risk_daily_job | 104-Temu全托管 - 未出现进入按钮，跳过
2026-06-20 12:17:50,120 | INFO | temu_risk_daily_job | 104-Temu全托管 - 登录成功
2026-06-20 12:17:50,121 | INFO | temu_risk_daily_job | 104-Temu全托管 - 等待 agentseller Cookie 生效
2026-06-20 12:17:58,496 | INFO | temu_risk_daily_job | 命中授权方式一：确认授权并前往
2026-06-20 12:17:58,583 | INFO | temu_risk_daily_job | 授权流程完成
2026-06-20 12:18:04,692 | INFO | temu_risk_daily_job | 104-Temu全托管 - Cookie 已保存: D:\sd14\Temu_horizon\data\cookies\104-Temu全托管_cookies.json
2026-06-20 12:18:04,693 | INFO | temu_risk_daily_job | 104-Temu全托管 - Cookie 获取完成，准备关闭浏览器
2026-06-20 12:18:04,693 | INFO | temu_risk_daily_job | 104-Temu全托管 - 登录成功（第 1 次）
2026-06-20 12:18:04,708 | INFO | temu_risk_daily_job | 104-Temu全托管 - 已关闭Playwright连接
2026-06-20 12:18:05,834 | INFO | temu_risk_daily_job | 104-Temu全托管 - 已发送停止浏览器请求
2026-06-20 12:18:09,167 | INFO | temu_risk_daily_job | 暂无违规数据
2026-06-20 12:18:09,292 | INFO | temu_risk_daily_job | 正在爬取店铺---------------104-Temu全托管-------------的数据
2026-06-20 12:18:09,344 | INFO | temu_risk_daily_job | 资金限制表（中文字段）检查 / 创建完成
2026-06-20 12:18:11,763 | INFO | temu_risk_daily_job | [保存] 104-Temu全托管 | goods_refund_cost 金额=53.57-----保存成功
2026-06-20 12:18:13,338 | INFO | temu_risk_daily_job | [保存] 104-Temu全托管 | delivery_by_jit 金额=1271.54-----保存成功
2026-06-20 12:18:14,547 | INFO | temu_risk_daily_job | [保存] 104-Temu全托管 | france_epr 金额=389.58-----保存成功
2026-06-20 12:18:15,725 | INFO | temu_risk_daily_job | [保存] 104-Temu全托管 | epr_logistics_packaging_fee 金额=134.95-----保存成功
2026-06-20 12:18:16,825 | INFO | temu_risk_daily_job | [跳过] 104-Temu全托管 | epr_platform_service_fee 无变化
2026-06-20 12:18:18,006 | INFO | temu_risk_daily_job | [保存] 104-Temu全托管 | epr_authorization_agent_fee 金额=3.51-----保存成功
2026-06-20 12:18:19,245 | INFO | temu_risk_daily_job | [保存] 104-Temu全托管 | order_after_sales_issue_fully 金额=455.32-----保存成功
2026-06-20 12:18:19,245 | INFO | temu_risk_daily_job | 🚀 开始爬取店铺：103-Temu全托管
2026-06-20 12:18:19,382 | INFO | temu_risk_daily_job | 正在爬取店铺---------------103-Temu全托管-------------的数据
2026-06-20 12:18:19,439 | INFO | temu_risk_daily_job | 违规记录表检查 / 创建完成
2026-06-20 12:18:20,430 | ERROR | temu_risk_daily_job | 状态不是200：{"error_code":40001,"error_msg":"Invalid Login State"}
2026-06-20 12:18:20,430 | ERROR | temu_risk_daily_job | ⚠️ HTTP异常: 403
2026-06-20 12:18:20,431 | WARNING | temu_risk_daily_job | [103-Temu全托管] cookie 失效，开始自动刷新登录态
2026-06-20 12:18:20,431 | INFO | temu_risk_daily_job | 103-Temu全托管 - 第 1 次登录尝试
2026-06-20 12:18:23,827 | INFO | temu_risk_daily_job | 103-Temu全托管 - start_api 返回: {'code': 0, 'msg': 'Success', 'data': {'action': 'startBrowserByCode', 'backgroundPluginId': 'cjlkadfgnhnogfgajjoffajniklimcmh', 'browserID': 104523239, 'browserPath': 'C:\\Users\\Administrator\\AppData\\Local\\env-kit\\Core\\chrome_64_131_202501091017\\hubstudio', 'debuggingPort': '60426', 'downloadPath': 'C:\\Users\\Administrator\\Desktop\\Hubstudio\\temu全托103店-PBee', 'duplicate': 2968, 'ip': '36.111.32.150', 'isDynamicIp': False, 'launcherPage': 'about:blank', 'proxyType': 'socks5', 'runMode': 2, 'webdriver': 'C:\\Users\\Administrator\\AppData\\Local\\env-kit\\Core\\chrome_64_131_202501091017\\webdriver.exe', 'containerId': 104523239, 'containerCode': '1053232390', 'statusCode': '0', 'err': '成功(Success)'}}
2026-06-20 12:18:23,827 | INFO | temu_risk_daily_job | 103-Temu全托管 - 浏览器启动成功, 调试端口: 60426
2026-06-20 12:18:25,438 | INFO | temu_risk_daily_job | 103-Temu全托管 - 已连接浏览器
2026-06-20 12:18:26,019 | INFO | temu_risk_daily_job | --------------------103-Temu全托管 ------------------------ 开始登录...
2026-06-20 12:18:32,175 | ERROR | temu_risk_daily_job | 103-Temu全托管 - 未出现取消按钮，跳过
2026-06-20 12:18:32,221 | INFO | temu_risk_daily_job | 103-Temu全托管 - 已点击进入
2026-06-20 12:18:32,222 | INFO | temu_risk_daily_job | 103-Temu全托管 - 登录成功
2026-06-20 12:18:32,223 | INFO | temu_risk_daily_job | 103-Temu全托管 - 等待 agentseller Cookie 生效
2026-06-20 12:18:40,680 | INFO | temu_risk_daily_job | 命中授权方式一：确认授权并前往
2026-06-20 12:18:40,765 | INFO | temu_risk_daily_job | 授权流程完成
2026-06-20 12:18:46,788 | INFO | temu_risk_daily_job | 103-Temu全托管 - Cookie 已保存: D:\sd14\Temu_horizon\data\cookies\103-Temu全托管_cookies.json
2026-06-20 12:18:46,789 | INFO | temu_risk_daily_job | 103-Temu全托管 - Cookie 获取完成，准备关闭浏览器
2026-06-20 12:18:46,789 | INFO | temu_risk_daily_job | 103-Temu全托管 - 登录成功（第 1 次）
2026-06-20 12:18:46,809 | INFO | temu_risk_daily_job | 103-Temu全托管 - 已关闭Playwright连接
2026-06-20 12:18:47,962 | INFO | temu_risk_daily_job | 103-Temu全托管 - 已发送停止浏览器请求
2026-06-20 12:18:51,005 | INFO | temu_risk_daily_job | 暂无违规数据
2026-06-20 12:18:51,130 | INFO | temu_risk_daily_job | 正在爬取店铺---------------103-Temu全托管-------------的数据
2026-06-20 12:18:51,182 | INFO | temu_risk_daily_job | 资金限制表（中文字段）检查 / 创建完成
2026-06-20 12:18:53,641 | INFO | temu_risk_daily_job | [保存] 103-Temu全托管 | goods_refund_cost 金额=19.63-----保存成功
2026-06-20 12:18:54,823 | INFO | temu_risk_daily_job | [保存] 103-Temu全托管 | delivery_by_jit 金额=1011.44-----保存成功
2026-06-20 12:18:57,009 | INFO | temu_risk_daily_job | [保存] 103-Temu全托管 | france_epr 金额=2289.06-----保存成功
2026-06-20 12:18:58,120 | INFO | temu_risk_daily_job | [跳过] 103-Temu全托管 | epr_logistics_packaging_fee 无变化
2026-06-20 12:18:59,193 | INFO | temu_risk_daily_job | [跳过] 103-Temu全托管 | epr_platform_service_fee 无变化
2026-06-20 12:19:00,240 | INFO | temu_risk_daily_job | [跳过] 103-Temu全托管 | advertising_expenses 无变化
2026-06-20 12:19:01,763 | INFO | temu_risk_daily_job | [跳过] 103-Temu全托管 | epr_authorization_agent_fee 无变化
2026-06-20 12:19:03,032 | INFO | temu_risk_daily_job | [保存] 103-Temu全托管 | order_after_sales_issue_fully 金额=1228.11-----保存成功
2026-06-20 12:19:03,032 | INFO | temu_risk_daily_job | 🚀 开始爬取店铺：102-Temu全托管
2026-06-20 12:19:03,163 | INFO | temu_risk_daily_job | 正在爬取店铺---------------102-Temu全托管-------------的数据
2026-06-20 12:19:03,217 | INFO | temu_risk_daily_job | 违规记录表检查 / 创建完成
2026-06-20 12:19:04,228 | ERROR | temu_risk_daily_job | 状态不是200：{"error_code":40001,"error_msg":"Invalid Login State"}
2026-06-20 12:19:04,231 | ERROR | temu_risk_daily_job | ⚠️ HTTP异常: 403
2026-06-20 12:19:04,233 | WARNING | temu_risk_daily_job | [102-Temu全托管] cookie 失效，开始自动刷新登录态
2026-06-20 12:19:04,234 | INFO | temu_risk_daily_job | 102-Temu全托管 - 第 1 次登录尝试
2026-06-20 12:19:07,560 | INFO | temu_risk_daily_job | 102-Temu全托管 - start_api 返回: {'code': 0, 'msg': 'Success', 'data': {'action': 'startBrowserByCode', 'backgroundPluginId': 'aiknnnpfbnhmmkmkhfpbofgeoljmaakg', 'browserID': 104522336, 'browserPath': 'C:\\Users\\Administrator\\AppData\\Local\\env-kit\\Core\\chrome_64_131_202501091017\\hubstudio', 'debuggingPort': '60637', 'downloadPath': 'C:\\Users\\Administrator\\Desktop\\Hubstudio\\temu全托102店-PBear', 'duplicate': 2885, 'ip': '218.78.129.68', 'isDynamicIp': False, 'launcherPage': 'about:blank', 'proxyType': 'socks5', 'runMode': 2, 'webdriver': 'C:\\Users\\Administrator\\AppData\\Local\\env-kit\\Core\\chrome_64_131_202501091017\\webdriver.exe', 'containerId': 104522336, 'containerCode': '1053223369', 'statusCode': '0', 'err': '成功(Success)'}}
2026-06-20 12:19:07,560 | INFO | temu_risk_daily_job | 102-Temu全托管 - 浏览器启动成功, 调试端口: 60637
2026-06-20 12:19:09,275 | INFO | temu_risk_daily_job | 102-Temu全托管 - 已连接浏览器
2026-06-20 12:19:09,842 | INFO | temu_risk_daily_job | --------------------102-Temu全托管 ------------------------ 开始登录...
2026-06-20 12:19:16,065 | ERROR | temu_risk_daily_job | 102-Temu全托管 - 未出现取消按钮，跳过
2026-06-20 12:19:17,072 | ERROR | temu_risk_daily_job | 102-Temu全托管 - 未出现进入按钮，跳过
2026-06-20 12:19:17,073 | INFO | temu_risk_daily_job | 102-Temu全托管 - 登录成功
2026-06-20 12:19:17,073 | INFO | temu_risk_daily_job | 102-Temu全托管 - 等待 agentseller Cookie 生效
2026-06-20 12:19:25,020 | INFO | temu_risk_daily_job | 命中授权方式一：确认授权并前往
2026-06-20 12:19:25,084 | INFO | temu_risk_daily_job | 授权流程完成
2026-06-20 12:19:31,127 | INFO | temu_risk_daily_job | 102-Temu全托管 - Cookie 已保存: D:\sd14\Temu_horizon\data\cookies\102-Temu全托管_cookies.json
2026-06-20 12:19:31,127 | INFO | temu_risk_daily_job | 102-Temu全托管 - Cookie 获取完成，准备关闭浏览器
2026-06-20 12:19:31,128 | INFO | temu_risk_daily_job | 102-Temu全托管 - 登录成功（第 1 次）
2026-06-20 12:19:31,142 | INFO | temu_risk_daily_job | 102-Temu全托管 - 已关闭Playwright连接
2026-06-20 12:19:32,308 | INFO | temu_risk_daily_job | 102-Temu全托管 - 已发送停止浏览器请求
2026-06-20 12:19:35,661 | INFO | temu_risk_daily_job | 暂无违规数据
2026-06-20 12:19:35,797 | INFO | temu_risk_daily_job | 正在爬取店铺---------------102-Temu全托管-------------的数据
2026-06-20 12:19:35,853 | INFO | temu_risk_daily_job | 资金限制表（中文字段）检查 / 创建完成
2026-06-20 12:19:38,300 | INFO | temu_risk_daily_job | [保存] 102-Temu全托管 | goods_refund_cost 金额=109.11-----保存成功
2026-06-20 12:19:39,689 | INFO | temu_risk_daily_job | [保存] 102-Temu全托管 | delivery_by_jit 金额=802.57-----保存成功
2026-06-20 12:19:40,919 | INFO | temu_risk_daily_job | [跳过] 102-Temu全托管 | goods_poor_quality 无变化
2026-06-20 12:19:42,020 | INFO | temu_risk_daily_job | [跳过] 102-Temu全托管 | france_epr 无变化
2026-06-20 12:19:44,619 | INFO | temu_risk_daily_job | [跳过] 102-Temu全托管 | lack_necessary_qualification 无变化
2026-06-20 12:19:45,702 | INFO | temu_risk_daily_job | [跳过] 102-Temu全托管 | epr_logistics_packaging_fee 无变化
2026-06-20 12:19:46,774 | INFO | temu_risk_daily_job | [跳过] 102-Temu全托管 | epr_platform_service_fee 无变化
2026-06-20 12:19:47,843 | INFO | temu_risk_daily_job | [跳过] 102-Temu全托管 | epr_authorization_agent_fee 无变化
2026-06-20 12:19:49,168 | INFO | temu_risk_daily_job | [保存] 102-Temu全托管 | order_after_sales_issue_fully 金额=588.07-----保存成功
2026-06-20 12:19:49,168 | INFO | temu_risk_daily_job | 🚀 开始爬取店铺：101-Temu全托管
2026-06-20 12:19:49,318 | INFO | temu_risk_daily_job | 正在爬取店铺---------------101-Temu全托管-------------的数据
2026-06-20 12:19:49,372 | INFO | temu_risk_daily_job | 违规记录表检查 / 创建完成
2026-06-20 12:19:50,355 | ERROR | temu_risk_daily_job | 状态不是200：{"error_code":40001,"error_msg":"Invalid Login State"}
2026-06-20 12:19:50,356 | ERROR | temu_risk_daily_job | ⚠️ HTTP异常: 403
2026-06-20 12:19:50,357 | WARNING | temu_risk_daily_job | [101-Temu全托管] cookie 失效，开始自动刷新登录态
2026-06-20 12:19:50,357 | INFO | temu_risk_daily_job | 101-Temu全托管 - 第 1 次登录尝试
2026-06-20 12:19:53,935 | INFO | temu_risk_daily_job | 101-Temu全托管 - start_api 返回: {'code': 0, 'msg': 'Success', 'data': {'action': 'startBrowserByCode', 'backgroundPluginId': 'pmpkofebdgpmilhkkkbfgfflcgpnkihi', 'browserID': 104522087, 'browserPath': 'C:\\Users\\Administrator\\AppData\\Local\\env-kit\\Core\\chrome_64_131_202501091017\\hubstudio', 'debuggingPort': '60883', 'downloadPath': 'C:\\Users\\Administrator\\Desktop\\Hubstudio\\temu全托101店-HQCK', 'duplicate': 3064, 'ip': '118.253.177.190', 'isDynamicIp': False, 'launcherPage': 'about:blank', 'proxyType': 'socks5', 'runMode': 2, 'webdriver': 'C:\\Users\\Administrator\\AppData\\Local\\env-kit\\Core\\chrome_64_131_202501091017\\webdriver.exe', 'containerId': 104522087, 'containerCode': '1053220874', 'statusCode': '0', 'err': '成功(Success)'}}
2026-06-20 12:19:53,936 | INFO | temu_risk_daily_job | 101-Temu全托管 - 浏览器启动成功, 调试端口: 60883
2026-06-20 12:19:55,663 | INFO | temu_risk_daily_job | 101-Temu全托管 - 已连接浏览器
2026-06-20 12:19:56,314 | INFO | temu_risk_daily_job | --------------------101-Temu全托管 ------------------------ 开始登录...
2026-06-20 12:20:02,240 | ERROR | temu_risk_daily_job | 101-Temu全托管 - 未出现取消按钮，跳过
2026-06-20 12:20:03,258 | ERROR | temu_risk_daily_job | 101-Temu全托管 - 未出现进入按钮，跳过
2026-06-20 12:20:03,258 | INFO | temu_risk_daily_job | 101-Temu全托管 - 登录成功
2026-06-20 12:20:03,259 | INFO | temu_risk_daily_job | 101-Temu全托管 - 等待 agentseller Cookie 生效
2026-06-20 12:20:11,187 | INFO | temu_risk_daily_job | 命中授权方式一：确认授权并前往
2026-06-20 12:20:11,262 | INFO | temu_risk_daily_job | 授权流程完成
2026-06-20 12:20:17,286 | INFO | temu_risk_daily_job | 101-Temu全托管 - Cookie 已保存: D:\sd14\Temu_horizon\data\cookies\101-Temu全托管_cookies.json
2026-06-20 12:20:17,287 | INFO | temu_risk_daily_job | 101-Temu全托管 - Cookie 获取完成，准备关闭浏览器
2026-06-20 12:20:17,287 | INFO | temu_risk_daily_job | 101-Temu全托管 - 登录成功（第 1 次）
2026-06-20 12:20:17,304 | INFO | temu_risk_daily_job | 101-Temu全托管 - 已关闭Playwright连接
2026-06-20 12:20:18,481 | INFO | temu_risk_daily_job | 101-Temu全托管 - 已发送停止浏览器请求
2026-06-20 12:20:21,674 | INFO | temu_risk_daily_job | 暂无违规数据
2026-06-20 12:20:21,801 | INFO | temu_risk_daily_job | 正在爬取店铺---------------101-Temu全托管-------------的数据
2026-06-20 12:20:21,854 | INFO | temu_risk_daily_job | 资金限制表（中文字段）检查 / 创建完成
2026-06-20 12:20:24,402 | INFO | temu_risk_daily_job | [保存] 101-Temu全托管 | goods_refund_cost 金额=74.08-----保存成功
2026-06-20 12:20:25,629 | INFO | temu_risk_daily_job | [保存] 101-Temu全托管 | delivery_by_jit 金额=979.78-----保存成功
2026-06-20 12:20:26,704 | INFO | temu_risk_daily_job | [跳过] 101-Temu全托管 | goods_poor_quality 无变化
2026-06-20 12:20:27,938 | INFO | temu_risk_daily_job | [跳过] 101-Temu全托管 | france_epr 无变化
2026-06-20 12:20:28,998 | INFO | temu_risk_daily_job | [跳过] 101-Temu全托管 | lack_necessary_qualification 无变化
2026-06-20 12:20:30,087 | INFO | temu_risk_daily_job | [跳过] 101-Temu全托管 | epr_logistics_packaging_fee 无变化
2026-06-20 12:20:31,163 | INFO | temu_risk_daily_job | [跳过] 101-Temu全托管 | epr_platform_service_fee 无变化
2026-06-20 12:20:32,248 | INFO | temu_risk_daily_job | [跳过] 101-Temu全托管 | epr_authorization_agent_fee 无变化
2026-06-20 12:20:34,083 | INFO | temu_risk_daily_job | [保存] 101-Temu全托管 | order_after_sales_issue_fully 金额=1415.44-----保存成功
2026-06-20 12:20:34,085 | INFO | temu_risk_daily_job | 📊 开始上传钉钉多维表
2026-06-20 12:20:34,233 | INFO | temu_risk_daily_job | 违规记录查询成功：0 条
2026-06-20 12:20:34,233 | INFO | temu_risk_daily_job | 今日违法记录 0 条
2026-06-20 12:20:34,234 | INFO | temu_risk_daily_job | 准备上传 0 条记录...
2026-06-20 12:20:34,234 | INFO | temu_risk_daily_job | 
上传统计:
2026-06-20 12:20:34,235 | INFO | temu_risk_daily_job | 总记录数: 0
2026-06-20 12:20:34,235 | INFO | temu_risk_daily_job | 成功数量: 0
2026-06-20 12:20:34,235 | INFO | temu_risk_daily_job | 失败数量: 0
2026-06-20 12:20:34,235 | INFO | temu_risk_daily_job | 成功批次: 0
2026-06-20 12:20:34,235 | INFO | temu_risk_daily_job | 失败批次: 0
2026-06-20 12:20:45,374 | INFO | temu_risk_daily_job | 查询限制金额成功（day_offset=0），共 62 条
2026-06-20 12:20:45,374 | INFO | temu_risk_daily_job | 今日限制金额 62 条
2026-06-20 12:20:45,375 | INFO | temu_risk_daily_job | 准备上传 62 条记录...
2026-06-20 12:20:47,966 | INFO | temu_risk_daily_job | 
上传统计:
2026-06-20 12:20:47,967 | INFO | temu_risk_daily_job | 总记录数: 62
2026-06-20 12:20:47,967 | INFO | temu_risk_daily_job | 成功数量: 62
2026-06-20 12:20:47,967 | INFO | temu_risk_daily_job | 失败数量: 0
2026-06-20 12:20:47,967 | INFO | temu_risk_daily_job | 成功批次: 2
2026-06-20 12:20:47,967 | INFO | temu_risk_daily_job | 失败批次: 0
2026-06-20 12:20:47,998 | INFO | temu_risk_daily_job | 查询限制金额成功（day_offset=1），共 64 条
2026-06-20 12:20:47,998 | INFO | temu_risk_daily_job | 昨日限制金额 64 条
2026-06-20 12:20:47,999 | INFO | temu_risk_daily_job | 准备上传 64 条记录...
2026-06-20 12:20:50,572 | INFO | temu_risk_daily_job | 
上传统计:
2026-06-20 12:20:50,572 | INFO | temu_risk_daily_job | 总记录数: 64
2026-06-20 12:20:50,574 | INFO | temu_risk_daily_job | 成功数量: 64
2026-06-20 12:20:50,574 | INFO | temu_risk_daily_job | 失败数量: 0
2026-06-20 12:20:50,574 | INFO | temu_risk_daily_job | 成功批次: 2
2026-06-20 12:20:50,574 | INFO | temu_risk_daily_job | 失败批次: 0
2026-06-20 12:20:50,575 | INFO | temu_risk_daily_job | 🔔 开始执行违规 & 资金限制告警
2026-06-20 12:20:50,721 | INFO | temu_risk_daily_job | 今日无新增违规
2026-06-20 12:20:50,750 | WARNING | temu_risk_daily_job | 发现 2 条资金限制异常
2026-06-20 12:20:50,750 | WARNING | temu_risk_daily_job | 【资金限制变动告警】
店铺：1105-Temu全托管
限制原因：合规EPR环保费
昨日金额：0.00
今日金额：554.30
差值：554.30
2026-06-20 12:20:52,061 | WARNING | temu_risk_daily_job | 【资金限制变动告警】
店铺：110-Temu全托管KA
限制原因：合规EPR环保费
昨日金额：0.00
今日金额：1310.64
差值：1310.64
2026-06-20 12:20:52,708 | INFO | temu_risk_daily_job | 🎯 全流程完成，总耗时：15分22秒
