2026-06-19 12:04:05,321 | INFO | temu_risk_daily_job | 🚀 开始爬取店铺：2106-Temu全托管
2026-06-19 12:04:05,469 | INFO | temu_risk_daily_job | 正在爬取店铺---------------2106-Temu全托管-------------的数据
2026-06-19 12:04:05,519 | INFO | temu_risk_daily_job | 违规记录表检查 / 创建完成
2026-06-19 12:04:06,545 | ERROR | temu_risk_daily_job | 状态不是200：{"error_code":40001,"error_msg":"Invalid Login State"}
2026-06-19 12:04:06,546 | ERROR | temu_risk_daily_job | ⚠️ HTTP异常: 403
2026-06-19 12:04:06,547 | WARNING | temu_risk_daily_job | [2106-Temu全托管] cookie 失效，开始自动刷新登录态
2026-06-19 12:04:06,549 | INFO | temu_risk_daily_job | 2106-Temu全托管 - 第 1 次登录尝试
2026-06-19 12:04:10,520 | INFO | temu_risk_daily_job | 2106-Temu全托管 - start_api 返回: {'code': 0, 'msg': 'Success', 'data': {'action': 'startBrowserByCode', 'backgroundPluginId': 'ibecnpjmgcbdlgojmlfebfkmlaoeojgm', 'browserID': 102858352, 'browserPath': 'C:\\Users\\Administrator\\AppData\\Local\\env-kit\\Core\\chrome_64_140_202512152142\\hubstudio', 'debuggingPort': '59926', 'downloadPath': 'C:\\Users\\Administrator\\Desktop\\Hubstudio\\temu全托2106店（153店改）+半托代发1', 'duplicate': 3495, 'ip': '111.172.230.181', 'isDynamicIp': False, 'launcherPage': 'about:blank', 'proxyType': 'socks5', 'runMode': 2, 'webdriver': 'C:\\Users\\Administrator\\AppData\\Local\\env-kit\\Core\\chrome_64_140_202512152142\\webdriver.exe', 'containerId': 102858352, 'containerCode': '1036583528', 'statusCode': '0', 'err': '成功(Success)'}}
2026-06-19 12:04:10,520 | INFO | temu_risk_daily_job | 2106-Temu全托管 - 浏览器启动成功, 调试端口: 59926
2026-06-19 12:04:12,236 | INFO | temu_risk_daily_job | 2106-Temu全托管 - 已连接浏览器
2026-06-19 12:04:12,915 | INFO | temu_risk_daily_job | --------------------2106-Temu全托管 ------------------------ 开始登录...
2026-06-19 12:04:19,155 | ERROR | temu_risk_daily_job | 2106-Temu全托管 - 未出现取消按钮，跳过
2026-06-19 12:04:20,160 | ERROR | temu_risk_daily_job | 2106-Temu全托管 - 未出现进入按钮，跳过
2026-06-19 12:04:20,160 | INFO | temu_risk_daily_job | 2106-Temu全托管 - 登录成功
2026-06-19 12:04:20,161 | INFO | temu_risk_daily_job | 2106-Temu全托管 - 等待 agentseller Cookie 生效
2026-06-19 12:04:28,715 | INFO | temu_risk_daily_job | 2106-Temu全托管 - Cookie 已保存: D:\sd14\Temu_horizon\data\cookies\2106-Temu全托管_cookies.json
2026-06-19 12:04:28,715 | INFO | temu_risk_daily_job | 2106-Temu全托管 - Cookie 获取完成，准备关闭浏览器
2026-06-19 12:04:28,716 | INFO | temu_risk_daily_job | 2106-Temu全托管 - 登录成功（第 1 次）
2026-06-19 12:04:28,736 | INFO | temu_risk_daily_job | 2106-Temu全托管 - 已关闭Playwright连接
2026-06-19 12:04:29,864 | INFO | temu_risk_daily_job | 2106-Temu全托管 - 已发送停止浏览器请求
2026-06-19 12:04:32,935 | INFO | temu_risk_daily_job | 暂无违规数据
2026-06-19 12:04:33,062 | INFO | temu_risk_daily_job | 正在爬取店铺---------------2106-Temu全托管-------------的数据
2026-06-19 12:04:33,116 | INFO | temu_risk_daily_job | 资金限制表（中文字段）检查 / 创建完成
2026-06-19 12:04:35,411 | INFO | temu_risk_daily_job | [跳过] 2106-Temu全托管 | goods_refund_cost 无变化
2026-06-19 12:04:36,606 | INFO | temu_risk_daily_job | [保存] 2106-Temu全托管 | delivery_by_jit 金额=130.63-----保存成功
2026-06-19 12:04:37,744 | INFO | temu_risk_daily_job | [跳过] 2106-Temu全托管 | france_epr 无变化
2026-06-19 12:04:38,799 | INFO | temu_risk_daily_job | [跳过] 2106-Temu全托管 | lack_necessary_qualification 无变化
2026-06-19 12:04:39,979 | INFO | temu_risk_daily_job | [保存] 2106-Temu全托管 | epr_logistics_packaging_fee 金额=19.98-----保存成功
2026-06-19 12:04:41,050 | INFO | temu_risk_daily_job | [跳过] 2106-Temu全托管 | epr_platform_service_fee 无变化
2026-06-19 12:04:42,254 | INFO | temu_risk_daily_job | [保存] 2106-Temu全托管 | order_after_sales_issue_fully 金额=330.65-----保存成功
2026-06-19 12:04:42,255 | INFO | temu_risk_daily_job | 🚀 开始爬取店铺：2103-Temu全托管
2026-06-19 12:04:42,381 | INFO | temu_risk_daily_job | 正在爬取店铺---------------2103-Temu全托管-------------的数据
2026-06-19 12:04:42,434 | INFO | temu_risk_daily_job | 违规记录表检查 / 创建完成
2026-06-19 12:04:44,093 | ERROR | temu_risk_daily_job | 状态不是200：{"error_code":40001,"error_msg":"Invalid Login State"}
2026-06-19 12:04:44,094 | ERROR | temu_risk_daily_job | ⚠️ HTTP异常: 403
2026-06-19 12:04:44,095 | WARNING | temu_risk_daily_job | [2103-Temu全托管] cookie 失效，开始自动刷新登录态
2026-06-19 12:04:44,095 | INFO | temu_risk_daily_job | 2103-Temu全托管 - 第 1 次登录尝试
2026-06-19 12:04:47,597 | INFO | temu_risk_daily_job | 2103-Temu全托管 - start_api 返回: {'code': 0, 'msg': 'Success', 'data': {'action': 'startBrowserByCode', 'backgroundPluginId': 'cdgoddilnfionjljedagnobpdkhcnpii', 'browserID': 99890331, 'browserPath': 'C:\\Users\\Administrator\\AppData\\Local\\env-kit\\Core\\chrome_64_131_202501091017\\hubstudio', 'debuggingPort': '60154', 'downloadPath': 'C:\\Users\\Administrator\\Desktop\\Hubstudio\\temu全托2103店（113店改）+2108店+半托6号店+半托8号店', 'duplicate': 3068, 'ip': '1.194.218.235', 'isDynamicIp': False, 'launcherPage': 'about:blank', 'proxyType': 'socks5', 'runMode': 2, 'webdriver': 'C:\\Users\\Administrator\\AppData\\Local\\env-kit\\Core\\chrome_64_131_202501091017\\webdriver.exe', 'containerId': 99890331, 'containerCode': '1006903311', 'statusCode': '0', 'err': '成功(Success)'}}
2026-06-19 12:04:47,598 | INFO | temu_risk_daily_job | 2103-Temu全托管 - 浏览器启动成功, 调试端口: 60154
2026-06-19 12:04:49,287 | INFO | temu_risk_daily_job | 2103-Temu全托管 - 已连接浏览器
2026-06-19 12:04:49,977 | INFO | temu_risk_daily_job | --------------------2103-Temu全托管 ------------------------ 开始登录...
2026-06-19 12:04:56,123 | ERROR | temu_risk_daily_job | 2103-Temu全托管 - 未出现取消按钮，跳过
2026-06-19 12:04:56,160 | INFO | temu_risk_daily_job | 2103-Temu全托管 - 已点击进入
2026-06-19 12:04:56,160 | INFO | temu_risk_daily_job | 2103-Temu全托管 - 登录成功
2026-06-19 12:04:56,161 | INFO | temu_risk_daily_job | 2103-Temu全托管 - 等待 agentseller Cookie 生效
2026-06-19 12:05:04,706 | INFO | temu_risk_daily_job | 2103-Temu全托管 - Cookie 已保存: D:\sd14\Temu_horizon\data\cookies\2103-Temu全托管_cookies.json
2026-06-19 12:05:04,707 | INFO | temu_risk_daily_job | 2103-Temu全托管 - Cookie 获取完成，准备关闭浏览器
2026-06-19 12:05:04,707 | INFO | temu_risk_daily_job | 2103-Temu全托管 - 登录成功（第 1 次）
2026-06-19 12:05:04,721 | INFO | temu_risk_daily_job | 2103-Temu全托管 - 已关闭Playwright连接
2026-06-19 12:05:05,824 | INFO | temu_risk_daily_job | 2103-Temu全托管 - 已发送停止浏览器请求
2026-06-19 12:05:08,837 | INFO | temu_risk_daily_job | 暂无违规数据
2026-06-19 12:05:08,967 | INFO | temu_risk_daily_job | 正在爬取店铺---------------2103-Temu全托管-------------的数据
2026-06-19 12:05:09,021 | INFO | temu_risk_daily_job | 资金限制表（中文字段）检查 / 创建完成
2026-06-19 12:05:11,335 | INFO | temu_risk_daily_job | [保存] 2103-Temu全托管 | goods_refund_cost 金额=6.06-----保存成功
2026-06-19 12:05:12,420 | INFO | temu_risk_daily_job | [跳过] 2103-Temu全托管 | france_epr 无变化
2026-06-19 12:05:13,500 | INFO | temu_risk_daily_job | [跳过] 2103-Temu全托管 | epr_logistics_packaging_fee 无变化
2026-06-19 12:05:14,631 | INFO | temu_risk_daily_job | [跳过] 2103-Temu全托管 | epr_platform_service_fee 无变化
2026-06-19 12:05:15,884 | INFO | temu_risk_daily_job | [保存] 2103-Temu全托管 | order_after_sales_issue_fully 金额=17.64-----保存成功
2026-06-19 12:05:15,885 | INFO | temu_risk_daily_job | 🚀 开始爬取店铺：2102-Temu全托管
2026-06-19 12:05:16,004 | INFO | temu_risk_daily_job | 正在爬取店铺---------------2102-Temu全托管-------------的数据
2026-06-19 12:05:16,054 | INFO | temu_risk_daily_job | 违规记录表检查 / 创建完成
2026-06-19 12:05:17,352 | ERROR | temu_risk_daily_job | 状态不是200：{"error_code":40001,"error_msg":"Invalid Login State"}
2026-06-19 12:05:17,353 | ERROR | temu_risk_daily_job | ⚠️ HTTP异常: 403
2026-06-19 12:05:17,354 | WARNING | temu_risk_daily_job | [2102-Temu全托管] cookie 失效，开始自动刷新登录态
2026-06-19 12:05:17,354 | INFO | temu_risk_daily_job | 2102-Temu全托管 - 第 1 次登录尝试
2026-06-19 12:05:20,566 | INFO | temu_risk_daily_job | 2102-Temu全托管 - start_api 返回: {'code': 0, 'msg': 'Success', 'data': {'action': 'startBrowserByCode', 'backgroundPluginId': 'eeakakjccihhgkahpdohdfhkoheehanb', 'browserID': 102858197, 'browserPath': 'C:\\Users\\Administrator\\AppData\\Local\\env-kit\\Core\\chrome_64_131_202501091017\\hubstudio', 'debuggingPort': '60347', 'downloadPath': 'C:\\Users\\Administrator\\Desktop\\Hubstudio\\temu全托2102店（152店改）', 'duplicate': 2784, 'ip': '49.7.135.46', 'isDynamicIp': False, 'launcherPage': 'about:blank', 'proxyType': 'socks5', 'runMode': 2, 'webdriver': 'C:\\Users\\Administrator\\AppData\\Local\\env-kit\\Core\\chrome_64_131_202501091017\\webdriver.exe', 'containerId': 102858197, 'containerCode': '1036581979', 'statusCode': '0', 'err': '成功(Success)'}}
2026-06-19 12:05:20,567 | INFO | temu_risk_daily_job | 2102-Temu全托管 - 浏览器启动成功, 调试端口: 60347
2026-06-19 12:05:22,150 | INFO | temu_risk_daily_job | 2102-Temu全托管 - 已连接浏览器
2026-06-19 12:05:22,832 | INFO | temu_risk_daily_job | --------------------2102-Temu全托管 ------------------------ 开始登录...
2026-06-19 12:05:29,179 | ERROR | temu_risk_daily_job | 2102-Temu全托管 - 未出现取消按钮，跳过
2026-06-19 12:05:29,215 | INFO | temu_risk_daily_job | 2102-Temu全托管 - 已点击进入
2026-06-19 12:05:29,215 | INFO | temu_risk_daily_job | 2102-Temu全托管 - 登录成功
2026-06-19 12:05:29,216 | INFO | temu_risk_daily_job | 2102-Temu全托管 - 等待 agentseller Cookie 生效
2026-06-19 12:05:37,479 | INFO | temu_risk_daily_job | 2102-Temu全托管 - Cookie 已保存: D:\sd14\Temu_horizon\data\cookies\2102-Temu全托管_cookies.json
2026-06-19 12:05:37,479 | INFO | temu_risk_daily_job | 2102-Temu全托管 - Cookie 获取完成，准备关闭浏览器
2026-06-19 12:05:37,480 | INFO | temu_risk_daily_job | 2102-Temu全托管 - 登录成功（第 1 次）
2026-06-19 12:05:37,492 | INFO | temu_risk_daily_job | 2102-Temu全托管 - 已关闭Playwright连接
2026-06-19 12:05:38,654 | INFO | temu_risk_daily_job | 2102-Temu全托管 - 已发送停止浏览器请求
2026-06-19 12:05:41,683 | INFO | temu_risk_daily_job | 暂无违规数据
2026-06-19 12:05:41,799 | INFO | temu_risk_daily_job | 正在爬取店铺---------------2102-Temu全托管-------------的数据
2026-06-19 12:05:41,847 | INFO | temu_risk_daily_job | 资金限制表（中文字段）检查 / 创建完成
2026-06-19 12:05:44,129 | INFO | temu_risk_daily_job | [跳过] 2102-Temu全托管 | france_epr 无变化
2026-06-19 12:05:45,252 | INFO | temu_risk_daily_job | [跳过] 2102-Temu全托管 | epr_logistics_packaging_fee 无变化
2026-06-19 12:05:46,315 | INFO | temu_risk_daily_job | [跳过] 2102-Temu全托管 | epr_platform_service_fee 无变化
2026-06-19 12:05:47,811 | INFO | temu_risk_daily_job | [跳过] 2102-Temu全托管 | epr_authorization_agent_fee 无变化
2026-06-19 12:05:48,872 | INFO | temu_risk_daily_job | [跳过] 2102-Temu全托管 | order_after_sales_issue_fully 无变化
2026-06-19 12:05:48,872 | INFO | temu_risk_daily_job | 🚀 开始爬取店铺：2101-Temu全托管KA
2026-06-19 12:05:48,995 | INFO | temu_risk_daily_job | 正在爬取店铺---------------2101-Temu全托管KA-------------的数据
2026-06-19 12:05:49,047 | INFO | temu_risk_daily_job | 违规记录表检查 / 创建完成
2026-06-19 12:05:50,041 | ERROR | temu_risk_daily_job | 状态不是200：{"error_code":40001,"error_msg":"Invalid Login State"}
2026-06-19 12:05:50,042 | ERROR | temu_risk_daily_job | ⚠️ HTTP异常: 403
2026-06-19 12:05:50,043 | WARNING | temu_risk_daily_job | [2101-Temu全托管KA] cookie 失效，开始自动刷新登录态
2026-06-19 12:05:50,043 | INFO | temu_risk_daily_job | 2101-Temu全托管KA - 第 1 次登录尝试
2026-06-19 12:05:53,383 | INFO | temu_risk_daily_job | 2101-Temu全托管KA - start_api 返回: {'code': 0, 'msg': 'Success', 'data': {'action': 'startBrowserByCode', 'backgroundPluginId': 'akgomnfmbbjjcajjhhilppefdmokndpj', 'browserID': 104355104, 'browserPath': 'C:\\Users\\Administrator\\AppData\\Local\\env-kit\\Core\\chrome_64_131_202501091017\\hubstudio', 'debuggingPort': '60518', 'downloadPath': 'C:\\Users\\Administrator\\Desktop\\Hubstudio\\temu全托2101号店（111店改）', 'duplicate': 2886, 'ip': '124.236.76.149', 'isDynamicIp': False, 'launcherPage': 'about:blank', 'proxyType': 'socks5', 'runMode': 2, 'webdriver': 'C:\\Users\\Administrator\\AppData\\Local\\env-kit\\Core\\chrome_64_131_202501091017\\webdriver.exe', 'containerId': 104355104, 'containerCode': '1051551049', 'statusCode': '0', 'err': '成功(Success)'}}
2026-06-19 12:05:53,383 | INFO | temu_risk_daily_job | 2101-Temu全托管KA - 浏览器启动成功, 调试端口: 60518
2026-06-19 12:05:54,975 | INFO | temu_risk_daily_job | 2101-Temu全托管KA - 已连接浏览器
2026-06-19 12:05:55,687 | INFO | temu_risk_daily_job | --------------------2101-Temu全托管KA ------------------------ 开始登录...
2026-06-19 12:06:02,130 | ERROR | temu_risk_daily_job | 2101-Temu全托管KA - 未出现取消按钮，跳过
2026-06-19 12:06:03,136 | ERROR | temu_risk_daily_job | 2101-Temu全托管KA - 未出现进入按钮，跳过
2026-06-19 12:06:03,136 | INFO | temu_risk_daily_job | 2101-Temu全托管KA - 登录成功
2026-06-19 12:06:03,137 | INFO | temu_risk_daily_job | 2101-Temu全托管KA - 等待 agentseller Cookie 生效
2026-06-19 12:06:11,938 | INFO | temu_risk_daily_job | 2101-Temu全托管KA - Cookie 已保存: D:\sd14\Temu_horizon\data\cookies\2101-Temu全托管KA_cookies.json
2026-06-19 12:06:11,938 | INFO | temu_risk_daily_job | 2101-Temu全托管KA - Cookie 获取完成，准备关闭浏览器
2026-06-19 12:06:11,938 | INFO | temu_risk_daily_job | 2101-Temu全托管KA - 登录成功（第 1 次）
2026-06-19 12:06:11,952 | INFO | temu_risk_daily_job | 2101-Temu全托管KA - 已关闭Playwright连接
2026-06-19 12:06:13,081 | INFO | temu_risk_daily_job | 2101-Temu全托管KA - 已发送停止浏览器请求
2026-06-19 12:06:16,110 | INFO | temu_risk_daily_job | 暂无违规数据
2026-06-19 12:06:16,232 | INFO | temu_risk_daily_job | 正在爬取店铺---------------2101-Temu全托管KA-------------的数据
2026-06-19 12:06:16,284 | INFO | temu_risk_daily_job | 资金限制表（中文字段）检查 / 创建完成
2026-06-19 12:06:18,626 | INFO | temu_risk_daily_job | [保存] 2101-Temu全托管KA | goods_refund_cost 金额=132.08-----保存成功
2026-06-19 12:06:19,794 | INFO | temu_risk_daily_job | [保存] 2101-Temu全托管KA | delivery_by_jit 金额=502.56-----保存成功
2026-06-19 12:06:22,029 | INFO | temu_risk_daily_job | [跳过] 2101-Temu全托管KA | france_epr 无变化
2026-06-19 12:06:23,202 | INFO | temu_risk_daily_job | [保存] 2101-Temu全托管KA | epr_logistics_packaging_fee 金额=93.62-----保存成功
2026-06-19 12:06:24,248 | INFO | temu_risk_daily_job | [跳过] 2101-Temu全托管KA | epr_platform_service_fee 无变化
2026-06-19 12:06:25,301 | INFO | temu_risk_daily_job | [跳过] 2101-Temu全托管KA | advertising_expenses 无变化
2026-06-19 12:06:26,344 | INFO | temu_risk_daily_job | [跳过] 2101-Temu全托管KA | quality_assurance_issues 无变化
2026-06-19 12:06:27,401 | INFO | temu_risk_daily_job | [跳过] 2101-Temu全托管KA | epr_authorization_agent_fee 无变化
2026-06-19 12:06:28,673 | INFO | temu_risk_daily_job | [保存] 2101-Temu全托管KA | order_after_sales_issue_fully 金额=557.72-----保存成功
2026-06-19 12:06:28,673 | INFO | temu_risk_daily_job | 🚀 开始爬取店铺：112-Temu全托管
2026-06-19 12:06:28,810 | INFO | temu_risk_daily_job | 正在爬取店铺---------------112-Temu全托管-------------的数据
2026-06-19 12:06:28,867 | INFO | temu_risk_daily_job | 违规记录表检查 / 创建完成
2026-06-19 12:06:29,842 | ERROR | temu_risk_daily_job | 状态不是200：{"error_code":40001,"error_msg":"Invalid Login State"}
2026-06-19 12:06:29,843 | ERROR | temu_risk_daily_job | ⚠️ HTTP异常: 403
2026-06-19 12:06:29,843 | WARNING | temu_risk_daily_job | [112-Temu全托管] cookie 失效，开始自动刷新登录态
2026-06-19 12:06:29,844 | INFO | temu_risk_daily_job | 112-Temu全托管 - 第 1 次登录尝试
2026-06-19 12:06:33,188 | INFO | temu_risk_daily_job | 112-Temu全托管 - start_api 返回: {'code': 0, 'msg': 'Success', 'data': {'action': 'startBrowserByCode', 'backgroundPluginId': 'deogjmiglmamcbonclpnbppbclfgkgpg', 'browserID': 99848624, 'browserPath': 'C:\\Users\\Administrator\\AppData\\Local\\env-kit\\Core\\chrome_64_131_202501091017\\hubstudio', 'debuggingPort': '60796', 'downloadPath': 'C:\\Users\\Administrator\\Desktop\\Hubstudio\\temu全托112店', 'duplicate': 2921, 'ip': '36.111.32.150', 'isDynamicIp': False, 'launcherPage': 'about:blank', 'proxyType': 'socks5', 'runMode': 2, 'webdriver': 'C:\\Users\\Administrator\\AppData\\Local\\env-kit\\Core\\chrome_64_131_202501091017\\webdriver.exe', 'containerId': 99848624, 'containerCode': '1006486242', 'statusCode': '0', 'err': '成功(Success)'}}
2026-06-19 12:06:33,188 | INFO | temu_risk_daily_job | 112-Temu全托管 - 浏览器启动成功, 调试端口: 60796
2026-06-19 12:06:34,765 | INFO | temu_risk_daily_job | 112-Temu全托管 - 已连接浏览器
2026-06-19 12:06:35,275 | INFO | temu_risk_daily_job | --------------------112-Temu全托管 ------------------------ 开始登录...
2026-06-19 12:06:41,269 | ERROR | temu_risk_daily_job | 112-Temu全托管 - 未出现取消按钮，跳过
2026-06-19 12:06:41,311 | INFO | temu_risk_daily_job | 112-Temu全托管 - 已点击进入
2026-06-19 12:06:41,311 | INFO | temu_risk_daily_job | 112-Temu全托管 - 登录成功
2026-06-19 12:06:41,312 | INFO | temu_risk_daily_job | 112-Temu全托管 - 等待 agentseller Cookie 生效
2026-06-19 12:06:49,168 | INFO | temu_risk_daily_job | 112-Temu全托管 - Cookie 已保存: D:\sd14\Temu_horizon\data\cookies\112-Temu全托管_cookies.json
2026-06-19 12:06:49,168 | INFO | temu_risk_daily_job | 112-Temu全托管 - Cookie 获取完成，准备关闭浏览器
2026-06-19 12:06:49,169 | INFO | temu_risk_daily_job | 112-Temu全托管 - 登录成功（第 1 次）
2026-06-19 12:06:49,188 | INFO | temu_risk_daily_job | 112-Temu全托管 - 已关闭Playwright连接
2026-06-19 12:06:50,212 | INFO | temu_risk_daily_job | 112-Temu全托管 - 已发送停止浏览器请求
2026-06-19 12:06:53,223 | INFO | temu_risk_daily_job | 暂无违规数据
2026-06-19 12:06:53,351 | INFO | temu_risk_daily_job | 正在爬取店铺---------------112-Temu全托管-------------的数据
2026-06-19 12:06:53,404 | INFO | temu_risk_daily_job | 资金限制表（中文字段）检查 / 创建完成
2026-06-19 12:06:55,616 | INFO | temu_risk_daily_job | [跳过] 112-Temu全托管 | france_epr 无变化
2026-06-19 12:06:56,809 | INFO | temu_risk_daily_job | [跳过] 112-Temu全托管 | epr_logistics_packaging_fee 无变化
2026-06-19 12:06:57,869 | INFO | temu_risk_daily_job | [跳过] 112-Temu全托管 | epr_platform_service_fee 无变化
2026-06-19 12:06:58,929 | INFO | temu_risk_daily_job | [跳过] 112-Temu全托管 | epr_authorization_agent_fee 无变化
2026-06-19 12:07:00,044 | INFO | temu_risk_daily_job | [跳过] 112-Temu全托管 | order_after_sales_issue_fully 无变化
2026-06-19 12:07:00,044 | INFO | temu_risk_daily_job | 🚀 开始爬取店铺：1108-Temu全托管
2026-06-19 12:07:00,183 | INFO | temu_risk_daily_job | 正在爬取店铺---------------1108-Temu全托管-------------的数据
2026-06-19 12:07:00,239 | INFO | temu_risk_daily_job | 违规记录表检查 / 创建完成
2026-06-19 12:07:01,230 | ERROR | temu_risk_daily_job | 状态不是200：{"error_code":40001,"error_msg":"Invalid Login State"}
2026-06-19 12:07:01,231 | ERROR | temu_risk_daily_job | ⚠️ HTTP异常: 403
2026-06-19 12:07:01,232 | WARNING | temu_risk_daily_job | [1108-Temu全托管] cookie 失效，开始自动刷新登录态
2026-06-19 12:07:01,232 | INFO | temu_risk_daily_job | 1108-Temu全托管 - 第 1 次登录尝试
2026-06-19 12:07:04,636 | INFO | temu_risk_daily_job | 1108-Temu全托管 - start_api 返回: {'code': 0, 'msg': 'Success', 'data': {'action': 'startBrowserByCode', 'backgroundPluginId': 'oielegjolaoigkjpcikbcbepjdojkkja', 'browserID': 122453019, 'browserPath': 'C:\\Users\\Administrator\\AppData\\Local\\env-kit\\Core\\chrome_64_133_202505210948\\hubstudio', 'debuggingPort': '61099', 'downloadPath': 'C:\\Users\\Administrator\\Desktop\\Hubstudio\\temu全托1108号店', 'duplicate': 2963, 'ip': '1.194.218.235', 'isDynamicIp': False, 'launcherPage': 'about:blank', 'proxyType': 'socks5', 'runMode': 2, 'webdriver': 'C:\\Users\\Administrator\\AppData\\Local\\env-kit\\Core\\chrome_64_133_202505210948\\webdriver.exe', 'containerId': 122453019, 'containerCode': '1232530196', 'statusCode': '0', 'err': '成功(Success)'}}
2026-06-19 12:07:04,636 | INFO | temu_risk_daily_job | 1108-Temu全托管 - 浏览器启动成功, 调试端口: 61099
2026-06-19 12:07:06,285 | INFO | temu_risk_daily_job | 1108-Temu全托管 - 已连接浏览器
2026-06-19 12:07:06,991 | INFO | temu_risk_daily_job | --------------------1108-Temu全托管 ------------------------ 开始登录...
2026-06-19 12:07:12,116 | ERROR | temu_risk_daily_job | 1108-Temu全托管 - 未出现取消按钮，跳过
2026-06-19 12:07:12,185 | INFO | temu_risk_daily_job | 1108-Temu全托管 - 已点击进入
2026-06-19 12:07:12,185 | INFO | temu_risk_daily_job | 1108-Temu全托管 - 登录成功
2026-06-19 12:07:12,186 | INFO | temu_risk_daily_job | 1108-Temu全托管 - 等待 agentseller Cookie 生效
2026-06-19 12:07:20,178 | INFO | temu_risk_daily_job | 命中授权方式二：勾选复选框 + 授权登录
2026-06-19 12:07:20,309 | INFO | temu_risk_daily_job | 已点击授权复选框（UI 容器）
2026-06-19 12:07:20,382 | INFO | temu_risk_daily_job | 已点击授权登录
2026-06-19 12:07:30,386 | INFO | temu_risk_daily_job | 授权流程完成
2026-06-19 12:07:36,419 | INFO | temu_risk_daily_job | 1108-Temu全托管 - Cookie 已保存: D:\sd14\Temu_horizon\data\cookies\1108-Temu全托管_cookies.json
2026-06-19 12:07:36,419 | INFO | temu_risk_daily_job | 1108-Temu全托管 - Cookie 获取完成，准备关闭浏览器
2026-06-19 12:07:36,419 | INFO | temu_risk_daily_job | 1108-Temu全托管 - 登录成功（第 1 次）
2026-06-19 12:07:36,437 | INFO | temu_risk_daily_job | 1108-Temu全托管 - 已关闭Playwright连接
2026-06-19 12:07:37,503 | INFO | temu_risk_daily_job | 1108-Temu全托管 - 已发送停止浏览器请求
2026-06-19 12:07:40,534 | INFO | temu_risk_daily_job | 暂无违规数据
2026-06-19 12:07:40,670 | INFO | temu_risk_daily_job | 正在爬取店铺---------------1108-Temu全托管-------------的数据
2026-06-19 12:07:40,730 | INFO | temu_risk_daily_job | 资金限制表（中文字段）检查 / 创建完成
2026-06-19 12:07:42,991 | INFO | temu_risk_daily_job | [跳过] 1108-Temu全托管 | delivery_by_jit 无变化
2026-06-19 12:07:44,052 | INFO | temu_risk_daily_job | [跳过] 1108-Temu全托管 | goods_poor_quality 无变化
2026-06-19 12:07:45,132 | INFO | temu_risk_daily_job | [跳过] 1108-Temu全托管 | france_epr 无变化
2026-06-19 12:07:46,302 | INFO | temu_risk_daily_job | [保存] 1108-Temu全托管 | epr_logistics_packaging_fee 金额=12.32-----保存成功
2026-06-19 12:07:47,524 | INFO | temu_risk_daily_job | [保存] 1108-Temu全托管 | order_after_sales_issue_fully 金额=78.67-----保存成功
2026-06-19 12:07:47,524 | INFO | temu_risk_daily_job | 🚀 开始爬取店铺：1107-Temu全托管
2026-06-19 12:07:47,644 | INFO | temu_risk_daily_job | 正在爬取店铺---------------1107-Temu全托管-------------的数据
2026-06-19 12:07:47,694 | INFO | temu_risk_daily_job | 违规记录表检查 / 创建完成
2026-06-19 12:07:48,706 | INFO | temu_risk_daily_job | 暂无违规数据
2026-06-19 12:07:48,841 | INFO | temu_risk_daily_job | 正在爬取店铺---------------1107-Temu全托管-------------的数据
2026-06-19 12:07:48,896 | INFO | temu_risk_daily_job | 资金限制表（中文字段）检查 / 创建完成
2026-06-19 12:07:51,078 | INFO | temu_risk_daily_job | [跳过] 1107-Temu全托管 | goods_refund_cost 无变化
2026-06-19 12:07:52,257 | INFO | temu_risk_daily_job | [保存] 1107-Temu全托管 | delivery_by_jit 金额=157.64-----保存成功
2026-06-19 12:07:53,325 | INFO | temu_risk_daily_job | [跳过] 1107-Temu全托管 | france_epr 无变化
2026-06-19 12:07:54,481 | INFO | temu_risk_daily_job | [保存] 1107-Temu全托管 | epr_logistics_packaging_fee 金额=7.86-----保存成功
2026-06-19 12:07:55,538 | INFO | temu_risk_daily_job | [跳过] 1107-Temu全托管 | epr_platform_service_fee 无变化
2026-06-19 12:07:56,781 | INFO | temu_risk_daily_job | [保存] 1107-Temu全托管 | order_after_sales_issue_fully 金额=142.86-----保存成功
2026-06-19 12:07:56,781 | INFO | temu_risk_daily_job | 🚀 开始爬取店铺：1106-Temu全托管
2026-06-19 12:07:56,935 | INFO | temu_risk_daily_job | 正在爬取店铺---------------1106-Temu全托管-------------的数据
2026-06-19 12:07:56,989 | INFO | temu_risk_daily_job | 违规记录表检查 / 创建完成
2026-06-19 12:07:57,966 | ERROR | temu_risk_daily_job | 状态不是200：{"error_code":40001,"error_msg":"Invalid Login State"}
2026-06-19 12:07:57,966 | ERROR | temu_risk_daily_job | ⚠️ HTTP异常: 403
2026-06-19 12:07:57,967 | WARNING | temu_risk_daily_job | [1106-Temu全托管] cookie 失效，开始自动刷新登录态
2026-06-19 12:07:57,968 | INFO | temu_risk_daily_job | 1106-Temu全托管 - 第 1 次登录尝试
2026-06-19 12:08:01,236 | INFO | temu_risk_daily_job | 1106-Temu全托管 - start_api 返回: {'code': 0, 'msg': 'Success', 'data': {'action': 'startBrowserByCode', 'backgroundPluginId': 'ckmbonbfihibhagclccfhnmbcbfnlbnh', 'browserID': 109978213, 'browserPath': 'C:\\Users\\Administrator\\AppData\\Local\\env-kit\\Core\\chrome_64_131_202501091017\\hubstudio', 'debuggingPort': '61366', 'downloadPath': 'C:\\Users\\Administrator\\Desktop\\Hubstudio\\temu全托1106店', 'duplicate': 2836, 'ip': '36.111.32.150', 'isDynamicIp': False, 'launcherPage': 'about:blank', 'proxyType': 'socks5', 'runMode': 2, 'webdriver': 'C:\\Users\\Administrator\\AppData\\Local\\env-kit\\Core\\chrome_64_131_202501091017\\webdriver.exe', 'containerId': 109978213, 'containerCode': '1107782133', 'statusCode': '0', 'err': '成功(Success)'}}
2026-06-19 12:08:01,236 | INFO | temu_risk_daily_job | 1106-Temu全托管 - 浏览器启动成功, 调试端口: 61366
2026-06-19 12:08:02,916 | INFO | temu_risk_daily_job | 1106-Temu全托管 - 已连接浏览器
2026-06-19 12:08:03,522 | INFO | temu_risk_daily_job | --------------------1106-Temu全托管 ------------------------ 开始登录...
2026-06-19 12:08:10,121 | ERROR | temu_risk_daily_job | 1106-Temu全托管 - 未出现取消按钮，跳过
2026-06-19 12:08:10,178 | INFO | temu_risk_daily_job | 1106-Temu全托管 - 已点击进入
2026-06-19 12:08:10,178 | INFO | temu_risk_daily_job | 1106-Temu全托管 - 登录成功
2026-06-19 12:08:10,179 | INFO | temu_risk_daily_job | 1106-Temu全托管 - 等待 agentseller Cookie 生效
2026-06-19 12:08:18,284 | INFO | temu_risk_daily_job | 命中授权方式一：确认授权并前往
2026-06-19 12:08:18,345 | INFO | temu_risk_daily_job | 授权流程完成
2026-06-19 12:08:24,375 | INFO | temu_risk_daily_job | 1106-Temu全托管 - Cookie 已保存: D:\sd14\Temu_horizon\data\cookies\1106-Temu全托管_cookies.json
2026-06-19 12:08:24,375 | INFO | temu_risk_daily_job | 1106-Temu全托管 - Cookie 获取完成，准备关闭浏览器
2026-06-19 12:08:24,376 | INFO | temu_risk_daily_job | 1106-Temu全托管 - 登录成功（第 1 次）
2026-06-19 12:08:24,390 | INFO | temu_risk_daily_job | 1106-Temu全托管 - 已关闭Playwright连接
2026-06-19 12:08:25,338 | INFO | temu_risk_daily_job | 1106-Temu全托管 - 已发送停止浏览器请求
2026-06-19 12:08:28,382 | INFO | temu_risk_daily_job | 暂无违规数据
2026-06-19 12:08:28,515 | INFO | temu_risk_daily_job | 正在爬取店铺---------------1106-Temu全托管-------------的数据
2026-06-19 12:08:28,570 | INFO | temu_risk_daily_job | 资金限制表（中文字段）检查 / 创建完成
2026-06-19 12:08:30,828 | INFO | temu_risk_daily_job | [跳过] 1106-Temu全托管 | france_epr 无变化
2026-06-19 12:08:32,007 | INFO | temu_risk_daily_job | [跳过] 1106-Temu全托管 | epr_logistics_packaging_fee 无变化
2026-06-19 12:08:33,451 | INFO | temu_risk_daily_job | [跳过] 1106-Temu全托管 | epr_platform_service_fee 无变化
2026-06-19 12:08:34,506 | INFO | temu_risk_daily_job | [跳过] 1106-Temu全托管 | epr_authorization_agent_fee 无变化
2026-06-19 12:08:35,635 | INFO | temu_risk_daily_job | [跳过] 1106-Temu全托管 | order_after_sales_issue_fully 无变化
2026-06-19 12:08:35,635 | INFO | temu_risk_daily_job | 🚀 开始爬取店铺：1105-Temu全托管
2026-06-19 12:08:35,771 | INFO | temu_risk_daily_job | 正在爬取店铺---------------1105-Temu全托管-------------的数据
2026-06-19 12:08:35,828 | INFO | temu_risk_daily_job | 违规记录表检查 / 创建完成
2026-06-19 12:08:36,813 | ERROR | temu_risk_daily_job | 状态不是200：{"error_code":40001,"error_msg":"Invalid Login State"}
2026-06-19 12:08:36,814 | ERROR | temu_risk_daily_job | ⚠️ HTTP异常: 403
2026-06-19 12:08:36,815 | WARNING | temu_risk_daily_job | [1105-Temu全托管] cookie 失效，开始自动刷新登录态
2026-06-19 12:08:36,815 | INFO | temu_risk_daily_job | 1105-Temu全托管 - 第 1 次登录尝试
2026-06-19 12:08:40,290 | INFO | temu_risk_daily_job | 1105-Temu全托管 - start_api 返回: {'code': 0, 'msg': 'Success', 'data': {'action': 'startBrowserByCode', 'backgroundPluginId': 'hedbcddcbnkifhfapobljhpmnkknmeci', 'browserID': 109977447, 'browserPath': 'C:\\Users\\Administrator\\AppData\\Local\\env-kit\\Core\\chrome_64_131_202501091017\\hubstudio', 'debuggingPort': '61577', 'downloadPath': 'C:\\Users\\Administrator\\Desktop\\Hubstudio\\temu全托1105店', 'duplicate': 3036, 'ip': '218.78.129.86', 'isDynamicIp': False, 'launcherPage': 'about:blank', 'proxyType': 'socks5', 'runMode': 2, 'webdriver': 'C:\\Users\\Administrator\\AppData\\Local\\env-kit\\Core\\chrome_64_131_202501091017\\webdriver.exe', 'containerId': 109977447, 'containerCode': '1107774478', 'statusCode': '0', 'err': '成功(Success)'}}
2026-06-19 12:08:40,291 | INFO | temu_risk_daily_job | 1105-Temu全托管 - 浏览器启动成功, 调试端口: 61577
2026-06-19 12:08:41,865 | INFO | temu_risk_daily_job | 1105-Temu全托管 - 已连接浏览器
2026-06-19 12:08:42,463 | INFO | temu_risk_daily_job | --------------------1105-Temu全托管 ------------------------ 开始登录...
2026-06-19 12:08:48,276 | ERROR | temu_risk_daily_job | 1105-Temu全托管 - 未出现取消按钮，跳过
2026-06-19 12:08:49,291 | ERROR | temu_risk_daily_job | 1105-Temu全托管 - 未出现进入按钮，跳过
2026-06-19 12:08:49,291 | INFO | temu_risk_daily_job | 1105-Temu全托管 - 登录成功
2026-06-19 12:08:49,292 | INFO | temu_risk_daily_job | 1105-Temu全托管 - 等待 agentseller Cookie 生效
2026-06-19 12:08:57,197 | INFO | temu_risk_daily_job | 1105-Temu全托管 - Cookie 已保存: D:\sd14\Temu_horizon\data\cookies\1105-Temu全托管_cookies.json
2026-06-19 12:08:57,198 | INFO | temu_risk_daily_job | 1105-Temu全托管 - Cookie 获取完成，准备关闭浏览器
2026-06-19 12:08:57,198 | INFO | temu_risk_daily_job | 1105-Temu全托管 - 登录成功（第 1 次）
2026-06-19 12:08:57,215 | INFO | temu_risk_daily_job | 1105-Temu全托管 - 已关闭Playwright连接
2026-06-19 12:08:58,191 | INFO | temu_risk_daily_job | 1105-Temu全托管 - 已发送停止浏览器请求
2026-06-19 12:09:01,220 | INFO | temu_risk_daily_job | 暂无违规数据
2026-06-19 12:09:01,353 | INFO | temu_risk_daily_job | 正在爬取店铺---------------1105-Temu全托管-------------的数据
2026-06-19 12:09:01,407 | INFO | temu_risk_daily_job | 资金限制表（中文字段）检查 / 创建完成
2026-06-19 12:09:06,806 | INFO | temu_risk_daily_job | [跳过] 1105-Temu全托管 | goods_refund_cost 无变化
2026-06-19 12:09:07,967 | INFO | temu_risk_daily_job | [保存] 1105-Temu全托管 | delivery_by_jit 金额=128.91-----保存成功
2026-06-19 12:09:09,043 | INFO | temu_risk_daily_job | [跳过] 1105-Temu全托管 | france_epr 无变化
2026-06-19 12:09:10,152 | INFO | temu_risk_daily_job | [跳过] 1105-Temu全托管 | epr_logistics_packaging_fee 无变化
2026-06-19 12:09:11,215 | INFO | temu_risk_daily_job | [跳过] 1105-Temu全托管 | epr_platform_service_fee 无变化
2026-06-19 12:09:12,397 | INFO | temu_risk_daily_job | [跳过] 1105-Temu全托管 | epr_authorization_agent_fee 无变化
2026-06-19 12:09:13,586 | INFO | temu_risk_daily_job | [保存] 1105-Temu全托管 | order_after_sales_issue_fully 金额=276.39-----保存成功
2026-06-19 12:09:13,586 | INFO | temu_risk_daily_job | 🚀 开始爬取店铺：1104-Temu全托管
2026-06-19 12:09:13,721 | INFO | temu_risk_daily_job | 正在爬取店铺---------------1104-Temu全托管-------------的数据
2026-06-19 12:09:13,777 | INFO | temu_risk_daily_job | 违规记录表检查 / 创建完成
2026-06-19 12:09:14,763 | ERROR | temu_risk_daily_job | 状态不是200：{"error_code":40001,"error_msg":"Invalid Login State"}
2026-06-19 12:09:14,764 | ERROR | temu_risk_daily_job | ⚠️ HTTP异常: 403
2026-06-19 12:09:14,765 | WARNING | temu_risk_daily_job | [1104-Temu全托管] cookie 失效，开始自动刷新登录态
2026-06-19 12:09:14,765 | INFO | temu_risk_daily_job | 1104-Temu全托管 - 第 1 次登录尝试
2026-06-19 12:09:17,896 | INFO | temu_risk_daily_job | 1104-Temu全托管 - start_api 返回: {'code': 0, 'msg': 'Success', 'data': {'action': 'startBrowserByCode', 'backgroundPluginId': 'ifmneobocilkpmpjmkahbfnpccjajnbm', 'browserID': 100261239, 'browserPath': 'C:\\Users\\Administrator\\AppData\\Local\\env-kit\\Core\\chrome_64_131_202501091017\\hubstudio', 'debuggingPort': '61779', 'downloadPath': 'C:\\Users\\Administrator\\Desktop\\Hubstudio\\temu全托1104店', 'duplicate': 2664, 'ip': '125.122.156.184', 'isDynamicIp': False, 'launcherPage': 'about:blank', 'proxyType': 'socks5', 'runMode': 2, 'webdriver': 'C:\\Users\\Administrator\\AppData\\Local\\env-kit\\Core\\chrome_64_131_202501091017\\webdriver.exe', 'containerId': 100261239, 'containerCode': '1010612394', 'statusCode': '0', 'err': '成功(Success)'}}
2026-06-19 12:09:17,896 | INFO | temu_risk_daily_job | 1104-Temu全托管 - 浏览器启动成功, 调试端口: 61779
2026-06-19 12:09:19,541 | INFO | temu_risk_daily_job | 1104-Temu全托管 - 已连接浏览器
2026-06-19 12:09:20,134 | INFO | temu_risk_daily_job | --------------------1104-Temu全托管 ------------------------ 开始登录...
2026-06-19 12:09:26,068 | ERROR | temu_risk_daily_job | 1104-Temu全托管 - 未出现取消按钮，跳过
2026-06-19 12:09:27,075 | ERROR | temu_risk_daily_job | 1104-Temu全托管 - 未出现进入按钮，跳过
2026-06-19 12:09:27,075 | INFO | temu_risk_daily_job | 1104-Temu全托管 - 登录成功
2026-06-19 12:09:27,076 | INFO | temu_risk_daily_job | 1104-Temu全托管 - 等待 agentseller Cookie 生效
2026-06-19 12:09:35,439 | INFO | temu_risk_daily_job | 命中授权方式一：确认授权并前往
2026-06-19 12:09:35,506 | INFO | temu_risk_daily_job | 授权流程完成
2026-06-19 12:09:41,524 | INFO | temu_risk_daily_job | 1104-Temu全托管 - Cookie 已保存: D:\sd14\Temu_horizon\data\cookies\1104-Temu全托管_cookies.json
2026-06-19 12:09:41,525 | INFO | temu_risk_daily_job | 1104-Temu全托管 - Cookie 获取完成，准备关闭浏览器
2026-06-19 12:09:41,525 | INFO | temu_risk_daily_job | 1104-Temu全托管 - 登录成功（第 1 次）
2026-06-19 12:09:41,541 | INFO | temu_risk_daily_job | 1104-Temu全托管 - 已关闭Playwright连接
2026-06-19 12:09:42,591 | INFO | temu_risk_daily_job | 1104-Temu全托管 - 已发送停止浏览器请求
2026-06-19 12:09:45,617 | INFO | temu_risk_daily_job | 暂无违规数据
2026-06-19 12:09:45,755 | INFO | temu_risk_daily_job | 正在爬取店铺---------------1104-Temu全托管-------------的数据
2026-06-19 12:09:45,813 | INFO | temu_risk_daily_job | 资金限制表（中文字段）检查 / 创建完成
2026-06-19 12:09:48,143 | INFO | temu_risk_daily_job | [保存] 1104-Temu全托管 | goods_refund_cost 金额=32.44-----保存成功
2026-06-19 12:09:49,302 | INFO | temu_risk_daily_job | [保存] 1104-Temu全托管 | delivery_by_jit 金额=88.04-----保存成功
2026-06-19 12:09:50,412 | INFO | temu_risk_daily_job | [跳过] 1104-Temu全托管 | france_epr 无变化
2026-06-19 12:09:51,477 | INFO | temu_risk_daily_job | [跳过] 1104-Temu全托管 | epr_logistics_packaging_fee 无变化
2026-06-19 12:09:52,549 | INFO | temu_risk_daily_job | [跳过] 1104-Temu全托管 | epr_platform_service_fee 无变化
2026-06-19 12:09:53,605 | INFO | temu_risk_daily_job | [跳过] 1104-Temu全托管 | epr_authorization_agent_fee 无变化
2026-06-19 12:09:54,854 | INFO | temu_risk_daily_job | [保存] 1104-Temu全托管 | order_after_sales_issue_fully 金额=177.03-----保存成功
2026-06-19 12:09:54,854 | INFO | temu_risk_daily_job | 🚀 开始爬取店铺：1103-Temu全托管
2026-06-19 12:09:54,984 | INFO | temu_risk_daily_job | 正在爬取店铺---------------1103-Temu全托管-------------的数据
2026-06-19 12:09:55,039 | INFO | temu_risk_daily_job | 违规记录表检查 / 创建完成
2026-06-19 12:09:56,025 | ERROR | temu_risk_daily_job | 状态不是200：{"error_code":40001,"error_msg":"Invalid Login State"}
2026-06-19 12:09:56,026 | ERROR | temu_risk_daily_job | ⚠️ HTTP异常: 403
2026-06-19 12:09:56,027 | WARNING | temu_risk_daily_job | [1103-Temu全托管] cookie 失效，开始自动刷新登录态
2026-06-19 12:09:56,027 | INFO | temu_risk_daily_job | 1103-Temu全托管 - 第 1 次登录尝试
2026-06-19 12:09:59,416 | INFO | temu_risk_daily_job | 1103-Temu全托管 - start_api 返回: {'code': 0, 'msg': 'Success', 'data': {'action': 'startBrowserByCode', 'backgroundPluginId': 'jpdodpkjmnaoinfefchdgfomfncffgoc', 'browserID': 100261119, 'browserPath': 'C:\\Users\\Administrator\\AppData\\Local\\env-kit\\Core\\chrome_64_131_202501091017\\hubstudio', 'debuggingPort': '62000', 'downloadPath': 'C:\\Users\\Administrator\\Desktop\\Hubstudio\\temu全托1103店-子账号', 'duplicate': 2935, 'ip': '49.7.135.46', 'isDynamicIp': False, 'launcherPage': 'about:blank', 'proxyType': 'socks5', 'runMode': 2, 'webdriver': 'C:\\Users\\Administrator\\AppData\\Local\\env-kit\\Core\\chrome_64_131_202501091017\\webdriver.exe', 'containerId': 100261119, 'containerCode': '1010611195', 'statusCode': '0', 'err': '成功(Success)'}}
2026-06-19 12:09:59,417 | INFO | temu_risk_daily_job | 1103-Temu全托管 - 浏览器启动成功, 调试端口: 62000
2026-06-19 12:10:00,997 | INFO | temu_risk_daily_job | 1103-Temu全托管 - 已连接浏览器
2026-06-19 12:10:01,665 | INFO | temu_risk_daily_job | --------------------1103-Temu全托管 ------------------------ 开始登录...
2026-06-19 12:10:08,174 | ERROR | temu_risk_daily_job | 1103-Temu全托管 - 未出现取消按钮，跳过
2026-06-19 12:10:09,195 | ERROR | temu_risk_daily_job | 1103-Temu全托管 - 未出现进入按钮，跳过
2026-06-19 12:10:09,195 | INFO | temu_risk_daily_job | 1103-Temu全托管 - 登录成功
2026-06-19 12:10:09,196 | INFO | temu_risk_daily_job | 1103-Temu全托管 - 等待 agentseller Cookie 生效
2026-06-19 12:10:17,621 | INFO | temu_risk_daily_job | 1103-Temu全托管 - Cookie 已保存: D:\sd14\Temu_horizon\data\cookies\1103-Temu全托管_cookies.json
2026-06-19 12:10:17,621 | INFO | temu_risk_daily_job | 1103-Temu全托管 - Cookie 获取完成，准备关闭浏览器
2026-06-19 12:10:17,621 | INFO | temu_risk_daily_job | 1103-Temu全托管 - 登录成功（第 1 次）
2026-06-19 12:10:17,634 | INFO | temu_risk_daily_job | 1103-Temu全托管 - 已关闭Playwright连接
2026-06-19 12:10:18,687 | INFO | temu_risk_daily_job | 1103-Temu全托管 - 已发送停止浏览器请求
2026-06-19 12:10:21,724 | INFO | temu_risk_daily_job | 暂无违规数据
2026-06-19 12:10:21,854 | INFO | temu_risk_daily_job | 正在爬取店铺---------------1103-Temu全托管-------------的数据
2026-06-19 12:10:21,909 | INFO | temu_risk_daily_job | 资金限制表（中文字段）检查 / 创建完成
2026-06-19 12:10:24,236 | INFO | temu_risk_daily_job | [保存] 1103-Temu全托管 | delivery_by_jit 金额=25.93-----保存成功
2026-06-19 12:10:25,314 | INFO | temu_risk_daily_job | [跳过] 1103-Temu全托管 | france_epr 无变化
2026-06-19 12:10:26,357 | INFO | temu_risk_daily_job | [跳过] 1103-Temu全托管 | lack_necessary_qualification 无变化
2026-06-19 12:10:27,457 | INFO | temu_risk_daily_job | [跳过] 1103-Temu全托管 | epr_logistics_packaging_fee 无变化
2026-06-19 12:10:28,535 | INFO | temu_risk_daily_job | [跳过] 1103-Temu全托管 | epr_platform_service_fee 无变化
2026-06-19 12:10:29,602 | INFO | temu_risk_daily_job | [跳过] 1103-Temu全托管 | epr_authorization_agent_fee 无变化
2026-06-19 12:10:30,924 | INFO | temu_risk_daily_job | [保存] 1103-Temu全托管 | order_after_sales_issue_fully 金额=238.15-----保存成功
2026-06-19 12:10:30,925 | INFO | temu_risk_daily_job | 🚀 开始爬取店铺：1102-Temu全托管
2026-06-19 12:10:31,042 | INFO | temu_risk_daily_job | 正在爬取店铺---------------1102-Temu全托管-------------的数据
2026-06-19 12:10:31,091 | INFO | temu_risk_daily_job | 违规记录表检查 / 创建完成
2026-06-19 12:10:32,077 | ERROR | temu_risk_daily_job | 状态不是200：{"error_code":40001,"error_msg":"Invalid Login State"}
2026-06-19 12:10:32,079 | ERROR | temu_risk_daily_job | ⚠️ HTTP异常: 403
2026-06-19 12:10:32,080 | WARNING | temu_risk_daily_job | [1102-Temu全托管] cookie 失效，开始自动刷新登录态
2026-06-19 12:10:32,081 | INFO | temu_risk_daily_job | 1102-Temu全托管 - 第 1 次登录尝试
2026-06-19 12:10:35,258 | INFO | temu_risk_daily_job | 1102-Temu全托管 - start_api 返回: {'code': 0, 'msg': 'Success', 'data': {'action': 'startBrowserByCode', 'backgroundPluginId': 'jelnoidfmcaagnefijmbgjihdibffamo', 'browserID': 100123686, 'browserPath': 'C:\\Users\\Administrator\\AppData\\Local\\env-kit\\Core\\chrome_64_131_202501091017\\hubstudio', 'debuggingPort': '62184', 'downloadPath': 'C:\\Users\\Administrator\\Desktop\\Hubstudio\\temu全托1102店', 'duplicate': 2733, 'ip': '125.122.156.184', 'isDynamicIp': False, 'launcherPage': 'about:blank', 'proxyType': 'socks5', 'runMode': 2, 'webdriver': 'C:\\Users\\Administrator\\AppData\\Local\\env-kit\\Core\\chrome_64_131_202501091017\\webdriver.exe', 'containerId': 100123686, 'containerCode': '1009236863', 'statusCode': '0', 'err': '成功(Success)'}}
2026-06-19 12:10:35,258 | INFO | temu_risk_daily_job | 1102-Temu全托管 - 浏览器启动成功, 调试端口: 62184
2026-06-19 12:10:36,933 | INFO | temu_risk_daily_job | 1102-Temu全托管 - 已连接浏览器
2026-06-19 12:10:37,480 | INFO | temu_risk_daily_job | --------------------1102-Temu全托管 ------------------------ 开始登录...
2026-06-19 12:10:43,120 | ERROR | temu_risk_daily_job | 1102-Temu全托管 - 未出现取消按钮，跳过
2026-06-19 12:10:43,141 | INFO | temu_risk_daily_job | 1102-Temu全托管 - 已点击进入
2026-06-19 12:10:43,141 | INFO | temu_risk_daily_job | 1102-Temu全托管 - 登录成功
2026-06-19 12:10:43,142 | INFO | temu_risk_daily_job | 1102-Temu全托管 - 等待 agentseller Cookie 生效
2026-06-19 12:10:51,660 | INFO | temu_risk_daily_job | 命中授权方式一：确认授权并前往
2026-06-19 12:10:51,740 | INFO | temu_risk_daily_job | 授权流程完成
2026-06-19 12:10:57,784 | INFO | temu_risk_daily_job | 1102-Temu全托管 - Cookie 已保存: D:\sd14\Temu_horizon\data\cookies\1102-Temu全托管_cookies.json
2026-06-19 12:10:57,784 | INFO | temu_risk_daily_job | 1102-Temu全托管 - Cookie 获取完成，准备关闭浏览器
2026-06-19 12:10:57,784 | INFO | temu_risk_daily_job | 1102-Temu全托管 - 登录成功（第 1 次）
2026-06-19 12:10:57,802 | INFO | temu_risk_daily_job | 1102-Temu全托管 - 已关闭Playwright连接
2026-06-19 12:10:59,037 | INFO | temu_risk_daily_job | 1102-Temu全托管 - 已发送停止浏览器请求
2026-06-19 12:11:02,101 | INFO | temu_risk_daily_job | 暂无违规数据
2026-06-19 12:11:02,220 | INFO | temu_risk_daily_job | 正在爬取店铺---------------1102-Temu全托管-------------的数据
2026-06-19 12:11:02,269 | INFO | temu_risk_daily_job | 资金限制表（中文字段）检查 / 创建完成
2026-06-19 12:11:04,490 | INFO | temu_risk_daily_job | [跳过] 1102-Temu全托管 | goods_refund_cost 无变化
2026-06-19 12:11:05,546 | INFO | temu_risk_daily_job | [跳过] 1102-Temu全托管 | goods_poor_quality 无变化
2026-06-19 12:11:06,660 | INFO | temu_risk_daily_job | [跳过] 1102-Temu全托管 | after_sales_5x_fine 无变化
2026-06-19 12:11:07,761 | INFO | temu_risk_daily_job | [跳过] 1102-Temu全托管 | france_epr 无变化
2026-06-19 12:11:08,835 | INFO | temu_risk_daily_job | [跳过] 1102-Temu全托管 | epr_logistics_packaging_fee 无变化
2026-06-19 12:11:09,786 | INFO | temu_risk_daily_job | [跳过] 1102-Temu全托管 | epr_platform_service_fee 无变化
2026-06-19 12:11:10,825 | INFO | temu_risk_daily_job | [跳过] 1102-Temu全托管 | order_after_sales_issue_fully 无变化
2026-06-19 12:11:10,825 | INFO | temu_risk_daily_job | 🚀 开始爬取店铺：1101-Temu全托管
2026-06-19 12:11:10,946 | INFO | temu_risk_daily_job | 正在爬取店铺---------------1101-Temu全托管-------------的数据
2026-06-19 12:11:10,998 | INFO | temu_risk_daily_job | 违规记录表检查 / 创建完成
2026-06-19 12:11:11,885 | ERROR | temu_risk_daily_job | 状态不是200：{"error_code":40001,"error_msg":"Invalid Login State"}
2026-06-19 12:11:11,886 | ERROR | temu_risk_daily_job | ⚠️ HTTP异常: 403
2026-06-19 12:11:11,887 | WARNING | temu_risk_daily_job | [1101-Temu全托管] cookie 失效，开始自动刷新登录态
2026-06-19 12:11:11,887 | INFO | temu_risk_daily_job | 1101-Temu全托管 - 第 1 次登录尝试
2026-06-19 12:11:15,429 | INFO | temu_risk_daily_job | 1101-Temu全托管 - start_api 返回: {'code': 0, 'msg': 'Success', 'data': {'action': 'startBrowserByCode', 'backgroundPluginId': 'ckhldkgdmajoifldkandjekhofbghdfh', 'browserID': 100260927, 'browserPath': 'C:\\Users\\Administrator\\AppData\\Local\\env-kit\\Core\\chrome_64_131_202501091017\\hubstudio', 'debuggingPort': '62387', 'downloadPath': 'C:\\Users\\Administrator\\Desktop\\Hubstudio\\temu全托1101店', 'duplicate': 3099, 'ip': '124.225.4.69', 'isDynamicIp': False, 'launcherPage': 'about:blank', 'proxyType': 'socks5', 'runMode': 2, 'webdriver': 'C:\\Users\\Administrator\\AppData\\Local\\env-kit\\Core\\chrome_64_131_202501091017\\webdriver.exe', 'containerId': 100260927, 'containerCode': '1010609275', 'statusCode': '0', 'err': '成功(Success)'}}
2026-06-19 12:11:15,430 | INFO | temu_risk_daily_job | 1101-Temu全托管 - 浏览器启动成功, 调试端口: 62387
2026-06-19 12:11:17,148 | INFO | temu_risk_daily_job | 1101-Temu全托管 - 已连接浏览器
2026-06-19 12:11:17,814 | INFO | temu_risk_daily_job | --------------------1101-Temu全托管 ------------------------ 开始登录...
2026-06-19 12:11:24,119 | ERROR | temu_risk_daily_job | 1101-Temu全托管 - 未出现取消按钮，跳过
2026-06-19 12:11:25,135 | ERROR | temu_risk_daily_job | 1101-Temu全托管 - 未出现进入按钮，跳过
2026-06-19 12:11:25,136 | INFO | temu_risk_daily_job | 1101-Temu全托管 - 登录成功
2026-06-19 12:11:25,136 | INFO | temu_risk_daily_job | 1101-Temu全托管 - 等待 agentseller Cookie 生效
2026-06-19 12:11:33,064 | INFO | temu_risk_daily_job | 1101-Temu全托管 - Cookie 已保存: D:\sd14\Temu_horizon\data\cookies\1101-Temu全托管_cookies.json
2026-06-19 12:11:33,064 | INFO | temu_risk_daily_job | 1101-Temu全托管 - Cookie 获取完成，准备关闭浏览器
2026-06-19 12:11:33,064 | INFO | temu_risk_daily_job | 1101-Temu全托管 - 登录成功（第 1 次）
2026-06-19 12:11:33,079 | INFO | temu_risk_daily_job | 1101-Temu全托管 - 已关闭Playwright连接
2026-06-19 12:11:34,153 | INFO | temu_risk_daily_job | 1101-Temu全托管 - 已发送停止浏览器请求
2026-06-19 12:11:37,045 | INFO | temu_risk_daily_job | 暂无违规数据
2026-06-19 12:11:37,165 | INFO | temu_risk_daily_job | 正在爬取店铺---------------1101-Temu全托管-------------的数据
2026-06-19 12:11:37,215 | INFO | temu_risk_daily_job | 资金限制表（中文字段）检查 / 创建完成
2026-06-19 12:11:39,300 | INFO | temu_risk_daily_job | [保存] 1101-Temu全托管 | goods_refund_cost 金额=15.31-----保存成功
2026-06-19 12:11:40,344 | INFO | temu_risk_daily_job | [保存] 1101-Temu全托管 | delivery_by_jit 金额=81.75-----保存成功
2026-06-19 12:11:41,298 | INFO | temu_risk_daily_job | [跳过] 1101-Temu全托管 | france_epr 无变化
2026-06-19 12:11:42,278 | INFO | temu_risk_daily_job | [跳过] 1101-Temu全托管 | epr_logistics_packaging_fee 无变化
2026-06-19 12:11:43,247 | INFO | temu_risk_daily_job | [跳过] 1101-Temu全托管 | epr_platform_service_fee 无变化
2026-06-19 12:11:44,183 | INFO | temu_risk_daily_job | [跳过] 1101-Temu全托管 | advertising_expenses 无变化
2026-06-19 12:11:45,118 | INFO | temu_risk_daily_job | [跳过] 1101-Temu全托管 | epr_authorization_agent_fee 无变化
2026-06-19 12:11:46,289 | INFO | temu_risk_daily_job | [保存] 1101-Temu全托管 | order_after_sales_issue_fully 金额=141.80-----保存成功
2026-06-19 12:11:46,289 | INFO | temu_risk_daily_job | 🚀 开始爬取店铺：110-Temu全托管KA
2026-06-19 12:11:46,415 | INFO | temu_risk_daily_job | 正在爬取店铺---------------110-Temu全托管KA-------------的数据
2026-06-19 12:11:46,468 | INFO | temu_risk_daily_job | 违规记录表检查 / 创建完成
2026-06-19 12:11:47,596 | ERROR | temu_risk_daily_job | 状态不是200：{"error_code":40001,"error_msg":"Invalid Login State"}
2026-06-19 12:11:47,597 | ERROR | temu_risk_daily_job | ⚠️ HTTP异常: 403
2026-06-19 12:11:47,598 | WARNING | temu_risk_daily_job | [110-Temu全托管KA] cookie 失效，开始自动刷新登录态
2026-06-19 12:11:47,598 | INFO | temu_risk_daily_job | 110-Temu全托管KA - 第 1 次登录尝试
2026-06-19 12:11:51,198 | INFO | temu_risk_daily_job | 110-Temu全托管KA - start_api 返回: {'code': 0, 'msg': 'Success', 'data': {'action': 'startBrowserByCode', 'backgroundPluginId': 'komlifcoekddpkbgnlkbhoknnkcniofa', 'browserID': 104353651, 'browserPath': 'C:\\Users\\Administrator\\AppData\\Local\\env-kit\\Core\\chrome_64_131_202501091017\\hubstudio', 'debuggingPort': '62572', 'downloadPath': 'C:\\Users\\Administrator\\Desktop\\Hubstudio\\temu全托110号店+半托7号店', 'duplicate': 3158, 'ip': '121.14.201.248', 'isDynamicIp': False, 'launcherPage': 'about:blank', 'proxyType': 'socks5', 'runMode': 2, 'webdriver': 'C:\\Users\\Administrator\\AppData\\Local\\env-kit\\Core\\chrome_64_131_202501091017\\webdriver.exe', 'containerId': 104353651, 'containerCode': '1051536511', 'statusCode': '0', 'err': '成功(Success)'}}
2026-06-19 12:11:51,199 | INFO | temu_risk_daily_job | 110-Temu全托管KA - 浏览器启动成功, 调试端口: 62572
2026-06-19 12:11:52,776 | INFO | temu_risk_daily_job | 110-Temu全托管KA - 已连接浏览器
2026-06-19 12:11:53,389 | INFO | temu_risk_daily_job | --------------------110-Temu全托管KA ------------------------ 开始登录...
2026-06-19 12:11:59,118 | ERROR | temu_risk_daily_job | 110-Temu全托管KA - 未出现取消按钮，跳过
2026-06-19 12:12:00,123 | ERROR | temu_risk_daily_job | 110-Temu全托管KA - 未出现进入按钮，跳过
2026-06-19 12:12:00,123 | INFO | temu_risk_daily_job | 110-Temu全托管KA - 登录成功
2026-06-19 12:12:00,124 | INFO | temu_risk_daily_job | 110-Temu全托管KA - 等待 agentseller Cookie 生效
2026-06-19 12:12:07,956 | INFO | temu_risk_daily_job | 命中授权方式一：确认授权并前往
2026-06-19 12:12:08,061 | INFO | temu_risk_daily_job | 授权流程完成
2026-06-19 12:12:14,083 | INFO | temu_risk_daily_job | 110-Temu全托管KA - Cookie 已保存: D:\sd14\Temu_horizon\data\cookies\110-Temu全托管KA_cookies.json
2026-06-19 12:12:14,083 | INFO | temu_risk_daily_job | 110-Temu全托管KA - Cookie 获取完成，准备关闭浏览器
2026-06-19 12:12:14,083 | INFO | temu_risk_daily_job | 110-Temu全托管KA - 登录成功（第 1 次）
2026-06-19 12:12:14,102 | INFO | temu_risk_daily_job | 110-Temu全托管KA - 已关闭Playwright连接
2026-06-19 12:12:15,242 | INFO | temu_risk_daily_job | 110-Temu全托管KA - 已发送停止浏览器请求
2026-06-19 12:12:18,261 | INFO | temu_risk_daily_job | 暂无违规数据
2026-06-19 12:12:18,376 | INFO | temu_risk_daily_job | 正在爬取店铺---------------110-Temu全托管KA-------------的数据
2026-06-19 12:12:18,424 | INFO | temu_risk_daily_job | 资金限制表（中文字段）检查 / 创建完成
2026-06-19 12:12:20,567 | INFO | temu_risk_daily_job | [保存] 110-Temu全托管KA | goods_refund_cost 金额=136.63-----保存成功
2026-06-19 12:12:21,655 | INFO | temu_risk_daily_job | [保存] 110-Temu全托管KA | delivery_by_jit 金额=470.88-----保存成功
2026-06-19 12:12:22,594 | INFO | temu_risk_daily_job | [跳过] 110-Temu全托管KA | goods_poor_quality 无变化
2026-06-19 12:12:23,572 | INFO | temu_risk_daily_job | [跳过] 110-Temu全托管KA | france_epr 无变化
2026-06-19 12:12:24,637 | INFO | temu_risk_daily_job | [保存] 110-Temu全托管KA | epr_logistics_packaging_fee 金额=214.91-----保存成功
2026-06-19 12:12:25,583 | INFO | temu_risk_daily_job | [跳过] 110-Temu全托管KA | mall_compliance_risk 无变化
2026-06-19 12:12:26,525 | INFO | temu_risk_daily_job | [跳过] 110-Temu全托管KA | epr_platform_service_fee 无变化
2026-06-19 12:12:27,466 | INFO | temu_risk_daily_job | [跳过] 110-Temu全托管KA | advertising_expenses 无变化
2026-06-19 12:12:28,434 | INFO | temu_risk_daily_job | [跳过] 110-Temu全托管KA | epr_authorization_agent_fee 无变化
2026-06-19 12:12:29,640 | INFO | temu_risk_daily_job | [保存] 110-Temu全托管KA | order_after_sales_issue_fully 金额=403.48-----保存成功
2026-06-19 12:12:29,640 | INFO | temu_risk_daily_job | 🚀 开始爬取店铺：109-Temu全托管KA
2026-06-19 12:12:29,774 | INFO | temu_risk_daily_job | 正在爬取店铺---------------109-Temu全托管KA-------------的数据
2026-06-19 12:12:29,830 | INFO | temu_risk_daily_job | 违规记录表检查 / 创建完成
2026-06-19 12:12:31,720 | ERROR | temu_risk_daily_job | 状态不是200：{"error_code":40001,"error_msg":"Invalid Login State"}
2026-06-19 12:12:31,721 | ERROR | temu_risk_daily_job | ⚠️ HTTP异常: 403
2026-06-19 12:12:31,722 | WARNING | temu_risk_daily_job | [109-Temu全托管KA] cookie 失效，开始自动刷新登录态
2026-06-19 12:12:31,722 | INFO | temu_risk_daily_job | 109-Temu全托管KA - 第 1 次登录尝试
2026-06-19 12:12:35,236 | INFO | temu_risk_daily_job | 109-Temu全托管KA - start_api 返回: {'code': 0, 'msg': 'Success', 'data': {'action': 'startBrowserByCode', 'backgroundPluginId': 'ohiahjpnifkljncpockjijkdiohieojm', 'browserID': 104329439, 'browserPath': 'C:\\Users\\Administrator\\AppData\\Local\\env-kit\\Core\\chrome_64_131_202501091017\\hubstudio', 'debuggingPort': '62789', 'downloadPath': 'C:\\Users\\Administrator\\Desktop\\Hubstudio\\temu全托109+半托3号-Geeray', 'duplicate': 3065, 'ip': '124.236.76.149', 'isDynamicIp': False, 'launcherPage': 'about:blank', 'proxyType': 'socks5', 'runMode': 2, 'webdriver': 'C:\\Users\\Administrator\\AppData\\Local\\env-kit\\Core\\chrome_64_131_202501091017\\webdriver.exe', 'containerId': 104329439, 'containerCode': '1051294393', 'statusCode': '0', 'err': '成功(Success)'}}
2026-06-19 12:12:35,236 | INFO | temu_risk_daily_job | 109-Temu全托管KA - 浏览器启动成功, 调试端口: 62789
2026-06-19 12:12:36,825 | INFO | temu_risk_daily_job | 109-Temu全托管KA - 已连接浏览器
2026-06-19 12:12:37,506 | INFO | temu_risk_daily_job | --------------------109-Temu全托管KA ------------------------ 开始登录...
2026-06-19 12:12:42,682 | ERROR | temu_risk_daily_job | 109-Temu全托管KA - 未出现取消按钮，跳过
2026-06-19 12:12:43,699 | ERROR | temu_risk_daily_job | 109-Temu全托管KA - 未出现进入按钮，跳过
2026-06-19 12:12:43,699 | INFO | temu_risk_daily_job | 109-Temu全托管KA - 登录成功
2026-06-19 12:12:43,700 | INFO | temu_risk_daily_job | 109-Temu全托管KA - 等待 agentseller Cookie 生效
2026-06-19 12:12:52,355 | INFO | temu_risk_daily_job | 命中授权方式一：确认授权并前往
2026-06-19 12:12:52,422 | INFO | temu_risk_daily_job | 授权流程完成
2026-06-19 12:12:58,467 | INFO | temu_risk_daily_job | 109-Temu全托管KA - Cookie 已保存: D:\sd14\Temu_horizon\data\cookies\109-Temu全托管KA_cookies.json
2026-06-19 12:12:58,467 | INFO | temu_risk_daily_job | 109-Temu全托管KA - Cookie 获取完成，准备关闭浏览器
2026-06-19 12:12:58,467 | INFO | temu_risk_daily_job | 109-Temu全托管KA - 登录成功（第 1 次）
2026-06-19 12:12:58,484 | INFO | temu_risk_daily_job | 109-Temu全托管KA - 已关闭Playwright连接
2026-06-19 12:12:59,635 | INFO | temu_risk_daily_job | 109-Temu全托管KA - 已发送停止浏览器请求
2026-06-19 12:13:02,533 | INFO | temu_risk_daily_job | 暂无违规数据
2026-06-19 12:13:02,664 | INFO | temu_risk_daily_job | 正在爬取店铺---------------109-Temu全托管KA-------------的数据
2026-06-19 12:13:02,719 | INFO | temu_risk_daily_job | 资金限制表（中文字段）检查 / 创建完成
2026-06-19 12:13:05,067 | INFO | temu_risk_daily_job | [跳过] 109-Temu全托管KA | goods_refund_cost 无变化
2026-06-19 12:13:06,517 | INFO | temu_risk_daily_job | [保存] 109-Temu全托管KA | delivery_by_jit 金额=357.48-----保存成功
2026-06-19 12:13:07,461 | INFO | temu_risk_daily_job | [跳过] 109-Temu全托管KA | goods_poor_quality 无变化
2026-06-19 12:13:08,437 | INFO | temu_risk_daily_job | [跳过] 109-Temu全托管KA | france_epr 无变化
2026-06-19 12:13:09,399 | INFO | temu_risk_daily_job | [跳过] 109-Temu全托管KA | epr_logistics_packaging_fee 无变化
2026-06-19 12:13:10,368 | INFO | temu_risk_daily_job | [跳过] 109-Temu全托管KA | epr_platform_service_fee 无变化
2026-06-19 12:13:11,308 | INFO | temu_risk_daily_job | [跳过] 109-Temu全托管KA | review_subsidy_reserve 无变化
2026-06-19 12:13:12,506 | INFO | temu_risk_daily_job | [保存] 109-Temu全托管KA | order_after_sales_issue_fully 金额=186.12-----保存成功
2026-06-19 12:13:12,506 | INFO | temu_risk_daily_job | 🚀 开始爬取店铺：108-Temu全托管
2026-06-19 12:13:12,644 | INFO | temu_risk_daily_job | 正在爬取店铺---------------108-Temu全托管-------------的数据
2026-06-19 12:13:12,701 | INFO | temu_risk_daily_job | 违规记录表检查 / 创建完成
2026-06-19 12:13:13,578 | ERROR | temu_risk_daily_job | 状态不是200：{"error_code":40001,"error_msg":"Invalid Login State"}
2026-06-19 12:13:13,578 | ERROR | temu_risk_daily_job | ⚠️ HTTP异常: 403
2026-06-19 12:13:13,579 | WARNING | temu_risk_daily_job | [108-Temu全托管] cookie 失效，开始自动刷新登录态
2026-06-19 12:13:13,580 | INFO | temu_risk_daily_job | 108-Temu全托管 - 第 1 次登录尝试
2026-06-19 12:13:16,941 | INFO | temu_risk_daily_job | 108-Temu全托管 - start_api 返回: {'code': 0, 'msg': 'Success', 'data': {'action': 'startBrowserByCode', 'backgroundPluginId': 'gobiecapkllflcacpgecmdakhoffglne', 'browserID': 104562169, 'browserPath': 'C:\\Users\\Administrator\\AppData\\Local\\env-kit\\Core\\chrome_64_131_202501091017\\hubstudio', 'debuggingPort': '62982', 'downloadPath': 'C:\\Users\\Administrator\\Desktop\\Hubstudio\\temu全托108店-YYDeeK BO子账号', 'duplicate': 2908, 'ip': '125.122.156.184', 'isDynamicIp': False, 'launcherPage': 'about:blank', 'proxyType': 'socks5', 'runMode': 2, 'webdriver': 'C:\\Users\\Administrator\\AppData\\Local\\env-kit\\Core\\chrome_64_131_202501091017\\webdriver.exe', 'containerId': 104562169, 'containerCode': '1053621692', 'statusCode': '0', 'err': '成功(Success)'}}
2026-06-19 12:13:16,941 | INFO | temu_risk_daily_job | 108-Temu全托管 - 浏览器启动成功, 调试端口: 62982
2026-06-19 12:13:18,519 | INFO | temu_risk_daily_job | 108-Temu全托管 - 已连接浏览器
2026-06-19 12:13:19,107 | INFO | temu_risk_daily_job | --------------------108-Temu全托管 ------------------------ 开始登录...
2026-06-19 12:13:25,094 | ERROR | temu_risk_daily_job | 108-Temu全托管 - 未出现取消按钮，跳过
2026-06-19 12:13:25,136 | INFO | temu_risk_daily_job | 108-Temu全托管 - 已点击进入
2026-06-19 12:13:25,137 | INFO | temu_risk_daily_job | 108-Temu全托管 - 登录成功
2026-06-19 12:13:25,138 | INFO | temu_risk_daily_job | 108-Temu全托管 - 等待 agentseller Cookie 生效
2026-06-19 12:13:33,125 | INFO | temu_risk_daily_job | 命中授权方式一：确认授权并前往
2026-06-19 12:13:33,191 | INFO | temu_risk_daily_job | 授权流程完成
2026-06-19 12:13:39,237 | INFO | temu_risk_daily_job | 108-Temu全托管 - Cookie 已保存: D:\sd14\Temu_horizon\data\cookies\108-Temu全托管_cookies.json
2026-06-19 12:13:39,237 | INFO | temu_risk_daily_job | 108-Temu全托管 - Cookie 获取完成，准备关闭浏览器
2026-06-19 12:13:39,238 | INFO | temu_risk_daily_job | 108-Temu全托管 - 登录成功（第 1 次）
2026-06-19 12:13:39,254 | INFO | temu_risk_daily_job | 108-Temu全托管 - 已关闭Playwright连接
2026-06-19 12:13:40,319 | INFO | temu_risk_daily_job | 108-Temu全托管 - 已发送停止浏览器请求
2026-06-19 12:13:43,237 | INFO | temu_risk_daily_job | 暂无违规数据
2026-06-19 12:13:43,365 | INFO | temu_risk_daily_job | 正在爬取店铺---------------108-Temu全托管-------------的数据
2026-06-19 12:13:43,418 | INFO | temu_risk_daily_job | 资金限制表（中文字段）检查 / 创建完成
2026-06-19 12:13:45,447 | INFO | temu_risk_daily_job | [跳过] 108-Temu全托管 | goods_refund_cost 无变化
2026-06-19 12:13:46,520 | INFO | temu_risk_daily_job | [保存] 108-Temu全托管 | france_epr 金额=226.36-----保存成功
2026-06-19 12:13:47,519 | INFO | temu_risk_daily_job | [跳过] 108-Temu全托管 | epr_logistics_packaging_fee 无变化
2026-06-19 12:13:48,476 | INFO | temu_risk_daily_job | [跳过] 108-Temu全托管 | epr_platform_service_fee 无变化
2026-06-19 12:13:49,435 | INFO | temu_risk_daily_job | [跳过] 108-Temu全托管 | epr_authorization_agent_fee 无变化
2026-06-19 12:13:50,548 | INFO | temu_risk_daily_job | [保存] 108-Temu全托管 | order_after_sales_issue_fully 金额=73.78-----保存成功
2026-06-19 12:13:50,548 | INFO | temu_risk_daily_job | 🚀 开始爬取店铺：106-Temu全托管
2026-06-19 12:13:50,667 | INFO | temu_risk_daily_job | 正在爬取店铺---------------106-Temu全托管-------------的数据
2026-06-19 12:13:50,717 | INFO | temu_risk_daily_job | 违规记录表检查 / 创建完成
2026-06-19 12:13:51,593 | ERROR | temu_risk_daily_job | 状态不是200：{"error_code":40001,"error_msg":"Invalid Login State"}
2026-06-19 12:13:51,593 | ERROR | temu_risk_daily_job | ⚠️ HTTP异常: 403
2026-06-19 12:13:51,594 | WARNING | temu_risk_daily_job | [106-Temu全托管] cookie 失效，开始自动刷新登录态
2026-06-19 12:13:51,595 | INFO | temu_risk_daily_job | 106-Temu全托管 - 第 1 次登录尝试
2026-06-19 12:13:54,895 | INFO | temu_risk_daily_job | 106-Temu全托管 - start_api 返回: {'code': 0, 'msg': 'Success', 'data': {'action': 'startBrowserByCode', 'backgroundPluginId': 'pngnekjgjoanofgpkpnjilfmdnlhikjk', 'browserID': 104315998, 'browserPath': 'C:\\Users\\Administrator\\AppData\\Local\\env-kit\\Core\\chrome_64_131_202501091017\\hubstudio', 'debuggingPort': '63217', 'downloadPath': 'C:\\Users\\Administrator\\Desktop\\Hubstudio\\temu全托106店-BAKAM', 'duplicate': 2873, 'ip': '36.111.32.150', 'isDynamicIp': False, 'launcherPage': 'about:blank', 'proxyType': 'socks5', 'runMode': 2, 'webdriver': 'C:\\Users\\Administrator\\AppData\\Local\\env-kit\\Core\\chrome_64_131_202501091017\\webdriver.exe', 'containerId': 104315998, 'containerCode': '1051159982', 'statusCode': '0', 'err': '成功(Success)'}}
2026-06-19 12:13:54,896 | INFO | temu_risk_daily_job | 106-Temu全托管 - 浏览器启动成功, 调试端口: 63217
2026-06-19 12:13:56,497 | INFO | temu_risk_daily_job | 106-Temu全托管 - 已连接浏览器
2026-06-19 12:13:56,519 | ERROR | temu_risk_daily_job | 106-Temu全托管 - 打开登录页失败: Page.goto: net::ERR_ABORTED at https://seller.kuajingmaihuo.com/login
Call log:
  - navigating to "https://seller.kuajingmaihuo.com/login", waiting until "domcontentloaded"

2026-06-19 12:13:56,520 | ERROR | temu_risk_daily_job | 106-Temu全托管 - 第 1 次失败: open_login_page 失败
Traceback (most recent call last):
  File "D:\sd14\Temu_horizon\core\login.py", line 256, in run
    result = await self.run_once()
  File "D:\sd14\Temu_horizon\core\login.py", line 239, in run_once
    raise Exception("open_login_page 失败")
Exception: open_login_page 失败
2026-06-19 12:13:56,551 | INFO | temu_risk_daily_job | 106-Temu全托管 - 已关闭Playwright连接
2026-06-19 12:13:57,657 | INFO | temu_risk_daily_job | 106-Temu全托管 - 已发送停止浏览器请求
2026-06-19 12:13:57,658 | INFO | temu_risk_daily_job | 106-Temu全托管 - 准备重试，等待 3 秒...
2026-06-19 12:14:00,665 | INFO | temu_risk_daily_job | 106-Temu全托管 - 第 2 次登录尝试
2026-06-19 12:14:03,325 | INFO | temu_risk_daily_job | 106-Temu全托管 - start_api 返回: {'code': 0, 'msg': 'Success', 'data': {'action': 'startBrowserByCode', 'backgroundPluginId': 'pngnekjgjoanofgpkpnjilfmdnlhikjk', 'browserID': 104315998, 'browserPath': 'C:\\Users\\Administrator\\AppData\\Local\\env-kit\\Core\\chrome_64_131_202501091017\\hubstudio', 'debuggingPort': '63294', 'downloadPath': 'C:\\Users\\Administrator\\Desktop\\Hubstudio\\temu全托106店-BAKAM', 'duplicate': 2330, 'ip': '36.111.32.150', 'isDynamicIp': False, 'launcherPage': 'about:blank', 'proxyType': 'socks5', 'runMode': 2, 'webdriver': 'C:\\Users\\Administrator\\AppData\\Local\\env-kit\\Core\\chrome_64_131_202501091017\\webdriver.exe', 'containerId': 104315998, 'containerCode': '1051159982', 'statusCode': '0', 'err': '成功(Success)'}}
2026-06-19 12:14:03,326 | INFO | temu_risk_daily_job | 106-Temu全托管 - 浏览器启动成功, 调试端口: 63294
2026-06-19 12:14:04,923 | INFO | temu_risk_daily_job | 106-Temu全托管 - 已连接浏览器
2026-06-19 12:14:04,937 | ERROR | temu_risk_daily_job | 106-Temu全托管 - 打开登录页失败: Page.goto: net::ERR_ABORTED at https://seller.kuajingmaihuo.com/login
Call log:
  - navigating to "https://seller.kuajingmaihuo.com/login", waiting until "domcontentloaded"

2026-06-19 12:14:04,938 | ERROR | temu_risk_daily_job | 106-Temu全托管 - 第 2 次失败: open_login_page 失败
Traceback (most recent call last):
  File "D:\sd14\Temu_horizon\core\login.py", line 256, in run
    result = await self.run_once()
  File "D:\sd14\Temu_horizon\core\login.py", line 239, in run_once
    raise Exception("open_login_page 失败")
Exception: open_login_page 失败
2026-06-19 12:14:04,963 | INFO | temu_risk_daily_job | 106-Temu全托管 - 已关闭Playwright连接
2026-06-19 12:14:05,842 | INFO | temu_risk_daily_job | 106-Temu全托管 - 已发送停止浏览器请求
2026-06-19 12:14:05,842 | INFO | temu_risk_daily_job | 106-Temu全托管 - 准备重试，等待 3 秒...
2026-06-19 12:14:08,850 | INFO | temu_risk_daily_job | 106-Temu全托管 - 第 3 次登录尝试
2026-06-19 12:14:11,668 | INFO | temu_risk_daily_job | 106-Temu全托管 - start_api 返回: {'code': 0, 'msg': 'Success', 'data': {'action': 'startBrowserByCode', 'backgroundPluginId': 'pngnekjgjoanofgpkpnjilfmdnlhikjk', 'browserID': 104315998, 'browserPath': 'C:\\Users\\Administrator\\AppData\\Local\\env-kit\\Core\\chrome_64_131_202501091017\\hubstudio', 'debuggingPort': '63362', 'downloadPath': 'C:\\Users\\Administrator\\Desktop\\Hubstudio\\temu全托106店-BAKAM', 'duplicate': 2488, 'ip': '36.111.32.150', 'isDynamicIp': False, 'launcherPage': 'about:blank', 'proxyType': 'socks5', 'runMode': 2, 'webdriver': 'C:\\Users\\Administrator\\AppData\\Local\\env-kit\\Core\\chrome_64_131_202501091017\\webdriver.exe', 'containerId': 104315998, 'containerCode': '1051159982', 'statusCode': '0', 'err': '成功(Success)'}}
2026-06-19 12:14:11,669 | INFO | temu_risk_daily_job | 106-Temu全托管 - 浏览器启动成功, 调试端口: 63362
2026-06-19 12:14:13,280 | INFO | temu_risk_daily_job | 106-Temu全托管 - 已连接浏览器
2026-06-19 12:14:13,803 | INFO | temu_risk_daily_job | --------------------106-Temu全托管 ------------------------ 开始登录...
2026-06-19 12:14:20,082 | ERROR | temu_risk_daily_job | 106-Temu全托管 - 未出现取消按钮，跳过
2026-06-19 12:14:21,099 | ERROR | temu_risk_daily_job | 106-Temu全托管 - 未出现进入按钮，跳过
2026-06-19 12:14:21,099 | INFO | temu_risk_daily_job | 106-Temu全托管 - 登录成功
2026-06-19 12:14:21,100 | INFO | temu_risk_daily_job | 106-Temu全托管 - 等待 agentseller Cookie 生效
2026-06-19 12:14:29,004 | INFO | temu_risk_daily_job | 命中授权方式一：确认授权并前往
2026-06-19 12:14:29,076 | INFO | temu_risk_daily_job | 授权流程完成
2026-06-19 12:14:35,100 | INFO | temu_risk_daily_job | 106-Temu全托管 - Cookie 已保存: D:\sd14\Temu_horizon\data\cookies\106-Temu全托管_cookies.json
2026-06-19 12:14:35,101 | INFO | temu_risk_daily_job | 106-Temu全托管 - Cookie 获取完成，准备关闭浏览器
2026-06-19 12:14:35,101 | INFO | temu_risk_daily_job | 106-Temu全托管 - 登录成功（第 3 次）
2026-06-19 12:14:35,120 | INFO | temu_risk_daily_job | 106-Temu全托管 - 已关闭Playwright连接
2026-06-19 12:14:36,215 | INFO | temu_risk_daily_job | 106-Temu全托管 - 已发送停止浏览器请求
2026-06-19 12:14:39,473 | INFO | temu_risk_daily_job | 暂无违规数据
2026-06-19 12:14:39,600 | INFO | temu_risk_daily_job | 正在爬取店铺---------------106-Temu全托管-------------的数据
2026-06-19 12:14:39,653 | INFO | temu_risk_daily_job | 资金限制表（中文字段）检查 / 创建完成
2026-06-19 12:14:42,102 | INFO | temu_risk_daily_job | [保存] 106-Temu全托管 | goods_refund_cost 金额=40.73-----保存成功
2026-06-19 12:14:43,101 | INFO | temu_risk_daily_job | [跳过] 106-Temu全托管 | delivery_by_jit 无变化
2026-06-19 12:14:44,184 | INFO | temu_risk_daily_job | [保存] 106-Temu全托管 | france_epr 金额=216.57-----保存成功
2026-06-19 12:14:45,153 | INFO | temu_risk_daily_job | [跳过] 106-Temu全托管 | epr_logistics_packaging_fee 无变化
2026-06-19 12:14:46,132 | INFO | temu_risk_daily_job | [跳过] 106-Temu全托管 | epr_platform_service_fee 无变化
2026-06-19 12:14:47,100 | INFO | temu_risk_daily_job | [跳过] 106-Temu全托管 | epr_authorization_agent_fee 无变化
2026-06-19 12:14:48,237 | INFO | temu_risk_daily_job | [保存] 106-Temu全托管 | order_after_sales_issue_fully 金额=39.96-----保存成功
2026-06-19 12:14:48,237 | INFO | temu_risk_daily_job | 🚀 开始爬取店铺：105-Temu全托管
2026-06-19 12:14:48,375 | INFO | temu_risk_daily_job | 正在爬取店铺---------------105-Temu全托管-------------的数据
2026-06-19 12:14:48,433 | INFO | temu_risk_daily_job | 违规记录表检查 / 创建完成
2026-06-19 12:14:49,311 | ERROR | temu_risk_daily_job | 状态不是200：{"error_code":40001,"error_msg":"Invalid Login State"}
2026-06-19 12:14:49,312 | ERROR | temu_risk_daily_job | ⚠️ HTTP异常: 403
2026-06-19 12:14:49,313 | WARNING | temu_risk_daily_job | [105-Temu全托管] cookie 失效，开始自动刷新登录态
2026-06-19 12:14:49,313 | INFO | temu_risk_daily_job | 105-Temu全托管 - 第 1 次登录尝试
2026-06-19 12:14:53,187 | INFO | temu_risk_daily_job | 105-Temu全托管 - start_api 返回: {'code': 0, 'msg': 'Success', 'data': {'action': 'startBrowserByCode', 'backgroundPluginId': 'egdlpkdlagfommapeejeoihfohgccfih', 'browserID': 104314256, 'browserPath': 'C:\\Users\\Administrator\\AppData\\Local\\env-kit\\Core\\chrome_64_131_202501091017\\hubstudio', 'debuggingPort': '63559', 'downloadPath': 'C:\\Users\\Administrator\\Desktop\\Hubstudio\\temu全托105店-UNE LUCIOLE', 'duplicate': 3419, 'ip': '124.225.4.69', 'isDynamicIp': False, 'launcherPage': 'about:blank', 'proxyType': 'socks5', 'runMode': 2, 'webdriver': 'C:\\Users\\Administrator\\AppData\\Local\\env-kit\\Core\\chrome_64_131_202501091017\\webdriver.exe', 'containerId': 104314256, 'containerCode': '1051142565', 'statusCode': '0', 'err': '成功(Success)'}}
2026-06-19 12:14:53,188 | INFO | temu_risk_daily_job | 105-Temu全托管 - 浏览器启动成功, 调试端口: 63559
2026-06-19 12:14:54,950 | INFO | temu_risk_daily_job | 105-Temu全托管 - 已连接浏览器
2026-06-19 12:14:55,533 | INFO | temu_risk_daily_job | --------------------105-Temu全托管 ------------------------ 开始登录...
2026-06-19 12:15:02,157 | ERROR | temu_risk_daily_job | 105-Temu全托管 - 未出现取消按钮，跳过
2026-06-19 12:15:02,228 | INFO | temu_risk_daily_job | 105-Temu全托管 - 已点击进入
2026-06-19 12:15:02,228 | INFO | temu_risk_daily_job | 105-Temu全托管 - 登录成功
2026-06-19 12:15:02,234 | INFO | temu_risk_daily_job | 105-Temu全托管 - 等待 agentseller Cookie 生效
2026-06-19 12:15:10,127 | INFO | temu_risk_daily_job | 命中授权方式一：确认授权并前往
2026-06-19 12:15:10,193 | INFO | temu_risk_daily_job | 授权流程完成
2026-06-19 12:15:16,230 | INFO | temu_risk_daily_job | 105-Temu全托管 - Cookie 已保存: D:\sd14\Temu_horizon\data\cookies\105-Temu全托管_cookies.json
2026-06-19 12:15:16,231 | INFO | temu_risk_daily_job | 105-Temu全托管 - Cookie 获取完成，准备关闭浏览器
2026-06-19 12:15:16,231 | INFO | temu_risk_daily_job | 105-Temu全托管 - 登录成功（第 1 次）
2026-06-19 12:15:16,247 | INFO | temu_risk_daily_job | 105-Temu全托管 - 已关闭Playwright连接
2026-06-19 12:15:17,405 | INFO | temu_risk_daily_job | 105-Temu全托管 - 已发送停止浏览器请求
2026-06-19 12:15:20,325 | INFO | temu_risk_daily_job | 暂无违规数据
2026-06-19 12:15:20,443 | INFO | temu_risk_daily_job | 正在爬取店铺---------------105-Temu全托管-------------的数据
2026-06-19 12:15:20,492 | INFO | temu_risk_daily_job | 资金限制表（中文字段）检查 / 创建完成
2026-06-19 12:15:22,604 | INFO | temu_risk_daily_job | [保存] 105-Temu全托管 | goods_refund_cost 金额=184.42-----保存成功
2026-06-19 12:15:23,649 | INFO | temu_risk_daily_job | [保存] 105-Temu全托管 | delivery_by_jit 金额=1183.35-----保存成功
2026-06-19 12:15:24,603 | INFO | temu_risk_daily_job | [跳过] 105-Temu全托管 | goods_poor_quality 无变化
2026-06-19 12:15:25,651 | INFO | temu_risk_daily_job | [保存] 105-Temu全托管 | france_epr 金额=2288.25-----保存成功
2026-06-19 12:15:26,601 | INFO | temu_risk_daily_job | [跳过] 105-Temu全托管 | lack_necessary_qualification 无变化
2026-06-19 12:15:27,681 | INFO | temu_risk_daily_job | [保存] 105-Temu全托管 | epr_logistics_packaging_fee 金额=506.46-----保存成功
2026-06-19 12:15:28,646 | INFO | temu_risk_daily_job | [跳过] 105-Temu全托管 | epr_platform_service_fee 无变化
2026-06-19 12:15:29,618 | INFO | temu_risk_daily_job | [跳过] 105-Temu全托管 | advertising_expenses 无变化
2026-06-19 12:15:30,575 | INFO | temu_risk_daily_job | [跳过] 105-Temu全托管 | epr_authorization_agent_fee 无变化
2026-06-19 12:15:31,753 | INFO | temu_risk_daily_job | [保存] 105-Temu全托管 | order_after_sales_issue_fully 金额=1891.63-----保存成功
2026-06-19 12:15:31,753 | INFO | temu_risk_daily_job | 🚀 开始爬取店铺：104-Temu全托管
2026-06-19 12:15:31,877 | INFO | temu_risk_daily_job | 正在爬取店铺---------------104-Temu全托管-------------的数据
2026-06-19 12:15:31,929 | INFO | temu_risk_daily_job | 违规记录表检查 / 创建完成
2026-06-19 12:15:32,824 | ERROR | temu_risk_daily_job | 状态不是200：{"error_code":40001,"error_msg":"Invalid Login State"}
2026-06-19 12:15:32,824 | ERROR | temu_risk_daily_job | ⚠️ HTTP异常: 403
2026-06-19 12:15:32,825 | WARNING | temu_risk_daily_job | [104-Temu全托管] cookie 失效，开始自动刷新登录态
2026-06-19 12:15:32,825 | INFO | temu_risk_daily_job | 104-Temu全托管 - 第 1 次登录尝试
2026-06-19 12:15:36,039 | INFO | temu_risk_daily_job | 104-Temu全托管 - start_api 返回: {'code': 0, 'msg': 'Success', 'data': {'action': 'startBrowserByCode', 'backgroundPluginId': 'chlkfnmgfghenbeelpneidfjbkpokonp', 'browserID': 104527083, 'browserPath': 'C:\\Users\\Administrator\\AppData\\Local\\env-kit\\Core\\chrome_64_131_202501091017\\hubstudio', 'debuggingPort': '63811', 'downloadPath': 'C:\\Users\\Administrator\\Desktop\\Hubstudio\\temu全托104店-YYDeeK子账号', 'duplicate': 2783, 'ip': '125.122.156.184', 'isDynamicIp': False, 'launcherPage': 'about:blank', 'proxyType': 'socks5', 'runMode': 2, 'webdriver': 'C:\\Users\\Administrator\\AppData\\Local\\env-kit\\Core\\chrome_64_131_202501091017\\webdriver.exe', 'containerId': 104527083, 'containerCode': '1053270835', 'statusCode': '0', 'err': '成功(Success)'}}
2026-06-19 12:15:36,039 | INFO | temu_risk_daily_job | 104-Temu全托管 - 浏览器启动成功, 调试端口: 63811
2026-06-19 12:15:37,792 | INFO | temu_risk_daily_job | 104-Temu全托管 - 已连接浏览器
2026-06-19 12:15:38,384 | INFO | temu_risk_daily_job | --------------------104-Temu全托管 ------------------------ 开始登录...
2026-06-19 12:15:44,311 | ERROR | temu_risk_daily_job | 104-Temu全托管 - 未出现取消按钮，跳过
2026-06-19 12:15:45,328 | ERROR | temu_risk_daily_job | 104-Temu全托管 - 未出现进入按钮，跳过
2026-06-19 12:15:45,328 | INFO | temu_risk_daily_job | 104-Temu全托管 - 登录成功
2026-06-19 12:15:45,329 | INFO | temu_risk_daily_job | 104-Temu全托管 - 等待 agentseller Cookie 生效
2026-06-19 12:15:54,302 | INFO | temu_risk_daily_job | 命中授权方式一：确认授权并前往
2026-06-19 12:15:54,370 | INFO | temu_risk_daily_job | 授权流程完成
2026-06-19 12:16:00,405 | INFO | temu_risk_daily_job | 104-Temu全托管 - Cookie 已保存: D:\sd14\Temu_horizon\data\cookies\104-Temu全托管_cookies.json
2026-06-19 12:16:00,405 | INFO | temu_risk_daily_job | 104-Temu全托管 - Cookie 获取完成，准备关闭浏览器
2026-06-19 12:16:00,405 | INFO | temu_risk_daily_job | 104-Temu全托管 - 登录成功（第 1 次）
2026-06-19 12:16:00,421 | INFO | temu_risk_daily_job | 104-Temu全托管 - 已关闭Playwright连接
2026-06-19 12:16:01,706 | INFO | temu_risk_daily_job | 104-Temu全托管 - 已发送停止浏览器请求
2026-06-19 12:16:04,620 | INFO | temu_risk_daily_job | 暂无违规数据
2026-06-19 12:16:04,744 | INFO | temu_risk_daily_job | 正在爬取店铺---------------104-Temu全托管-------------的数据
2026-06-19 12:16:04,796 | INFO | temu_risk_daily_job | 资金限制表（中文字段）检查 / 创建完成
2026-06-19 12:16:06,889 | INFO | temu_risk_daily_job | [保存] 104-Temu全托管 | goods_refund_cost 金额=53.57-----保存成功
2026-06-19 12:16:07,990 | INFO | temu_risk_daily_job | [保存] 104-Temu全托管 | delivery_by_jit 金额=1262.97-----保存成功
2026-06-19 12:16:09,034 | INFO | temu_risk_daily_job | [保存] 104-Temu全托管 | france_epr 金额=384.63-----保存成功
2026-06-19 12:16:10,072 | INFO | temu_risk_daily_job | [保存] 104-Temu全托管 | epr_logistics_packaging_fee 金额=134.88-----保存成功
2026-06-19 12:16:11,033 | INFO | temu_risk_daily_job | [跳过] 104-Temu全托管 | epr_platform_service_fee 无变化
2026-06-19 12:16:11,980 | INFO | temu_risk_daily_job | [跳过] 104-Temu全托管 | epr_authorization_agent_fee 无变化
2026-06-19 12:16:13,230 | INFO | temu_risk_daily_job | [保存] 104-Temu全托管 | order_after_sales_issue_fully 金额=382.59-----保存成功
2026-06-19 12:16:13,230 | INFO | temu_risk_daily_job | 🚀 开始爬取店铺：103-Temu全托管
2026-06-19 12:16:13,344 | INFO | temu_risk_daily_job | 正在爬取店铺---------------103-Temu全托管-------------的数据
2026-06-19 12:16:13,393 | INFO | temu_risk_daily_job | 违规记录表检查 / 创建完成
2026-06-19 12:16:14,298 | ERROR | temu_risk_daily_job | 状态不是200：{"error_code":40001,"error_msg":"Invalid Login State"}
2026-06-19 12:16:14,299 | ERROR | temu_risk_daily_job | ⚠️ HTTP异常: 403
2026-06-19 12:16:14,300 | WARNING | temu_risk_daily_job | [103-Temu全托管] cookie 失效，开始自动刷新登录态
2026-06-19 12:16:14,300 | INFO | temu_risk_daily_job | 103-Temu全托管 - 第 1 次登录尝试
2026-06-19 12:16:18,198 | INFO | temu_risk_daily_job | 103-Temu全托管 - start_api 返回: {'code': 0, 'msg': 'Success', 'data': {'action': 'startBrowserByCode', 'backgroundPluginId': 'cjlkadfgnhnogfgajjoffajniklimcmh', 'browserID': 104523239, 'browserPath': 'C:\\Users\\Administrator\\AppData\\Local\\env-kit\\Core\\chrome_64_131_202501091017\\hubstudio', 'debuggingPort': '64031', 'downloadPath': 'C:\\Users\\Administrator\\Desktop\\Hubstudio\\temu全托103店-PBee', 'duplicate': 3444, 'ip': '36.111.32.150', 'isDynamicIp': False, 'launcherPage': 'about:blank', 'proxyType': 'socks5', 'runMode': 2, 'webdriver': 'C:\\Users\\Administrator\\AppData\\Local\\env-kit\\Core\\chrome_64_131_202501091017\\webdriver.exe', 'containerId': 104523239, 'containerCode': '1053232390', 'statusCode': '0', 'err': '成功(Success)'}}
2026-06-19 12:16:18,200 | INFO | temu_risk_daily_job | 103-Temu全托管 - 浏览器启动成功, 调试端口: 64031
2026-06-19 12:16:19,878 | INFO | temu_risk_daily_job | 103-Temu全托管 - 已连接浏览器
2026-06-19 12:16:20,419 | INFO | temu_risk_daily_job | --------------------103-Temu全托管 ------------------------ 开始登录...
2026-06-19 12:16:26,506 | ERROR | temu_risk_daily_job | 103-Temu全托管 - 未出现取消按钮，跳过
2026-06-19 12:16:26,543 | INFO | temu_risk_daily_job | 103-Temu全托管 - 已点击进入
2026-06-19 12:16:26,543 | INFO | temu_risk_daily_job | 103-Temu全托管 - 登录成功
2026-06-19 12:16:26,544 | INFO | temu_risk_daily_job | 103-Temu全托管 - 等待 agentseller Cookie 生效
2026-06-19 12:16:34,457 | INFO | temu_risk_daily_job | 103-Temu全托管 - Cookie 已保存: D:\sd14\Temu_horizon\data\cookies\103-Temu全托管_cookies.json
2026-06-19 12:16:34,457 | INFO | temu_risk_daily_job | 103-Temu全托管 - Cookie 获取完成，准备关闭浏览器
2026-06-19 12:16:34,458 | INFO | temu_risk_daily_job | 103-Temu全托管 - 登录成功（第 1 次）
2026-06-19 12:16:34,472 | INFO | temu_risk_daily_job | 103-Temu全托管 - 已关闭Playwright连接
2026-06-19 12:16:35,626 | INFO | temu_risk_daily_job | 103-Temu全托管 - 已发送停止浏览器请求
2026-06-19 12:16:38,578 | INFO | temu_risk_daily_job | 暂无违规数据
2026-06-19 12:16:38,701 | INFO | temu_risk_daily_job | 正在爬取店铺---------------103-Temu全托管-------------的数据
2026-06-19 12:16:38,753 | INFO | temu_risk_daily_job | 资金限制表（中文字段）检查 / 创建完成
2026-06-19 12:16:40,946 | INFO | temu_risk_daily_job | [保存] 103-Temu全托管 | goods_refund_cost 金额=19.50-----保存成功
2026-06-19 12:16:42,007 | INFO | temu_risk_daily_job | [保存] 103-Temu全托管 | delivery_by_jit 金额=947.41-----保存成功
2026-06-19 12:16:44,400 | INFO | temu_risk_daily_job | [保存] 103-Temu全托管 | france_epr 金额=2367.59-----保存成功
2026-06-19 12:16:45,454 | INFO | temu_risk_daily_job | [保存] 103-Temu全托管 | epr_logistics_packaging_fee 金额=380.71-----保存成功
2026-06-19 12:16:46,509 | INFO | temu_risk_daily_job | [保存] 103-Temu全托管 | epr_platform_service_fee 金额=10.87-----保存成功
2026-06-19 12:16:47,463 | INFO | temu_risk_daily_job | [跳过] 103-Temu全托管 | advertising_expenses 无变化
2026-06-19 12:16:48,498 | INFO | temu_risk_daily_job | [保存] 103-Temu全托管 | epr_authorization_agent_fee 金额=40.49-----保存成功
2026-06-19 12:16:49,748 | INFO | temu_risk_daily_job | [保存] 103-Temu全托管 | order_after_sales_issue_fully 金额=1098.70-----保存成功
2026-06-19 12:16:49,749 | INFO | temu_risk_daily_job | 🚀 开始爬取店铺：102-Temu全托管
2026-06-19 12:16:49,871 | INFO | temu_risk_daily_job | 正在爬取店铺---------------102-Temu全托管-------------的数据
2026-06-19 12:16:49,922 | INFO | temu_risk_daily_job | 违规记录表检查 / 创建完成
2026-06-19 12:16:50,802 | ERROR | temu_risk_daily_job | 状态不是200：{"error_code":40001,"error_msg":"Invalid Login State"}
2026-06-19 12:16:50,803 | ERROR | temu_risk_daily_job | ⚠️ HTTP异常: 403
2026-06-19 12:16:50,804 | WARNING | temu_risk_daily_job | [102-Temu全托管] cookie 失效，开始自动刷新登录态
2026-06-19 12:16:50,804 | INFO | temu_risk_daily_job | 102-Temu全托管 - 第 1 次登录尝试
2026-06-19 12:16:54,478 | INFO | temu_risk_daily_job | 102-Temu全托管 - start_api 返回: {'code': 0, 'msg': 'Success', 'data': {'action': 'startBrowserByCode', 'backgroundPluginId': 'aiknnnpfbnhmmkmkhfpbofgeoljmaakg', 'browserID': 104522336, 'browserPath': 'C:\\Users\\Administrator\\AppData\\Local\\env-kit\\Core\\chrome_64_131_202501091017\\hubstudio', 'debuggingPort': '64231', 'downloadPath': 'C:\\Users\\Administrator\\Desktop\\Hubstudio\\temu全托102店-PBear', 'duplicate': 3245, 'ip': '218.78.129.68', 'isDynamicIp': False, 'launcherPage': 'about:blank', 'proxyType': 'socks5', 'runMode': 2, 'webdriver': 'C:\\Users\\Administrator\\AppData\\Local\\env-kit\\Core\\chrome_64_131_202501091017\\webdriver.exe', 'containerId': 104522336, 'containerCode': '1053223369', 'statusCode': '0', 'err': '成功(Success)'}}
2026-06-19 12:16:54,479 | INFO | temu_risk_daily_job | 102-Temu全托管 - 浏览器启动成功, 调试端口: 64231
2026-06-19 12:16:56,143 | INFO | temu_risk_daily_job | 102-Temu全托管 - 已连接浏览器
2026-06-19 12:16:56,154 | ERROR | temu_risk_daily_job | 102-Temu全托管 - 打开登录页失败: Page.goto: net::ERR_ABORTED at https://seller.kuajingmaihuo.com/login
Call log:
  - navigating to "https://seller.kuajingmaihuo.com/login", waiting until "domcontentloaded"

2026-06-19 12:16:56,158 | ERROR | temu_risk_daily_job | 102-Temu全托管 - 第 1 次失败: open_login_page 失败
Traceback (most recent call last):
  File "D:\sd14\Temu_horizon\core\login.py", line 256, in run
    result = await self.run_once()
  File "D:\sd14\Temu_horizon\core\login.py", line 239, in run_once
    raise Exception("open_login_page 失败")
Exception: open_login_page 失败
2026-06-19 12:16:56,184 | INFO | temu_risk_daily_job | 102-Temu全托管 - 已关闭Playwright连接
2026-06-19 12:16:57,138 | INFO | temu_risk_daily_job | 102-Temu全托管 - 已发送停止浏览器请求
2026-06-19 12:16:57,138 | INFO | temu_risk_daily_job | 102-Temu全托管 - 准备重试，等待 3 秒...
2026-06-19 12:17:00,144 | INFO | temu_risk_daily_job | 102-Temu全托管 - 第 2 次登录尝试
2026-06-19 12:17:03,029 | INFO | temu_risk_daily_job | 102-Temu全托管 - start_api 返回: {'code': 0, 'msg': 'Success', 'data': {'action': 'startBrowserByCode', 'backgroundPluginId': 'aiknnnpfbnhmmkmkhfpbofgeoljmaakg', 'browserID': 104522336, 'browserPath': 'C:\\Users\\Administrator\\AppData\\Local\\env-kit\\Core\\chrome_64_131_202501091017\\hubstudio', 'debuggingPort': '64300', 'downloadPath': 'C:\\Users\\Administrator\\Desktop\\Hubstudio\\temu全托102店-PBear', 'duplicate': 2546, 'ip': '218.78.129.68', 'isDynamicIp': False, 'launcherPage': 'about:blank', 'proxyType': 'socks5', 'runMode': 2, 'webdriver': 'C:\\Users\\Administrator\\AppData\\Local\\env-kit\\Core\\chrome_64_131_202501091017\\webdriver.exe', 'containerId': 104522336, 'containerCode': '1053223369', 'statusCode': '0', 'err': '成功(Success)'}}
2026-06-19 12:17:03,029 | INFO | temu_risk_daily_job | 102-Temu全托管 - 浏览器启动成功, 调试端口: 64300
2026-06-19 12:17:04,617 | INFO | temu_risk_daily_job | 102-Temu全托管 - 已连接浏览器
2026-06-19 12:17:04,629 | ERROR | temu_risk_daily_job | 102-Temu全托管 - 打开登录页失败: Page.goto: net::ERR_ABORTED at https://seller.kuajingmaihuo.com/login
Call log:
  - navigating to "https://seller.kuajingmaihuo.com/login", waiting until "domcontentloaded"

2026-06-19 12:17:04,633 | ERROR | temu_risk_daily_job | 102-Temu全托管 - 第 2 次失败: open_login_page 失败
Traceback (most recent call last):
  File "D:\sd14\Temu_horizon\core\login.py", line 256, in run
    result = await self.run_once()
  File "D:\sd14\Temu_horizon\core\login.py", line 239, in run_once
    raise Exception("open_login_page 失败")
Exception: open_login_page 失败
2026-06-19 12:17:04,658 | INFO | temu_risk_daily_job | 102-Temu全托管 - 已关闭Playwright连接
2026-06-19 12:17:05,728 | INFO | temu_risk_daily_job | 102-Temu全托管 - 已发送停止浏览器请求
2026-06-19 12:17:05,729 | INFO | temu_risk_daily_job | 102-Temu全托管 - 准备重试，等待 3 秒...
2026-06-19 12:17:08,742 | INFO | temu_risk_daily_job | 102-Temu全托管 - 第 3 次登录尝试
2026-06-19 12:17:11,735 | INFO | temu_risk_daily_job | 102-Temu全托管 - start_api 返回: {'code': 0, 'msg': 'Success', 'data': {'action': 'startBrowserByCode', 'backgroundPluginId': 'aiknnnpfbnhmmkmkhfpbofgeoljmaakg', 'browserID': 104522336, 'browserPath': 'C:\\Users\\Administrator\\AppData\\Local\\env-kit\\Core\\chrome_64_131_202501091017\\hubstudio', 'debuggingPort': '64380', 'downloadPath': 'C:\\Users\\Administrator\\Desktop\\Hubstudio\\temu全托102店-PBear', 'duplicate': 2618, 'ip': '218.78.129.68', 'isDynamicIp': False, 'launcherPage': 'about:blank', 'proxyType': 'socks5', 'runMode': 2, 'webdriver': 'C:\\Users\\Administrator\\AppData\\Local\\env-kit\\Core\\chrome_64_131_202501091017\\webdriver.exe', 'containerId': 104522336, 'containerCode': '1053223369', 'statusCode': '0', 'err': '成功(Success)'}}
2026-06-19 12:17:11,736 | INFO | temu_risk_daily_job | 102-Temu全托管 - 浏览器启动成功, 调试端口: 64380
2026-06-19 12:17:13,319 | INFO | temu_risk_daily_job | 102-Temu全托管 - 已连接浏览器
2026-06-19 12:17:13,332 | ERROR | temu_risk_daily_job | 102-Temu全托管 - 打开登录页失败: Page.goto: net::ERR_ABORTED at https://seller.kuajingmaihuo.com/login
Call log:
  - navigating to "https://seller.kuajingmaihuo.com/login", waiting until "domcontentloaded"

2026-06-19 12:17:13,333 | ERROR | temu_risk_daily_job | 102-Temu全托管 - 第 3 次失败: open_login_page 失败
Traceback (most recent call last):
  File "D:\sd14\Temu_horizon\core\login.py", line 256, in run
    result = await self.run_once()
  File "D:\sd14\Temu_horizon\core\login.py", line 239, in run_once
    raise Exception("open_login_page 失败")
Exception: open_login_page 失败
2026-06-19 12:17:13,356 | INFO | temu_risk_daily_job | 102-Temu全托管 - 已关闭Playwright连接
2026-06-19 12:17:14,387 | INFO | temu_risk_daily_job | 102-Temu全托管 - 已发送停止浏览器请求
2026-06-19 12:17:14,387 | INFO | temu_risk_daily_job | 102-Temu全托管 - 准备重试，等待 3 秒...
2026-06-19 12:17:17,401 | INFO | temu_risk_daily_job | 102-Temu全托管 - 第 4 次登录尝试
2026-06-19 12:17:20,184 | INFO | temu_risk_daily_job | 102-Temu全托管 - start_api 返回: {'code': 0, 'msg': 'Success', 'data': {'action': 'startBrowserByCode', 'backgroundPluginId': 'aiknnnpfbnhmmkmkhfpbofgeoljmaakg', 'browserID': 104522336, 'browserPath': 'C:\\Users\\Administrator\\AppData\\Local\\env-kit\\Core\\chrome_64_131_202501091017\\hubstudio', 'debuggingPort': '64453', 'downloadPath': 'C:\\Users\\Administrator\\Desktop\\Hubstudio\\temu全托102店-PBear', 'duplicate': 2411, 'ip': '218.78.129.68', 'isDynamicIp': False, 'launcherPage': 'about:blank', 'proxyType': 'socks5', 'runMode': 2, 'webdriver': 'C:\\Users\\Administrator\\AppData\\Local\\env-kit\\Core\\chrome_64_131_202501091017\\webdriver.exe', 'containerId': 104522336, 'containerCode': '1053223369', 'statusCode': '0', 'err': '成功(Success)'}}
2026-06-19 12:17:20,186 | INFO | temu_risk_daily_job | 102-Temu全托管 - 浏览器启动成功, 调试端口: 64453
2026-06-19 12:17:21,808 | INFO | temu_risk_daily_job | 102-Temu全托管 - 已连接浏览器
2026-06-19 12:17:22,385 | INFO | temu_risk_daily_job | --------------------102-Temu全托管 ------------------------ 开始登录...
2026-06-19 12:17:28,230 | ERROR | temu_risk_daily_job | 102-Temu全托管 - 未出现取消按钮，跳过
2026-06-19 12:17:29,241 | ERROR | temu_risk_daily_job | 102-Temu全托管 - 未出现进入按钮，跳过
2026-06-19 12:17:29,242 | INFO | temu_risk_daily_job | 102-Temu全托管 - 登录成功
2026-06-19 12:17:29,242 | INFO | temu_risk_daily_job | 102-Temu全托管 - 等待 agentseller Cookie 生效
2026-06-19 12:17:37,683 | INFO | temu_risk_daily_job | 102-Temu全托管 - Cookie 已保存: D:\sd14\Temu_horizon\data\cookies\102-Temu全托管_cookies.json
2026-06-19 12:17:37,683 | INFO | temu_risk_daily_job | 102-Temu全托管 - Cookie 获取完成，准备关闭浏览器
2026-06-19 12:17:37,683 | INFO | temu_risk_daily_job | 102-Temu全托管 - 登录成功（第 4 次）
2026-06-19 12:17:37,698 | INFO | temu_risk_daily_job | 102-Temu全托管 - 已关闭Playwright连接
2026-06-19 12:17:38,941 | INFO | temu_risk_daily_job | 102-Temu全托管 - 已发送停止浏览器请求
2026-06-19 12:17:41,895 | INFO | temu_risk_daily_job | 暂无违规数据
2026-06-19 12:17:42,019 | INFO | temu_risk_daily_job | 正在爬取店铺---------------102-Temu全托管-------------的数据
2026-06-19 12:17:42,071 | INFO | temu_risk_daily_job | 资金限制表（中文字段）检查 / 创建完成
2026-06-19 12:17:44,245 | INFO | temu_risk_daily_job | [保存] 102-Temu全托管 | goods_refund_cost 金额=109.11-----保存成功
2026-06-19 12:17:45,412 | INFO | temu_risk_daily_job | [保存] 102-Temu全托管 | delivery_by_jit 金额=782.37-----保存成功
2026-06-19 12:17:46,395 | INFO | temu_risk_daily_job | [跳过] 102-Temu全托管 | goods_poor_quality 无变化
2026-06-19 12:17:47,478 | INFO | temu_risk_daily_job | [保存] 102-Temu全托管 | france_epr 金额=1528.97-----保存成功
2026-06-19 12:17:48,430 | INFO | temu_risk_daily_job | [跳过] 102-Temu全托管 | lack_necessary_qualification 无变化
2026-06-19 12:17:49,483 | INFO | temu_risk_daily_job | [保存] 102-Temu全托管 | epr_logistics_packaging_fee 金额=291.08-----保存成功
2026-06-19 12:17:50,454 | INFO | temu_risk_daily_job | [跳过] 102-Temu全托管 | epr_platform_service_fee 无变化
2026-06-19 12:17:51,491 | INFO | temu_risk_daily_job | [保存] 102-Temu全托管 | epr_authorization_agent_fee 金额=53.00-----保存成功
2026-06-19 12:17:52,759 | INFO | temu_risk_daily_job | [保存] 102-Temu全托管 | order_after_sales_issue_fully 金额=626.26-----保存成功
2026-06-19 12:17:52,759 | INFO | temu_risk_daily_job | 🚀 开始爬取店铺：101-Temu全托管
2026-06-19 12:17:52,894 | INFO | temu_risk_daily_job | 正在爬取店铺---------------101-Temu全托管-------------的数据
2026-06-19 12:17:52,951 | INFO | temu_risk_daily_job | 违规记录表检查 / 创建完成
2026-06-19 12:17:53,827 | ERROR | temu_risk_daily_job | 状态不是200：{"error_code":40001,"error_msg":"Invalid Login State"}
2026-06-19 12:17:53,827 | ERROR | temu_risk_daily_job | ⚠️ HTTP异常: 403
2026-06-19 12:17:53,828 | WARNING | temu_risk_daily_job | [101-Temu全托管] cookie 失效，开始自动刷新登录态
2026-06-19 12:17:53,828 | INFO | temu_risk_daily_job | 101-Temu全托管 - 第 1 次登录尝试
2026-06-19 12:17:57,564 | INFO | temu_risk_daily_job | 101-Temu全托管 - start_api 返回: {'code': 0, 'msg': 'Success', 'data': {'action': 'startBrowserByCode', 'backgroundPluginId': 'pmpkofebdgpmilhkkkbfgfflcgpnkihi', 'browserID': 104522087, 'browserPath': 'C:\\Users\\Administrator\\AppData\\Local\\env-kit\\Core\\chrome_64_131_202501091017\\hubstudio', 'debuggingPort': '64657', 'downloadPath': 'C:\\Users\\Administrator\\Desktop\\Hubstudio\\temu全托101店-HQCK', 'duplicate': 3260, 'ip': '118.253.177.190', 'isDynamicIp': False, 'launcherPage': 'about:blank', 'proxyType': 'socks5', 'runMode': 2, 'webdriver': 'C:\\Users\\Administrator\\AppData\\Local\\env-kit\\Core\\chrome_64_131_202501091017\\webdriver.exe', 'containerId': 104522087, 'containerCode': '1053220874', 'statusCode': '0', 'err': '成功(Success)'}}
2026-06-19 12:17:57,564 | INFO | temu_risk_daily_job | 101-Temu全托管 - 浏览器启动成功, 调试端口: 64657
2026-06-19 12:17:59,233 | INFO | temu_risk_daily_job | 101-Temu全托管 - 已连接浏览器
2026-06-19 12:17:59,878 | INFO | temu_risk_daily_job | --------------------101-Temu全托管 ------------------------ 开始登录...
2026-06-19 12:18:06,134 | ERROR | temu_risk_daily_job | 101-Temu全托管 - 未出现取消按钮，跳过
2026-06-19 12:18:07,151 | ERROR | temu_risk_daily_job | 101-Temu全托管 - 未出现进入按钮，跳过
2026-06-19 12:18:07,151 | INFO | temu_risk_daily_job | 101-Temu全托管 - 登录成功
2026-06-19 12:18:07,152 | INFO | temu_risk_daily_job | 101-Temu全托管 - 等待 agentseller Cookie 生效
2026-06-19 12:18:15,095 | INFO | temu_risk_daily_job | 命中授权方式一：确认授权并前往
2026-06-19 12:18:15,168 | INFO | temu_risk_daily_job | 授权流程完成
2026-06-19 12:18:21,184 | INFO | temu_risk_daily_job | 101-Temu全托管 - Cookie 已保存: D:\sd14\Temu_horizon\data\cookies\101-Temu全托管_cookies.json
2026-06-19 12:18:21,184 | INFO | temu_risk_daily_job | 101-Temu全托管 - Cookie 获取完成，准备关闭浏览器
2026-06-19 12:18:21,185 | INFO | temu_risk_daily_job | 101-Temu全托管 - 登录成功（第 1 次）
2026-06-19 12:18:21,208 | INFO | temu_risk_daily_job | 101-Temu全托管 - 已关闭Playwright连接
2026-06-19 12:18:22,353 | INFO | temu_risk_daily_job | 101-Temu全托管 - 已发送停止浏览器请求
2026-06-19 12:18:25,282 | INFO | temu_risk_daily_job | 暂无违规数据
2026-06-19 12:18:25,442 | INFO | temu_risk_daily_job | 正在爬取店铺---------------101-Temu全托管-------------的数据
2026-06-19 12:18:25,498 | INFO | temu_risk_daily_job | 资金限制表（中文字段）检查 / 创建完成
2026-06-19 12:18:27,650 | INFO | temu_risk_daily_job | [保存] 101-Temu全托管 | goods_refund_cost 金额=70.81-----保存成功
2026-06-19 12:18:28,722 | INFO | temu_risk_daily_job | [保存] 101-Temu全托管 | delivery_by_jit 金额=980.59-----保存成功
2026-06-19 12:18:29,697 | INFO | temu_risk_daily_job | [跳过] 101-Temu全托管 | goods_poor_quality 无变化
2026-06-19 12:18:30,771 | INFO | temu_risk_daily_job | [保存] 101-Temu全托管 | france_epr 金额=8510.78-----保存成功
2026-06-19 12:18:31,720 | INFO | temu_risk_daily_job | [跳过] 101-Temu全托管 | lack_necessary_qualification 无变化
2026-06-19 12:18:32,763 | INFO | temu_risk_daily_job | [保存] 101-Temu全托管 | epr_logistics_packaging_fee 金额=693.92-----保存成功
2026-06-19 12:18:33,735 | INFO | temu_risk_daily_job | [跳过] 101-Temu全托管 | epr_platform_service_fee 无变化
2026-06-19 12:18:34,760 | INFO | temu_risk_daily_job | [保存] 101-Temu全托管 | epr_authorization_agent_fee 金额=226.61-----保存成功
2026-06-19 12:18:35,946 | INFO | temu_risk_daily_job | [保存] 101-Temu全托管 | order_after_sales_issue_fully 金额=1391.73-----保存成功
2026-06-19 12:18:35,946 | INFO | temu_risk_daily_job | 📊 开始上传钉钉多维表
2026-06-19 12:18:36,103 | INFO | temu_risk_daily_job | 违规记录查询成功：0 条
2026-06-19 12:18:36,103 | INFO | temu_risk_daily_job | 今日违法记录 0 条
2026-06-19 12:18:36,105 | INFO | temu_risk_daily_job | 准备上传 0 条记录...
2026-06-19 12:18:36,106 | INFO | temu_risk_daily_job | 
上传统计:
2026-06-19 12:18:36,106 | INFO | temu_risk_daily_job | 总记录数: 0
2026-06-19 12:18:36,106 | INFO | temu_risk_daily_job | 成功数量: 0
2026-06-19 12:18:36,106 | INFO | temu_risk_daily_job | 失败数量: 0
2026-06-19 12:18:36,106 | INFO | temu_risk_daily_job | 成功批次: 0
2026-06-19 12:18:36,107 | INFO | temu_risk_daily_job | 失败批次: 0
2026-06-19 12:18:46,810 | INFO | temu_risk_daily_job | 查询限制金额成功（day_offset=0），共 64 条
2026-06-19 12:18:46,810 | INFO | temu_risk_daily_job | 今日限制金额 64 条
2026-06-19 12:18:46,811 | INFO | temu_risk_daily_job | 准备上传 64 条记录...
2026-06-19 12:18:49,497 | INFO | temu_risk_daily_job | 
上传统计:
2026-06-19 12:18:49,497 | INFO | temu_risk_daily_job | 总记录数: 64
2026-06-19 12:18:49,497 | INFO | temu_risk_daily_job | 成功数量: 64
2026-06-19 12:18:49,498 | INFO | temu_risk_daily_job | 失败数量: 0
2026-06-19 12:18:49,498 | INFO | temu_risk_daily_job | 成功批次: 2
2026-06-19 12:18:49,498 | INFO | temu_risk_daily_job | 失败批次: 0
2026-06-19 12:18:49,530 | INFO | temu_risk_daily_job | 查询限制金额成功（day_offset=1），共 97 条
2026-06-19 12:18:49,530 | INFO | temu_risk_daily_job | 昨日限制金额 97 条
2026-06-19 12:18:49,531 | INFO | temu_risk_daily_job | 准备上传 97 条记录...
2026-06-19 12:18:52,119 | INFO | temu_risk_daily_job | 
上传统计:
2026-06-19 12:18:52,119 | INFO | temu_risk_daily_job | 总记录数: 97
2026-06-19 12:18:52,119 | INFO | temu_risk_daily_job | 成功数量: 97
2026-06-19 12:18:52,119 | INFO | temu_risk_daily_job | 失败数量: 0
2026-06-19 12:18:52,119 | INFO | temu_risk_daily_job | 成功批次: 2
2026-06-19 12:18:52,119 | INFO | temu_risk_daily_job | 失败批次: 0
2026-06-19 12:18:52,120 | INFO | temu_risk_daily_job | 🔔 开始执行违规 & 资金限制告警
2026-06-19 12:18:52,258 | INFO | temu_risk_daily_job | 今日无新增违规
2026-06-19 12:18:52,287 | INFO | temu_risk_daily_job | 今日无资金限制异常
2026-06-19 12:18:52,287 | INFO | temu_risk_daily_job | 🎯 全流程完成，总耗时：14分46秒
