2026-04-20 10:04:17,408 | INFO | YmxNews | 程序开始启动
2026-04-20 10:04:17,409 | INFO | YmxNews | ---------------------------------开始登录获取cookies-----------------------------------
2026-04-20 10:04:25,995 | INFO | YmxNews | ---------------------------------开始爬取YMX_new数据-----------------------------------
2026-04-20 10:04:25,996 | INFO | YmxNews | 线程 YmxThread_0: 已设置为爬取美国站点
2026-04-20 10:04:25,996 | INFO | YmxNews | 线程 YmxThread_0 开始爬取美国站点，最小销量: 200
2026-04-20 10:04:25,996 | INFO | YmxNews | 线程 YmxThread_1: 已设置为爬取英国站点
2026-04-20 10:04:25,997 | INFO | YmxNews | 线程 YmxThread_0 正在爬取美国第1页的数据
2026-04-20 10:04:25,997 | INFO | YmxNews | 线程 YmxThread_2: 已设置为爬取德国站点
2026-04-20 10:04:25,997 | INFO | YmxNews | 线程 YmxThread_3: 已设置为爬取法国站点
2026-04-20 10:04:25,997 | INFO | YmxNews | 线程 YmxThread_1 开始爬取英国站点，最小销量: 200
2026-04-20 10:04:25,997 | INFO | YmxNews | 线程 YmxThread_2 开始爬取德国站点，最小销量: 100
2026-04-20 10:04:25,997 | INFO | YmxNews | 线程 YmxThread_4: 已设置为爬取西班牙站点
2026-04-20 10:04:25,997 | INFO | YmxNews | 线程 YmxThread_3 开始爬取法国站点，最小销量: 100
2026-04-20 10:04:25,997 | INFO | YmxNews | 线程 YmxThread_1 正在爬取英国第1页的数据
2026-04-20 10:04:25,997 | INFO | YmxNews | 线程 YmxThread_2 正在爬取德国第1页的数据
2026-04-20 10:04:25,998 | INFO | YmxNews | 线程 YmxThread_4 开始爬取西班牙站点，最小销量: 100
2026-04-20 10:04:25,998 | INFO | YmxNews | 线程 YmxThread_3 正在爬取法国第1页的数据
2026-04-20 10:04:25,998 | INFO | YmxNews | 线程 YmxThread_4 正在爬取西班牙第1页的数据
2026-04-20 10:04:27,011 | INFO | YmxNews | 线程 YmxThread_1 (英国): 已保存100条数据到文件
2026-04-20 10:04:27,011 | INFO | YmxNews | 线程 YmxThread_1 英国第1页获取到100条数据，累计100条
2026-04-20 10:04:27,129 | INFO | YmxNews | 线程 YmxThread_2 (德国): 已保存100条数据到文件
2026-04-20 10:04:27,129 | INFO | YmxNews | 线程 YmxThread_2 德国第1页获取到100条数据，累计100条
2026-04-20 10:04:27,184 | INFO | YmxNews | 线程 YmxThread_3 (法国): 已保存100条数据到文件
2026-04-20 10:04:27,184 | INFO | YmxNews | 线程 YmxThread_3 法国第1页获取到100条数据，累计100条
2026-04-20 10:04:27,243 | INFO | YmxNews | 线程 YmxThread_0 (美国): 已保存100条数据到文件
2026-04-20 10:04:27,243 | INFO | YmxNews | 线程 YmxThread_0 美国第1页获取到100条数据，累计100条
2026-04-20 10:04:27,415 | INFO | YmxNews | 线程 YmxThread_4 (西班牙): 已保存73条数据到文件
2026-04-20 10:04:27,415 | INFO | YmxNews | 线程 YmxThread_4 西班牙第1页获取到73条数据，累计73条
2026-04-20 10:04:28,021 | INFO | YmxNews | 线程 YmxThread_1 正在爬取英国第2页的数据
2026-04-20 10:04:28,143 | INFO | YmxNews | 线程 YmxThread_2 正在爬取德国第2页的数据
2026-04-20 10:04:28,188 | INFO | YmxNews | 线程 YmxThread_3 正在爬取法国第2页的数据
2026-04-20 10:04:28,251 | INFO | YmxNews | 线程 YmxThread_0 正在爬取美国第2页的数据
2026-04-20 10:04:28,424 | INFO | YmxNews | 线程 YmxThread_4 正在爬取西班牙第2页的数据
2026-04-20 10:04:28,718 | INFO | YmxNews | 线程 YmxThread_1 (英国): 已保存100条数据到文件
2026-04-20 10:04:28,718 | INFO | YmxNews | 线程 YmxThread_1 英国第2页获取到100条数据，累计200条
2026-04-20 10:04:28,994 | INFO | YmxNews | 线程 YmxThread_4 西班牙第2页无数据，停止爬取
2026-04-20 10:04:28,995 | INFO | YmxNews | 线程 YmxThread_4 西班牙爬取完成，共获取73条数据
2026-04-20 10:04:29,061 | INFO | YmxNews | 线程 YmxThread_2 (德国): 已保存100条数据到文件
2026-04-20 10:04:29,061 | INFO | YmxNews | 线程 YmxThread_2 德国第2页获取到100条数据，累计200条
2026-04-20 10:04:29,338 | INFO | YmxNews | 线程 YmxThread_0 (美国): 已保存100条数据到文件
2026-04-20 10:04:29,338 | INFO | YmxNews | 线程 YmxThread_0 美国第2页获取到100条数据，累计200条
2026-04-20 10:04:29,461 | INFO | YmxNews | 线程 YmxThread_3 (法国): 已保存4条数据到文件
2026-04-20 10:04:29,461 | INFO | YmxNews | 线程 YmxThread_3 法国第2页获取到4条数据，累计104条
2026-04-20 10:04:29,719 | INFO | YmxNews | 线程 YmxThread_1 正在爬取英国第3页的数据
2026-04-20 10:04:30,075 | INFO | YmxNews | 线程 YmxThread_2 正在爬取德国第3页的数据
2026-04-20 10:04:30,264 | INFO | YmxNews | 线程 YmxThread_1 (英国): 已保存13条数据到文件
2026-04-20 10:04:30,264 | INFO | YmxNews | 线程 YmxThread_1 英国第3页获取到13条数据，累计213条
2026-04-20 10:04:30,353 | INFO | YmxNews | 线程 YmxThread_0 正在爬取美国第3页的数据
2026-04-20 10:04:30,462 | INFO | YmxNews | 线程 YmxThread_3 正在爬取法国第3页的数据
2026-04-20 10:04:30,653 | INFO | YmxNews | 线程 YmxThread_2 (德国): 已保存100条数据到文件
2026-04-20 10:04:30,653 | INFO | YmxNews | 线程 YmxThread_2 德国第3页获取到100条数据，累计300条
2026-04-20 10:04:30,914 | INFO | YmxNews | 线程 YmxThread_3 法国第3页无数据，停止爬取
2026-04-20 10:04:30,914 | INFO | YmxNews | 线程 YmxThread_3 法国爬取完成，共获取104条数据
2026-04-20 10:04:31,140 | INFO | YmxNews | 线程 YmxThread_0 (美国): 已保存100条数据到文件
2026-04-20 10:04:31,140 | INFO | YmxNews | 线程 YmxThread_0 美国第3页获取到100条数据，累计300条
2026-04-20 10:04:31,277 | INFO | YmxNews | 线程 YmxThread_1 正在爬取英国第4页的数据
2026-04-20 10:04:31,666 | INFO | YmxNews | 线程 YmxThread_2 正在爬取德国第4页的数据
2026-04-20 10:04:31,805 | INFO | YmxNews | 线程 YmxThread_1 英国第4页无数据，停止爬取
2026-04-20 10:04:31,805 | INFO | YmxNews | 线程 YmxThread_1 英国爬取完成，共获取213条数据
2026-04-20 10:04:32,155 | INFO | YmxNews | 线程 YmxThread_0 正在爬取美国第4页的数据
2026-04-20 10:04:32,323 | INFO | YmxNews | 线程 YmxThread_2 (德国): 已保存100条数据到文件
2026-04-20 10:04:32,323 | INFO | YmxNews | 线程 YmxThread_2 德国第4页获取到100条数据，累计400条
2026-04-20 10:04:32,946 | INFO | YmxNews | 线程 YmxThread_0 (美国): 已保存100条数据到文件
2026-04-20 10:04:32,947 | INFO | YmxNews | 线程 YmxThread_0 美国第4页获取到100条数据，累计400条
2026-04-20 10:04:33,339 | INFO | YmxNews | 线程 YmxThread_2 正在爬取德国第5页的数据
2026-04-20 10:04:33,817 | INFO | YmxNews | 线程 YmxThread_2 (德国): 已保存7条数据到文件
2026-04-20 10:04:33,817 | INFO | YmxNews | 线程 YmxThread_2 德国第5页获取到7条数据，累计407条
2026-04-20 10:04:33,950 | INFO | YmxNews | 线程 YmxThread_0 正在爬取美国第5页的数据
2026-04-20 10:04:34,830 | INFO | YmxNews | 线程 YmxThread_2 正在爬取德国第6页的数据
2026-04-20 10:04:34,836 | INFO | YmxNews | 线程 YmxThread_0 (美国): 已保存100条数据到文件
2026-04-20 10:04:34,836 | INFO | YmxNews | 线程 YmxThread_0 美国第5页获取到100条数据，累计500条
2026-04-20 10:04:35,262 | INFO | YmxNews | 线程 YmxThread_2 德国第6页无数据，停止爬取
2026-04-20 10:04:35,263 | INFO | YmxNews | 线程 YmxThread_2 德国爬取完成，共获取407条数据
2026-04-20 10:04:35,848 | INFO | YmxNews | 线程 YmxThread_0 正在爬取美国第6页的数据
2026-04-20 10:04:36,755 | INFO | YmxNews | 线程 YmxThread_0 (美国): 已保存100条数据到文件
2026-04-20 10:04:36,755 | INFO | YmxNews | 线程 YmxThread_0 美国第6页获取到100条数据，累计600条
2026-04-20 10:04:37,772 | INFO | YmxNews | 线程 YmxThread_0 正在爬取美国第7页的数据
2026-04-20 10:04:44,785 | INFO | YmxNews | 线程 YmxThread_0 (美国): 已保存100条数据到文件
2026-04-20 10:04:44,786 | INFO | YmxNews | 线程 YmxThread_0 美国第7页获取到100条数据，累计700条
2026-04-20 10:04:45,799 | INFO | YmxNews | 线程 YmxThread_0 正在爬取美国第8页的数据
2026-04-20 10:04:46,674 | INFO | YmxNews | 线程 YmxThread_0 (美国): 已保存100条数据到文件
2026-04-20 10:04:46,675 | INFO | YmxNews | 线程 YmxThread_0 美国第8页获取到100条数据，累计800条
2026-04-20 10:04:47,685 | INFO | YmxNews | 线程 YmxThread_0 正在爬取美国第9页的数据
2026-04-20 10:04:48,583 | INFO | YmxNews | 线程 YmxThread_0 (美国): 已保存100条数据到文件
2026-04-20 10:04:48,583 | INFO | YmxNews | 线程 YmxThread_0 美国第9页获取到100条数据，累计900条
2026-04-20 10:04:49,599 | INFO | YmxNews | 线程 YmxThread_0 正在爬取美国第10页的数据
2026-04-20 10:05:03,447 | INFO | YmxNews | 线程 YmxThread_0 (美国): 已保存100条数据到文件
2026-04-20 10:05:03,447 | INFO | YmxNews | 线程 YmxThread_0 美国第10页获取到100条数据，累计1000条
2026-04-20 10:05:04,453 | INFO | YmxNews | 线程 YmxThread_0 正在爬取美国第11页的数据
2026-04-20 10:05:05,756 | INFO | YmxNews | 线程 YmxThread_0 (美国): 已保存100条数据到文件
2026-04-20 10:05:05,756 | INFO | YmxNews | 线程 YmxThread_0 美国第11页获取到100条数据，累计1100条
2026-04-20 10:05:06,765 | INFO | YmxNews | 线程 YmxThread_0 正在爬取美国第12页的数据
2026-04-20 10:05:07,659 | INFO | YmxNews | 线程 YmxThread_0 (美国): 已保存100条数据到文件
2026-04-20 10:05:07,660 | INFO | YmxNews | 线程 YmxThread_0 美国第12页获取到100条数据，累计1200条
2026-04-20 10:05:08,663 | INFO | YmxNews | 线程 YmxThread_0 正在爬取美国第13页的数据
2026-04-20 10:05:09,476 | INFO | YmxNews | 线程 YmxThread_0 (美国): 已保存100条数据到文件
2026-04-20 10:05:09,476 | INFO | YmxNews | 线程 YmxThread_0 美国第13页获取到100条数据，累计1300条
2026-04-20 10:05:10,486 | INFO | YmxNews | 线程 YmxThread_0 正在爬取美国第14页的数据
2026-04-20 10:05:11,333 | INFO | YmxNews | 线程 YmxThread_0 (美国): 已保存100条数据到文件
2026-04-20 10:05:11,333 | INFO | YmxNews | 线程 YmxThread_0 美国第14页获取到100条数据，累计1400条
2026-04-20 10:05:12,348 | INFO | YmxNews | 线程 YmxThread_0 正在爬取美国第15页的数据
2026-04-20 10:05:13,164 | INFO | YmxNews | 线程 YmxThread_0 (美国): 已保存100条数据到文件
2026-04-20 10:05:13,164 | INFO | YmxNews | 线程 YmxThread_0 美国第15页获取到100条数据，累计1500条
2026-04-20 10:05:14,170 | INFO | YmxNews | 线程 YmxThread_0 正在爬取美国第16页的数据
2026-04-20 10:05:14,935 | INFO | YmxNews | 线程 YmxThread_0 (美国): 已保存100条数据到文件
2026-04-20 10:05:14,936 | INFO | YmxNews | 线程 YmxThread_0 美国第16页获取到100条数据，累计1600条
2026-04-20 10:05:15,951 | INFO | YmxNews | 线程 YmxThread_0 正在爬取美国第17页的数据
2026-04-20 10:05:16,815 | INFO | YmxNews | 线程 YmxThread_0 (美国): 已保存100条数据到文件
2026-04-20 10:05:16,815 | INFO | YmxNews | 线程 YmxThread_0 美国第17页获取到100条数据，累计1700条
2026-04-20 10:05:17,818 | INFO | YmxNews | 线程 YmxThread_0 正在爬取美国第18页的数据
2026-04-20 10:05:18,567 | INFO | YmxNews | 线程 YmxThread_0 (美国): 已保存100条数据到文件
2026-04-20 10:05:18,567 | INFO | YmxNews | 线程 YmxThread_0 美国第18页获取到100条数据，累计1800条
2026-04-20 10:05:19,581 | INFO | YmxNews | 线程 YmxThread_0 正在爬取美国第19页的数据
2026-04-20 10:05:20,390 | INFO | YmxNews | 线程 YmxThread_0 (美国): 已保存100条数据到文件
2026-04-20 10:05:20,390 | INFO | YmxNews | 线程 YmxThread_0 美国第19页获取到100条数据，累计1900条
2026-04-20 10:05:21,395 | INFO | YmxNews | 线程 YmxThread_0 正在爬取美国第20页的数据
2026-04-20 10:05:22,209 | INFO | YmxNews | 线程 YmxThread_0 (美国): 已保存100条数据到文件
2026-04-20 10:05:22,209 | INFO | YmxNews | 线程 YmxThread_0 美国第20页获取到100条数据，累计2000条
2026-04-20 10:05:23,215 | INFO | YmxNews | 线程 YmxThread_0 正在爬取美国第21页的数据
2026-04-20 10:05:24,084 | INFO | YmxNews | 线程 YmxThread_0 (美国): 已保存100条数据到文件
2026-04-20 10:05:24,085 | INFO | YmxNews | 线程 YmxThread_0 美国第21页获取到100条数据，累计2100条
2026-04-20 10:05:25,088 | INFO | YmxNews | 线程 YmxThread_0 正在爬取美国第22页的数据
2026-04-20 10:05:25,548 | INFO | YmxNews | 线程 YmxThread_0 美国第22页无数据，停止爬取
2026-04-20 10:05:25,549 | INFO | YmxNews | 线程 YmxThread_0 美国爬取完成，共获取2100条数据
2026-04-20 10:05:25,550 | INFO | YmxNews | ---------------------------------开始去重数据-----------------------------------
2026-04-20 10:05:25,959 | INFO | YmxNews | 处理完成: 本周新增 651 条记录
2026-04-20 10:05:25,959 | INFO | YmxNews | 原始数据: 2897 条
2026-04-20 10:05:25,959 | INFO | YmxNews | 去重后: 2838 条
2026-04-20 10:05:25,960 | INFO | YmxNews | ---------------------------------开始构建上传的数据-----------------------------------
2026-04-20 10:05:42,640 | INFO | YmxNews | ---------------------------------开始上传数据-----------------------------------
2026-04-20 10:05:42,641 | INFO | YmxNews | 准备上传 651 条记录...
2026-04-20 10:06:10,476 | INFO | YmxNews | 
上传统计:
2026-04-20 10:06:10,476 | INFO | YmxNews | 总记录数: 651
2026-04-20 10:06:10,476 | INFO | YmxNews | 成功数量: 651
2026-04-20 10:06:10,476 | INFO | YmxNews | 失败数量: 0
2026-04-20 10:06:10,476 | INFO | YmxNews | 成功批次: 14
2026-04-20 10:06:10,476 | INFO | YmxNews | 失败批次: 0
2026-04-20 10:06:10,477 | INFO | YmxNews | 数据上传成功
2026-04-20 10:06:13,482 | INFO | YmxNews | ============================================================
2026-04-20 10:06:13,483 | INFO | YmxNews | 📊 统计信息:
2026-04-20 10:06:13,483 | INFO | YmxNews | ⏱️  总耗时: 116.07 秒
2026-04-20 10:06:13,483 | INFO | YmxNews | ⏱️  开始时间: 2026-04-20 10:04:17
2026-04-20 10:06:13,483 | INFO | YmxNews | ⏱️  结束时间: 2026-04-20 10:06:13
